[2026-04-29 22:49:28] ============================================================
[2026-04-29 22:49:28] 📰 新闻抓取守护进程启动
[2026-04-29 22:49:28] 抓取间隔：3600秒 (1 小时)
[2026-04-29 22:49:28] ============================================================
[2026-04-29 22:49:28] 🚀 开始抓取新闻...
[2026-04-29 22:49:52] ✅ 新闻抓取成功
[2026-04-29 23:43:43] 🚀 开始抓取新闻...
[2026-04-29 23:44:06] ✅ 新闻抓取成功
[2026-04-29 23:49:52] 🚀 开始抓取新闻...
[2026-04-29 23:50:18] ✅ 新闻抓取成功
[2026-04-30 00:44:06] 🚀 开始抓取新闻...
[2026-04-30 00:44:16] ✅ 新闻抓取成功
[2026-04-30 00:50:18] 🚀 开始抓取新闻...
[2026-04-30 00:50:27] ✅ 新闻抓取成功
[2026-04-30 01:44:16] 🚀 开始抓取新闻...
[2026-04-30 01:44:26] ✅ 新闻抓取成功
[2026-04-30 01:50:27] 🚀 开始抓取新闻...
[2026-04-30 01:50:36] ✅ 新闻抓取成功
[2026-04-30 02:44:26] 🚀 开始抓取新闻...
[2026-04-30 02:44:36] ✅ 新闻抓取成功
[2026-04-30 02:50:36] 🚀 开始抓取新闻...
[2026-04-30 02:50:45] ✅ 新闻抓取成功
[2026-04-30 03:44:36] 🚀 开始抓取新闻...
[2026-04-30 03:44:44] ✅ 新闻抓取成功
[2026-04-30 03:50:45] 🚀 开始抓取新闻...
[2026-04-30 03:50:55] ✅ 新闻抓取成功
[2026-04-30 04:44:44] 🚀 开始抓取新闻...
[2026-04-30 04:44:53] ✅ 新闻抓取成功
[2026-04-30 04:50:55] 🚀 开始抓取新闻...
[2026-04-30 04:51:04] ✅ 新闻抓取成功
[2026-04-30 05:44:53] 🚀 开始抓取新闻...
[2026-04-30 05:45:03] ✅ 新闻抓取成功
[2026-04-30 05:51:04] 🚀 开始抓取新闻...
[2026-04-30 05:51:14] ✅ 新闻抓取成功
[2026-04-30 06:45:03] 🚀 开始抓取新闻...
[2026-04-30 06:45:12] ✅ 新闻抓取成功
[2026-04-30 06:51:14] 🚀 开始抓取新闻...
[2026-04-30 06:51:24] ✅ 新闻抓取成功
[2026-04-30 07:45:12] 🚀 开始抓取新闻...
[2026-04-30 07:45:18] ✅ 新闻抓取成功
[2026-04-30 07:51:24] 🚀 开始抓取新闻...
[2026-04-30 07:51:27] ✅ 新闻抓取成功
[2026-04-30 08:45:18] 🚀 开始抓取新闻...
[2026-04-30 08:45:28] ✅ 新闻抓取成功
[2026-04-30 08:51:27] 🚀 开始抓取新闻...
[2026-04-30 08:51:37] ✅ 新闻抓取成功
[2026-04-30 09:45:28] 🚀 开始抓取新闻...
[2026-04-30 09:45:38] ✅ 新闻抓取成功
[2026-04-30 09:51:37] 🚀 开始抓取新闻...
[2026-04-30 09:51:46] ✅ 新闻抓取成功
[2026-04-30 10:45:38] 🚀 开始抓取新闻...
[2026-04-30 10:45:45] ✅ 新闻抓取成功
[2026-04-30 10:51:46] 🚀 开始抓取新闻...
[2026-04-30 10:51:52] ✅ 新闻抓取成功
[2026-04-30 11:45:45] 🚀 开始抓取新闻...
[2026-04-30 11:45:51] ✅ 新闻抓取成功
[2026-04-30 11:51:52] 🚀 开始抓取新闻...
[2026-04-30 11:51:55] ✅ 新闻抓取成功
[2026-04-30 12:45:51] 🚀 开始抓取新闻...
[2026-04-30 12:45:55] ✅ 新闻抓取成功
[2026-04-30 12:51:55] 🚀 开始抓取新闻...
[2026-04-30 12:52:01] ✅ 新闻抓取成功
[2026-04-30 13:14:32] ============================================================
[2026-04-30 13:14:32] 📰 新闻抓取守护进程启动
[2026-04-30 13:14:32] 抓取间隔：3600秒 (1 小时)
[2026-04-30 13:14:32] ============================================================
[2026-04-30 13:14:32] 🚀 开始抓取新闻...
[2026-04-30 13:14:35] ✅ 新闻抓取成功
[2026-04-30 13:25:37] ============================================================
[2026-04-30 13:25:37] 📰 新闻抓取守护进程启动
[2026-04-30 13:25:37] 抓取间隔：3600秒 (1 小时)
[2026-04-30 13:25:37] ============================================================
[2026-04-30 13:25:37] 🚀 开始抓取新闻...
[2026-04-30 13:25:38] ❌ 抓取失败：Traceback (most recent call last):
  File "/root/.openclaw/workspace/scripts/crypto_news_fetcher.py", line 9, in <module>
    import requests
ModuleNotFoundError: No module named 'requests'

[2026-04-30 13:35:17] ============================================================
[2026-04-30 13:35:17] 📰 新闻抓取守护进程启动
[2026-04-30 13:35:17] 抓取间隔：3600秒 (1 小时)
[2026-04-30 13:35:17] ============================================================
[2026-04-30 13:35:17] 🚀 开始抓取新闻...
[2026-04-30 13:35:23] ✅ 新闻抓取成功
[2026-04-30 14:25:38] 🚀 开始抓取新闻...
[2026-04-30 14:25:46] ✅ 新闻抓取成功
[2026-04-30 14:35:23] 🚀 开始抓取新闻...
[2026-04-30 14:35:33] ✅ 新闻抓取成功
[2026-04-30 15:25:46] 🚀 开始抓取新闻...
[2026-04-30 15:25:56] ✅ 新闻抓取成功
[2026-04-30 15:35:33] 🚀 开始抓取新闻...
[2026-04-30 15:35:42] ✅ 新闻抓取成功
[2026-04-30 16:25:56] 🚀 开始抓取新闻...
[2026-04-30 16:26:06] ✅ 新闻抓取成功
[2026-04-30 16:35:42] 🚀 开始抓取新闻...
[2026-04-30 16:35:49] ✅ 新闻抓取成功
[2026-04-30 17:26:06] 🚀 开始抓取新闻...
[2026-04-30 17:26:19] ✅ 新闻抓取成功
[2026-04-30 17:35:49] 🚀 开始抓取新闻...
[2026-04-30 17:36:04] ✅ 新闻抓取成功
[2026-04-30 18:26:19] 🚀 开始抓取新闻...
[2026-04-30 18:26:25] ✅ 新闻抓取成功
[2026-04-30 18:28:14] ============================================================
[2026-04-30 18:28:14] 📰 新闻抓取守护进程启动
[2026-04-30 18:28:14] 抓取间隔：3600秒 (1 小时)
[2026-04-30 18:28:14] ============================================================
[2026-04-30 18:28:14] 🚀 开始抓取新闻...
[2026-04-30 18:28:18] ✅ 新闻抓取成功
[2026-04-30 19:06:13] ============================================================
[2026-04-30 19:06:13] 📰 新闻抓取守护进程启动
[2026-04-30 19:06:13] 抓取间隔：3600秒 (1 小时)
[2026-04-30 19:06:13] ============================================================
[2026-04-30 19:06:13] 🚀 开始抓取新闻...
[2026-04-30 19:06:17] ✅ 新闻抓取成功
[2026-04-30 20:06:17] 🚀 开始抓取新闻...
[2026-04-30 20:06:45] ✅ 新闻抓取成功
[2026-04-30 20:16:37] ============================================================
[2026-04-30 20:16:37] 📰 新闻抓取守护进程启动
[2026-04-30 20:16:37] 抓取间隔：3600秒 (1 小时)
[2026-04-30 20:16:37] ============================================================
[2026-04-30 20:16:37] 🚀 开始抓取新闻...
[2026-04-30 20:17:35] ✅ 新闻抓取成功
[2026-04-30 21:06:45] 🚀 开始抓取新闻...
[2026-04-30 21:07:07] ✅ 新闻抓取成功
[2026-04-30 21:17:35] 🚀 开始抓取新闻...
[2026-04-30 21:17:42] ✅ 新闻抓取成功
[2026-04-30 21:26:36] ============================================================
[2026-04-30 21:26:36] 📰 新闻抓取守护进程启动
[2026-04-30 21:26:36] 抓取间隔：3600秒 (1 小时)
[2026-04-30 21:26:36] ============================================================
[2026-04-30 21:26:36] 🚀 开始抓取新闻...
[2026-04-30 21:26:48] ✅ 新闻抓取成功
[2026-04-30 21:32:38] ============================================================
[2026-04-30 21:32:38] 📰 新闻抓取守护进程启动
[2026-04-30 21:32:38] 抓取间隔：3600秒 (1 小时)
[2026-04-30 21:32:38] ============================================================
[2026-04-30 21:32:38] 🚀 开始抓取新闻...
[2026-04-30 21:32:50] ✅ 新闻抓取成功
[2026-04-30 21:36:09] ============================================================
[2026-04-30 21:36:09] 📰 新闻抓取守护进程启动
[2026-04-30 21:36:09] 抓取间隔：3600秒 (1 小时)
[2026-04-30 21:36:09] ============================================================
[2026-04-30 21:36:09] 🚀 开始抓取新闻...
[2026-04-30 21:36:16] ✅ 新闻抓取成功
[2026-04-30 22:36:16] 🚀 开始抓取新闻...
[2026-04-30 22:36:27] ✅ 新闻抓取成功
[2026-04-30 23:00:55] ============================================================
[2026-04-30 23:00:55] 📰 新闻抓取守护进程启动
[2026-04-30 23:00:55] 抓取间隔：3600秒 (1 小时)
[2026-04-30 23:00:55] ============================================================
[2026-04-30 23:00:55] 🚀 开始抓取新闻...
[2026-04-30 23:01:08] ✅ 新闻抓取成功
[2026-05-01 00:01:08] 🚀 开始抓取新闻...
[2026-05-01 00:01:20] ✅ 新闻抓取成功
[2026-05-01 01:01:20] 🚀 开始抓取新闻...
[2026-05-01 01:01:31] ✅ 新闻抓取成功
[2026-05-01 02:01:31] 🚀 开始抓取新闻...
[2026-05-01 02:01:42] ✅ 新闻抓取成功
[2026-05-01 03:01:42] 🚀 开始抓取新闻...
[2026-05-01 03:01:54] ✅ 新闻抓取成功
[2026-05-01 04:01:54] 🚀 开始抓取新闻...
[2026-05-01 04:02:05] ✅ 新闻抓取成功
[2026-05-01 05:02:05] 🚀 开始抓取新闻...
[2026-05-01 05:02:16] ✅ 新闻抓取成功
[2026-05-01 06:02:16] 🚀 开始抓取新闻...
[2026-05-01 06:02:26] ✅ 新闻抓取成功
[2026-05-01 07:02:26] 🚀 开始抓取新闻...
[2026-05-01 07:02:37] ✅ 新闻抓取成功
[2026-05-01 08:02:37] 🚀 开始抓取新闻...
[2026-05-01 08:02:48] ✅ 新闻抓取成功
[2026-05-01 09:02:48] 🚀 开始抓取新闻...
[2026-05-01 09:02:59] ✅ 新闻抓取成功
[2026-05-01 10:02:59] 🚀 开始抓取新闻...
[2026-05-01 10:03:10] ✅ 新闻抓取成功
[2026-05-01 11:03:10] 🚀 开始抓取新闻...
[2026-05-01 11:03:22] ✅ 新闻抓取成功
[2026-05-01 12:03:22] 🚀 开始抓取新闻...
[2026-05-01 12:03:33] ✅ 新闻抓取成功
[2026-05-01 13:03:33] 🚀 开始抓取新闻...
[2026-05-01 13:03:44] ✅ 新闻抓取成功
[2026-05-01 14:03:44] 🚀 开始抓取新闻...
[2026-05-01 14:03:53] ✅ 新闻抓取成功
[2026-05-01 15:03:53] 🚀 开始抓取新闻...
[2026-05-01 15:04:02] ✅ 新闻抓取成功
[2026-05-01 16:04:02] 🚀 开始抓取新闻...
[2026-05-01 16:04:13] ✅ 新闻抓取成功
[2026-05-01 17:04:13] 🚀 开始抓取新闻...
[2026-05-01 17:04:23] ✅ 新闻抓取成功
[2026-05-01 18:04:23] 🚀 开始抓取新闻...
[2026-05-01 18:04:44] ✅ 新闻抓取成功
[2026-05-01 19:04:44] 🚀 开始抓取新闻...
[2026-05-01 19:04:52] ✅ 新闻抓取成功
[2026-05-01 20:04:52] 🚀 开始抓取新闻...
[2026-05-01 20:05:00] ✅ 新闻抓取成功
[2026-05-01 21:05:00] 🚀 开始抓取新闻...
[2026-05-01 21:05:19] ✅ 新闻抓取成功
[2026-05-01 22:05:19] 🚀 开始抓取新闻...
[2026-05-01 22:05:31] ✅ 新闻抓取成功
[2026-05-01 23:05:31] 🚀 开始抓取新闻...
[2026-05-01 23:05:44] ✅ 新闻抓取成功
[2026-05-05 23:14:52] ============================================================
[2026-05-05 23:14:52] 📰 新闻抓取守护进程启动
[2026-05-05 23:14:52] 抓取间隔：3600秒 (1 小时)
[2026-05-05 23:14:52] ============================================================
[2026-05-05 23:14:52] 🚀 开始抓取新闻...
[2026-05-05 23:15:01] ✅ 新闻抓取成功
[2026-05-06 00:15:01] 🚀 开始抓取新闻...
[2026-05-06 00:15:09] ✅ 新闻抓取成功
[2026-05-06 01:15:09] 🚀 开始抓取新闻...
[2026-05-06 01:15:21] ✅ 新闻抓取成功
[2026-05-06 02:15:21] 🚀 开始抓取新闻...
[2026-05-06 02:15:32] ✅ 新闻抓取成功
[2026-05-06 03:15:32] 🚀 开始抓取新闻...
[2026-05-06 03:15:44] ✅ 新闻抓取成功
[2026-05-06 04:15:44] 🚀 开始抓取新闻...
[2026-05-06 04:15:54] ✅ 新闻抓取成功
[2026-05-06 05:15:54] 🚀 开始抓取新闻...
[2026-05-06 05:16:03] ✅ 新闻抓取成功
[2026-05-06 06:16:03] 🚀 开始抓取新闻...
[2026-05-06 06:16:15] ✅ 新闻抓取成功
[2026-05-06 07:16:15] 🚀 开始抓取新闻...
[2026-05-06 07:16:25] ✅ 新闻抓取成功
[2026-05-06 08:16:25] 🚀 开始抓取新闻...
[2026-05-06 08:16:30] ✅ 新闻抓取成功
[2026-05-06 09:16:30] 🚀 开始抓取新闻...
[2026-05-06 09:16:35] ✅ 新闻抓取成功
[2026-05-06 10:16:35] 🚀 开始抓取新闻...
[2026-05-06 10:16:44] ✅ 新闻抓取成功
[2026-05-06 11:16:44] 🚀 开始抓取新闻...
[2026-05-06 11:16:48] ✅ 新闻抓取成功
[2026-05-06 12:16:48] 🚀 开始抓取新闻...
[2026-05-06 12:16:55] ✅ 新闻抓取成功
[2026-05-06 13:16:55] 🚀 开始抓取新闻...
[2026-05-06 13:16:59] ✅ 新闻抓取成功
[2026-05-06 14:16:59] 🚀 开始抓取新闻...
[2026-05-06 14:17:03] ✅ 新闻抓取成功
[2026-05-06 15:17:03] 🚀 开始抓取新闻...
[2026-05-06 15:17:10] ✅ 新闻抓取成功
[2026-05-06 16:17:10] 🚀 开始抓取新闻...
[2026-05-06 16:17:16] ✅ 新闻抓取成功
[2026-05-06 17:17:16] 🚀 开始抓取新闻...
[2026-05-06 17:17:21] ✅ 新闻抓取成功
[2026-05-06 18:17:21] 🚀 开始抓取新闻...
[2026-05-06 18:17:27] ✅ 新闻抓取成功
[2026-05-06 19:17:27] 🚀 开始抓取新闻...
[2026-05-06 19:17:32] ✅ 新闻抓取成功
[2026-05-13 21:34:25] ============================================================
[2026-05-13 21:34:25] 📰 新闻抓取守护进程启动
[2026-05-13 21:34:25] 抓取间隔：3600秒 (1 小时)
[2026-05-13 21:34:25] ============================================================
[2026-05-13 21:34:25] 🚀 开始抓取新闻...
[2026-05-13 21:34:38] ✅ 新闻抓取成功
[2026-05-13 21:48:01] ============================================================
[2026-05-13 21:48:01] 📰 新闻抓取守护进程启动
[2026-05-13 21:48:01] 抓取间隔：3600秒 (1 小时)
[2026-05-13 21:48:01] ============================================================
[2026-05-13 21:48:01] 🚀 开始抓取新闻...
[2026-05-13 21:48:09] ✅ 新闻抓取成功
[2026-05-13 22:06:16] ============================================================
[2026-05-13 22:06:16] 📰 新闻抓取守护进程启动
[2026-05-13 22:06:16] 抓取间隔：3600秒 (1 小时)
[2026-05-13 22:06:16] ============================================================
[2026-05-13 22:06:16] 🚀 开始抓取新闻...
[2026-05-13 22:06:23] ✅ 新闻抓取成功
[2026-05-24 23:35:11] ============================================================
[2026-05-24 23:35:11] 📰 新闻抓取守护进程启动
[2026-05-24 23:35:11] 抓取间隔：3600秒 (1 小时)
[2026-05-24 23:35:11] ============================================================
[2026-05-24 23:35:11] 🚀 开始抓取新闻...
[2026-05-24 23:35:15] ✅ 新闻抓取成功
[2026-05-25 08:37:25] ============================================================
[2026-05-25 08:37:25] 📰 新闻抓取守护进程启动
[2026-05-25 08:37:25] 抓取间隔：3600秒 (1 小时)
[2026-05-25 08:37:25] ============================================================
[2026-05-25 08:37:25] 🚀 开始抓取新闻...
[2026-05-25 08:37:31] ✅ 新闻抓取成功
[2026-05-25 09:37:31] 🚀 开始抓取新闻...
[2026-05-25 09:37:37] ✅ 新闻抓取成功
[2026-05-25 09:55:36] ============================================================
[2026-05-25 09:55:36] 📰 新闻抓取守护进程启动
[2026-05-25 09:55:36] 抓取间隔：3600秒 (1 小时)
[2026-05-25 09:55:36] ============================================================
[2026-05-25 09:55:36] 🚀 开始抓取新闻...
[2026-05-25 09:55:41] ✅ 新闻抓取成功
[2026-05-25 10:08:56] ============================================================
[2026-05-25 10:08:56] 📰 新闻抓取守护进程启动
[2026-05-25 10:08:56] 抓取间隔：3600秒 (1 小时)
[2026-05-25 10:08:56] ============================================================
[2026-05-25 10:08:56] 🚀 开始抓取新闻...
[2026-05-25 10:09:01] ✅ 新闻抓取成功
