[2026-04-20 20:56:56] 🚀 新闻抓取启动
[2026-04-20 20:56:56] ❌ CoinDesk 抓取失败：HTTPConnectionPool(host='127.0.0.1', port=7890): Max retries exceeded with url: http://www.coindesk.com/arc/outboundfeeds/rss/ (Caused by ProxyError('Unable to connect to proxy', NewConnectionError("HTTPConnection(host='127.0.0.1', port=7890): Failed to establish a new connection: [Errno 111] Connection refused")))
[2026-04-20 20:56:56] ❌ 币安公告抓取失败：HTTPSConnectionPool(host='www.binance.com', port=443): Max retries exceeded with url: /bapi/composite/v1/public/cms/article/catalog/list/query?catalogId=48&pageNo=1&pageSize=10 (Caused by ProxyError('Unable to connect to proxy', NewConnectionError("HTTPSConnection(host='127.0.0.1', port=7890): Failed to establish a new connection: [Errno 111] Connection refused")))
[2026-04-20 20:56:56] 📊 合并后新闻总数：0 条
[2026-04-20 20:56:56] ⚠️ 无新闻数据，使用示例数据
[2026-04-20 20:56:56] ✅ 新闻分析完成
[2026-04-20 20:56:56] 📄 报告已保存：/root/.openclaw/workspace/scripts/crypto_news_analysis.md

============================================================
# 📰 加密货币新闻分析

**生成时间：** 2026-04-20 20:56:56

---

## 📊 市场情绪统计

| 情绪 | 数量 |
| :---: | :---: |
| 🟢 利好 | 2 |
| 🔴 利空 | 0 |
| ⚪ 中性 | 1 |

**整体情绪：** 🟢 偏多

---

## 📰 重要新闻

🟢 利好 [CoinDesk] **Bitcoin Surges Past $70,000 as Institutional Adoption Grows**
   [链接](https://example.com/1)

⚪ 中性 [币安] **Binance Lists New Token XYZ**
   [链接](https://example.com/2)

🟢 利好 [CoinDesk] **Ethereum Network Upgrade Successfully Completed**
   [链接](https://example.com/3)

---

## 💡 综合建议

⚠️ 仅供参考，请自行判断风险！

============================================================

[2026-04-20 21:55:26] 🚀 新闻抓取启动
[2026-04-20 21:55:32] ✅ CoinDesk 抓取成功：10 条
[2026-04-20 21:55:34] ✅ 币安公告抓取成功：10 条
[2026-04-20 21:55:34] 📊 合并后新闻总数：20 条
[2026-04-20 21:55:34] ✅ 新闻分析完成
[2026-04-20 21:55:34] 📄 报告已保存：/root/.openclaw/workspace/scripts/crypto_news_analysis.md

============================================================
# 📰 加密货币新闻分析

**生成时间：** 2026-04-20 21:55:34

---

## 📊 市场情绪统计

| 情绪 | 数量 |
| :---: | :---: |
| 🟢 利好 | 4 |
| 🔴 利空 | 1 |
| ⚪ 中性 | 15 |

**整体情绪：** 🟢 偏多

---

## 📰 重要新闻

⚪ 中性 [CoinDesk] ** Coinbase, Bybit said to be working together on tokenization, custody and distribution of U.S. stocks **
   [链接](https://www.coindesk.com/business/2026/04/20/coinbase-bybit-said-to-be-working-together-on-tokenization-custody-and-distribution-of-u-s-stocks)

⚪ 中性 [CoinDesk] **CoinDesk 20 performance update: AAVE price plummets 22.9% over weekend**
   [链接](https://www.coindesk.com/coindesk-indices/2026/04/20/coindesk-20-performance-update-aave-price-plummets-22-9-over-weekend)

🟢 利好 [CoinDesk] **Bitmine buys 101,627 ether worth over $230 million, its largest weekly haul of 2026**
   [链接](https://www.coindesk.com/business/2026/04/20/bitmine-buys-101-627-ether-worth-over-usd230-million-its-largest-weekly-haul-of-2026)

🟢 利好 [CoinDesk] **Strategy buys 34,164 bitcoin for $2.54 billion, third-largest purchase on record**
   [链接](https://www.coindesk.com/markets/2026/04/20/strategy-buys-34-164-bitcoin-for-usd2-54-billion)

⚪ 中性 [CoinDesk] **U.S.-Iran ceasefire ends, Tesla earnings: Crypto Week Ahead**
   [链接](https://www.coindesk.com/markets/2026/04/20/u-s-iran-ceasefire-ends-tesla-earnings-crypto-week-ahead)

---

## 💡 综合建议

⚠️ 仅供参考，请自行判断风险！

============================================================

[2026-04-20 23:10:18] 🚀 新闻抓取启动
[2026-04-20 23:10:20] ✅ CoinDesk 抓取成功：10 条
[2026-04-20 23:10:20] ✅ 币安公告抓取成功：10 条
[2026-04-20 23:10:20] 📊 合并后新闻总数：20 条
[2026-04-20 23:10:20] ✅ 新闻分析完成
[2026-04-20 23:10:20] 📄 报告已保存：/root/.openclaw/workspace/scripts/crypto_news_analysis.md

============================================================
# 📰 加密货币新闻分析

**生成时间：** 2026-04-20 23:10:20

---

## 📊 市场情绪统计

| 情绪 | 数量 |
| :---: | :---: |
| 🟢 利好 | 3 |
| 🔴 利空 | 1 |
| ⚪ 中性 | 16 |

**整体情绪：** 🟢 偏多

---

## 📰 重要新闻

⚪ 中性 [CoinDesk] **Kelp DAO claims LayerZero’s 'default' settings are what actually caused the massive $290 million disaster**
   [链接](https://www.coindesk.com/tech/2026/04/20/kelp-dao-claims-layerzero-s-default-settings-are-what-actually-caused-the-usd290-million-disaster)

⚪ 中性 [CoinDesk] **Global stablecoin rulemaking slows, prompting BIS to urge cooperation to avoid fragmentation risks**
   [链接](https://www.coindesk.com/policy/2026/04/20/global-stablecoin-rulemaking-slows-prompting-bis-to-urge-cooperation-to-avoid-fragmentation-risks)

⚪ 中性 [CoinDesk] **Tether backs UAE tokenization firm KAIO in $8M funding round to bring Emirati funds onchain **
   [链接](https://www.coindesk.com/business/2026/04/20/tether-backs-uae-tokenization-firm-kaio-in-usd8m-funding-round-to-bring-emirati-funds-onchain)

⚪ 中性 [CoinDesk] ** Coinbase, Bybit said to be working together on tokenization, custody and distribution of U.S. stocks **
   [链接](https://www.coindesk.com/business/2026/04/20/coinbase-bybit-said-to-be-working-together-on-tokenization-custody-and-distribution-of-u-s-stocks)

⚪ 中性 [CoinDesk] **CoinDesk 20 performance update: AAVE price plummets 22.9% over weekend**
   [链接](https://www.coindesk.com/coindesk-indices/2026/04/20/coindesk-20-performance-update-aave-price-plummets-22-9-over-weekend)

---

## 💡 综合建议

⚠️ 仅供参考，请自行判断风险！

============================================================

