[2026-03-17 07:36:41.976179] 🕐 日志清理守护进程启动
   检查间隔：3600秒
   最大行数：50000
[2026-03-17 07:36:42.809676] 日志清理完成：50183 → 50000 行，备份：/root/.openclaw/workspace/scripts/logs_backup/crypto_monitor_20260317_073642.log.gz
[2026-03-17 08:39:18.837592] 日志清理完成：51909 → 50000 行，备份：/root/.openclaw/workspace/scripts/logs_backup/crypto_monitor_20260317_083918.log.gz
[2026-03-17 09:39:19.424419] 日志清理完成：51819 → 50000 行，备份：/root/.openclaw/workspace/scripts/logs_backup/crypto_monitor_20260317_093918.log.gz
[2026-03-17 10:39:20.035768] 日志清理完成：51722 → 50000 行，备份：/root/.openclaw/workspace/scripts/logs_backup/crypto_monitor_20260317_103919.log.gz
[2026-03-17 11:39:20.597769] 日志清理完成：51678 → 50000 行，备份：/root/.openclaw/workspace/scripts/logs_backup/crypto_monitor_20260317_113920.log.gz
[2026-03-17 12:39:21.315372] 日志清理完成：50881 → 50000 行，备份：/root/.openclaw/workspace/scripts/logs_backup/crypto_monitor_20260317_123920.log.gz
[2026-03-17 13:39:22.010296] 日志清理完成：50507 → 50000 行，备份：/root/.openclaw/workspace/scripts/logs_backup/crypto_monitor_20260317_133921.log.gz
[2026-03-17 14:39:22.618604] 日志清理完成：50209 → 50000 行，备份：/root/.openclaw/workspace/scripts/logs_backup/crypto_monitor_20260317_143922.log.gz
[2026-03-17 15:39:23.168440] 日志清理完成：50168 → 50000 行，备份：/root/.openclaw/workspace/scripts/logs_backup/crypto_monitor_20260317_153922.log.gz
[2026-03-17 16:39:23.717391] 日志清理完成：50162 → 50000 行，备份：/root/.openclaw/workspace/scripts/logs_backup/crypto_monitor_20260317_163923.log.gz
[2026-03-17 17:39:24.302904] 日志清理完成：50165 → 50000 行，备份：/root/.openclaw/workspace/scripts/logs_backup/crypto_monitor_20260317_173923.log.gz
[2026-03-17 18:39:24.854682] 日志清理完成：50177 → 50000 行，备份：/root/.openclaw/workspace/scripts/logs_backup/crypto_monitor_20260317_183924.log.gz
[2026-03-17 19:39:25.503122] 日志清理完成：50155 → 50000 行，备份：/root/.openclaw/workspace/scripts/logs_backup/crypto_monitor_20260317_193925.log.gz
[2026-03-17 20:39:26.157396] 日志清理完成：50462 → 50000 行，备份：/root/.openclaw/workspace/scripts/logs_backup/crypto_monitor_20260317_203925.log.gz
[2026-03-17 21:39:26.841133] 日志清理完成：50403 → 50000 行，备份：/root/.openclaw/workspace/scripts/logs_backup/crypto_monitor_20260317_213926.log.gz
[2026-03-17 22:39:27.511420] 日志清理完成：50232 → 50000 行，备份：/root/.openclaw/workspace/scripts/logs_backup/crypto_monitor_20260317_223927.log.gz
[2026-03-17 23:39:28.055274] 日志清理完成：50194 → 50000 行，备份：/root/.openclaw/workspace/scripts/logs_backup/crypto_monitor_20260317_233927.log.gz
[2026-03-18 00:39:28.611386] 日志清理完成：50218 → 50000 行，备份：/root/.openclaw/workspace/scripts/logs_backup/crypto_monitor_20260318_003928.log.gz
[2026-03-18 01:39:29.156584] 日志清理完成：50349 → 50000 行，备份：/root/.openclaw/workspace/scripts/logs_backup/crypto_monitor_20260318_013928.log.gz
[2026-03-18 02:39:29.727573] 日志清理完成：52684 → 50000 行，备份：/root/.openclaw/workspace/scripts/logs_backup/crypto_monitor_20260318_023929.log.gz
[2026-03-18 03:39:30.298176] 日志清理完成：52713 → 50000 行，备份：/root/.openclaw/workspace/scripts/logs_backup/crypto_monitor_20260318_033929.log.gz
[2026-03-18 04:39:30.878582] 日志清理完成：52719 → 50000 行，备份：/root/.openclaw/workspace/scripts/logs_backup/crypto_monitor_20260318_043930.log.gz
[2026-03-18 05:39:31.478265] 日志清理完成：52724 → 50000 行，备份：/root/.openclaw/workspace/scripts/logs_backup/crypto_monitor_20260318_053931.log.gz
[2026-03-18 06:39:32.085491] 日志清理完成：52102 → 50000 行，备份：/root/.openclaw/workspace/scripts/logs_backup/crypto_monitor_20260318_063931.log.gz
[2026-03-18 07:39:32.690968] 日志清理完成：50158 → 50000 行，备份：/root/.openclaw/workspace/scripts/logs_backup/crypto_monitor_20260318_073932.log.gz
[2026-03-18 08:39:33.299805] 日志清理完成：50158 → 50000 行，备份：/root/.openclaw/workspace/scripts/logs_backup/crypto_monitor_20260318_083932.log.gz
[2026-03-18 09:39:33.895434] 日志清理完成：50165 → 50000 行，备份：/root/.openclaw/workspace/scripts/logs_backup/crypto_monitor_20260318_093933.log.gz
[2026-03-18 10:39:34.533397] 日志清理完成：50212 → 50000 行，备份：/root/.openclaw/workspace/scripts/logs_backup/crypto_monitor_20260318_103934.log.gz
[2026-03-18 11:39:35.134200] 日志清理完成：50159 → 50000 行，备份：/root/.openclaw/workspace/scripts/logs_backup/crypto_monitor_20260318_113934.log.gz
[2026-03-18 12:39:35.773017] 日志清理完成：50215 → 50000 行，备份：/root/.openclaw/workspace/scripts/logs_backup/crypto_monitor_20260318_123935.log.gz
[2026-03-18 13:39:36.450409] 日志清理完成：50187 → 50000 行，备份：/root/.openclaw/workspace/scripts/logs_backup/crypto_monitor_20260318_133935.log.gz
[2026-03-18 14:39:37.051144] 日志清理完成：50174 → 50000 行，备份：/root/.openclaw/workspace/scripts/logs_backup/crypto_monitor_20260318_143936.log.gz
[2026-03-18 15:39:37.699985] 日志清理完成：50169 → 50000 行，备份：/root/.openclaw/workspace/scripts/logs_backup/crypto_monitor_20260318_153937.log.gz
[2026-03-18 16:39:38.313162] 日志清理完成：50165 → 50000 行，备份：/root/.openclaw/workspace/scripts/logs_backup/crypto_monitor_20260318_163937.log.gz
[2026-03-18 17:39:39.002489] 日志清理完成：50184 → 50000 行，备份：/root/.openclaw/workspace/scripts/logs_backup/crypto_monitor_20260318_173938.log.gz
[2026-03-18 18:39:39.589522] 日志清理完成：50159 → 50000 行，备份：/root/.openclaw/workspace/scripts/logs_backup/crypto_monitor_20260318_183939.log.gz
[2026-03-18 19:39:40.273303] 日志清理完成：50517 → 50000 行，备份：/root/.openclaw/workspace/scripts/logs_backup/crypto_monitor_20260318_193939.log.gz
[2026-03-18 20:39:40.915315] 日志清理完成：50800 → 50000 行，备份：/root/.openclaw/workspace/scripts/logs_backup/crypto_monitor_20260318_203940.log.gz
[2026-03-18 21:39:41.597678] 日志清理完成：50299 → 50000 行，备份：/root/.openclaw/workspace/scripts/logs_backup/crypto_monitor_20260318_213941.log.gz
[2026-03-18 22:39:42.694157] 日志清理完成：50256 → 50000 行，备份：/root/.openclaw/workspace/scripts/logs_backup/crypto_monitor_20260318_223942.log.gz
[2026-03-18 23:39:43.302748] 日志清理完成：50319 → 50000 行，备份：/root/.openclaw/workspace/scripts/logs_backup/crypto_monitor_20260318_233942.log.gz
[2026-03-19 00:39:43.922147] 日志清理完成：50225 → 50000 行，备份：/root/.openclaw/workspace/scripts/logs_backup/crypto_monitor_20260319_003943.log.gz
[2026-03-19 01:39:44.551656] 日志清理完成：51753 → 50000 行，备份：/root/.openclaw/workspace/scripts/logs_backup/crypto_monitor_20260319_013944.log.gz
[2026-03-19 02:39:45.228410] 日志清理完成：53618 → 50000 行，备份：/root/.openclaw/workspace/scripts/logs_backup/crypto_monitor_20260319_023944.log.gz
[2026-03-19 03:39:45.919915] 日志清理完成：53619 → 50000 行，备份：/root/.openclaw/workspace/scripts/logs_backup/crypto_monitor_20260319_033945.log.gz
[2026-03-19 04:39:46.733147] 日志清理完成：53623 → 50000 行，备份：/root/.openclaw/workspace/scripts/logs_backup/crypto_monitor_20260319_043946.log.gz
[2026-03-19 05:39:47.476756] 日志清理完成：53624 → 50000 行，备份：/root/.openclaw/workspace/scripts/logs_backup/crypto_monitor_20260319_053946.log.gz
[2026-03-19 06:39:48.204557] 日志清理完成：53623 → 50000 行，备份：/root/.openclaw/workspace/scripts/logs_backup/crypto_monitor_20260319_063947.log.gz
[2026-03-19 07:39:48.946014] 日志清理完成：53619 → 50000 行，备份：/root/.openclaw/workspace/scripts/logs_backup/crypto_monitor_20260319_073948.log.gz[2026-03-22 22:32:21.525660] 🕐 日志清理守护进程启动
   检查间隔：3600秒
   最大行数：50000
[2026-03-22 22:32:21.709966] 日志行数正常：33221/50000
[2026-03-22 23:32:21.808948] 日志行数正常：33705/50000
[2026-03-23 00:32:21.889388] 日志行数正常：34187/50000
[2026-03-23 01:32:22.046912] 日志行数正常：34669/50000
[2026-03-23 02:32:22.154609] 日志行数正常：35479/50000
[2026-03-23 03:32:22.240482] 日志行数正常：36588/50000
[2026-03-23 04:32:22.323889] 日志行数正常：37782/50000
[2026-03-23 05:32:22.417494] 日志行数正常：38913/50000
[2026-03-23 06:32:22.508653] 日志行数正常：40104/50000
[2026-03-23 07:32:22.604310] 日志行数正常：41217/50000
[2026-03-23 08:32:22.702491] 日志行数正常：41684/50000
[2026-03-23 09:32:22.801581] 日志行数正常：42203/50000
[2026-03-23 10:32:22.892601] 日志行数正常：42690/50000
[2026-03-23 11:32:22.994309] 日志行数正常：43188/50000
[2026-03-23 12:32:23.123874] 日志行数正常：43641/50000
[2026-03-23 13:32:23.231692] 日志行数正常：44143/50000
[2026-03-23 14:32:23.329458] 日志行数正常：44607/50000
[2026-03-23 15:32:23.541848] 日志行数正常：45156/50000
[2026-03-23 16:32:23.899265] 日志行数正常：45629/50000
[2026-03-23 17:32:24.145077] 日志行数正常：46223/50000
[2026-03-23 18:32:24.466647] 日志行数正常：47194/50000
[2026-03-23 19:32:24.575437] 日志行数正常：48119/50000
[2026-03-23 20:32:24.990321] 日志行数正常：48460/50000
[2026-03-23 21:32:25.131808] 日志行数正常：48679/50000
[2026-03-23 22:32:25.236491] 日志行数正常：49384/50000
[2026-03-23 23:32:25.912539] 日志清理完成：50036 → 50000 行，备份：/root/.openclaw/workspace/scripts/logs_backup/crypto_monitor_20260323_233225.log.gz
[2026-03-23 23:32:25.930027] 删除旧备份：crypto_monitor_20260314_172819.log.gz
[2026-03-23 23:32:25.933084] 删除旧备份：crypto_monitor_20260314_182820.log.gz
[2026-03-23 23:32:25.935099] 删除旧备份：crypto_monitor_20260314_192820.log.gz
[2026-03-23 23:32:25.937341] 删除旧备份：crypto_monitor_20260314_202821.log.gz
[2026-03-23 23:32:25.938569] 删除旧备份：crypto_monitor_20260314_212821.log.gz
[2026-03-23 23:32:25.939738] 删除旧备份：crypto_monitor_20260314_215910.log.gz
[2026-03-23 23:32:25.941071] 删除旧备份：crypto_monitor_20260314_222822.log.gz
[2026-03-23 23:32:25.942470] 删除旧备份：crypto_monitor_20260314_232822.log.gz
[2026-03-23 23:32:25.943739] 删除旧备份：crypto_monitor_20260315_002823.log.gz
[2026-03-23 23:32:25.944909] 删除旧备份：crypto_monitor_20260315_012823.log.gz
[2026-03-23 23:32:25.946074] 删除旧备份：crypto_monitor_20260315_022824.log.gz
[2026-03-23 23:32:25.947100] 删除旧备份：crypto_monitor_20260315_032825.log.gz
[2026-03-23 23:32:25.948232] 删除旧备份：crypto_monitor_20260315_042825.log.gz
[2026-03-23 23:32:25.949376] 删除旧备份：crypto_monitor_20260315_052826.log.gz
[2026-03-23 23:32:25.950840] 删除旧备份：crypto_monitor_20260315_062826.log.gz
[2026-03-23 23:32:25.952630] 删除旧备份：crypto_monitor_20260315_072827.log.gz
[2026-03-23 23:32:25.953890] 删除旧备份：crypto_monitor_20260315_082828.log.gz
[2026-03-23 23:32:25.954993] 删除旧备份：crypto_monitor_20260315_092828.log.gz
[2026-03-23 23:32:25.956069] 删除旧备份：crypto_monitor_20260315_102829.log.gz
[2026-03-23 23:32:25.957148] 删除旧备份：crypto_monitor_20260315_133724.log.gz
[2026-03-23 23:32:25.958207] 删除旧备份：crypto_monitor_20260315_143724.log.gz
[2026-03-23 23:32:25.959243] 删除旧备份：crypto_monitor_20260315_144124.log.gz
[2026-03-23 23:32:25.960364] 删除旧备份：crypto_monitor_20260315_150114.log.gz
[2026-03-23 23:32:25.962130] 删除旧备份：crypto_monitor_20260315_151057.log.gz
[2026-03-23 23:32:25.963646] 删除旧备份：crypto_monitor_20260315_154907.log.gz
[2026-03-23 23:32:25.964816] 删除旧备份：crypto_monitor_20260315_155217.log.gz
[2026-03-23 23:32:25.965974] 删除旧备份：crypto_monitor_20260315_155555.log.gz
[2026-03-23 23:32:25.967125] 删除旧备份：crypto_monitor_20260315_160232.log.gz
[2026-03-23 23:32:25.968277] 删除旧备份：crypto_monitor_20260315_160448.log.gz
[2026-03-23 23:32:25.969345] 删除旧备份：crypto_monitor_20260315_160942.log.gz
[2026-03-23 23:32:25.970480] 删除旧备份：crypto_monitor_20260315_161201.log.gz
[2026-03-23 23:32:25.971751] 删除旧备份：crypto_monitor_20260315_161548.log.gz
[2026-03-23 23:32:25.973087] 删除旧备份：crypto_monitor_20260315_162043.log.gz
[2026-03-23 23:32:25.974552] 删除旧备份：crypto_monitor_20260315_162401.log.gz
[2026-03-23 23:32:25.975664] 删除旧备份：crypto_monitor_20260315_163259.log.gz
[2026-03-23 23:32:25.976817] 删除旧备份：crypto_monitor_20260315_163850.log.gz
[2026-03-23 23:32:25.977931] 删除旧备份：crypto_monitor_20260315_164525.log.gz
[2026-03-23 23:32:25.979015] 删除旧备份：crypto_monitor_20260315_165705.log.gz
[2026-03-23 23:32:25.980165] 删除旧备份：crypto_monitor_20260315_173153.log.gz
[2026-03-23 23:32:25.981926] 删除旧备份：crypto_monitor_20260315_182552.log.gz
[2026-03-23 23:32:25.983144] 删除旧备份：crypto_monitor_20260315_182731.log.gz
[2026-03-23 23:32:25.984268] 删除旧备份：crypto_monitor_20260315_183055.log.gz
[2026-03-23 23:32:25.985444] 删除旧备份：crypto_monitor_20260315_190217.log.gz
[2026-03-23 23:32:25.986528] 删除旧备份：crypto_monitor_20260315_190828.log.gz
[2026-03-23 23:32:25.987612] 删除旧备份：crypto_monitor_20260315_191831.log.gz
[2026-03-23 23:32:25.988770] 删除旧备份：crypto_monitor_20260315_201735.log.gz
[2026-03-23 23:32:25.989878] 删除旧备份：crypto_monitor_20260315_205702.log.gz
[2026-03-23 23:32:25.991023] 删除旧备份：crypto_monitor_20260315_211358.log.gz
[2026-03-23 23:32:25.992269] 删除旧备份：crypto_monitor_20260315_213123.log.gz
[2026-03-23 23:32:25.993399] 删除旧备份：crypto_monitor_20260315_213404.log.gz
[2026-03-23 23:32:25.994478] 删除旧备份：crypto_monitor_20260315_213645.log.gz
[2026-03-23 23:32:25.995546] 删除旧备份：crypto_monitor_20260315_213957.log.gz
[2026-03-23 23:32:25.996623] 删除旧备份：crypto_monitor_20260315_220340.log.gz
[2026-03-23 23:32:25.997699] 删除旧备份：crypto_monitor_20260315_230340.log.gz
[2026-03-23 23:32:25.998756] 删除旧备份：crypto_monitor_20260315_230848.log.gz
[2026-03-23 23:32:25.999874] 删除旧备份：crypto_monitor_20260315_231757.log.gz
[2026-03-23 23:32:26.000970] 删除旧备份：crypto_monitor_20260315_231849.log.gz
[2026-03-23 23:32:26.002092] 删除旧备份：crypto_monitor_20260315_232019.log.gz
[2026-03-23 23:32:26.003559] 删除旧备份：crypto_monitor_20260315_233109.log.gz
[2026-03-23 23:32:26.004657] 删除旧备份：crypto_monitor_20260316_002408.log.gz
[2026-03-23 23:32:26.005796] 删除旧备份：crypto_monitor_20260316_012200.log.gz
[2026-03-23 23:32:26.006909] 删除旧备份：crypto_monitor_20260316_022201.log.gz
[2026-03-23 23:32:26.008481] 删除旧备份：crypto_monitor_20260316_032201.log.gz
[2026-03-23 23:32:26.009880] 删除旧备份：crypto_monitor_20260316_042202.log.gz
[2026-03-23 23:32:26.011082] 删除旧备份：crypto_monitor_20260316_052202.log.gz
[2026-03-23 23:32:26.012682] 删除旧备份：crypto_monitor_20260316_062203.log.gz
[2026-03-23 23:32:26.014147] 删除旧备份：crypto_monitor_20260316_072203.log.gz
[2026-03-23 23:32:26.015237] 删除旧备份：crypto_monitor_20260316_073033.log.gz
[2026-03-23 23:32:26.016344] 删除旧备份：crypto_monitor_20260316_083034.log.gz
[2026-03-23 23:32:26.017784] 删除旧备份：crypto_monitor_20260316_093034.log.gz
[2026-03-23 23:32:26.018888] 删除旧备份：crypto_monitor_20260316_103035.log.gz
[2026-03-23 23:32:26.020285] 删除旧备份：crypto_monitor_20260316_113035.log.gz
[2026-03-23 23:32:26.022161] 删除旧备份：crypto_monitor_20260316_123036.log.gz
[2026-03-23 23:32:26.025367] 删除旧备份：crypto_monitor_20260316_133036.log.gz
[2026-03-23 23:32:26.027020] 删除旧备份：crypto_monitor_20260316_143037.log.gz
[2026-03-23 23:32:26.029837] 删除旧备份：crypto_monitor_20260316_153037.log.gz
[2026-03-23 23:32:26.032595] 删除旧备份：crypto_monitor_20260316_163038.log.gz
[2026-03-23 23:32:26.034674] 删除旧备份：crypto_monitor_20260316_173038.log.gz
[2026-03-23 23:32:26.036023] 删除旧备份：crypto_monitor_20260316_183039.log.gz
[2026-03-23 23:32:26.037660] 删除旧备份：crypto_monitor_20260316_193039.log.gz
[2026-03-23 23:32:26.038870] 删除旧备份：crypto_monitor_20260316_203040.log.gz
[2026-03-23 23:32:26.040055] 删除旧备份：crypto_monitor_20260316_213040.log.gz
[2026-03-23 23:32:26.041867] 删除旧备份：crypto_monitor_20260316_223041.log.gz
[2026-03-23 23:32:26.081983] 删除旧备份：crypto_monitor_20260316_233041.log.gz
[2026-03-24 00:32:26.766450] 日志清理完成：50692 → 50000 行，备份：/root/.openclaw/workspace/scripts/logs_backup/crypto_monitor_20260324_003226.log.gz
[2026-03-24 00:32:26.769612] 删除旧备份：crypto_monitor_20260317_003042.log.gz
[2026-03-24 01:32:27.359190] 日志清理完成：50638 → 50000 行，备份：/root/.openclaw/workspace/scripts/logs_backup/crypto_monitor_20260324_013226.log.gz
[2026-03-24 01:32:27.372355] 删除旧备份：crypto_monitor_20260317_013042.log.gz
[2026-03-24 02:32:27.965370] 日志清理完成：50855 → 50000 行，备份：/root/.openclaw/workspace/scripts/logs_backup/crypto_monitor_20260324_023227.log.gz
[2026-03-24 02:32:27.979161] 删除旧备份：crypto_monitor_20260317_023043.log.gz
[2026-03-24 03:32:28.571917] 日志清理完成：51155 → 50000 行，备份：/root/.openclaw/workspace/scripts/logs_backup/crypto_monitor_20260324_033228.log.gz
[2026-03-24 03:32:28.585064] 删除旧备份：crypto_monitor_20260317_033043.log.gz
[2026-03-24 04:32:29.194316] 日志清理完成：51223 → 50000 行，备份：/root/.openclaw/workspace/scripts/logs_backup/crypto_monitor_20260324_043228.log.gz
[2026-03-24 04:32:29.198515] 删除旧备份：crypto_monitor_20260317_043044.log.gz
[2026-03-24 05:32:29.821016] 日志清理完成：51156 → 50000 行，备份：/root/.openclaw/workspace/scripts/logs_backup/crypto_monitor_20260324_053229.log.gz
[2026-03-24 05:32:29.824652] 删除旧备份：crypto_monitor_20260317_053044.log.gz
[2026-03-24 06:32:30.472827] 日志清理完成：51221 → 50000 行，备份：/root/.openclaw/workspace/scripts/logs_backup/crypto_monitor_20260324_063229.log.gz
[2026-03-24 06:32:30.477676] 删除旧备份：crypto_monitor_20260317_063045.log.gz
[2026-03-24 07:32:31.103096] 日志清理完成：51146 → 50000 行，备份：/root/.openclaw/workspace/scripts/logs_backup/crypto_monitor_20260324_073230.log.gz
[2026-03-24 07:32:31.118130] 删除旧备份：crypto_monitor_20260317_073046.log.gz
[2026-03-24 08:32:31.733219] 日志清理完成：50611 → 50000 行，备份：/root/.openclaw/workspace/scripts/logs_backup/crypto_monitor_20260324_083231.log.gz
[2026-03-24 08:32:31.738539] 删除旧备份：crypto_monitor_20260317_073642.log.gz
[2026-03-24 09:32:32.351094] 日志清理完成：50220 → 50000 行，备份：/root/.openclaw/workspace/scripts/logs_backup/crypto_monitor_20260324_093231.log.gz
[2026-03-24 09:32:32.362921] 删除旧备份：crypto_monitor_20260317_083918.log.gz
[2026-03-24 10:32:32.997786] 日志清理完成：50330 → 50000 行，备份：/root/.openclaw/workspace/scripts/logs_backup/crypto_monitor_20260324_103232.log.gz
[2026-03-24 10:32:33.014386] 删除旧备份：crypto_monitor_20260317_093918.log.gz
[2026-03-24 11:32:33.723219] 日志清理完成：50220 → 50000 行，备份：/root/.openclaw/workspace/scripts/logs_backup/crypto_monitor_20260324_113233.log.gz
[2026-03-24 11:32:33.790492] 删除旧备份：crypto_monitor_20260317_103919.log.gz
[2026-03-24 12:32:34.413645] 日志清理完成：50219 → 50000 行，备份：/root/.openclaw/workspace/scripts/logs_backup/crypto_monitor_20260324_123233.log.gz
[2026-03-24 12:32:34.420408] 删除旧备份：crypto_monitor_20260317_113920.log.gz
[2026-03-24 13:32:35.101220] 日志清理完成：50328 → 50000 行，备份：/root/.openclaw/workspace/scripts/logs_backup/crypto_monitor_20260324_133234.log.gz
[2026-03-24 13:32:35.107048] 删除旧备份：crypto_monitor_20260317_123920.log.gz
[2026-03-24 14:32:35.716549] 日志清理完成：50331 → 50000 行，备份：/root/.openclaw/workspace/scripts/logs_backup/crypto_monitor_20260324_143235.log.gz
[2026-03-24 14:32:35.723070] 删除旧备份：crypto_monitor_20260317_133921.log.gz
[2026-03-24 15:32:36.321946] 日志清理完成：50010 → 50000 行，备份：/root/.openclaw/workspace/scripts/logs_backup/crypto_monitor_20260324_153235.log.gz
[2026-03-24 15:32:36.328651] 删除旧备份：crypto_monitor_20260317_143922.log.gz
[2026-03-24 16:32:36.989180] 日志清理完成：50008 → 50000 行，备份：/root/.openclaw/workspace/scripts/logs_backup/crypto_monitor_20260324_163236.log.gz
[2026-03-24 16:32:37.041440] 删除旧备份：crypto_monitor_20260317_153922.log.gz
[2026-03-24 17:32:37.213184] 日志行数正常：50000/50000
[2026-03-24 18:32:37.983651] 日志清理完成：50003 → 50000 行，备份：/root/.openclaw/workspace/scripts/logs_backup/crypto_monitor_20260324_183237.log.gz
[2026-03-24 18:32:38.017486] 删除旧备份：crypto_monitor_20260317_163923.log.gz
[2026-03-24 18:32:38.018238] 删除旧备份：crypto_monitor_20260317_173923.log.gz
[2026-03-24 19:32:38.671444] 日志清理完成：50031 → 50000 行，备份：/root/.openclaw/workspace/scripts/logs_backup/crypto_monitor_20260324_193238.log.gz
[2026-03-24 19:32:38.685493] 删除旧备份：crypto_monitor_20260317_183924.log.gz
[2026-03-24 20:32:39.301822] 日志清理完成：50004 → 50000 行，备份：/root/.openclaw/workspace/scripts/logs_backup/crypto_monitor_20260324_203238.log.gz
[2026-03-24 20:32:39.317151] 删除旧备份：crypto_monitor_20260317_193925.log.gz
[2026-03-24 21:32:39.902752] 日志清理完成：50003 → 50000 行，备份：/root/.openclaw/workspace/scripts/logs_backup/crypto_monitor_20260324_213239.log.gz
[2026-03-24 21:32:39.910528] 删除旧备份：crypto_monitor_20260317_203925.log.gz
[2026-03-24 22:32:40.525156] 日志清理完成：50006 → 50000 行，备份：/root/.openclaw/workspace/scripts/logs_backup/crypto_monitor_20260324_223240.log.gz
[2026-03-24 22:32:40.545713] 删除旧备份：crypto_monitor_20260317_213926.log.gz
[2026-03-24 23:32:41.151044] 日志清理完成：50002 → 50000 行，备份：/root/.openclaw/workspace/scripts/logs_backup/crypto_monitor_20260324_233240.log.gz
[2026-03-24 23:32:41.168343] 删除旧备份：crypto_monitor_20260317_223927.log.gz
[2026-03-25 00:32:41.803443] 日志清理完成：50001 → 50000 行，备份：/root/.openclaw/workspace/scripts/logs_backup/crypto_monitor_20260325_003241.log.gz
[2026-03-25 00:32:41.825380] 删除旧备份：crypto_monitor_20260317_233927.log.gz
[2026-03-25 01:32:42.486423] 日志清理完成：50010 → 50000 行，备份：/root/.openclaw/workspace/scripts/logs_backup/crypto_monitor_20260325_013242.log.gz
[2026-03-25 01:32:42.500997] 删除旧备份：crypto_monitor_20260318_003928.log.gz
[2026-03-25 02:32:43.083544] 日志清理完成：50011 → 50000 行，备份：/root/.openclaw/workspace/scripts/logs_backup/crypto_monitor_20260325_023242.log.gz
[2026-03-25 02:32:43.097100] 删除旧备份：crypto_monitor_20260318_013928.log.gz
[2026-03-25 03:32:43.682195] 日志清理完成：50010 → 50000 行，备份：/root/.openclaw/workspace/scripts/logs_backup/crypto_monitor_20260325_033243.log.gz
[2026-03-25 03:32:43.700127] 删除旧备份：crypto_monitor_20260318_023929.log.gz
[2026-03-25 04:32:44.311084] 日志清理完成：50010 → 50000 行，备份：/root/.openclaw/workspace/scripts/logs_backup/crypto_monitor_20260325_043243.log.gz
[2026-03-25 04:32:44.328559] 删除旧备份：crypto_monitor_20260318_033929.log.gz
[2026-03-25 05:32:44.912194] 日志清理完成：50011 → 50000 行，备份：/root/.openclaw/workspace/scripts/logs_backup/crypto_monitor_20260325_053244.log.gz
[2026-03-25 05:32:44.931361] 删除旧备份：crypto_monitor_20260318_043930.log.gz
[2026-03-25 06:32:45.611221] 日志清理完成：50010 → 50000 行，备份：/root/.openclaw/workspace/scripts/logs_backup/crypto_monitor_20260325_063245.log.gz