[2026-03-11 17:46:58] ============================================================
[2026-03-11 17:46:58] 📰 新闻抓取守护进程启动
[2026-03-11 17:46:58] 抓取间隔：3600秒 (1 小时)
[2026-03-11 17:46:58] ============================================================
[2026-03-11 17:46:58] 🚀 开始抓取新闻...
[2026-03-11 17:47:00] ✅ 新闻抓取成功
[2026-03-11 18:47:00] 🚀 开始抓取新闻...
[2026-03-11 18:47:07] ✅ 新闻抓取成功
[2026-03-11 19:47:07] 🚀 开始抓取新闻...
[2026-03-11 19:47:13] ✅ 新闻抓取成功
[2026-03-11 20:47:13] 🚀 开始抓取新闻...
[2026-03-11 20:47:15] ✅ 新闻抓取成功
[2026-03-11 21:47:15] 🚀 开始抓取新闻...
[2026-03-11 21:47:16] ✅ 新闻抓取成功
[2026-03-11 22:47:16] 🚀 开始抓取新闻...
[2026-03-11 22:47:20] ✅ 新闻抓取成功
[2026-03-11 22:57:10] ============================================================
[2026-03-11 22:57:10] 📰 新闻抓取守护进程启动
[2026-03-11 22:57:10] 抓取间隔：3600秒 (1 小时)
[2026-03-11 22:57:10] ============================================================
[2026-03-11 22:57:10] 🚀 开始抓取新闻...
[2026-03-11 22:57:12] ✅ 新闻抓取成功
[2026-03-11 23:47:20] 🚀 开始抓取新闻...
[2026-03-11 23:47:23] ✅ 新闻抓取成功
[2026-03-11 23:57:12] 🚀 开始抓取新闻...
[2026-03-11 23:57:17] ✅ 新闻抓取成功
[2026-03-12 00:19:45] ============================================================
[2026-03-12 00:19:45] 📰 新闻抓取守护进程启动
[2026-03-12 00:19:45] 抓取间隔：3600秒 (1 小时)
[2026-03-12 00:19:45] ============================================================
[2026-03-12 00:19:45] 🚀 开始抓取新闻...
[2026-03-12 00:19:48] ✅ 新闻抓取成功
[2026-03-12 07:27:33] ============================================================
[2026-03-12 07:27:33] 📰 新闻抓取守护进程启动
[2026-03-12 07:27:33] 抓取间隔：3600秒 (1 小时)
[2026-03-12 07:27:33] ============================================================
[2026-03-12 07:27:33] 🚀 开始抓取新闻...
[2026-03-12 07:27:35] ✅ 新闻抓取成功
[2026-03-12 08:30:21] 🚀 开始抓取新闻...
[2026-03-12 08:30:28] ✅ 新闻抓取成功
[2026-03-12 09:08:10] ============================================================
[2026-03-12 09:08:10] 📰 新闻抓取守护进程启动
[2026-03-12 09:08:10] 抓取间隔：3600秒 (1 小时)
[2026-03-12 09:08:10] ============================================================
[2026-03-12 09:08:10] 🚀 开始抓取新闻...
[2026-03-12 09:08:15] ✅ 新闻抓取成功
[2026-03-12 09:15:35] ============================================================
[2026-03-12 09:15:35] 📰 新闻抓取守护进程启动
[2026-03-12 09:15:35] 抓取间隔：3600秒 (1 小时)
[2026-03-12 09:15:35] ============================================================
[2026-03-12 09:15:35] 🚀 开始抓取新闻...
[2026-03-12 09:15:38] ✅ 新闻抓取成功
[2026-03-12 09:21:57] ============================================================
[2026-03-12 09:21:57] 📰 新闻抓取守护进程启动
[2026-03-12 09:21:57] 抓取间隔：3600秒 (1 小时)
[2026-03-12 09:21:57] ============================================================
[2026-03-12 09:21:57] 🚀 开始抓取新闻...
[2026-03-12 09:22:00] ✅ 新闻抓取成功
[2026-03-12 09:26:16] ============================================================
[2026-03-12 09:26:16] 📰 新闻抓取守护进程启动
[2026-03-12 09:26:16] 抓取间隔：3600秒 (1 小时)
[2026-03-12 09:26:16] ============================================================
[2026-03-12 09:26:16] 🚀 开始抓取新闻...
[2026-03-12 09:26:18] ✅ 新闻抓取成功
[2026-03-12 09:27:18] ============================================================
[2026-03-12 09:27:18] 📰 新闻抓取守护进程启动
[2026-03-12 09:27:18] 抓取间隔：3600秒 (1 小时)
[2026-03-12 09:27:18] ============================================================
[2026-03-12 09:27:18] 🚀 开始抓取新闻...
[2026-03-12 09:27:20] ✅ 新闻抓取成功
[2026-03-12 09:30:15] ============================================================
[2026-03-12 09:30:15] 📰 新闻抓取守护进程启动
[2026-03-12 09:30:15] 抓取间隔：3600秒 (1 小时)
[2026-03-12 09:30:15] ============================================================
[2026-03-12 09:30:15] 🚀 开始抓取新闻...
[2026-03-12 09:30:17] ✅ 新闻抓取成功
[2026-03-12 09:55:34] ============================================================
[2026-03-12 09:55:34] 📰 新闻抓取守护进程启动
[2026-03-12 09:55:34] 抓取间隔：3600秒 (1 小时)
[2026-03-12 09:55:34] ============================================================
[2026-03-12 09:55:34] 🚀 开始抓取新闻...
[2026-03-12 09:55:36] ✅ 新闻抓取成功
[2026-03-12 10:12:30] ============================================================
[2026-03-12 10:12:30] 📰 新闻抓取守护进程启动
[2026-03-12 10:12:30] 抓取间隔：3600秒 (1 小时)
[2026-03-12 10:12:30] ============================================================
[2026-03-12 10:12:30] 🚀 开始抓取新闻...
[2026-03-12 10:12:33] ✅ 新闻抓取成功
[2026-03-12 10:42:40] ============================================================
[2026-03-12 10:42:40] 📰 新闻抓取守护进程启动
[2026-03-12 10:42:40] 抓取间隔：3600秒 (1 小时)
[2026-03-12 10:42:40] ============================================================
[2026-03-12 10:42:40] 🚀 开始抓取新闻...
[2026-03-12 10:42:43] ✅ 新闻抓取成功
[2026-03-12 11:20:47] ============================================================
[2026-03-12 11:20:47] 📰 新闻抓取守护进程启动
[2026-03-12 11:20:47] 抓取间隔：3600秒 (1 小时)
[2026-03-12 11:20:47] ============================================================
[2026-03-12 11:20:47] 🚀 开始抓取新闻...
[2026-03-12 11:20:50] ✅ 新闻抓取成功
[2026-03-12 15:14:35] ============================================================
[2026-03-12 15:14:35] 📰 新闻抓取守护进程启动
[2026-03-12 15:14:35] 抓取间隔：3600秒 (1 小时)
[2026-03-12 15:14:35] ============================================================
[2026-03-12 15:14:35] 🚀 开始抓取新闻...
[2026-03-12 15:14:38] ✅ 新闻抓取成功
[2026-03-12 16:08:24] ============================================================
[2026-03-12 16:08:24] 📰 新闻抓取守护进程启动
[2026-03-12 16:08:24] 抓取间隔：3600秒 (1 小时)
[2026-03-12 16:08:24] ============================================================
[2026-03-12 16:08:24] 🚀 开始抓取新闻...
[2026-03-12 16:08:27] ✅ 新闻抓取成功
[2026-03-12 17:08:27] 🚀 开始抓取新闻...
[2026-03-12 17:08:32] ✅ 新闻抓取成功
[2026-03-12 18:08:32] 🚀 开始抓取新闻...
[2026-03-12 18:08:38] ✅ 新闻抓取成功
[2026-03-12 19:07:49] ============================================================
[2026-03-12 19:07:49] 📰 新闻抓取守护进程启动
[2026-03-12 19:07:49] 抓取间隔：3600秒 (1 小时)
[2026-03-12 19:07:49] ============================================================
[2026-03-12 19:07:49] 🚀 开始抓取新闻...
[2026-03-12 19:07:56] ✅ 新闻抓取成功
[2026-03-12 20:07:56] 🚀 开始抓取新闻...
[2026-03-12 20:08:00] ✅ 新闻抓取成功
[2026-03-12 21:08:00] 🚀 开始抓取新闻...
[2026-03-12 21:08:07] ✅ 新闻抓取成功
[2026-03-12 22:08:07] 🚀 开始抓取新闻...
[2026-03-12 22:08:14] ✅ 新闻抓取成功
[2026-03-12 22:32:48] ============================================================
[2026-03-12 22:32:48] 📰 新闻抓取守护进程启动
[2026-03-12 22:32:48] 抓取间隔：3600秒 (1 小时)
[2026-03-12 22:32:48] ============================================================
[2026-03-12 22:32:48] 🚀 开始抓取新闻...
[2026-03-12 22:32:56] ✅ 新闻抓取成功
[2026-03-12 23:32:56] 🚀 开始抓取新闻...
[2026-03-12 23:33:05] ✅ 新闻抓取成功
[2026-03-13 00:33:05] 🚀 开始抓取新闻...
[2026-03-13 00:33:11] ✅ 新闻抓取成功
[2026-03-13 01:33:11] 🚀 开始抓取新闻...
[2026-03-13 01:33:15] ✅ 新闻抓取成功
[2026-03-13 02:33:15] 🚀 开始抓取新闻...
[2026-03-13 02:33:19] ✅ 新闻抓取成功
[2026-03-13 03:33:19] 🚀 开始抓取新闻...
[2026-03-13 03:33:22] ✅ 新闻抓取成功
[2026-03-13 04:33:23] 🚀 开始抓取新闻...
[2026-03-13 04:33:26] ✅ 新闻抓取成功
[2026-03-13 05:33:26] 🚀 开始抓取新闻...
[2026-03-13 05:33:29] ✅ 新闻抓取成功
[2026-03-13 06:33:29] 🚀 开始抓取新闻...
[2026-03-13 06:33:35] ✅ 新闻抓取成功
[2026-03-13 07:33:35] 🚀 开始抓取新闻...
[2026-03-13 07:33:37] ✅ 新闻抓取成功
[2026-03-13 08:33:37] 🚀 开始抓取新闻...
[2026-03-13 08:33:40] ✅ 新闻抓取成功
[2026-03-13 09:33:40] 🚀 开始抓取新闻...
[2026-03-13 09:33:42] ✅ 新闻抓取成功
[2026-03-13 09:48:07] ============================================================
[2026-03-13 09:48:07] 📰 新闻抓取守护进程启动
[2026-03-13 09:48:07] 抓取间隔：3600秒 (1 小时)
[2026-03-13 09:48:07] ============================================================
[2026-03-13 09:48:07] 🚀 开始抓取新闻...
[2026-03-13 09:48:10] ✅ 新闻抓取成功
[2026-03-13 13:22:50] 🚀 开始抓取新闻...
[2026-03-13 13:22:53] ✅ 新闻抓取成功
[2026-03-13 15:01:59] 🚀 开始抓取新闻...
[2026-03-13 15:02:03] ✅ 新闻抓取成功
[2026-03-13 16:02:03] 🚀 开始抓取新闻...
[2026-03-13 16:02:08] ✅ 新闻抓取成功
[2026-03-13 17:02:08] 🚀 开始抓取新闻...
[2026-03-13 17:02:12] ✅ 新闻抓取成功
[2026-03-13 18:02:12] 🚀 开始抓取新闻...
[2026-03-13 18:02:15] ✅ 新闻抓取成功
[2026-03-13 19:02:15] 🚀 开始抓取新闻...
[2026-03-13 19:02:18] ✅ 新闻抓取成功
[2026-03-13 20:02:18] 🚀 开始抓取新闻...
[2026-03-13 20:02:29] ✅ 新闻抓取成功
[2026-03-13 21:02:29] 🚀 开始抓取新闻...
[2026-03-13 21:02:34] ✅ 新闻抓取成功
[2026-03-13 22:02:34] 🚀 开始抓取新闻...
[2026-03-13 22:02:40] ✅ 新闻抓取成功
[2026-03-13 23:02:40] 🚀 开始抓取新闻...
[2026-03-13 23:02:50] ✅ 新闻抓取成功
[2026-03-14 00:02:50] 🚀 开始抓取新闻...
[2026-03-14 00:02:54] ✅ 新闻抓取成功
[2026-03-14 01:02:54] 🚀 开始抓取新闻...
[2026-03-14 01:02:57] ✅ 新闻抓取成功
[2026-03-14 02:02:57] 🚀 开始抓取新闻...
[2026-03-14 02:03:01] ✅ 新闻抓取成功
[2026-03-14 03:03:01] 🚀 开始抓取新闻...
[2026-03-14 03:03:05] ✅ 新闻抓取成功
[2026-03-14 04:03:05] 🚀 开始抓取新闻...
[2026-03-14 04:03:10] ✅ 新闻抓取成功
[2026-03-14 05:03:10] 🚀 开始抓取新闻...
[2026-03-14 05:03:15] ✅ 新闻抓取成功
[2026-03-14 06:03:15] 🚀 开始抓取新闻...
[2026-03-14 06:03:19] ✅ 新闻抓取成功
[2026-03-14 07:03:19] 🚀 开始抓取新闻...
[2026-03-14 07:03:24] ✅ 新闻抓取成功
[2026-03-14 08:03:24] 🚀 开始抓取新闻...
[2026-03-14 08:03:27] ✅ 新闻抓取成功
[2026-03-14 09:03:27] 🚀 开始抓取新闻...
[2026-03-14 09:03:42] ✅ 新闻抓取成功
[2026-03-14 10:03:42] 🚀 开始抓取新闻...
[2026-03-14 10:03:47] ✅ 新闻抓取成功
[2026-03-14 11:03:47] 🚀 开始抓取新闻...
[2026-03-14 11:04:00] ✅ 新闻抓取成功
[2026-03-14 12:04:00] 🚀 开始抓取新闻...
[2026-03-14 12:04:06] ✅ 新闻抓取成功
[2026-03-14 12:41:23] ============================================================
[2026-03-14 12:41:23] 📰 新闻抓取守护进程启动
[2026-03-14 12:41:23] 抓取间隔：3600秒 (1 小时)
[2026-03-14 12:41:23] ============================================================
[2026-03-14 12:41:23] 🚀 开始抓取新闻...
[2026-03-14 12:41:27] ✅ 新闻抓取成功
[2026-03-14 13:41:27] 🚀 开始抓取新闻...
[2026-03-14 13:41:31] ✅ 新闻抓取成功
[2026-03-14 14:41:31] 🚀 开始抓取新闻...
[2026-03-14 14:41:38] ✅ 新闻抓取成功
[2026-03-14 15:41:38] 🚀 开始抓取新闻...
[2026-03-14 15:41:44] ✅ 新闻抓取成功
[2026-03-14 16:41:44] 🚀 开始抓取新闻...
[2026-03-14 16:41:52] ✅ 新闻抓取成功
[2026-03-14 17:41:52] 🚀 开始抓取新闻...
[2026-03-14 17:42:01] ✅ 新闻抓取成功
[2026-03-14 18:42:01] 🚀 开始抓取新闻...
[2026-03-14 18:42:09] ✅ 新闻抓取成功
[2026-03-14 19:42:09] 🚀 开始抓取新闻...
[2026-03-14 19:42:16] ✅ 新闻抓取成功
[2026-03-14 20:42:16] 🚀 开始抓取新闻...
[2026-03-14 20:42:25] ✅ 新闻抓取成功
[2026-03-14 21:42:25] 🚀 开始抓取新闻...
[2026-03-14 21:42:32] ✅ 新闻抓取成功
[2026-03-14 22:42:32] 🚀 开始抓取新闻...
[2026-03-14 22:42:47] ✅ 新闻抓取成功
[2026-03-14 23:42:47] 🚀 开始抓取新闻...
[2026-03-14 23:42:52] ✅ 新闻抓取成功
[2026-03-15 00:42:52] 🚀 开始抓取新闻...
[2026-03-15 00:42:56] ✅ 新闻抓取成功
[2026-03-15 01:42:56] 🚀 开始抓取新闻...
[2026-03-15 01:43:00] ✅ 新闻抓取成功
[2026-03-15 02:43:00] 🚀 开始抓取新闻...
[2026-03-15 02:43:05] ✅ 新闻抓取成功
[2026-03-15 03:43:05] 🚀 开始抓取新闻...
[2026-03-15 03:43:10] ✅ 新闻抓取成功
[2026-03-15 04:43:10] 🚀 开始抓取新闻...
[2026-03-15 04:43:15] ✅ 新闻抓取成功
[2026-03-15 05:43:15] 🚀 开始抓取新闻...
[2026-03-15 05:43:20] ✅ 新闻抓取成功
[2026-03-15 06:43:20] 🚀 开始抓取新闻...
[2026-03-15 06:43:24] ✅ 新闻抓取成功
[2026-03-15 07:43:24] 🚀 开始抓取新闻...
[2026-03-15 07:43:30] ✅ 新闻抓取成功
[2026-03-15 08:43:30] 🚀 开始抓取新闻...
[2026-03-15 08:43:36] ✅ 新闻抓取成功
[2026-03-15 09:43:36] 🚀 开始抓取新闻...
[2026-03-15 09:43:51] ✅ 新闻抓取成功
[2026-03-15 10:43:51] 🚀 开始抓取新闻...
[2026-03-15 10:43:54] ✅ 新闻抓取成功
[2026-03-15 11:43:54] 🚀 开始抓取新闻...
[2026-03-15 11:44:01] ✅ 新闻抓取成功
[2026-03-15 12:44:01] 🚀 开始抓取新闻...
[2026-03-15 12:44:08] ✅ 新闻抓取成功
[2026-03-15 13:37:16] ============================================================
[2026-03-15 13:37:16] 📰 新闻抓取守护进程启动
[2026-03-15 13:37:16] 抓取间隔：3600秒 (1 小时)
[2026-03-15 13:37:16] ============================================================
[2026-03-15 13:37:16] 🚀 开始抓取新闻...
[2026-03-15 13:37:18] ✅ 新闻抓取成功
[2026-03-15 14:37:18] 🚀 开始抓取新闻...
[2026-03-15 14:37:21] ✅ 新闻抓取成功
[2026-03-15 14:41:16] ============================================================
[2026-03-15 14:41:16] 📰 新闻抓取守护进程启动
[2026-03-15 14:41:16] 抓取间隔：3600秒 (1 小时)
[2026-03-15 14:41:16] ============================================================
[2026-03-15 14:41:16] 🚀 开始抓取新闻...
[2026-03-15 14:41:19] ✅ 新闻抓取成功
[2026-03-15 15:01:06] ============================================================
[2026-03-15 15:01:06] 📰 新闻抓取守护进程启动
[2026-03-15 15:01:06] 抓取间隔：3600秒 (1 小时)
[2026-03-15 15:01:06] ============================================================
[2026-03-15 15:01:06] 🚀 开始抓取新闻...
[2026-03-15 15:01:09] ✅ 新闻抓取成功
[2026-03-15 15:10:42] ============================================================
[2026-03-15 15:10:42] 📰 新闻抓取守护进程启动
[2026-03-15 15:10:42] 抓取间隔：3600秒 (1 小时)
[2026-03-15 15:10:42] ============================================================
[2026-03-15 15:10:42] 🚀 开始抓取新闻...
[2026-03-15 15:10:49] ============================================================
[2026-03-15 15:10:49] 📰 新闻抓取守护进程启动
[2026-03-15 15:10:49] 抓取间隔：3600秒 (1 小时)
[2026-03-15 15:10:49] ============================================================
[2026-03-15 15:10:49] 🚀 开始抓取新闻...
[2026-03-15 15:10:52] ✅ 新闻抓取成功
[2026-03-15 15:48:50] ============================================================
[2026-03-15 15:48:50] 📰 新闻抓取守护进程启动
[2026-03-15 15:48:50] 抓取间隔：3600秒 (1 小时)
[2026-03-15 15:48:50] ============================================================
[2026-03-15 15:48:50] 🚀 开始抓取新闻...
[2026-03-15 15:48:59] ============================================================
[2026-03-15 15:48:59] 📰 新闻抓取守护进程启动
[2026-03-15 15:48:59] 抓取间隔：3600秒 (1 小时)
[2026-03-15 15:48:59] ============================================================
[2026-03-15 15:48:59] 🚀 开始抓取新闻...
[2026-03-15 15:49:02] ✅ 新闻抓取成功
[2026-03-15 15:52:09] ============================================================
[2026-03-15 15:52:09] 📰 新闻抓取守护进程启动
[2026-03-15 15:52:09] 抓取间隔：3600秒 (1 小时)
[2026-03-15 15:52:09] ============================================================
[2026-03-15 15:52:09] 🚀 开始抓取新闻...
[2026-03-15 15:52:12] ✅ 新闻抓取成功
[2026-03-15 15:55:47] ============================================================
[2026-03-15 15:55:47] 📰 新闻抓取守护进程启动
[2026-03-15 15:55:47] 抓取间隔：3600秒 (1 小时)
[2026-03-15 15:55:47] ============================================================
[2026-03-15 15:55:47] 🚀 开始抓取新闻...
[2026-03-15 15:55:50] ✅ 新闻抓取成功
[2026-03-15 16:02:24] ============================================================
[2026-03-15 16:02:24] 📰 新闻抓取守护进程启动
[2026-03-15 16:02:24] 抓取间隔：3600秒 (1 小时)
[2026-03-15 16:02:24] ============================================================
[2026-03-15 16:02:24] 🚀 开始抓取新闻...
[2026-03-15 16:02:27] ✅ 新闻抓取成功
[2026-03-15 16:04:40] ============================================================
[2026-03-15 16:04:40] 📰 新闻抓取守护进程启动
[2026-03-15 16:04:40] 抓取间隔：3600秒 (1 小时)
[2026-03-15 16:04:40] ============================================================
[2026-03-15 16:04:40] 🚀 开始抓取新闻...
[2026-03-15 16:04:43] ✅ 新闻抓取成功
[2026-03-15 16:09:35] ============================================================
[2026-03-15 16:09:35] 📰 新闻抓取守护进程启动
[2026-03-15 16:09:35] 抓取间隔：3600秒 (1 小时)
[2026-03-15 16:09:35] ============================================================
[2026-03-15 16:09:35] 🚀 开始抓取新闻...
[2026-03-15 16:09:37] ✅ 新闻抓取成功
[2026-03-15 16:11:53] ============================================================
[2026-03-15 16:11:53] 📰 新闻抓取守护进程启动
[2026-03-15 16:11:53] 抓取间隔：3600秒 (1 小时)
[2026-03-15 16:11:53] ============================================================
[2026-03-15 16:11:53] 🚀 开始抓取新闻...
[2026-03-15 16:11:56] ✅ 新闻抓取成功
[2026-03-15 16:15:40] ============================================================
[2026-03-15 16:15:40] 📰 新闻抓取守护进程启动
[2026-03-15 16:15:40] 抓取间隔：3600秒 (1 小时)
[2026-03-15 16:15:40] ============================================================
[2026-03-15 16:15:40] 🚀 开始抓取新闻...
[2026-03-15 16:15:43] ✅ 新闻抓取成功
[2026-03-15 16:20:35] ============================================================
[2026-03-15 16:20:35] 📰 新闻抓取守护进程启动
[2026-03-15 16:20:35] 抓取间隔：3600秒 (1 小时)
[2026-03-15 16:20:35] ============================================================
[2026-03-15 16:20:35] 🚀 开始抓取新闻...
[2026-03-15 16:20:38] ✅ 新闻抓取成功
[2026-03-15 16:23:54] ============================================================
[2026-03-15 16:23:54] 📰 新闻抓取守护进程启动
[2026-03-15 16:23:54] 抓取间隔：3600秒 (1 小时)
[2026-03-15 16:23:54] ============================================================
[2026-03-15 16:23:54] 🚀 开始抓取新闻...
[2026-03-15 16:23:56] ✅ 新闻抓取成功
[2026-03-15 16:32:51] ============================================================
[2026-03-15 16:32:51] 📰 新闻抓取守护进程启动
[2026-03-15 16:32:51] 抓取间隔：3600秒 (1 小时)
[2026-03-15 16:32:51] ============================================================
[2026-03-15 16:32:51] 🚀 开始抓取新闻...
[2026-03-15 16:32:54] ✅ 新闻抓取成功
[2026-03-15 16:38:33] ============================================================
[2026-03-15 16:38:33] 📰 新闻抓取守护进程启动
[2026-03-15 16:38:33] 抓取间隔：3600秒 (1 小时)
[2026-03-15 16:38:33] ============================================================
[2026-03-15 16:38:33] 🚀 开始抓取新闻...
[2026-03-15 16:38:42] ============================================================
[2026-03-15 16:38:42] 📰 新闻抓取守护进程启动
[2026-03-15 16:38:42] 抓取间隔：3600秒 (1 小时)
[2026-03-15 16:38:42] ============================================================
[2026-03-15 16:38:42] 🚀 开始抓取新闻...
[2026-03-15 16:38:46] ✅ 新闻抓取成功
[2026-03-15 16:45:17] ============================================================
[2026-03-15 16:45:17] 📰 新闻抓取守护进程启动
[2026-03-15 16:45:17] 抓取间隔：3600秒 (1 小时)
[2026-03-15 16:45:17] ============================================================
[2026-03-15 16:45:17] 🚀 开始抓取新闻...
[2026-03-15 16:45:20] ✅ 新闻抓取成功
[2026-03-15 16:56:57] ============================================================
[2026-03-15 16:56:57] 📰 新闻抓取守护进程启动
[2026-03-15 16:56:57] 抓取间隔：3600秒 (1 小时)
[2026-03-15 16:56:57] ============================================================
[2026-03-15 16:56:57] 🚀 开始抓取新闻...
[2026-03-15 16:57:00] ✅ 新闻抓取成功
[2026-03-15 17:31:45] ============================================================
[2026-03-15 17:31:45] 📰 新闻抓取守护进程启动
[2026-03-15 17:31:45] 抓取间隔：3600秒 (1 小时)
[2026-03-15 17:31:45] ============================================================
[2026-03-15 17:31:45] 🚀 开始抓取新闻...
[2026-03-15 17:31:57] ✅ 新闻抓取成功
[2026-03-15 18:25:44] ============================================================
[2026-03-15 18:25:44] 📰 新闻抓取守护进程启动
[2026-03-15 18:25:44] 抓取间隔：3600秒 (1 小时)
[2026-03-15 18:25:44] ============================================================
[2026-03-15 18:25:44] 🚀 开始抓取新闻...
[2026-03-15 18:25:47] ✅ 新闻抓取成功
[2026-03-15 18:27:23] ============================================================
[2026-03-15 18:27:23] 📰 新闻抓取守护进程启动
[2026-03-15 18:27:23] 抓取间隔：3600秒 (1 小时)
[2026-03-15 18:27:23] ============================================================
[2026-03-15 18:27:23] 🚀 开始抓取新闻...
[2026-03-15 18:27:25] ✅ 新闻抓取成功
[2026-03-15 18:30:47] ============================================================
[2026-03-15 18:30:47] 📰 新闻抓取守护进程启动
[2026-03-15 18:30:47] 抓取间隔：3600秒 (1 小时)
[2026-03-15 18:30:47] ============================================================
[2026-03-15 18:30:47] 🚀 开始抓取新闻...
[2026-03-15 18:30:50] ✅ 新闻抓取成功
[2026-03-15 19:02:09] ============================================================
[2026-03-15 19:02:09] 📰 新闻抓取守护进程启动
[2026-03-15 19:02:09] 抓取间隔：3600秒 (1 小时)
[2026-03-15 19:02:09] ============================================================
[2026-03-15 19:02:09] 🚀 开始抓取新闻...
[2026-03-15 19:02:12] ✅ 新闻抓取成功
[2026-03-15 19:08:13] ============================================================
[2026-03-15 19:08:13] 📰 新闻抓取守护进程启动
[2026-03-15 19:08:13] 抓取间隔：3600秒 (1 小时)
[2026-03-15 19:08:13] ============================================================
[2026-03-15 19:08:13] 🚀 开始抓取新闻...
[2026-03-15 19:08:21] ============================================================
[2026-03-15 19:08:21] 📰 新闻抓取守护进程启动
[2026-03-15 19:08:21] 抓取间隔：3600秒 (1 小时)
[2026-03-15 19:08:21] ============================================================
[2026-03-15 19:08:21] 🚀 开始抓取新闻...
[2026-03-15 19:08:23] ✅ 新闻抓取成功
[2026-03-15 19:18:23] ============================================================
[2026-03-15 19:18:23] 📰 新闻抓取守护进程启动
[2026-03-15 19:18:23] 抓取间隔：3600秒 (1 小时)
[2026-03-15 19:18:23] ============================================================
[2026-03-15 19:18:23] 🚀 开始抓取新闻...
[2026-03-15 19:18:26] ✅ 新闻抓取成功
[2026-03-15 20:17:19] ============================================================
[2026-03-15 20:17:19] 📰 新闻抓取守护进程启动
[2026-03-15 20:17:19] 抓取间隔：3600秒 (1 小时)
[2026-03-15 20:17:19] ============================================================
[2026-03-15 20:17:19] 🚀 开始抓取新闻...
[2026-03-15 20:17:27] ============================================================
[2026-03-15 20:17:27] 📰 新闻抓取守护进程启动
[2026-03-15 20:17:27] 抓取间隔：3600秒 (1 小时)
[2026-03-15 20:17:27] ============================================================
[2026-03-15 20:17:27] 🚀 开始抓取新闻...
[2026-03-15 20:17:30] ✅ 新闻抓取成功
[2026-03-15 20:56:55] ============================================================
[2026-03-15 20:56:55] 📰 新闻抓取守护进程启动
[2026-03-15 20:56:55] 抓取间隔：3600秒 (1 小时)
[2026-03-15 20:56:55] ============================================================
[2026-03-15 20:56:55] 🚀 开始抓取新闻...
[2026-03-15 20:56:57] ✅ 新闻抓取成功
[2026-03-15 21:13:50] ============================================================
[2026-03-15 21:13:50] 📰 新闻抓取守护进程启动
[2026-03-15 21:13:50] 抓取间隔：3600秒 (1 小时)
[2026-03-15 21:13:50] ============================================================
[2026-03-15 21:13:50] 🚀 开始抓取新闻...
[2026-03-15 21:13:53] ✅ 新闻抓取成功
[2026-03-15 21:31:15] ============================================================
[2026-03-15 21:31:16] 📰 新闻抓取守护进程启动
[2026-03-15 21:31:16] 抓取间隔：3600秒 (1 小时)
[2026-03-15 21:31:16] ============================================================
[2026-03-15 21:31:16] 🚀 开始抓取新闻...
[2026-03-15 21:31:18] ✅ 新闻抓取成功
[2026-03-15 21:33:51] ============================================================
[2026-03-15 21:33:51] 📰 新闻抓取守护进程启动
[2026-03-15 21:33:51] 抓取间隔：3600秒 (1 小时)
[2026-03-15 21:33:51] ============================================================
[2026-03-15 21:33:51] 🚀 开始抓取新闻...
[2026-03-15 21:33:54] ✅ 新闻抓取成功
[2026-03-15 21:33:57] ============================================================
[2026-03-15 21:33:57] 📰 新闻抓取守护进程启动
[2026-03-15 21:33:57] 抓取间隔：3600秒 (1 小时)
[2026-03-15 21:33:57] ============================================================
[2026-03-15 21:33:57] 🚀 开始抓取新闻...
[2026-03-15 21:33:59] ✅ 新闻抓取成功
[2026-03-15 21:36:37] ============================================================
[2026-03-15 21:36:37] 📰 新闻抓取守护进程启动
[2026-03-15 21:36:37] 抓取间隔：3600秒 (1 小时)
[2026-03-15 21:36:37] ============================================================
[2026-03-15 21:36:37] 🚀 开始抓取新闻...
[2026-03-15 21:36:40] ✅ 新闻抓取成功
[2026-03-15 21:39:49] ============================================================
[2026-03-15 21:39:49] 📰 新闻抓取守护进程启动
[2026-03-15 21:39:49] 抓取间隔：3600秒 (1 小时)
[2026-03-15 21:39:49] ============================================================
[2026-03-15 21:39:49] 🚀 开始抓取新闻...
[2026-03-15 21:39:52] ✅ 新闻抓取成功
[2026-03-15 22:03:26] ============================================================
[2026-03-15 22:03:26] 📰 新闻抓取守护进程启动
[2026-03-15 22:03:26] 抓取间隔：3600秒 (1 小时)
[2026-03-15 22:03:26] ============================================================
[2026-03-15 22:03:26] 🚀 开始抓取新闻...
[2026-03-15 22:03:30] ✅ 新闻抓取成功
[2026-03-15 22:03:32] ============================================================
[2026-03-15 22:03:32] 📰 新闻抓取守护进程启动
[2026-03-15 22:03:32] 抓取间隔：3600秒 (1 小时)
[2026-03-15 22:03:32] ============================================================
[2026-03-15 22:03:32] 🚀 开始抓取新闻...
[2026-03-15 22:03:35] ✅ 新闻抓取成功
[2026-03-15 23:03:30] 🚀 开始抓取新闻...
[2026-03-15 23:03:35] ✅ 新闻抓取成功
[2026-03-15 23:03:35] 🚀 开始抓取新闻...
[2026-03-15 23:03:40] ✅ 新闻抓取成功
[2026-03-15 23:08:40] ============================================================
[2026-03-15 23:08:40] 📰 新闻抓取守护进程启动
[2026-03-15 23:08:40] 抓取间隔：3600秒 (1 小时)
[2026-03-15 23:08:40] ============================================================
[2026-03-15 23:08:40] 🚀 开始抓取新闻...
[2026-03-15 23:08:52] ✅ 新闻抓取成功
[2026-03-15 23:17:49] ============================================================
[2026-03-15 23:17:49] 📰 新闻抓取守护进程启动
[2026-03-15 23:17:49] 抓取间隔：3600秒 (1 小时)
[2026-03-15 23:17:49] ============================================================
[2026-03-15 23:17:49] 🚀 开始抓取新闻...
[2026-03-15 23:18:01] ✅ 新闻抓取成功
[2026-03-15 23:18:42] ============================================================
[2026-03-15 23:18:42] 📰 新闻抓取守护进程启动
[2026-03-15 23:18:42] 抓取间隔：3600秒 (1 小时)
[2026-03-15 23:18:42] ============================================================
[2026-03-15 23:18:42] 🚀 开始抓取新闻...
[2026-03-15 23:18:53] ✅ 新闻抓取成功
[2026-03-15 23:20:04] ============================================================
[2026-03-15 23:20:04] 📰 新闻抓取守护进程启动
[2026-03-15 23:20:04] 抓取间隔：3600秒 (1 小时)
[2026-03-15 23:20:04] ============================================================
[2026-03-15 23:20:04] 🚀 开始抓取新闻...
[2026-03-15 23:20:12] ============================================================
[2026-03-15 23:20:12] 📰 新闻抓取守护进程启动
[2026-03-15 23:20:12] 抓取间隔：3600秒 (1 小时)
[2026-03-15 23:20:12] ============================================================
[2026-03-15 23:20:12] 🚀 开始抓取新闻...
[2026-03-15 23:20:24] ✅ 新闻抓取成功
[2026-03-15 23:31:02] ============================================================
[2026-03-15 23:31:02] 📰 新闻抓取守护进程启动
[2026-03-15 23:31:02] 抓取间隔：3600秒 (1 小时)
[2026-03-15 23:31:02] ============================================================
[2026-03-15 23:31:02] 🚀 开始抓取新闻...
[2026-03-15 23:31:05] ✅ 新闻抓取成功
[2026-03-16 00:24:00] ============================================================
[2026-03-16 00:24:00] 📰 新闻抓取守护进程启动
[2026-03-16 00:24:00] 抓取间隔：3600秒 (1 小时)
[2026-03-16 00:24:00] ============================================================
[2026-03-16 00:24:00] 🚀 开始抓取新闻...
[2026-03-16 00:24:03] ✅ 新闻抓取成功
[2026-03-16 01:21:53] ============================================================
[2026-03-16 01:21:53] 📰 新闻抓取守护进程启动
[2026-03-16 01:21:53] 抓取间隔：3600秒 (1 小时)
[2026-03-16 01:21:53] ============================================================
[2026-03-16 01:21:53] 🚀 开始抓取新闻...
[2026-03-16 01:21:55] ✅ 新闻抓取成功
[2026-03-16 02:21:55] 🚀 开始抓取新闻...
[2026-03-16 02:21:59] ✅ 新闻抓取成功
[2026-03-16 03:21:59] 🚀 开始抓取新闻...
[2026-03-16 03:22:02] ✅ 新闻抓取成功
[2026-03-16 04:22:02] 🚀 开始抓取新闻...
[2026-03-16 04:22:05] ✅ 新闻抓取成功
[2026-03-16 05:22:05] 🚀 开始抓取新闻...
[2026-03-16 05:22:09] ✅ 新闻抓取成功
[2026-03-16 06:22:09] 🚀 开始抓取新闻...
[2026-03-16 06:22:13] ✅ 新闻抓取成功
[2026-03-16 07:22:13] 🚀 开始抓取新闻...
[2026-03-16 07:22:19] ✅ 新闻抓取成功
[2026-03-16 07:30:26] ============================================================
[2026-03-16 07:30:26] 📰 新闻抓取守护进程启动
[2026-03-16 07:30:26] 抓取间隔：3600秒 (1 小时)
[2026-03-16 07:30:26] ============================================================
[2026-03-16 07:30:26] 🚀 开始抓取新闻...
[2026-03-16 07:30:27] ✅ 新闻抓取成功
[2026-03-16 08:30:27] 🚀 开始抓取新闻...
[2026-03-16 08:30:30] ✅ 新闻抓取成功
[2026-03-16 09:30:30] 🚀 开始抓取新闻...
[2026-03-16 09:30:35] ✅ 新闻抓取成功
[2026-03-16 10:30:35] 🚀 开始抓取新闻...
[2026-03-16 10:30:40] ✅ 新闻抓取成功
[2026-03-16 11:30:40] 🚀 开始抓取新闻...
[2026-03-16 11:30:43] ✅ 新闻抓取成功
[2026-03-16 12:30:43] 🚀 开始抓取新闻...
[2026-03-16 12:30:47] ✅ 新闻抓取成功
[2026-03-16 13:30:47] 🚀 开始抓取新闻...
[2026-03-16 13:30:51] ✅ 新闻抓取成功
[2026-03-16 14:30:51] 🚀 开始抓取新闻...
[2026-03-16 14:30:56] ✅ 新闻抓取成功
[2026-03-16 15:30:56] 🚀 开始抓取新闻...
[2026-03-16 15:31:01] ✅ 新闻抓取成功
[2026-03-16 16:31:01] 🚀 开始抓取新闻...
[2026-03-16 16:31:07] ✅ 新闻抓取成功
[2026-03-16 17:31:07] 🚀 开始抓取新闻...
[2026-03-16 17:31:13] ✅ 新闻抓取成功
[2026-03-16 18:31:13] 🚀 开始抓取新闻...
[2026-03-16 18:31:18] ✅ 新闻抓取成功
[2026-03-16 19:31:18] 🚀 开始抓取新闻...
[2026-03-16 19:31:22] ✅ 新闻抓取成功
[2026-03-16 20:31:22] 🚀 开始抓取新闻...
[2026-03-16 20:31:28] ✅ 新闻抓取成功
[2026-03-16 21:31:28] 🚀 开始抓取新闻...
[2026-03-16 21:31:32] ✅ 新闻抓取成功
[2026-03-16 22:31:32] 🚀 开始抓取新闻...
[2026-03-16 22:31:38] ✅ 新闻抓取成功
[2026-03-16 23:31:38] 🚀 开始抓取新闻...
[2026-03-16 23:31:42] ✅ 新闻抓取成功
[2026-03-17 00:31:42] 🚀 开始抓取新闻...
[2026-03-17 00:31:47] ✅ 新闻抓取成功
[2026-03-17 01:31:47] 🚀 开始抓取新闻...
[2026-03-17 01:31:51] ✅ 新闻抓取成功
[2026-03-17 02:31:51] 🚀 开始抓取新闻...
[2026-03-17 02:31:56] ✅ 新闻抓取成功
[2026-03-17 03:31:56] 🚀 开始抓取新闻...
[2026-03-17 03:32:01] ✅ 新闻抓取成功
[2026-03-17 04:32:01] 🚀 开始抓取新闻...
[2026-03-17 04:32:05] ✅ 新闻抓取成功
[2026-03-17 05:32:05] 🚀 开始抓取新闻...
[2026-03-17 05:32:10] ✅ 新闻抓取成功
[2026-03-17 06:32:10] 🚀 开始抓取新闻...
[2026-03-17 06:32:14] ✅ 新闻抓取成功
[2026-03-17 07:32:14] 🚀 开始抓取新闻...
[2026-03-17 07:32:18] ✅ 新闻抓取成功
[2026-03-17 07:36:34] ============================================================
[2026-03-17 07:36:34] 📰 新闻抓取守护进程启动
[2026-03-17 07:36:34] 抓取间隔：3600秒 (1 小时)
[2026-03-17 07:36:34] ============================================================
[2026-03-17 07:36:34] 🚀 开始抓取新闻...
[2026-03-17 07:36:36] ✅ 新闻抓取成功
[2026-03-17 08:39:11] 🚀 开始抓取新闻...
[2026-03-17 08:39:18] ✅ 新闻抓取成功
[2026-03-17 09:39:18] 🚀 开始抓取新闻...
[2026-03-17 09:39:23] ✅ 新闻抓取成功
[2026-03-17 10:39:23] 🚀 开始抓取新闻...
[2026-03-17 10:39:28] ✅ 新闻抓取成功
[2026-03-17 11:39:28] 🚀 开始抓取新闻...
[2026-03-17 11:39:35] ✅ 新闻抓取成功
[2026-03-17 12:39:35] 🚀 开始抓取新闻...
[2026-03-17 12:39:42] ✅ 新闻抓取成功
[2026-03-17 13:39:42] 🚀 开始抓取新闻...
[2026-03-17 13:39:46] ✅ 新闻抓取成功
[2026-03-17 14:39:46] 🚀 开始抓取新闻...
[2026-03-17 14:39:52] ✅ 新闻抓取成功
[2026-03-17 15:39:52] 🚀 开始抓取新闻...
[2026-03-17 15:39:58] ✅ 新闻抓取成功
[2026-03-17 16:39:58] 🚀 开始抓取新闻...
[2026-03-17 16:40:05] ✅ 新闻抓取成功
[2026-03-17 17:40:05] 🚀 开始抓取新闻...
[2026-03-17 17:40:14] ✅ 新闻抓取成功
[2026-03-17 18:40:14] 🚀 开始抓取新闻...
[2026-03-17 18:40:19] ✅ 新闻抓取成功
[2026-03-17 19:40:19] 🚀 开始抓取新闻...
[2026-03-17 19:40:23] ✅ 新闻抓取成功
[2026-03-17 20:40:23] 🚀 开始抓取新闻...
[2026-03-17 20:40:31] ✅ 新闻抓取成功
[2026-03-17 21:40:31] 🚀 开始抓取新闻...
[2026-03-17 21:40:46] ✅ 新闻抓取成功
[2026-03-17 22:40:46] 🚀 开始抓取新闻...
[2026-03-17 22:40:53] ✅ 新闻抓取成功
[2026-03-17 23:40:53] 🚀 开始抓取新闻...
[2026-03-17 23:41:05] ✅ 新闻抓取成功
[2026-03-18 00:41:05] 🚀 开始抓取新闻...
[2026-03-18 00:41:12] ✅ 新闻抓取成功
[2026-03-18 01:41:12] 🚀 开始抓取新闻...
[2026-03-18 01:41:24] ✅ 新闻抓取成功
[2026-03-18 02:41:24] 🚀 开始抓取新闻...
[2026-03-18 02:41:29] ✅ 新闻抓取成功
[2026-03-18 03:41:29] 🚀 开始抓取新闻...
[2026-03-18 03:41:33] ✅ 新闻抓取成功
[2026-03-18 04:41:33] 🚀 开始抓取新闻...
[2026-03-18 04:41:38] ✅ 新闻抓取成功
[2026-03-18 05:41:38] 🚀 开始抓取新闻...
[2026-03-18 05:41:43] ✅ 新闻抓取成功
[2026-03-18 06:41:43] 🚀 开始抓取新闻...
[2026-03-18 06:41:48] ✅ 新闻抓取成功
[2026-03-18 07:41:48] 🚀 开始抓取新闻...
[2026-03-18 07:41:53] ✅ 新闻抓取成功
[2026-03-18 08:41:53] 🚀 开始抓取新闻...
[2026-03-18 08:41:58] ✅ 新闻抓取成功
[2026-03-18 09:41:58] 🚀 开始抓取新闻...
[2026-03-18 09:42:08] ✅ 新闻抓取成功
[2026-03-18 10:42:08] 🚀 开始抓取新闻...
[2026-03-18 10:42:13] ✅ 新闻抓取成功
[2026-03-18 11:42:13] 🚀 开始抓取新闻...
[2026-03-18 11:42:18] ✅ 新闻抓取成功
[2026-03-18 12:42:18] 🚀 开始抓取新闻...
[2026-03-18 12:42:24] ✅ 新闻抓取成功
[2026-03-18 13:42:24] 🚀 开始抓取新闻...
[2026-03-18 13:42:29] ✅ 新闻抓取成功
[2026-03-18 14:42:29] 🚀 开始抓取新闻...
[2026-03-18 14:42:35] ✅ 新闻抓取成功
[2026-03-18 15:42:35] 🚀 开始抓取新闻...
[2026-03-18 15:42:40] ✅ 新闻抓取成功
[2026-03-18 16:42:40] 🚀 开始抓取新闻...
[2026-03-18 16:42:45] ✅ 新闻抓取成功
[2026-03-18 17:42:45] 🚀 开始抓取新闻...
[2026-03-18 17:42:51] ✅ 新闻抓取成功
[2026-03-18 18:42:51] 🚀 开始抓取新闻...
[2026-03-18 18:42:55] ✅ 新闻抓取成功
[2026-03-18 19:42:55] 🚀 开始抓取新闻...
[2026-03-18 19:42:59] ✅ 新闻抓取成功
[2026-03-18 20:42:59] 🚀 开始抓取新闻...
[2026-03-18 20:43:03] ✅ 新闻抓取成功
[2026-03-18 21:43:03] 🚀 开始抓取新闻...
[2026-03-18 21:43:08] ✅ 新闻抓取成功
[2026-03-18 22:43:08] 🚀 开始抓取新闻...
[2026-03-18 22:43:11] ✅ 新闻抓取成功
[2026-03-18 23:43:11] 🚀 开始抓取新闻...
[2026-03-18 23:43:21] ✅ 新闻抓取成功
[2026-03-19 00:43:21] 🚀 开始抓取新闻...
[2026-03-19 00:43:26] ✅ 新闻抓取成功
[2026-03-19 01:43:26] 🚀 开始抓取新闻...
[2026-03-19 01:43:29] ✅ 新闻抓取成功
[2026-03-19 02:43:29] 🚀 开始抓取新闻...
[2026-03-19 02:43:32] ✅ 新闻抓取成功
[2026-03-19 03:43:32] 🚀 开始抓取新闻...
[2026-03-19 03:43:37] ✅ 新闻抓取成功
[2026-03-19 04:43:37] 🚀 开始抓取新闻...
[2026-03-19 04:43:42] ✅ 新闻抓取成功
[2026-03-19 05:43:42] 🚀 开始抓取新闻...
[2026-03-19 05:43:46] ✅ 新闻抓取成功
[2026-03-19 06:43:46] 🚀 开始抓取新闻...
[2026-03-19 06:43:50] ✅ 新闻抓取成功
[2026-03-19 07:43:50] 🚀 开始抓取新闻...
[2026-03-19 07:43:54] ✅ 新闻抓取成功
[2026-03-19 07:54:42] ============================================================
[2026-03-19 07:54:42] 📰 新闻抓取守护进程启动
[2026-03-19 07:54:42] 抓取间隔：3600秒 (1 小时)
[2026-03-19 07:54:42] ============================================================
[2026-03-19 07:54:42] 🚀 开始抓取新闻...
[2026-03-19 07:54:45] ✅ 新闻抓取成功
[2026-03-19 08:54:45] 🚀 开始抓取新闻...
[2026-03-19 08:54:51] ✅ 新闻抓取成功
[2026-03-19 09:54:51] 🚀 开始抓取新闻...
[2026-03-19 09:54:54] ✅ 新闻抓取成功
[2026-03-19 10:54:54] 🚀 开始抓取新闻...
[2026-03-19 10:54:57] ✅ 新闻抓取成功
[2026-03-19 11:54:57] 🚀 开始抓取新闻...
[2026-03-19 11:55:00] ✅ 新闻抓取成功
[2026-03-19 12:15:47] ============================================================
[2026-03-19 12:15:47] 📰 新闻抓取守护进程启动
[2026-03-19 12:15:47] 抓取间隔：3600秒 (1 小时)
[2026-03-19 12:15:47] ============================================================
[2026-03-19 12:15:47] 🚀 开始抓取新闻...
[2026-03-19 12:15:50] ✅ 新闻抓取成功
[2026-03-19 12:19:44] ============================================================
[2026-03-19 12:19:44] 📰 新闻抓取守护进程启动
[2026-03-19 12:19:44] 抓取间隔：3600秒 (1 小时)
[2026-03-19 12:19:44] ============================================================
[2026-03-19 12:19:44] 🚀 开始抓取新闻...
[2026-03-19 12:19:47] ✅ 新闻抓取成功
[2026-03-19 12:30:36] ============================================================
[2026-03-19 12:30:36] 📰 新闻抓取守护进程启动
[2026-03-19 12:30:36] 抓取间隔：3600秒 (1 小时)
[2026-03-19 12:30:36] ============================================================
[2026-03-19 12:30:36] 🚀 开始抓取新闻...
[2026-03-19 12:30:39] ✅ 新闻抓取成功
[2026-03-19 12:34:17] ============================================================
[2026-03-19 12:34:17] 📰 新闻抓取守护进程启动
[2026-03-19 12:34:17] 抓取间隔：3600秒 (1 小时)
[2026-03-19 12:34:17] ============================================================
[2026-03-19 12:34:17] 🚀 开始抓取新闻...
[2026-03-19 12:34:20] ✅ 新闻抓取成功
[2026-03-19 12:36:13] ============================================================
[2026-03-19 12:36:13] 📰 新闻抓取守护进程启动
[2026-03-19 12:36:13] 抓取间隔：3600秒 (1 小时)
[2026-03-19 12:36:13] ============================================================
[2026-03-19 12:36:13] 🚀 开始抓取新闻...
[2026-03-19 12:36:15] ✅ 新闻抓取成功
[2026-03-19 12:37:46] ============================================================
[2026-03-19 12:37:46] 📰 新闻抓取守护进程启动
[2026-03-19 12:37:46] 抓取间隔：3600秒 (1 小时)
[2026-03-19 12:37:46] ============================================================
[2026-03-19 12:37:46] 🚀 开始抓取新闻...
[2026-03-19 12:37:49] ✅ 新闻抓取成功
[2026-03-19 12:42:08] ============================================================
[2026-03-19 12:42:08] 📰 新闻抓取守护进程启动
[2026-03-19 12:42:08] 抓取间隔：3600秒 (1 小时)
[2026-03-19 12:42:08] ============================================================
[2026-03-19 12:42:08] 🚀 开始抓取新闻...
[2026-03-19 12:42:11] ✅ 新闻抓取成功
[2026-03-19 13:42:11] 🚀 开始抓取新闻...
[2026-03-19 13:42:20] ✅ 新闻抓取成功
[2026-03-19 14:42:20] 🚀 开始抓取新闻...
[2026-03-19 14:42:25] ✅ 新闻抓取成功
[2026-03-19 15:42:25] 🚀 开始抓取新闻...
[2026-03-19 15:42:30] ✅ 新闻抓取成功
[2026-03-19 16:42:30] 🚀 开始抓取新闻...
[2026-03-19 16:42:33] ✅ 新闻抓取成功
[2026-03-19 17:42:33] 🚀 开始抓取新闻...
[2026-03-19 17:42:40] ✅ 新闻抓取成功
[2026-03-19 18:42:40] 🚀 开始抓取新闻...
[2026-03-19 18:42:43] ✅ 新闻抓取成功
[2026-03-19 19:42:43] 🚀 开始抓取新闻...
[2026-03-19 19:42:49] ✅ 新闻抓取成功
[2026-03-19 20:42:49] 🚀 开始抓取新闻...
[2026-03-19 20:42:53] ✅ 新闻抓取成功
[2026-03-19 21:42:53] 🚀 开始抓取新闻...
[2026-03-19 21:42:56] ✅ 新闻抓取成功
[2026-03-19 22:42:56] 🚀 开始抓取新闻...
[2026-03-19 22:43:05] ✅ 新闻抓取成功
[2026-03-19 23:43:05] 🚀 开始抓取新闻...
[2026-03-19 23:43:14] ✅ 新闻抓取成功
[2026-03-20 00:43:14] 🚀 开始抓取新闻...
[2026-03-20 00:43:19] ✅ 新闻抓取成功
[2026-03-20 01:43:19] 🚀 开始抓取新闻...
[2026-03-20 01:43:23] ✅ 新闻抓取成功
[2026-03-20 02:43:23] 🚀 开始抓取新闻...
[2026-03-20 02:43:28] ✅ 新闻抓取成功
[2026-03-20 03:43:28] 🚀 开始抓取新闻...
[2026-03-20 03:43:31] ✅ 新闻抓取成功
[2026-03-20 04:43:31] 🚀 开始抓取新闻...
[2026-03-20 04:43:34] ✅ 新闻抓取成功
[2026-03-20 05:43:34] 🚀 开始抓取新闻...
[2026-03-20 05:43:37] ✅ 新闻抓取成功
[2026-03-20 06:43:37] 🚀 开始抓取新闻...
[2026-03-20 06:43:41] ✅ 新闻抓取成功
[2026-03-20 07:43:41] 🚀 开始抓取新闻...
[2026-03-20 07:43:46] ✅ 新闻抓取成功
[2026-03-20 07:50:56] ============================================================
[2026-03-20 07:50:56] 📰 新闻抓取守护进程启动
[2026-03-20 07:50:56] 抓取间隔：3600秒 (1 小时)
[2026-03-20 07:50:56] ============================================================
[2026-03-20 07:50:56] 🚀 开始抓取新闻...
[2026-03-20 07:50:59] ✅ 新闻抓取成功
[2026-03-20 08:50:59] 🚀 开始抓取新闻...
[2026-03-20 08:51:04] ✅ 新闻抓取成功
[2026-03-20 09:51:04] 🚀 开始抓取新闻...
[2026-03-20 09:51:09] ✅ 新闻抓取成功
[2026-03-20 10:51:09] 🚀 开始抓取新闻...
[2026-03-20 10:51:14] ✅ 新闻抓取成功
[2026-03-20 11:51:14] 🚀 开始抓取新闻...
[2026-03-20 11:51:17] ✅ 新闻抓取成功
[2026-03-20 12:51:17] 🚀 开始抓取新闻...
[2026-03-20 12:51:23] ✅ 新闻抓取成功
[2026-03-20 13:51:23] 🚀 开始抓取新闻...
[2026-03-20 13:51:27] ✅ 新闻抓取成功
[2026-03-20 14:51:27] 🚀 开始抓取新闻...
[2026-03-20 14:51:31] ✅ 新闻抓取成功
[2026-03-20 15:51:31] 🚀 开始抓取新闻...
[2026-03-20 15:51:36] ✅ 新闻抓取成功
[2026-03-20 16:51:36] 🚀 开始抓取新闻...
[2026-03-20 16:51:41] ✅ 新闻抓取成功
[2026-03-22 11:07:43] ============================================================
[2026-03-22 11:07:43] 📰 新闻抓取守护进程启动
[2026-03-22 11:07:43] 抓取间隔：3600秒 (1 小时)
[2026-03-22 11:07:43] ============================================================
[2026-03-22 11:07:43] 🚀 开始抓取新闻...
[2026-03-22 11:07:46] ✅ 新闻抓取成功
[2026-03-22 12:07:46] 🚀 开始抓取新闻...
[2026-03-22 12:07:52] ✅ 新闻抓取成功
[2026-03-22 13:07:52] 🚀 开始抓取新闻...
[2026-03-22 13:07:58] ✅ 新闻抓取成功
[2026-03-22 14:07:58] 🚀 开始抓取新闻...
[2026-03-22 14:08:03] ✅ 新闻抓取成功
[2026-03-22 15:08:03] 🚀 开始抓取新闻...
[2026-03-22 15:08:08] ✅ 新闻抓取成功
[2026-03-22 16:08:08] 🚀 开始抓取新闻...
[2026-03-22 16:08:13] ✅ 新闻抓取成功
[2026-03-22 17:08:13] 🚀 开始抓取新闻...
[2026-03-22 17:08:28] ✅ 新闻抓取成功
[2026-03-22 18:08:28] 🚀 开始抓取新闻...
[2026-03-22 18:08:32] ✅ 新闻抓取成功
[2026-03-22 19:08:32] 🚀 开始抓取新闻...
[2026-03-22 19:08:38] ✅ 新闻抓取成功
[2026-03-22 20:08:38] 🚀 开始抓取新闻...
[2026-03-22 20:08:52] ✅ 新闻抓取成功
[2026-03-22 21:08:52] 🚀 开始抓取新闻...
[2026-03-22 21:09:07] ✅ 新闻抓取成功
[2026-03-22 21:50:09] ============================================================
[2026-03-22 21:50:09] 📰 新闻抓取守护进程启动
[2026-03-22 21:50:09] 抓取间隔：3600秒 (1 小时)
[2026-03-22 21:50:09] ============================================================
[2026-03-22 21:50:09] 🚀 开始抓取新闻...
[2026-03-22 21:50:21] ✅ 新闻抓取成功
[2026-03-22 22:10:27] ============================================================
[2026-03-22 22:10:27] 📰 新闻抓取守护进程启动
[2026-03-22 22:10:27] 抓取间隔：3600秒 (1 小时)
[2026-03-22 22:10:27] ============================================================
[2026-03-22 22:10:27] 🚀 开始抓取新闻...
[2026-03-22 22:10:31] ✅ 新闻抓取成功
[2026-03-22 22:32:14] ============================================================
[2026-03-22 22:32:14] 📰 新闻抓取守护进程启动
[2026-03-22 22:32:14] 抓取间隔：3600秒 (1 小时)
[2026-03-22 22:32:14] ============================================================
[2026-03-22 22:32:14] 🚀 开始抓取新闻...
[2026-03-22 22:32:17] ✅ 新闻抓取成功
[2026-03-22 23:32:17] 🚀 开始抓取新闻...
[2026-03-22 23:32:21] ✅ 新闻抓取成功
[2026-03-23 00:32:21] 🚀 开始抓取新闻...
[2026-03-23 00:32:26] ✅ 新闻抓取成功
[2026-03-23 01:32:26] 🚀 开始抓取新闻...
[2026-03-23 01:32:33] ✅ 新闻抓取成功
[2026-03-23 02:32:33] 🚀 开始抓取新闻...
[2026-03-23 02:32:40] ✅ 新闻抓取成功
[2026-03-23 03:32:40] 🚀 开始抓取新闻...
[2026-03-23 03:32:47] ✅ 新闻抓取成功
[2026-03-23 04:32:47] 🚀 开始抓取新闻...
[2026-03-23 04:32:53] ✅ 新闻抓取成功
[2026-03-23 05:32:53] 🚀 开始抓取新闻...
[2026-03-23 05:33:00] ✅ 新闻抓取成功
[2026-03-23 06:33:00] 🚀 开始抓取新闻...
[2026-03-23 06:33:07] ✅ 新闻抓取成功
[2026-03-23 07:33:07] 🚀 开始抓取新闻...
[2026-03-23 07:33:12] ✅ 新闻抓取成功
[2026-03-23 08:33:12] 🚀 开始抓取新闻...
[2026-03-23 08:33:16] ✅ 新闻抓取成功
[2026-03-23 09:33:16] 🚀 开始抓取新闻...
[2026-03-23 09:33:22] ✅ 新闻抓取成功
[2026-03-23 10:33:22] 🚀 开始抓取新闻...
[2026-03-23 10:33:26] ✅ 新闻抓取成功
[2026-03-23 11:33:26] 🚀 开始抓取新闻...
[2026-03-23 11:33:32] ✅ 新闻抓取成功
[2026-03-23 12:33:32] 🚀 开始抓取新闻...
[2026-03-23 12:33:38] ✅ 新闻抓取成功
[2026-03-23 13:33:38] 🚀 开始抓取新闻...
[2026-03-23 13:33:44] ✅ 新闻抓取成功
[2026-03-23 14:33:44] 🚀 开始抓取新闻...
[2026-03-23 14:33:51] ✅ 新闻抓取成功
[2026-03-23 15:33:51] 🚀 开始抓取新闻...
[2026-03-23 15:33:55] ✅ 新闻抓取成功
[2026-03-23 16:33:55] 🚀 开始抓取新闻...
[2026-03-23 16:33:59] ✅ 新闻抓取成功
[2026-03-23 17:33:59] 🚀 开始抓取新闻...
[2026-03-23 17:34:03] ✅ 新闻抓取成功
[2026-03-23 18:34:03] 🚀 开始抓取新闻...
[2026-03-23 18:34:08] ✅ 新闻抓取成功
[2026-03-23 19:34:08] 🚀 开始抓取新闻...
[2026-03-23 19:34:15] ✅ 新闻抓取成功
[2026-03-23 20:34:15] 🚀 开始抓取新闻...
[2026-03-23 20:34:21] ✅ 新闻抓取成功
[2026-03-23 21:34:21] 🚀 开始抓取新闻...
[2026-03-23 21:34:24] ✅ 新闻抓取成功
[2026-03-23 22:34:24] 🚀 开始抓取新闻...
[2026-03-23 22:34:33] ✅ 新闻抓取成功
[2026-03-23 23:34:33] 🚀 开始抓取新闻...
[2026-03-23 23:34:40] ✅ 新闻抓取成功
[2026-03-24 00:34:40] 🚀 开始抓取新闻...
[2026-03-24 00:34:45] ✅ 新闻抓取成功
[2026-03-24 01:34:45] 🚀 开始抓取新闻...
[2026-03-24 01:34:50] ✅ 新闻抓取成功
[2026-03-24 02:34:50] 🚀 开始抓取新闻...
[2026-03-24 02:34:57] ✅ 新闻抓取成功
[2026-03-24 03:34:57] 🚀 开始抓取新闻...
[2026-03-24 03:35:05] ✅ 新闻抓取成功
[2026-03-24 04:35:05] 🚀 开始抓取新闻...
[2026-03-24 04:35:12] ✅ 新闻抓取成功
[2026-03-24 05:35:12] 🚀 开始抓取新闻...
[2026-03-24 05:35:18] ✅ 新闻抓取成功
[2026-03-24 06:35:18] 🚀 开始抓取新闻...
[2026-03-24 06:35:25] ✅ 新闻抓取成功
[2026-03-24 07:35:25] 🚀 开始抓取新闻...
[2026-03-24 07:35:33] ✅ 新闻抓取成功
[2026-03-24 08:35:33] 🚀 开始抓取新闻...
[2026-03-24 08:35:39] ✅ 新闻抓取成功
[2026-03-24 09:35:39] 🚀 开始抓取新闻...
[2026-03-24 09:35:44] ✅ 新闻抓取成功
[2026-03-24 10:35:44] 🚀 开始抓取新闻...
[2026-03-24 10:35:49] ✅ 新闻抓取成功
[2026-03-24 11:35:49] 🚀 开始抓取新闻...
[2026-03-24 11:35:54] ✅ 新闻抓取成功
[2026-03-24 12:35:54] 🚀 开始抓取新闻...
[2026-03-24 12:35:59] ✅ 新闻抓取成功
[2026-03-24 13:35:59] 🚀 开始抓取新闻...
[2026-03-24 13:36:03] ✅ 新闻抓取成功
[2026-03-24 14:36:03] 🚀 开始抓取新闻...
[2026-03-24 14:36:09] ✅ 新闻抓取成功
[2026-03-24 15:36:09] 🚀 开始抓取新闻...
[2026-03-24 15:36:12] ✅ 新闻抓取成功
[2026-03-24 16:36:12] 🚀 开始抓取新闻...
[2026-03-24 16:36:18] ✅ 新闻抓取成功
[2026-03-24 17:36:18] 🚀 开始抓取新闻...
[2026-03-24 17:36:23] ✅ 新闻抓取成功
[2026-03-24 18:36:23] 🚀 开始抓取新闻...
[2026-03-24 18:36:29] ✅ 新闻抓取成功
[2026-03-24 19:36:29] 🚀 开始抓取新闻...
[2026-03-24 19:36:35] ✅ 新闻抓取成功
[2026-03-24 20:36:35] 🚀 开始抓取新闻...
[2026-03-24 20:36:41] ✅ 新闻抓取成功
[2026-03-24 21:36:41] 🚀 开始抓取新闻...
[2026-03-24 21:36:46] ✅ 新闻抓取成功
[2026-03-24 22:36:46] 🚀 开始抓取新闻...
[2026-03-24 22:36:49] ✅ 新闻抓取成功
[2026-03-24 23:36:49] 🚀 开始抓取新闻...
[2026-03-24 23:36:59] ✅ 新闻抓取成功
[2026-03-25 00:36:59] 🚀 开始抓取新闻...
[2026-03-25 00:37:05] ✅ 新闻抓取成功
[2026-03-25 01:37:05] 🚀 开始抓取新闻...
[2026-03-25 01:37:13] ✅ 新闻抓取成功
[2026-03-25 02:37:13] 🚀 开始抓取新闻...
[2026-03-25 02:37:18] ✅ 新闻抓取成功
[2026-03-25 03:37:18] 🚀 开始抓取新闻...
[2026-03-25 03:37:25] ✅ 新闻抓取成功
[2026-03-25 04:37:25] 🚀 开始抓取新闻...
[2026-03-25 04:37:32] ✅ 新闻抓取成功
[2026-03-25 05:37:32] 🚀 开始抓取新闻...
[2026-03-25 05:37:39] ✅ 新闻抓取成功
[2026-03-25 06:37:39] 🚀 开始抓取新闻...
[2026-03-25 06:37:45] ✅ 新闻抓取成功
[2026-03-25 07:37:45] 🚀 开始抓取新闻...
[2026-03-25 07:37:51] ✅ 新闻抓取成功
[2026-03-25 08:37:51] 🚀 开始抓取新闻...
[2026-03-25 08:37:56] ✅ 新闻抓取成功
[2026-03-25 09:37:56] 🚀 开始抓取新闻...
[2026-03-25 09:38:02] ✅ 新闻抓取成功
[2026-03-25 10:38:02] 🚀 开始抓取新闻...
[2026-03-25 10:38:08] ✅ 新闻抓取成功
[2026-03-25 11:10:48] ============================================================
[2026-03-25 11:10:48] 📰 新闻抓取守护进程启动
[2026-03-25 11:10:48] 抓取间隔：3600秒 (1 小时)
[2026-03-25 11:10:48] ============================================================
[2026-03-25 11:10:48] 🚀 开始抓取新闻...
[2026-03-25 11:10:51] ✅ 新闻抓取成功
[2026-03-25 12:10:51] 🚀 开始抓取新闻...
[2026-03-25 12:10:59] ✅ 新闻抓取成功
[2026-03-25 13:10:59] 🚀 开始抓取新闻...
[2026-03-25 13:11:05] ✅ 新闻抓取成功
[2026-03-25 14:11:05] 🚀 开始抓取新闻...
[2026-03-25 14:11:12] ✅ 新闻抓取成功
[2026-03-25 15:11:12] 🚀 开始抓取新闻...
[2026-03-25 15:11:20] ✅ 新闻抓取成功
[2026-03-25 16:11:20] 🚀 开始抓取新闻...
[2026-03-25 16:11:29] ✅ 新闻抓取成功
[2026-03-25 17:11:29] 🚀 开始抓取新闻...
[2026-03-25 17:11:35] ✅ 新闻抓取成功
[2026-03-25 18:11:35] 🚀 开始抓取新闻...
[2026-03-25 18:11:41] ✅ 新闻抓取成功
[2026-03-25 19:11:41] 🚀 开始抓取新闻...
[2026-03-25 19:11:47] ✅ 新闻抓取成功
[2026-03-25 20:11:47] 🚀 开始抓取新闻...
[2026-03-25 20:11:51] ✅ 新闻抓取成功
[2026-03-25 21:11:51] 🚀 开始抓取新闻...
[2026-03-25 21:11:58] ✅ 新闻抓取成功
[2026-03-25 22:11:58] 🚀 开始抓取新闻...
[2026-03-25 22:12:08] ✅ 新闻抓取成功
[2026-03-25 23:12:08] 🚀 开始抓取新闻...
[2026-03-25 23:12:17] ✅ 新闻抓取成功
[2026-03-26 00:12:17] 🚀 开始抓取新闻...
[2026-03-26 00:12:28] ✅ 新闻抓取成功
[2026-03-26 01:12:28] 🚀 开始抓取新闻...
[2026-03-26 01:12:35] ✅ 新闻抓取成功
[2026-03-26 02:12:35] 🚀 开始抓取新闻...
[2026-03-26 02:12:43] ✅ 新闻抓取成功
[2026-03-26 03:12:43] 🚀 开始抓取新闻...
[2026-03-26 03:12:52] ✅ 新闻抓取成功
[2026-03-26 04:12:52] 🚀 开始抓取新闻...
[2026-03-26 04:13:01] ✅ 新闻抓取成功
[2026-03-26 05:13:01] 🚀 开始抓取新闻...
[2026-03-26 05:13:09] ✅ 新闻抓取成功
[2026-03-26 06:13:09] 🚀 开始抓取新闻...
[2026-03-26 06:13:17] ✅ 新闻抓取成功
[2026-03-26 07:13:17] 🚀 开始抓取新闻...
[2026-03-26 07:13:26] ✅ 新闻抓取成功
[2026-03-26 08:13:26] 🚀 开始抓取新闻...
[2026-03-26 08:13:32] ✅ 新闻抓取成功
[2026-03-26 09:13:32] 🚀 开始抓取新闻...
[2026-03-26 09:13:37] ✅ 新闻抓取成功
[2026-03-26 10:13:37] 🚀 开始抓取新闻...
[2026-03-26 10:13:43] ✅ 新闻抓取成功
[2026-03-26 11:13:43] 🚀 开始抓取新闻...
[2026-03-26 11:13:52] ✅ 新闻抓取成功
[2026-03-26 12:13:52] 🚀 开始抓取新闻...
[2026-03-26 12:13:58] ✅ 新闻抓取成功
[2026-03-26 13:13:58] 🚀 开始抓取新闻...
[2026-03-26 13:14:04] ✅ 新闻抓取成功
[2026-03-26 14:14:04] 🚀 开始抓取新闻...
[2026-03-26 14:14:11] ✅ 新闻抓取成功
[2026-03-26 15:14:11] 🚀 开始抓取新闻...
[2026-03-26 15:14:19] ✅ 新闻抓取成功
[2026-03-26 16:14:19] 🚀 开始抓取新闻...
[2026-03-26 16:14:24] ✅ 新闻抓取成功
[2026-03-26 17:14:24] 🚀 开始抓取新闻...
[2026-03-26 17:14:30] ✅ 新闻抓取成功
[2026-03-26 18:14:30] 🚀 开始抓取新闻...
[2026-03-26 18:14:39] ✅ 新闻抓取成功
[2026-03-26 19:14:39] 🚀 开始抓取新闻...
[2026-03-26 19:14:47] ✅ 新闻抓取成功
[2026-03-26 20:14:47] 🚀 开始抓取新闻...
[2026-03-26 20:14:53] ✅ 新闻抓取成功
[2026-03-26 21:14:53] 🚀 开始抓取新闻...
[2026-03-26 21:15:00] ✅ 新闻抓取成功
[2026-03-26 22:15:00] 🚀 开始抓取新闻...
[2026-03-26 22:15:11] ✅ 新闻抓取成功
[2026-03-26 23:15:11] 🚀 开始抓取新闻...
[2026-03-26 23:15:18] ✅ 新闻抓取成功
[2026-03-27 00:15:18] 🚀 开始抓取新闻...
[2026-03-27 00:15:26] ✅ 新闻抓取成功
[2026-03-27 01:15:26] 🚀 开始抓取新闻...
[2026-03-27 01:15:40] ✅ 新闻抓取成功
[2026-03-27 02:15:40] 🚀 开始抓取新闻...
[2026-03-27 02:15:47] ✅ 新闻抓取成功
[2026-03-27 03:15:47] 🚀 开始抓取新闻...
[2026-03-27 03:15:56] ✅ 新闻抓取成功
[2026-03-27 04:15:56] 🚀 开始抓取新闻...
[2026-03-27 04:16:05] ✅ 新闻抓取成功
[2026-03-27 05:16:05] 🚀 开始抓取新闻...
[2026-03-27 05:16:14] ✅ 新闻抓取成功
[2026-03-27 06:16:14] 🚀 开始抓取新闻...
[2026-03-27 06:16:23] ✅ 新闻抓取成功
[2026-03-27 07:16:23] 🚀 开始抓取新闻...
[2026-03-27 07:16:31] ✅ 新闻抓取成功
[2026-03-27 08:16:31] 🚀 开始抓取新闻...
[2026-03-27 08:16:39] ✅ 新闻抓取成功
[2026-03-27 09:16:39] 🚀 开始抓取新闻...
[2026-03-27 09:16:44] ✅ 新闻抓取成功
[2026-03-27 10:16:44] 🚀 开始抓取新闻...
[2026-03-27 10:16:53] ✅ 新闻抓取成功
[2026-03-27 11:16:53] 🚀 开始抓取新闻...
[2026-03-27 11:16:56] ✅ 新闻抓取成功
[2026-03-27 12:16:56] 🚀 开始抓取新闻...
[2026-03-27 12:17:02] ✅ 新闻抓取成功
[2026-03-27 13:17:02] 🚀 开始抓取新闻...
[2026-03-27 13:17:05] ✅ 新闻抓取成功
[2026-03-27 14:17:05] 🚀 开始抓取新闻...
[2026-03-27 14:17:09] ✅ 新闻抓取成功
[2026-03-28 16:59:40] ============================================================
[2026-03-28 16:59:40] 📰 新闻抓取守护进程启动
[2026-03-28 16:59:40] 抓取间隔：3600秒 (1 小时)
[2026-03-28 16:59:40] ============================================================
[2026-03-28 16:59:40] 🚀 开始抓取新闻...
[2026-03-28 16:59:47] ✅ 新闻抓取成功
[2026-03-28 17:59:47] 🚀 开始抓取新闻...
[2026-03-28 17:59:50] ✅ 新闻抓取成功
[2026-03-28 18:59:50] 🚀 开始抓取新闻...
[2026-03-28 18:59:57] ✅ 新闻抓取成功
[2026-03-28 19:59:57] 🚀 开始抓取新闻...
[2026-03-28 20:00:03] ✅ 新闻抓取成功
[2026-03-30 16:28:45] ============================================================
[2026-03-30 16:28:45] 📰 新闻抓取守护进程启动
[2026-03-30 16:28:45] 抓取间隔：3600秒 (1 小时)
[2026-03-30 16:28:45] ============================================================
[2026-03-30 16:28:45] 🚀 开始抓取新闻...
[2026-03-30 16:28:50] ✅ 新闻抓取成功
[2026-03-30 16:29:32] ============================================================
[2026-03-30 16:29:32] 📰 新闻抓取守护进程启动
[2026-03-30 16:29:32] 抓取间隔：3600秒 (1 小时)
[2026-03-30 16:29:32] ============================================================
[2026-03-30 16:29:32] 🚀 开始抓取新闻...
[2026-03-30 16:29:38] ✅ 新闻抓取成功
[2026-03-30 17:28:50] 🚀 开始抓取新闻...
[2026-03-30 17:28:59] ✅ 新闻抓取成功
[2026-03-30 18:28:59] 🚀 开始抓取新闻...
[2026-03-30 18:29:06] ✅ 新闻抓取成功
[2026-03-30 19:29:06] 🚀 开始抓取新闻...
[2026-03-30 19:29:10] ✅ 新闻抓取成功
[2026-03-30 20:29:10] 🚀 开始抓取新闻...
[2026-03-30 20:29:17] ✅ 新闻抓取成功
[2026-03-30 21:29:17] 🚀 开始抓取新闻...
[2026-03-30 21:29:27] ✅ 新闻抓取成功
[2026-03-30 22:29:27] 🚀 开始抓取新闻...
[2026-03-30 22:29:39] ✅ 新闻抓取成功
[2026-03-30 23:29:39] 🚀 开始抓取新闻...
[2026-03-30 23:29:48] ✅ 新闻抓取成功
[2026-03-31 00:29:48] 🚀 开始抓取新闻...
[2026-03-31 00:29:55] ✅ 新闻抓取成功
[2026-03-31 01:29:55] 🚀 开始抓取新闻...
[2026-03-31 01:30:01] ✅ 新闻抓取成功
[2026-03-31 02:30:01] 🚀 开始抓取新闻...
[2026-03-31 02:30:13] ✅ 新闻抓取成功
[2026-03-31 03:30:13] 🚀 开始抓取新闻...
[2026-03-31 03:30:23] ✅ 新闻抓取成功
[2026-03-31 04:30:23] 🚀 开始抓取新闻...
[2026-03-31 04:30:34] ✅ 新闻抓取成功
[2026-03-31 05:30:34] 🚀 开始抓取新闻...
[2026-03-31 05:30:44] ✅ 新闻抓取成功
[2026-03-31 06:30:44] 🚀 开始抓取新闻...
[2026-03-31 06:30:54] ✅ 新闻抓取成功
[2026-03-31 07:30:54] 🚀 开始抓取新闻...
[2026-03-31 07:31:04] ✅ 新闻抓取成功
[2026-03-31 18:04:54] ============================================================
[2026-03-31 18:04:54] 📰 新闻抓取守护进程启动
[2026-03-31 18:04:54] 抓取间隔：3600秒 (1 小时)
[2026-03-31 18:04:54] ============================================================
[2026-03-31 18:04:54] 🚀 开始抓取新闻...
[2026-03-31 18:05:01] ✅ 新闻抓取成功
[2026-03-31 19:05:01] 🚀 开始抓取新闻...
[2026-03-31 19:05:16] ✅ 新闻抓取成功
[2026-04-01 17:40:49] ============================================================
[2026-04-01 17:40:49] 📰 新闻抓取守护进程启动
[2026-04-01 17:40:49] 抓取间隔：3600秒 (1 小时)
[2026-04-01 17:40:49] ============================================================
[2026-04-01 17:40:49] 🚀 开始抓取新闻...
[2026-04-01 17:40:52] ✅ 新闻抓取成功
[2026-04-01 18:40:52] 🚀 开始抓取新闻...
[2026-04-01 18:40:55] ✅ 新闻抓取成功
[2026-04-01 19:40:55] 🚀 开始抓取新闻...
[2026-04-01 19:41:01] ✅ 新闻抓取成功
[2026-04-12 21:47:27] ============================================================
[2026-04-12 21:47:27] 📰 新闻抓取守护进程启动
[2026-04-12 21:47:27] 抓取间隔：3600秒 (1 小时)
[2026-04-12 21:47:27] ============================================================
[2026-04-12 21:47:27] 🚀 开始抓取新闻...
[2026-04-12 21:47:32] ✅ 新闻抓取成功
[2026-04-12 22:47:32] 🚀 开始抓取新闻...
[2026-04-12 22:47:34] ✅ 新闻抓取成功
[2026-04-12 23:50:14] 🚀 开始抓取新闻...
[2026-04-12 23:50:21] ✅ 新闻抓取成功
[2026-04-13 11:08:48] ============================================================
[2026-04-13 11:08:48] 📰 新闻抓取守护进程启动
[2026-04-13 11:08:48] 抓取间隔：3600秒 (1 小时)
[2026-04-13 11:08:48] ============================================================
[2026-04-13 11:08:48] 🚀 开始抓取新闻...
[2026-04-13 11:08:51] ✅ 新闻抓取成功
[2026-04-13 13:41:57] ============================================================
[2026-04-13 13:41:57] 📰 新闻抓取守护进程启动
[2026-04-13 13:41:57] 抓取间隔：3600秒 (1 小时)
[2026-04-13 13:41:57] ============================================================
[2026-04-13 13:41:57] 🚀 开始抓取新闻...
[2026-04-13 13:42:00] ✅ 新闻抓取成功
[2026-04-13 16:59:13] ============================================================
[2026-04-13 16:59:13] 📰 新闻抓取守护进程启动
[2026-04-13 16:59:13] 抓取间隔：3600秒 (1 小时)
[2026-04-13 16:59:13] ============================================================
[2026-04-13 16:59:13] 🚀 开始抓取新闻...
[2026-04-13 16:59:16] ✅ 新闻抓取成功
[2026-04-13 18:12:05] 🚀 开始抓取新闻...
[2026-04-13 18:12:10] ✅ 新闻抓取成功
[2026-04-13 19:17:22] 🚀 开始抓取新闻...
[2026-04-13 19:17:26] ✅ 新闻抓取成功
[2026-04-13 20:21:05] 🚀 开始抓取新闻...
[2026-04-13 20:21:09] ✅ 新闻抓取成功
[2026-04-13 21:25:09] 🚀 开始抓取新闻...
[2026-04-13 21:25:14] ✅ 新闻抓取成功
[2026-04-13 22:25:14] 🚀 开始抓取新闻...
[2026-04-13 22:25:19] ✅ 新闻抓取成功
[2026-04-13 23:25:19] 🚀 开始抓取新闻...
[2026-04-13 23:25:23] ✅ 新闻抓取成功
[2026-04-14 00:25:23] 🚀 开始抓取新闻...
[2026-04-14 00:25:29] ✅ 新闻抓取成功
[2026-04-14 01:25:29] 🚀 开始抓取新闻...
[2026-04-14 01:25:39] ✅ 新闻抓取成功
[2026-04-14 02:25:39] 🚀 开始抓取新闻...
[2026-04-14 02:25:49] ✅ 新闻抓取成功
[2026-04-14 03:25:49] 🚀 开始抓取新闻...
[2026-04-14 03:25:59] ✅ 新闻抓取成功
[2026-04-14 04:25:59] 🚀 开始抓取新闻...
[2026-04-14 04:26:10] ✅ 新闻抓取成功
[2026-04-14 05:26:10] 🚀 开始抓取新闻...
[2026-04-14 05:26:20] ✅ 新闻抓取成功
[2026-04-14 06:26:20] 🚀 开始抓取新闻...
[2026-04-14 06:26:29] ✅ 新闻抓取成功
[2026-04-14 07:26:29] 🚀 开始抓取新闻...
[2026-04-14 07:26:35] ✅ 新闻抓取成功
[2026-04-14 09:27:53] ============================================================
[2026-04-14 09:27:53] 📰 新闻抓取守护进程启动
[2026-04-14 09:27:53] 抓取间隔：3600秒 (1 小时)
[2026-04-14 09:27:53] ============================================================
[2026-04-14 09:27:53] 🚀 开始抓取新闻...
[2026-04-14 09:27:56] ✅ 新闻抓取成功
[2026-04-14 10:29:14] 🚀 开始抓取新闻...
[2026-04-14 10:29:19] ✅ 新闻抓取成功
[2026-04-14 11:33:25] 🚀 开始抓取新闻...
[2026-04-14 11:33:30] ✅ 新闻抓取成功
[2026-04-14 12:33:34] 🚀 开始抓取新闻...
[2026-04-14 12:33:39] ✅ 新闻抓取成功
[2026-04-14 13:33:39] 🚀 开始抓取新闻...
[2026-04-14 13:33:45] ✅ 新闻抓取成功
[2026-04-14 14:33:45] 🚀 开始抓取新闻...
[2026-04-14 14:33:48] ✅ 新闻抓取成功
[2026-04-14 15:33:48] 🚀 开始抓取新闻...
[2026-04-14 15:33:51] ✅ 新闻抓取成功
[2026-04-18 09:41:42] ============================================================
[2026-04-18 09:41:42] 📰 新闻抓取守护进程启动
[2026-04-18 09:41:42] 抓取间隔：3600秒 (1 小时)
[2026-04-18 09:41:42] ============================================================
[2026-04-18 09:41:42] 🚀 开始抓取新闻...
[2026-04-18 09:41:49] ✅ 新闻抓取成功
