[2026-05-26 00:01:11] 
==================================================
📊 整点汇报 2026-05-26 00:00
恐惧贪婪指数: 30 (恐惧)
今日PnL: +0.00 USDT (+0.0%)
持仓数: 4/4
  🟢 SOL LONG @85.4400 现价:86.2100 PnL:+1.80U (+0.90%)
  🟢 ETH LONG @2105.6723 现价:2127.1000 PnL:+2.04U (+1.02%)
  🟢 XRP LONG @1.3615 现价:1.3586 PnL:-0.43U (-0.21%)
  🟢 LINK LONG @9.6290 现价:9.6000 PnL:-0.60U (-0.30%)
  BTC: 77578.7000 (+1.59%)
  ETH: 2127.1000 (+1.52%)
  SOL: 86.2100 (+1.08%)
  BNB: 668.1000 (+1.80%)
  DOT: 1.2820 (+1.75%)
  LINK: 9.6000 (+1.83%)
  XRP: 1.3586 (+0.79%)
==================================================
[2026-05-26 01:02:49] 
==================================================
📊 整点汇报 2026-05-26 01:01
恐惧贪婪指数: 50 (中性)
今日PnL: +0.00 USDT (+0.0%)
持仓数: 0/4
  BTC: 77541.4000 (+1.31%)
  ETH: 2126.7200 (+1.21%)
  SOL: 85.9600 (+0.56%)
  BNB: 667.2700 (+1.61%)
  DOT: 1.2790 (+1.35%)
  LINK: 9.5850 (+1.43%)
  XRP: 1.3582 (+0.69%)
==================================================
[2026-05-26 02:01:32] 
==================================================
📊 整点汇报 2026-05-26 02:00
恐惧贪婪指数: 50 (中性)
今日PnL: +0.00 USDT (+0.0%)
持仓数: 0/4
  BTC: 77541.4000 (+1.31%)
  ETH: 2126.7200 (+1.21%)
  SOL: 85.9600 (+0.56%)
  BNB: 667.2700 (+1.61%)
  DOT: 1.2790 (+1.35%)
  LINK: 9.5850 (+1.43%)
  XRP: 1.3582 (+0.69%)
==================================================
[2026-05-26 03:04:06] 
==================================================
📊 整点汇报 2026-05-26 03:02
恐惧贪婪指数: 50 (中性)
今日PnL: +0.00 USDT (+0.0%)
持仓数: 0/4
  BTC: 77541.4000 (+1.31%)
  ETH: 2126.7200 (+1.21%)
  SOL: 85.9600 (+0.56%)
  BNB: 667.2700 (+1.61%)
  DOT: 1.2790 (+1.35%)
  LINK: 9.5850 (+1.43%)
  XRP: 1.3582 (+0.69%)
==================================================
[2026-05-26 04:02:41] 
==================================================
📊 整点汇报 2026-05-26 04:01
恐惧贪婪指数: 50 (中性)
今日PnL: +0.00 USDT (+0.0%)
持仓数: 0/4
  BTC: 77541.4000 (+1.31%)
  ETH: 2126.7200 (+1.21%)
  SOL: 85.9600 (+0.56%)
  BNB: 667.2700 (+1.61%)
  DOT: 1.2790 (+1.35%)
  LINK: 9.5850 (+1.43%)
  XRP: 1.3582 (+0.69%)
==================================================
[2026-05-26 05:01:25] 
==================================================
📊 整点汇报 2026-05-26 05:00
恐惧贪婪指数: 50 (中性)
今日PnL: +0.00 USDT (+0.0%)
持仓数: 0/4
  BTC: 77541.4000 (+1.31%)
  ETH: 2126.7200 (+1.21%)
  SOL: 85.9600 (+0.56%)
  BNB: 667.2700 (+1.61%)
  DOT: 1.2790 (+1.35%)
  LINK: 9.5850 (+1.43%)
  XRP: 1.3582 (+0.69%)
==================================================
[2026-05-26 06:04:28] 
==================================================
📊 整点汇报 2026-05-26 06:03
恐惧贪婪指数: 50 (中性)
今日PnL: +0.00 USDT (+0.0%)
持仓数: 0/4
  BTC: 77541.4000 (+1.31%)
  ETH: 2126.7200 (+1.21%)
  SOL: 85.9600 (+0.56%)
  BNB: 667.2700 (+1.61%)
  DOT: 1.2790 (+1.35%)
  LINK: 9.5850 (+1.43%)
  XRP: 1.3582 (+0.69%)
==================================================
[2026-05-26 07:02:37] 
==================================================
📊 整点汇报 2026-05-26 07:01
恐惧贪婪指数: 50 (中性)
今日PnL: +0.00 USDT (+0.0%)
持仓数: 0/4
  BTC: 77541.4000 (+1.31%)
  ETH: 2126.7200 (+1.21%)
  SOL: 85.9600 (+0.56%)
  BNB: 667.2700 (+1.61%)
  DOT: 1.2790 (+1.35%)
  LINK: 9.5850 (+1.43%)
  XRP: 1.3582 (+0.69%)
==================================================
[2026-05-26 07:13:59] 🟢 开多 BNB @667.27 | 评分:80 | 状态:ranging | AI:震荡(0.6%) | ❌ 下单失败：Binance 拒单：code=-1007 msg=Timeout waiting for response from backend server. Send status unknown; execution status unknown.
[2026-05-26 07:20:42] 🟢 开多 BNB @667.27 | 评分:65 | 状态:ranging | AI:震荡(0.6%) | ❌ 下单失败：Binance 拒单：code=-1007 msg=Timeout waiting for response from backend server. Send status unknown; execution status unknown.
[2026-05-26 07:25:49] 🔴 开空 BTC @77300.3 | 评分:80 | 状态:ranging | AI:震荡(0.6%) | ❌ 下单失败：Binance 拒单：code=-1007 msg=Timeout waiting for response from backend server. Send status unknown; execution status unknown.
[2026-05-26 07:32:17] 🔴 开空 BTC @77300.3 | 评分:80 | 状态:ranging | AI:震荡(0%) | ❌ 下单失败：Binance 拒单：code=-1007 msg=Timeout waiting for response from backend server. Send status unknown; execution status unknown.
[2026-05-26 07:40:31] 🔴 开空 BTC @77300.3 | 评分:80 | 状态:ranging | AI:震荡(0%) | ❌ 下单失败：Binance 拒单：code=-1007 msg=Timeout waiting for response from backend server. Send status unknown; execution status unknown.
[2026-05-26 07:47:10] 🔴 开空 BTC @77300.3 | 评分:80 | 状态:ranging | AI:做多(65%) | ❌ 下单失败：Binance 拒单：code=-1007 msg=Timeout waiting for response from backend server. Send status unknown; execution status unknown.
[2026-05-26 08:00:26] 
==================================================
📊 整点汇报 2026-05-26 08:00
恐惧贪婪指数: 30 (恐惧)
今日PnL: -1.97 USDT (-2.0%)
持仓数: 3/4
  🟢 SOL LONG @85.4400 现价:0.0000 PnL:+0.00U (-100.00%)
  🟢 ETH LONG @2105.6723 现价:0.0000 PnL:+0.00U (-100.00%)
  🟢 XRP LONG @1.3615 现价:0.0000 PnL:+0.00U (-100.00%)
==================================================
[2026-05-26 08:11:17] 🔴 开空 BTC @77300.3 | 评分:80 | 状态:ranging | AI:震荡(65%) | ❌ 下单失败：Binance 拒单：code=-1007 msg=Timeout waiting for response from backend server. Send status unknown; execution status unknown.
[2026-05-26 08:17:17] 🔴 开空 BTC @77300.3 | 评分:80 | 状态:ranging | AI:做空(85%) | ❌ 下单失败：Binance 拒单：code=-1007 msg=Timeout waiting for response from backend server. Send status unknown; execution status unknown.
[2026-05-26 08:23:27] 🔴 开空 BTC @77300.3 | 评分:80 | 状态:ranging | AI:做空(85%) | ❌ 下单失败：Binance 拒单：code=-1007 msg=Timeout waiting for response from backend server. Send status unknown; execution status unknown.
[2026-05-26 08:29:20] 🔴 开空 BTC @77300.3 | 评分:80 | 状态:ranging | AI:做空(85%) | ❌ 下单失败：Binance 拒单：code=-1007 msg=Timeout waiting for response from backend server. Send status unknown; execution status unknown.
[2026-05-26 08:37:18] 🔴 开空 BTC @77300.3 | 评分:80 | 状态:ranging | AI:震荡(0%) | ❌ 下单失败：Binance 拒单：code=-1007 msg=Timeout waiting for response from backend server. Send status unknown; execution status unknown.
[2026-05-26 08:47:16] 🔴 开空 BTC @77300.3 | 评分:80 | 状态:ranging | AI:震荡(0%) | ❌ 下单失败：Binance 拒单：code=-1007 msg=Timeout waiting for response from backend server. Send status unknown; execution status unknown.
[2026-05-26 08:55:01] 🔴 开空 BTC @77300.3 | 评分:80 | 状态:ranging | AI:震荡(0%) | ❌ 下单失败：Binance 拒单：code=-1007 msg=Timeout waiting for response from backend server. Send status unknown; execution status unknown.
[2026-05-26 09:01:30] 🔴 开空 BTC @77300.3 | 评分:80 | 状态:ranging | AI:震荡(0%) | ❌ 下单失败：Binance 拒单：code=-1007 msg=Timeout waiting for response from backend server. Send status unknown; execution status unknown.
[2026-05-26 09:01:37] 
==================================================
📊 整点汇报 2026-05-26 09:01
恐惧贪婪指数: 34 (恐惧)
今日PnL: -1.97 USDT (-2.0%)
持仓数: 3/4
  🟢 SOL LONG @85.4400 现价:85.3600 PnL:-0.19U (-0.09%)
  🟢 ETH LONG @2105.6723 现价:2109.8500 PnL:+0.40U (+0.20%)
  🟢 XRP LONG @1.3615 现价:1.3546 PnL:-1.01U (-0.51%)
  BTC: 77300.3000 (+1.24%)
  ETH: 2109.8500 (+1.92%)
  SOL: 85.3600 (+1.58%)
  BNB: 662.2500 (+0.00%)
  DOT: 1.2750 (+3.32%)
  LINK: 9.5120 (+2.36%)
  XRP: 1.3546 (+1.31%)
==================================================
[2026-05-26 09:05:31] ❌ 平仓 SOL SL | 入场:85.4400 出场:84.1800 | PnL:-1.47% (-2.95USDT) | 平100%仓 | ✅ 平仓成功
[2026-05-26 09:06:16] ❌ 平仓 XRP SL | 入场:1.3615 出场:1.3437 | PnL:-1.31% (-2.61USDT) | 平100%仓 | ❌ 平仓失败
[2026-05-26 09:07:57] 🔴 开空 SOL @84.15 | 评分:80 | 状态:trending | AI:震荡(0%) | ✅ 下单成功
[2026-05-26 09:11:38] 🔴 开空 LINK @9.408 | 评分:80 | 状态:trending | AI:震荡(0%) | ✅ 下单成功
[2026-05-26 09:35:10] ❌ 平仓 BNB SL | 入场:662.2500 出场:656.6300 | PnL:-0.85% (-1.70USDT) | 平100%仓 | ✅ 平仓成功
[2026-05-26 09:36:11] 🔴 开空 BNB @656.63 | 评分:80 | 状态:trending | AI:震荡(0%) | ✅ 下单成功
[2026-05-26 10:00:52] 
==================================================
📊 整点汇报 2026-05-26 10:00
恐惧贪婪指数: 50 (中性)
今日PnL: -6.17 USDT (-6.2%)
持仓数: 4/4
  🔴 SOL SHORT @84.1525 现价:84.1200 PnL:+0.08U (+0.04%)
  🟢 ETH LONG @2105.6723 现价:2094.2000 PnL:-1.09U (-0.54%)
  🔴 LINK SHORT @9.4140 现价:9.4040 PnL:+0.21U (+0.11%)
  🔴 BNB SHORT @656.6300 现价:658.1800 PnL:-0.46U (-0.24%)
  BTC: 76747.7000 (-0.42%)
  ETH: 2094.2000 (+0.00%)
  SOL: 84.1200 (-1.07%)
  BNB: 658.1800 (+0.15%)
  DOT: 1.2400 (-0.24%)
  LINK: 9.4040 (+0.00%)
  XRP: 1.3395 (-0.70%)
==================================================
[2026-05-26 10:29:15] ❌ 平仓 ETH SL | 入场:2105.6723 出场:2088.8000 | PnL:-0.80% (-1.60USDT) | 平100%仓 | ✅ 平仓成功
[2026-05-26 10:39:02] 🔴 开空 XRP @1.3379 | 评分:65 | 状态:ranging | AI:震荡(0%) | ✅ 下单成功
[2026-05-26 11:01:23] 
==================================================
📊 整点汇报 2026-05-26 11:00
恐惧贪婪指数: 34 (恐惧)
今日PnL: -7.84 USDT (-7.8%)
持仓数: 4/4
  🔴 SOL SHORT @84.1525 现价:83.9300 PnL:+0.53U (+0.26%)
  🔴 LINK SHORT @9.4140 现价:9.3750 PnL:+0.83U (+0.41%)
  🔴 BNB SHORT @656.6300 现价:659.3800 PnL:-0.82U (-0.42%)
  🔴 XRP SHORT @1.3379 现价:1.3363 PnL:+0.24U (+0.12%)
  BTC: 76651.8000 (-0.58%)
  ETH: 2087.1400 (-0.46%)
  SOL: 83.9300 (-1.25%)
  BNB: 659.3800 (+0.30%)
  DOT: 1.2390 (+0.00%)
  LINK: 9.3750 (-0.23%)
  XRP: 1.3363 (-0.75%)
==================================================
[2026-05-26 12:01:22] 
==================================================
📊 整点汇报 2026-05-26 12:00
恐惧贪婪指数: 34 (恐惧)
今日PnL: -7.84 USDT (-7.8%)
持仓数: 4/4
  🔴 SOL SHORT @84.1525 现价:84.1600 PnL:-0.02U (-0.01%)
  🔴 BNB SHORT @656.6200 现价:658.3600 PnL:-0.52U (-0.26%)
  🔴 XRP SHORT @1.3375 现价:1.3394 PnL:-0.28U (-0.14%)
  🔴 LINK SHORT @9.4140 现价:9.3660 PnL:+1.02U (+0.51%)
  BTC: 76637.6000 (-0.46%)
  ETH: 2092.4500 (-0.12%)
  SOL: 84.1600 (+0.00%)
  BNB: 658.3600 (+0.14%)
  DOT: 1.2410 (+0.00%)
  LINK: 9.3660 (+0.00%)
  XRP: 1.3394 (-0.51%)
==================================================
[2026-05-26 13:00:56] 
==================================================
📊 整点汇报 2026-05-26 13:00
恐惧贪婪指数: 34 (恐惧)
今日PnL: -7.84 USDT (-7.8%)
持仓数: 4/4
  🔴 SOL SHORT @84.1525 现价:84.3400 PnL:-0.45U (-0.22%)
  🔴 BNB SHORT @656.6200 现价:659.4400 PnL:-0.85U (-0.43%)
  🔴 XRP SHORT @1.3375 现价:1.3446 PnL:-1.06U (-0.53%)
  🔴 LINK SHORT @9.4140 现价:9.4580 PnL:-0.94U (-0.47%)
  BTC: 76729.4000 (-0.76%)
  ETH: 2093.8300 (+0.00%)
  SOL: 84.3400 (-1.68%)
  BNB: 659.4400 (-0.03%)
  DOT: 1.2470 (-0.56%)
  LINK: 9.4580 (+0.00%)
  XRP: 1.3446 (+0.00%)
==================================================
[2026-05-26 13:22:48] ❌ 平仓 LINK SL | 入场:9.4140 出场:9.4970 | PnL:-0.88% (-1.76USDT) | 平100%仓 | ❌ 平仓失败
[2026-05-26 13:38:02] ❌ 平仓 SOL SL | 入场:84.1525 出场:84.8300 | PnL:-0.81% (-1.61USDT) | 平100%仓 | ✅ 平仓成功
[2026-05-26 13:39:28] ⚠️ 熔断！日亏损 -11.2%，暂停 4 小时
[2026-05-26 13:41:50] ⚠️ 熔断！日亏损 -11.2%，暂停 4 小时
[2026-05-26 13:43:42] ⚠️ 熔断！日亏损 -11.2%，暂停 4 小时
[2026-05-26 13:46:16] ⚠️ 熔断！日亏损 -11.2%，暂停 4 小时
[2026-05-26 13:48:21] ⚠️ 熔断！日亏损 -11.2%，暂停 4 小时
[2026-05-26 13:50:28] ⚠️ 熔断！日亏损 -11.2%，暂停 4 小时
[2026-05-26 13:52:37] ⚠️ 熔断！日亏损 -11.2%，暂停 4 小时
[2026-05-26 13:55:05] ⚠️ 熔断！日亏损 -11.2%，暂停 4 小时
[2026-05-26 13:57:16] ⚠️ 熔断！日亏损 -11.2%，暂停 4 小时
[2026-05-26 13:59:50] ⚠️ 熔断！日亏损 -11.2%，暂停 4 小时
[2026-05-26 14:00:40] 
==================================================
📊 整点汇报 2026-05-26 14:00
恐惧贪婪指数: 34 (恐惧)
今日PnL: -12.60 USDT (-12.6%)
持仓数: 1/4
  🔴 BNB SHORT @656.6200 现价:659.4200 PnL:-0.84U (-0.43%)
  BTC: 76879.1000 (-0.64%)
  ETH: 2099.7700 (-0.36%)
  SOL: 84.5700 (-1.58%)
  BNB: 659.4200 (-0.26%)
  DOT: 1.2570 (-0.32%)
  LINK: 9.5190 (+0.13%)
  XRP: 1.3471 (-0.78%)
==================================================
[2026-05-26 14:01:36] ⚠️ 熔断！日亏损 -12.6%，暂停 4 小时
[2026-05-26 14:03:34] ⚠️ 熔断！日亏损 -12.6%，暂停 4 小时
[2026-05-26 14:05:36] ⚠️ 熔断！日亏损 -12.6%，暂停 4 小时
[2026-05-26 14:07:32] ⚠️ 熔断！日亏损 -12.6%，暂停 4 小时
[2026-05-26 14:10:02] ⚠️ 熔断！日亏损 -12.6%，暂停 4 小时
[2026-05-26 14:11:51] ⚠️ 熔断！日亏损 -12.6%，暂停 4 小时
[2026-05-26 14:14:09] ⚠️ 熔断！日亏损 -12.6%，暂停 4 小时
[2026-05-26 14:16:28] ⚠️ 熔断！日亏损 -12.6%，暂停 4 小时
[2026-05-26 14:19:02] ⚠️ 熔断！日亏损 -12.6%，暂停 4 小时
[2026-05-26 14:20:51] ⚠️ 熔断！日亏损 -12.6%，暂停 4 小时
[2026-05-26 14:22:47] ⚠️ 熔断！日亏损 -12.6%，暂停 4 小时
[2026-05-26 14:25:17] ⚠️ 熔断！日亏损 -12.6%，暂停 4 小时
[2026-05-26 14:27:34] ⚠️ 熔断！日亏损 -12.6%，暂停 4 小时
[2026-05-26 14:30:11] ⚠️ 熔断！日亏损 -12.6%，暂停 4 小时
[2026-05-26 14:32:31] ⚠️ 熔断！日亏损 -12.6%，暂停 4 小时
[2026-05-26 14:34:38] ⚠️ 熔断！日亏损 -12.6%，暂停 4 小时
[2026-05-26 14:36:43] ⚠️ 熔断！日亏损 -12.6%，暂停 4 小时
[2026-05-26 14:39:10] ⚠️ 熔断！日亏损 -12.6%，暂停 4 小时
[2026-05-26 14:41:10] ⚠️ 熔断！日亏损 -12.6%，暂停 4 小时
[2026-05-26 14:44:04] ⚠️ 熔断！日亏损 -12.6%，暂停 4 小时
[2026-05-26 14:46:28] ⚠️ 熔断！日亏损 -12.6%，暂停 4 小时
[2026-05-26 14:49:04] ⚠️ 熔断！日亏损 -12.6%，暂停 4 小时
[2026-05-26 14:51:19] ⚠️ 熔断！日亏损 -12.6%，暂停 4 小时
[2026-05-26 14:54:07] ⚠️ 熔断！日亏损 -12.6%，暂停 4 小时
[2026-05-26 14:56:13] ⚠️ 熔断！日亏损 -12.6%，暂停 4 小时
[2026-05-26 14:58:19] ⚠️ 熔断！日亏损 -12.6%，暂停 4 小时
[2026-05-26 15:00:38] ⚠️ 熔断！日亏损 -12.6%，暂停 4 小时
[2026-05-26 15:00:59] 
==================================================
📊 整点汇报 2026-05-26 15:00
恐惧贪婪指数: 34 (恐惧)
今日PnL: -12.60 USDT (-12.6%)
持仓数: 1/4
  🔴 BNB SHORT @656.6200 现价:658.5700 PnL:-0.59U (-0.30%)
  BTC: 76882.2000 (+0.00%)
  ETH: 2100.8300 (-0.30%)
  SOL: 84.5500 (+0.00%)
  BNB: 658.5700 (-0.41%)
  DOT: 1.2570 (-0.55%)
  LINK: 9.5360 (+0.32%)
  XRP: 1.3477 (-0.74%)
==================================================
[2026-05-26 15:03:17] ⚠️ 熔断！日亏损 -12.6%，暂停 4 小时
[2026-05-26 15:05:39] ⚠️ 熔断！日亏损 -12.6%，暂停 4 小时
[2026-05-26 15:07:54] ⚠️ 熔断！日亏损 -12.6%，暂停 4 小时
[2026-05-26 15:10:12] ⚠️ 熔断！日亏损 -12.6%，暂停 4 小时
[2026-05-26 15:13:05] ⚠️ 熔断！日亏损 -12.6%，暂停 4 小时
[2026-05-26 15:15:31] ⚠️ 熔断！日亏损 -12.6%，暂停 4 小时
[2026-05-26 15:17:57] ⚠️ 熔断！日亏损 -12.6%，暂停 4 小时
[2026-05-26 15:20:28] ⚠️ 熔断！日亏损 -12.6%，暂停 4 小时
[2026-05-26 15:22:21] ⚠️ 熔断！日亏损 -12.6%，暂停 4 小时
[2026-05-26 15:24:20] ⚠️ 熔断！日亏损 -12.6%，暂停 4 小时
[2026-05-26 15:26:27] ⚠️ 熔断！日亏损 -12.6%，暂停 4 小时
[2026-05-26 15:28:37] ⚠️ 熔断！日亏损 -12.6%，暂停 4 小时
[2026-05-26 15:30:45] ⚠️ 熔断！日亏损 -12.6%，暂停 4 小时
[2026-05-26 15:32:59] ⚠️ 熔断！日亏损 -12.6%，暂停 4 小时
[2026-05-26 15:35:20] ⚠️ 熔断！日亏损 -12.6%，暂停 4 小时
[2026-05-26 15:37:19] ⚠️ 熔断！日亏损 -12.6%，暂停 4 小时
[2026-05-26 15:39:46] ⚠️ 熔断！日亏损 -12.6%，暂停 4 小时
[2026-05-26 15:42:20] ⚠️ 熔断！日亏损 -12.6%，暂停 4 小时
[2026-05-26 15:44:16] ⚠️ 熔断！日亏损 -12.6%，暂停 4 小时
[2026-05-26 15:46:34] ⚠️ 熔断！日亏损 -12.6%，暂停 4 小时
[2026-05-26 15:48:40] ⚠️ 熔断！日亏损 -12.6%，暂停 4 小时
[2026-05-26 15:51:13] ⚠️ 熔断！日亏损 -12.6%，暂停 4 小时
[2026-05-26 15:53:43] ⚠️ 熔断！日亏损 -12.6%，暂停 4 小时
[2026-05-26 15:55:59] ⚠️ 熔断！日亏损 -12.6%，暂停 4 小时
[2026-05-26 15:58:33] ⚠️ 熔断！日亏损 -12.6%，暂停 4 小时
[2026-05-26 16:00:50] ⚠️ 熔断！日亏损 -12.6%，暂停 4 小时
[2026-05-26 16:01:13] 
==================================================
📊 整点汇报 2026-05-26 16:00
恐惧贪婪指数: 34 (恐惧)
今日PnL: -12.32 USDT (-12.3%)
持仓数: 1/4
  🔴 BNB SHORT @656.6200 现价:658.0700 PnL:-0.44U (-0.22%)
  BTC: 76675.0000 (-0.84%)
  ETH: 2094.8300 (-0.85%)
  SOL: 84.3000 (-1.83%)
  BNB: 658.0700 (-0.58%)
  DOT: 1.2520 (-0.79%)
  LINK: 9.4950 (-0.21%)
  XRP: 1.3398 (-1.22%)
==================================================
[2026-05-26 16:03:16] ⚠️ 熔断！日亏损 -12.3%，暂停 4 小时
[2026-05-26 16:05:31] ⚠️ 熔断！日亏损 -12.3%，暂停 4 小时
[2026-05-26 16:07:39] ⚠️ 熔断！日亏损 -12.3%，暂停 4 小时
[2026-05-26 16:09:28] ⚠️ 熔断！日亏损 -12.3%，暂停 4 小时
[2026-05-26 16:11:02] ⚠️ 熔断！日亏损 -12.3%，暂停 4 小时
[2026-05-26 16:12:44] ⚠️ 熔断！日亏损 -12.3%，暂停 4 小时
[2026-05-26 16:14:20] ⚠️ 熔断！日亏损 -12.3%，暂停 4 小时
[2026-05-26 16:15:50] ⚠️ 熔断！日亏损 -12.3%，暂停 4 小时
[2026-05-26 16:17:24] ⚠️ 熔断！日亏损 -12.3%，暂停 4 小时
[2026-05-26 16:19:07] ⚠️ 熔断！日亏损 -12.3%，暂停 4 小时
[2026-05-26 16:20:44] ⚠️ 熔断！日亏损 -12.3%，暂停 4 小时
[2026-05-26 16:22:27] ⚠️ 熔断！日亏损 -12.3%，暂停 4 小时
[2026-05-26 16:24:02] ⚠️ 熔断！日亏损 -12.3%，暂停 4 小时
[2026-05-26 16:25:43] ⚠️ 熔断！日亏损 -12.3%，暂停 4 小时
[2026-05-26 16:27:13] ⚠️ 熔断！日亏损 -12.3%，暂停 4 小时
[2026-05-26 16:28:42] ⚠️ 熔断！日亏损 -12.3%，暂停 4 小时
[2026-05-26 16:30:32] ⚠️ 熔断！日亏损 -12.3%，暂停 4 小时
[2026-05-26 16:32:12] ⚠️ 熔断！日亏损 -12.3%，暂停 4 小时
[2026-05-26 16:33:40] ⚠️ 熔断！日亏损 -12.3%，暂停 4 小时
[2026-05-26 16:35:16] ⚠️ 熔断！日亏损 -12.3%，暂停 4 小时
[2026-05-26 16:36:49] ⚠️ 熔断！日亏损 -12.3%，暂停 4 小时
[2026-05-26 16:38:36] ⚠️ 熔断！日亏损 -12.3%，暂停 4 小时
[2026-05-26 16:40:03] ⚠️ 熔断！日亏损 -12.3%，暂停 4 小时
[2026-05-26 16:41:38] ⚠️ 熔断！日亏损 -12.3%，暂停 4 小时
[2026-05-26 16:43:13] ⚠️ 熔断！日亏损 -12.3%，暂停 4 小时
[2026-05-26 16:44:50] ⚠️ 熔断！日亏损 -12.3%，暂停 4 小时
[2026-05-26 16:46:28] ⚠️ 熔断！日亏损 -12.3%，暂停 4 小时
[2026-05-26 16:47:55] ⚠️ 熔断！日亏损 -12.3%，暂停 4 小时
[2026-05-26 16:49:26] ⚠️ 熔断！日亏损 -12.3%，暂停 4 小时
[2026-05-26 16:51:09] ⚠️ 熔断！日亏损 -12.3%，暂停 4 小时
[2026-05-26 16:52:36] ⚠️ 熔断！日亏损 -12.3%，暂停 4 小时
[2026-05-26 16:54:22] ⚠️ 熔断！日亏损 -12.3%，暂停 4 小时
[2026-05-26 16:55:48] ⚠️ 熔断！日亏损 -12.3%，暂停 4 小时
[2026-05-26 16:57:23] ⚠️ 熔断！日亏损 -12.3%，暂停 4 小时
[2026-05-26 16:59:00] ⚠️ 熔断！日亏损 -12.3%，暂停 4 小时
[2026-05-26 17:00:37] ⚠️ 熔断！日亏损 -12.3%，暂停 4 小时
[2026-05-26 17:00:45] 
==================================================
📊 整点汇报 2026-05-26 17:00
恐惧贪婪指数: 34 (恐惧)
今日PnL: -12.32 USDT (-12.3%)
持仓数: 1/4
  🔴 BNB SHORT @656.6200 现价:657.4200 PnL:-0.24U (-0.12%)
  BTC: 76745.0000 (-0.83%)
  ETH: 2096.7500 (-0.88%)
  SOL: 84.4100 (-1.83%)
  BNB: 657.4200 (-0.73%)
  DOT: 1.2560 (-0.71%)
  LINK: 9.5340 (+0.10%)
  XRP: 1.3403 (-1.35%)
==================================================
[2026-05-26 17:02:18] ⚠️ 熔断！日亏损 -12.3%，暂停 4 小时
[2026-05-26 17:03:48] ⚠️ 熔断！日亏损 -12.3%，暂停 4 小时
[2026-05-26 17:05:23] ⚠️ 熔断！日亏损 -12.3%，暂停 4 小时
[2026-05-26 17:07:02] ⚠️ 熔断！日亏损 -12.3%，暂停 4 小时
[2026-05-26 17:08:36] ⚠️ 熔断！日亏损 -12.3%，暂停 4 小时
[2026-05-26 17:10:15] ⚠️ 熔断！日亏损 -12.3%，暂停 4 小时
[2026-05-26 17:11:39] ⚠️ 熔断！日亏损 -12.3%，暂停 4 小时
[2026-05-26 17:13:11] ⚠️ 熔断！日亏损 -12.3%，暂停 4 小时
[2026-05-26 17:14:48] ⚠️ 熔断！日亏损 -12.3%，暂停 4 小时
[2026-05-26 17:16:26] ⚠️ 熔断！日亏损 -12.3%，暂停 4 小时
[2026-05-26 17:18:07] ⚠️ 熔断！日亏损 -12.3%，暂停 4 小时
[2026-05-26 17:19:44] ⚠️ 熔断！日亏损 -12.3%，暂停 4 小时
[2026-05-26 17:21:26] ⚠️ 熔断！日亏损 -12.3%，暂停 4 小时
[2026-05-26 17:23:00] ⚠️ 熔断！日亏损 -12.3%，暂停 4 小时
[2026-05-26 17:24:36] ⚠️ 熔断！日亏损 -12.3%，暂停 4 小时
[2026-05-26 17:26:32] ⚠️ 熔断！日亏损 -12.3%，暂停 4 小时
[2026-05-26 17:28:03] ⚠️ 熔断！日亏损 -12.3%，暂停 4 小时
[2026-05-26 17:29:43] ⚠️ 熔断！日亏损 -12.3%，暂停 4 小时
[2026-05-26 17:31:18] ⚠️ 熔断！日亏损 -12.3%，暂停 4 小时
[2026-05-26 17:32:51] ⚠️ 熔断！日亏损 -12.3%，暂停 4 小时
[2026-05-26 17:34:45] ⚠️ 熔断！日亏损 -12.3%，暂停 4 小时
[2026-05-26 17:36:13] ⚠️ 熔断！日亏损 -12.3%，暂停 4 小时
[2026-05-26 17:37:47] ⚠️ 熔断！日亏损 -12.3%，暂停 4 小时
[2026-05-26 17:39:27] ⚠️ 熔断！日亏损 -12.3%，暂停 4 小时
[2026-05-26 17:41:04] ⚠️ 熔断！日亏损 -12.3%，暂停 4 小时
[2026-05-26 17:42:48] ⚠️ 熔断！日亏损 -12.3%，暂停 4 小时
[2026-05-26 17:44:20] ⚠️ 熔断！日亏损 -12.3%，暂停 4 小时
[2026-05-26 17:45:51] ⚠️ 熔断！日亏损 -12.3%，暂停 4 小时
[2026-05-26 17:47:24] ⚠️ 熔断！日亏损 -12.3%，暂停 4 小时
[2026-05-26 17:49:01] ⚠️ 熔断！日亏损 -12.3%，暂停 4 小时
[2026-05-26 17:50:50] ⚠️ 熔断！日亏损 -12.3%，暂停 4 小时
[2026-05-26 17:52:22] ⚠️ 熔断！日亏损 -12.3%，暂停 4 小时
[2026-05-26 17:54:01] ⚠️ 熔断！日亏损 -12.3%，暂停 4 小时
[2026-05-26 17:55:48] ⚠️ 熔断！日亏损 -12.3%，暂停 4 小时
[2026-05-26 17:57:18] ⚠️ 熔断！日亏损 -12.3%，暂停 4 小时
[2026-05-26 17:59:05] ⚠️ 熔断！日亏损 -12.3%，暂停 4 小时
[2026-05-26 18:00:31] ⚠️ 熔断！日亏损 -12.3%，暂停 4 小时
[2026-05-26 18:00:40] 
==================================================
📊 整点汇报 2026-05-26 18:00
恐惧贪婪指数: 34 (恐惧)
今日PnL: -12.32 USDT (-12.3%)
持仓数: 1/4
  🔴 BNB SHORT @656.6200 现价:657.1100 PnL:-0.15U (-0.07%)
  BTC: 76661.2000 (-1.17%)
  ETH: 2095.9000 (-0.96%)
  SOL: 84.4300 (-1.71%)
  BNB: 657.1100 (-0.80%)
  DOT: 1.2600 (-0.47%)
  LINK: 9.4770 (-0.55%)
  XRP: 1.3412 (-1.41%)
==================================================
[2026-05-26 18:02:08] ⚠️ 熔断！日亏损 -12.3%，暂停 4 小时
[2026-05-26 18:03:47] ⚠️ 熔断！日亏损 -12.3%，暂停 4 小时
[2026-05-26 18:05:22] ⚠️ 熔断！日亏损 -12.3%，暂停 4 小时
[2026-05-26 18:07:16] ⚠️ 熔断！日亏损 -12.3%，暂停 4 小时
[2026-05-26 18:08:53] ⚠️ 熔断！日亏损 -12.3%，暂停 4 小时
[2026-05-26 18:10:32] ⚠️ 熔断！日亏损 -12.3%，暂停 4 小时
[2026-05-26 18:12:27] ⚠️ 熔断！日亏损 -12.3%，暂停 4 小时
[2026-05-26 18:13:51] ⚠️ 熔断！日亏损 -12.3%，暂停 4 小时
[2026-05-26 18:15:41] ⚠️ 熔断！日亏损 -12.3%，暂停 4 小时
[2026-05-26 18:17:10] ⚠️ 熔断！日亏损 -12.3%，暂停 4 小时
[2026-05-26 18:18:49] ⚠️ 熔断！日亏损 -12.3%，暂停 4 小时
[2026-05-26 18:20:21] ⚠️ 熔断！日亏损 -12.3%，暂停 4 小时
[2026-05-26 18:22:01] ⚠️ 熔断！日亏损 -12.3%，暂停 4 小时
[2026-05-26 18:23:56] ⚠️ 熔断！日亏损 -12.3%，暂停 4 小时
[2026-05-26 18:25:30] ⚠️ 熔断！日亏损 -12.3%，暂停 4 小时
[2026-05-26 18:26:41] ⚠️ 熔断！日亏损 -12.3%，暂停 4 小时
[2026-05-26 18:28:22] ⚠️ 熔断！日亏损 -12.3%，暂停 4 小时
[2026-05-26 18:29:42] ❌ 平仓 BNB SL | 入场:656.6200 出场:662.0200 | PnL:-0.82% (-1.64USDT) | 平100%仓 | ✅ 平仓成功
[2026-05-26 18:30:02] ⚠️ 熔断！日亏损 -14.0%，暂停 4 小时
[2026-05-26 18:31:50] ⚠️ 熔断！日亏损 -14.0%，暂停 4 小时
[2026-05-26 18:33:07] ⚠️ 熔断！日亏损 -14.0%，暂停 4 小时
[2026-05-26 18:34:48] ⚠️ 熔断！日亏损 -14.0%，暂停 4 小时
[2026-05-26 18:36:28] ⚠️ 熔断！日亏损 -14.0%，暂停 4 小时
[2026-05-26 18:38:13] ⚠️ 熔断！日亏损 -14.0%，暂停 4 小时
[2026-05-26 18:40:02] ⚠️ 熔断！日亏损 -14.0%，暂停 4 小时
[2026-05-26 18:41:25] ⚠️ 熔断！日亏损 -14.0%，暂停 4 小时
[2026-05-26 18:43:14] ⚠️ 熔断！日亏损 -14.0%，暂停 4 小时
[2026-05-26 18:44:55] ⚠️ 熔断！日亏损 -14.0%，暂停 4 小时
[2026-05-26 18:46:28] ⚠️ 熔断！日亏损 -14.0%，暂停 4 小时
[2026-05-26 18:48:22] ⚠️ 熔断！日亏损 -14.0%，暂停 4 小时
[2026-05-26 18:49:53] ⚠️ 熔断！日亏损 -14.0%，暂停 4 小时
[2026-05-26 18:51:36] ⚠️ 熔断！日亏损 -14.0%，暂停 4 小时
[2026-05-26 18:53:26] ⚠️ 熔断！日亏损 -14.0%，暂停 4 小时
[2026-05-26 18:55:02] ⚠️ 熔断！日亏损 -14.0%，暂停 4 小时
[2026-05-26 18:56:59] ⚠️ 熔断！日亏损 -14.0%，暂停 4 小时
[2026-05-26 18:58:19] ⚠️ 熔断！日亏损 -14.0%，暂停 4 小时
[2026-05-26 18:59:57] ⚠️ 熔断！日亏损 -14.0%，暂停 4 小时
[2026-05-26 19:00:17] 
==================================================
📊 整点汇报 2026-05-26 19:00
恐惧贪婪指数: 34 (恐惧)
今日PnL: -13.94 USDT (-13.9%)
持仓数: 0/4
  BTC: 77455.1000 (-0.07%)
  ETH: 2126.0000 (+0.45%)
  SOL: 85.5200 (-0.55%)
  BNB: 663.4000 (+0.17%)
  DOT: 1.2890 (+1.66%)
  LINK: 9.6070 (+0.25%)
  XRP: 1.3562 (-0.28%)
==================================================
[2026-05-26 19:01:05] ⚠️ 熔断！日亏损 -13.9%，暂停 4 小时
[2026-05-26 19:02:41] ⚠️ 熔断！日亏损 -13.9%，暂停 4 小时
[2026-05-26 19:04:24] ⚠️ 熔断！日亏损 -13.9%，暂停 4 小时
[2026-05-26 19:05:44] ⚠️ 熔断！日亏损 -13.9%，暂停 4 小时
[2026-05-26 19:07:16] ⚠️ 熔断！日亏损 -13.9%，暂停 4 小时
[2026-05-26 19:08:53] ⚠️ 熔断！日亏损 -13.9%，暂停 4 小时
[2026-05-26 19:10:35] ⚠️ 熔断！日亏损 -13.9%，暂停 4 小时
[2026-05-26 19:12:23] ⚠️ 熔断！日亏损 -13.9%，暂停 4 小时
[2026-05-26 19:13:49] ⚠️ 熔断！日亏损 -13.9%，暂停 4 小时
[2026-05-26 19:15:28] ⚠️ 熔断！日亏损 -13.9%，暂停 4 小时
[2026-05-26 19:17:09] ⚠️ 熔断！日亏损 -13.9%，暂停 4 小时
[2026-05-26 19:18:53] ⚠️ 熔断！日亏损 -13.9%，暂停 4 小时
[2026-05-26 19:20:38] ⚠️ 熔断！日亏损 -13.9%，暂停 4 小时
[2026-05-26 19:22:24] ⚠️ 熔断！日亏损 -13.9%，暂停 4 小时
[2026-05-26 19:23:57] ⚠️ 熔断！日亏损 -13.9%，暂停 4 小时
[2026-05-26 19:25:38] ⚠️ 熔断！日亏损 -13.9%，暂停 4 小时
[2026-05-26 19:27:20] ⚠️ 熔断！日亏损 -13.9%，暂停 4 小时
[2026-05-26 19:29:02] ⚠️ 熔断！日亏损 -13.9%，暂停 4 小时
[2026-05-26 19:30:39] ⚠️ 熔断！日亏损 -13.9%，暂停 4 小时
[2026-05-26 19:32:11] ⚠️ 熔断！日亏损 -13.9%，暂停 4 小时
[2026-05-26 19:34:00] ⚠️ 熔断！日亏损 -13.9%，暂停 4 小时
[2026-05-26 19:35:40] ⚠️ 熔断！日亏损 -13.9%，暂停 4 小时
[2026-05-26 19:37:33] ⚠️ 熔断！日亏损 -13.9%，暂停 4 小时
[2026-05-26 19:39:10] ⚠️ 熔断！日亏损 -13.9%，暂停 4 小时
[2026-05-26 19:40:47] ⚠️ 熔断！日亏损 -13.9%，暂停 4 小时
[2026-05-26 19:42:27] ⚠️ 熔断！日亏损 -13.9%，暂停 4 小时
[2026-05-26 19:44:00] ⚠️ 熔断！日亏损 -13.9%，暂停 4 小时
[2026-05-26 19:45:56] ⚠️ 熔断！日亏损 -13.9%，暂停 4 小时
[2026-05-26 19:47:31] ⚠️ 熔断！日亏损 -13.9%，暂停 4 小时
[2026-05-26 19:49:13] ⚠️ 熔断！日亏损 -13.9%，暂停 4 小时
[2026-05-26 19:50:59] ⚠️ 熔断！日亏损 -13.9%，暂停 4 小时
[2026-05-26 19:52:42] ⚠️ 熔断！日亏损 -13.9%，暂停 4 小时
[2026-05-26 19:54:28] ⚠️ 熔断！日亏损 -13.9%，暂停 4 小时
[2026-05-26 19:56:07] ⚠️ 熔断！日亏损 -13.9%，暂停 4 小时
[2026-05-26 19:57:45] ⚠️ 熔断！日亏损 -13.9%，暂停 4 小时
[2026-05-26 19:59:29] ⚠️ 熔断！日亏损 -13.9%，暂停 4 小时
[2026-05-26 20:00:26] 
==================================================
📊 整点汇报 2026-05-26 20:00
恐惧贪婪指数: 34 (恐惧)
今日PnL: -14.03 USDT (-14.0%)
持仓数: 0/4
  BTC: 77226.8000 (-0.26%)
  ETH: 2121.2800 (+0.20%)
  SOL: 85.3500 (-0.66%)
  BNB: 663.1700 (+0.19%)
  DOT: 1.2820 (+1.75%)
  LINK: 9.5970 (+0.51%)
  XRP: 1.3530 (-0.36%)
==================================================
[2026-05-26 20:01:04] ⚠️ 熔断！日亏损 -14.0%，暂停 4 小时
[2026-05-26 20:03:09] ⚠️ 熔断！日亏损 -14.0%，暂停 4 小时
[2026-05-26 20:04:42] ⚠️ 熔断！日亏损 -14.0%，暂停 4 小时
[2026-05-26 20:06:25] ⚠️ 熔断！日亏损 -14.0%，暂停 4 小时
[2026-05-26 20:08:12] ⚠️ 熔断！日亏损 -14.0%，暂停 4 小时
[2026-05-26 20:09:54] ⚠️ 熔断！日亏损 -14.0%，暂停 4 小时
[2026-05-26 20:11:47] ⚠️ 熔断！日亏损 -14.0%，暂停 4 小时
[2026-05-26 20:13:23] ⚠️ 熔断！日亏损 -14.0%，暂停 4 小时
[2026-05-26 20:15:17] ⚠️ 熔断！日亏损 -14.0%，暂停 4 小时
[2026-05-26 20:16:57] ⚠️ 熔断！日亏损 -14.0%，暂停 4 小时
[2026-05-26 20:18:45] ⚠️ 熔断！日亏损 -14.0%，暂停 4 小时
[2026-05-26 20:20:39] ⚠️ 熔断！日亏损 -14.0%，暂停 4 小时
[2026-05-26 20:22:27] ⚠️ 熔断！日亏损 -14.0%，暂停 4 小时
[2026-05-26 20:24:06] ⚠️ 熔断！日亏损 -14.0%，暂停 4 小时
[2026-05-26 20:25:51] ⚠️ 熔断！日亏损 -14.0%，暂停 4 小时
[2026-05-26 20:27:38] ⚠️ 熔断！日亏损 -14.0%，暂停 4 小时
[2026-05-26 20:29:37] ⚠️ 熔断！日亏损 -14.0%，暂停 4 小时
[2026-05-26 20:31:20] ⚠️ 熔断！日亏损 -14.0%，暂停 4 小时
[2026-05-26 20:33:03] ⚠️ 熔断！日亏损 -14.0%，暂停 4 小时
[2026-05-26 20:34:58] ⚠️ 熔断！日亏损 -14.0%，暂停 4 小时
[2026-05-26 20:36:39] ⚠️ 熔断！日亏损 -14.0%，暂停 4 小时
[2026-05-26 20:38:32] ⚠️ 熔断！日亏损 -14.0%，暂停 4 小时
[2026-05-26 20:40:22] ⚠️ 熔断！日亏损 -14.0%，暂停 4 小时
[2026-05-26 20:42:08] ⚠️ 熔断！日亏损 -14.0%，暂停 4 小时
[2026-05-26 20:43:58] ⚠️ 熔断！日亏损 -14.0%，暂停 4 小时
[2026-05-26 20:45:49] ⚠️ 熔断！日亏损 -14.0%，暂停 4 小时
[2026-05-26 20:47:51] ⚠️ 熔断！日亏损 -14.0%，暂停 4 小时
[2026-05-26 20:49:37] ⚠️ 熔断！日亏损 -14.0%，暂停 4 小时
[2026-05-26 20:51:39] ⚠️ 熔断！日亏损 -14.0%，暂停 4 小时
[2026-05-26 20:53:18] ⚠️ 熔断！日亏损 -14.0%，暂停 4 小时
[2026-05-26 20:55:13] ⚠️ 熔断！日亏损 -14.0%，暂停 4 小时
[2026-05-26 20:57:23] ⚠️ 熔断！日亏损 -14.0%，暂停 4 小时
[2026-05-26 20:59:07] ⚠️ 熔断！日亏损 -14.0%，暂停 4 小时
[2026-05-26 21:00:24] 
==================================================
📊 整点汇报 2026-05-26 21:00
恐惧贪婪指数: 34 (恐惧)
今日PnL: -14.03 USDT (-14.0%)
持仓数: 0/4
  BTC: 77154.2000 (-0.18%)
  ETH: 2124.5000 (+0.31%)
  SOL: 85.2700 (-0.71%)
  BNB: 662.8600 (-1.16%)
  DOT: 1.2780 (+0.00%)
  LINK: 9.5920 (+0.36%)
  XRP: 1.3545 (-0.22%)
==================================================
[2026-05-26 21:00:44] ⚠️ 熔断！日亏损 -14.0%，暂停 4 小时
[2026-05-26 21:02:31] ⚠️ 熔断！日亏损 -14.0%，暂停 4 小时
[2026-05-26 21:04:55] ⚠️ 熔断！日亏损 -14.0%，暂停 4 小时
[2026-05-26 21:06:44] ⚠️ 熔断！日亏损 -14.0%，暂停 4 小时
[2026-05-26 21:08:38] ⚠️ 熔断！日亏损 -14.0%，暂停 4 小时
[2026-05-26 21:10:46] ⚠️ 熔断！日亏损 -14.0%，暂停 4 小时
[2026-05-26 21:12:39] ⚠️ 熔断！日亏损 -14.0%，暂停 4 小时
[2026-05-26 21:14:34] ⚠️ 熔断！日亏损 -14.0%，暂停 4 小时
[2026-05-26 21:16:54] ⚠️ 熔断！日亏损 -14.0%，暂停 4 小时
[2026-05-26 21:18:36] ⚠️ 熔断！日亏损 -14.0%，暂停 4 小时
[2026-05-26 21:20:35] ⚠️ 熔断！日亏损 -14.0%，暂停 4 小时
[2026-05-26 21:22:20] ⚠️ 熔断！日亏损 -14.0%，暂停 4 小时
[2026-05-26 21:24:19] ⚠️ 熔断！日亏损 -14.0%，暂停 4 小时
[2026-05-26 21:26:23] ⚠️ 熔断！日亏损 -14.0%，暂停 4 小时
[2026-05-26 21:28:07] ⚠️ 熔断！日亏损 -14.0%，暂停 4 小时
[2026-05-26 21:30:09] ⚠️ 熔断！日亏损 -14.0%，暂停 4 小时
[2026-05-26 21:32:06] ⚠️ 熔断！日亏损 -14.0%，暂停 4 小时
[2026-05-26 21:34:03] ⚠️ 熔断！日亏损 -14.0%，暂停 4 小时
[2026-05-26 21:36:25] ⚠️ 熔断！日亏损 -14.0%，暂停 4 小时
[2026-05-26 21:38:12] ⚠️ 熔断！日亏损 -14.0%，暂停 4 小时
[2026-05-26 21:40:06] ⚠️ 熔断！日亏损 -14.0%，暂停 4 小时
[2026-05-26 21:42:09] ⚠️ 熔断！日亏损 -14.0%，暂停 4 小时
[2026-05-26 21:44:06] ⚠️ 熔断！日亏损 -14.0%，暂停 4 小时
[2026-05-26 21:46:03] ⚠️ 熔断！日亏损 -14.0%，暂停 4 小时
[2026-05-26 21:48:06] ⚠️ 熔断！日亏损 -14.0%，暂停 4 小时
[2026-05-26 21:50:06] ⚠️ 熔断！日亏损 -14.0%，暂停 4 小时
[2026-05-26 21:52:06] ⚠️ 熔断！日亏损 -14.0%，暂停 4 小时
[2026-05-26 21:53:51] ⚠️ 熔断！日亏损 -14.0%，暂停 4 小时
[2026-05-26 21:55:57] ⚠️ 熔断！日亏损 -14.0%，暂停 4 小时
[2026-05-26 21:58:00] ⚠️ 熔断！日亏损 -14.0%，暂停 4 小时
[2026-05-26 21:59:45] ⚠️ 熔断！日亏损 -14.0%，暂停 4 小时
[2026-05-26 22:01:00] 
==================================================
📊 整点汇报 2026-05-26 22:00
恐惧贪婪指数: 34 (恐惧)
今日PnL: -14.03 USDT (-14.0%)
持仓数: 0/4
  BTC: 77175.8000 (-0.08%)
  ETH: 2125.2000 (+0.42%)
  SOL: 85.5100 (-0.51%)
  BNB: 663.9500 (-1.25%)
  DOT: 1.2810 (+1.10%)
  LINK: 9.6070 (+0.45%)
  XRP: 1.3557 (-0.15%)
==================================================
[2026-05-26 22:01:46] ⚠️ 熔断！日亏损 -14.0%，暂停 4 小时
[2026-05-26 22:04:02] ⚠️ 熔断！日亏损 -14.0%，暂停 4 小时
[2026-05-26 22:06:03] ⚠️ 熔断！日亏损 -14.0%，暂停 4 小时
[2026-05-26 22:07:58] ⚠️ 熔断！日亏损 -14.0%，暂停 4 小时
[2026-05-26 22:09:50] ⚠️ 熔断！日亏损 -14.0%，暂停 4 小时
[2026-05-26 22:11:45] ⚠️ 熔断！日亏损 -14.0%，暂停 4 小时
[2026-05-26 22:13:46] ⚠️ 熔断！日亏损 -14.0%，暂停 4 小时
[2026-05-26 22:15:52] ⚠️ 熔断！日亏损 -14.0%，暂停 4 小时
[2026-05-26 22:17:46] ⚠️ 熔断！日亏损 -14.0%，暂停 4 小时
[2026-05-26 22:19:45] ⚠️ 熔断！日亏损 -14.0%，暂停 4 小时
[2026-05-26 22:21:39] ⚠️ 熔断！日亏损 -14.0%，暂停 4 小时
[2026-05-26 22:23:48] ⚠️ 熔断！日亏损 -14.0%，暂停 4 小时
[2026-05-26 22:26:01] ⚠️ 熔断！日亏损 -14.0%，暂停 4 小时
[2026-05-26 22:27:56] ⚠️ 熔断！日亏损 -14.0%，暂停 4 小时
[2026-05-26 22:29:56] ⚠️ 熔断！日亏损 -14.0%，暂停 4 小时
[2026-05-26 22:31:59] ⚠️ 熔断！日亏损 -14.0%，暂停 4 小时
[2026-05-26 22:34:03] ⚠️ 熔断！日亏损 -14.0%，暂停 4 小时
[2026-05-26 22:36:11] ⚠️ 熔断！日亏损 -14.0%，暂停 4 小时
[2026-05-26 22:37:57] ⚠️ 熔断！日亏损 -14.0%，暂停 4 小时
[2026-05-26 22:40:04] ⚠️ 熔断！日亏损 -14.0%，暂停 4 小时
[2026-05-26 22:42:00] ⚠️ 熔断！日亏损 -14.0%，暂停 4 小时
[2026-05-26 22:44:15] ⚠️ 熔断！日亏损 -14.0%，暂停 4 小时
[2026-05-26 22:46:14] ⚠️ 熔断！日亏损 -14.0%，暂停 4 小时
[2026-05-26 22:48:17] ⚠️ 熔断！日亏损 -14.0%，暂停 4 小时
[2026-05-26 22:50:08] ⚠️ 熔断！日亏损 -14.0%，暂停 4 小时
[2026-05-26 22:52:17] ⚠️ 熔断！日亏损 -14.0%，暂停 4 小时
[2026-05-26 22:54:12] ⚠️ 熔断！日亏损 -14.0%，暂停 4 小时
[2026-05-26 22:56:21] ⚠️ 熔断！日亏损 -14.0%，暂停 4 小时
[2026-05-26 22:58:08] ⚠️ 熔断！日亏损 -14.0%，暂停 4 小时
[2026-05-26 23:00:16] ⚠️ 熔断！日亏损 -14.0%，暂停 4 小时
[2026-05-26 23:00:36] 
==================================================
📊 整点汇报 2026-05-26 23:00
恐惧贪婪指数: 34 (恐惧)
今日PnL: -14.03 USDT (-14.0%)
持仓数: 0/4
  BTC: 76987.1000 (-0.91%)
  ETH: 2109.5100 (-0.85%)
  SOL: 85.4100 (-0.98%)
  BNB: 663.5300 (-1.23%)
  DOT: 1.2900 (+1.10%)
  LINK: 9.5400 (-0.71%)
  XRP: 1.3521 (-0.63%)
==================================================
[2026-05-26 23:02:35] ⚠️ 熔断！日亏损 -14.0%，暂停 4 小时
[2026-05-26 23:04:44] ⚠️ 熔断！日亏损 -14.0%，暂停 4 小时
[2026-05-26 23:06:42] ⚠️ 熔断！日亏损 -14.0%，暂停 4 小时
[2026-05-26 23:08:37] ⚠️ 熔断！日亏损 -14.0%，暂停 4 小时
[2026-05-26 23:10:55] ⚠️ 熔断！日亏损 -14.0%，暂停 4 小时
[2026-05-26 23:14:54] ⚠️ 熔断！日亏损 -14.0%，暂停 4 小时
[2026-05-26 23:16:38] ⚠️ 熔断！日亏损 -14.0%，暂停 4 小时
[2026-05-26 23:18:16] ⚠️ 熔断！日亏损 -14.0%，暂停 4 小时
[2026-05-26 23:19:29] ⚠️ 熔断！日亏损 -14.0%，暂停 4 小时
[2026-05-26 23:20:49] ⚠️ 熔断！日亏损 -14.0%，暂停 4 小时
[2026-05-26 23:22:03] ⚠️ 熔断！日亏损 -14.0%，暂停 4 小时
[2026-05-26 23:23:16] ⚠️ 熔断！日亏损 -14.0%，暂停 4 小时
[2026-05-26 23:24:34] ⚠️ 熔断！日亏损 -14.0%，暂停 4 小时
[2026-05-26 23:25:44] ⚠️ 熔断！日亏损 -14.0%，暂停 4 小时
[2026-05-26 23:26:57] ⚠️ 熔断！日亏损 -14.0%，暂停 4 小时
[2026-05-26 23:28:10] ⚠️ 熔断！日亏损 -14.0%，暂停 4 小时
[2026-05-26 23:29:23] ⚠️ 熔断！日亏损 -14.0%，暂停 4 小时
[2026-05-26 23:30:39] ⚠️ 熔断！日亏损 -14.0%，暂停 4 小时
[2026-05-26 23:31:48] ⚠️ 熔断！日亏损 -14.0%，暂停 4 小时
[2026-05-26 23:33:01] ⚠️ 熔断！日亏损 -14.0%，暂停 4 小时
[2026-05-26 23:34:13] ⚠️ 熔断！日亏损 -14.0%，暂停 4 小时
[2026-05-26 23:35:25] ⚠️ 熔断！日亏损 -14.0%，暂停 4 小时
[2026-05-26 23:36:39] ⚠️ 熔断！日亏损 -14.0%，暂停 4 小时
[2026-05-26 23:37:49] ⚠️ 熔断！日亏损 -14.0%，暂停 4 小时
[2026-05-26 23:39:03] ⚠️ 熔断！日亏损 -14.0%，暂停 4 小时
[2026-05-26 23:40:16] ⚠️ 熔断！日亏损 -14.0%，暂停 4 小时
[2026-05-26 23:41:29] ⚠️ 熔断！日亏损 -14.0%，暂停 4 小时
[2026-05-26 23:42:46] ⚠️ 熔断！日亏损 -14.0%，暂停 4 小时
[2026-05-26 23:43:55] ⚠️ 熔断！日亏损 -14.0%，暂停 4 小时
[2026-05-26 23:45:08] ⚠️ 熔断！日亏损 -14.0%，暂停 4 小时
[2026-05-26 23:46:20] ⚠️ 熔断！日亏损 -14.0%，暂停 4 小时
[2026-05-26 23:47:33] ⚠️ 熔断！日亏损 -14.0%，暂停 4 小时
[2026-05-26 23:48:50] ⚠️ 熔断！日亏损 -14.0%，暂停 4 小时
[2026-05-26 23:49:59] ⚠️ 熔断！日亏损 -14.0%，暂停 4 小时
[2026-05-26 23:51:11] ⚠️ 熔断！日亏损 -14.0%，暂停 4 小时
[2026-05-26 23:52:24] ⚠️ 熔断！日亏损 -14.0%，暂停 4 小时
[2026-05-26 23:53:36] ⚠️ 熔断！日亏损 -14.0%，暂停 4 小时
[2026-05-26 23:55:26] ⚠️ 熔断！日亏损 -14.0%，暂停 4 小时
[2026-05-26 23:57:03] ⚠️ 熔断！日亏损 -14.0%，暂停 4 小时
[2026-05-26 23:59:13] ⚠️ 熔断！日亏损 -14.0%，暂停 4 小时
