[2026-06-22 00:00:22] 
==================================================
📊 整点汇报 2026-06-22 00:00
恐惧贪婪指数: 23 (极度恐惧)
今日PnL: +0.00 USDT (+0.0%)
持仓数: 3/4
  🔴 LINK SHORT @7.8840 现价:7.9830 PnL:-2.51U (-1.26%)
  🟢 BNB LONG @589.9100 现价:587.9600 PnL:-0.66U (-0.33%)
  🔴 ETH SHORT @1717.1000 现价:1724.3200 PnL:-0.84U (-0.42%)
  BTC: 64296.2000 (+0.52%)
  ETH: 1724.3200 (-0.97%)
  SOL: 74.0900 (+2.90%)
  BNB: 587.9600 (-0.03%)
  DOT: 0.9690 (+0.21%)
  LINK: 7.9830 (+0.24%)
  XRP: 1.1444 (-0.73%)
==================================================
[2026-06-22 01:00:12] 
==================================================
📊 整点汇报 2026-06-22 01:00
恐惧贪婪指数: 23 (极度恐惧)
今日PnL: +0.00 USDT (+0.0%)
持仓数: 3/4
  🔴 LINK SHORT @7.8840 现价:7.9480 PnL:-1.62U (-0.81%)
  🟢 BNB LONG @589.9100 现价:588.0300 PnL:-0.64U (-0.32%)
  🔴 ETH SHORT @1717.1000 现价:1714.7600 PnL:+0.27U (+0.14%)
  BTC: 64218.9000 (+0.40%)
  ETH: 1714.7600 (-1.43%)
  SOL: 74.2900 (+4.40%)
  BNB: 588.0300 (+0.14%)
  DOT: 0.9640 (-0.10%)
  LINK: 7.9480 (-0.14%)
  XRP: 1.1445 (-0.48%)
==================================================
[2026-06-22 02:00:32] 
==================================================
📊 整点汇报 2026-06-22 02:00
恐惧贪婪指数: 23 (极度恐惧)
今日PnL: +0.00 USDT (+0.0%)
持仓数: 3/4
  🔴 ETH SHORT @1716.4000 现价:1725.0000 PnL:-1.01U (-0.50%)
  🟢 BNB LONG @589.2974 现价:590.8200 PnL:+0.52U (+0.26%)
  🔴 LINK SHORT @7.8840 现价:7.9400 PnL:-1.42U (-0.71%)
  BTC: 63916.5000 (+0.12%)
  ETH: 1725.0000 (-0.31%)
  SOL: 74.2700 (+4.15%)
  BNB: 590.8200 (+0.34%)
  DOT: 0.9610 (+0.31%)
  LINK: 7.9400 (+0.51%)
  XRP: 1.1347 (-1.09%)
==================================================
[2026-06-22 02:07:18] 🔴 开空 XRP @1.129 | 评分:70 | 状态:trending | AI:做多(65%) | ✅ 下单成功
[2026-06-22 03:00:41] 
==================================================
📊 整点汇报 2026-06-22 03:00
恐惧贪婪指数: 23 (极度恐惧)
今日PnL: +0.00 USDT (+0.0%)
持仓数: 4/4
  🔴 ETH SHORT @1716.4000 现价:1729.3900 PnL:-1.52U (-0.76%)
  🟢 BNB LONG @589.2974 现价:590.7900 PnL:+0.51U (+0.25%)
  🔴 LINK SHORT @7.8840 现价:7.9520 PnL:-1.73U (-0.86%)
  🔴 XRP SHORT @1.1290 现价:1.1447 PnL:-2.78U (-1.39%)
  BTC: 63857.9000 (-0.05%)
  ETH: 1729.3900 (-0.19%)
  SOL: 74.1400 (+3.84%)
  BNB: 590.7900 (+0.81%)
  DOT: 0.9640 (+0.73%)
  LINK: 7.9520 (+0.80%)
  XRP: 1.1447 (+0.17%)
==================================================
[2026-06-22 04:00:32] 
==================================================
📊 整点汇报 2026-06-22 04:00
恐惧贪婪指数: 23 (极度恐惧)
今日PnL: +0.00 USDT (+0.0%)
持仓数: 0/4
  BTC: 63881.1000 (-0.13%)
  ETH: 1730.0000 (+0.07%)
  SOL: 74.4100 (+3.72%)
  BNB: 590.9200 (+0.79%)
  DOT: 0.9630 (+0.63%)
  LINK: 7.9510 (+0.71%)
  XRP: 1.1500 (+0.42%)
==================================================
[2026-06-22 05:00:25] 
==================================================
📊 整点汇报 2026-06-22 05:00
恐惧贪婪指数: 23 (极度恐惧)
今日PnL: +0.00 USDT (+0.0%)
持仓数: 4/4
  🔴 ETH SHORT @1716.4000 现价:1719.0800 PnL:-0.31U (-0.16%)
  🟢 BNB LONG @589.2974 现价:589.7500 PnL:+0.15U (+0.08%)
  🔴 XRP SHORT @1.1290 现价:1.1431 PnL:-2.50U (-1.25%)
  🔴 LINK SHORT @7.8840 现价:7.8840 PnL:+0.00U (+0.00%)
  BTC: 63800.8000 (-0.13%)
  ETH: 1719.0800 (-0.74%)
  SOL: 73.3900 (+2.03%)
  BNB: 589.7500 (+0.21%)
  DOT: 0.9560 (-0.31%)
  LINK: 7.8840 (-0.21%)
  XRP: 1.1431 (-0.13%)
==================================================
[2026-06-22 06:00:39] 
==================================================
📊 整点汇报 2026-06-22 06:00
恐惧贪婪指数: 23 (极度恐惧)
今日PnL: +0.00 USDT (+0.0%)
持仓数: 4/4
  🔴 ETH SHORT @1716.4000 现价:1705.0000 PnL:+1.33U (+0.66%)
  🟢 BNB LONG @589.2974 现价:590.9300 PnL:+0.56U (+0.28%)
  🔴 XRP SHORT @1.1290 现价:1.1371 PnL:-1.43U (-0.72%)
  🔴 LINK SHORT @7.8840 现价:7.8390 PnL:+1.14U (+0.57%)
  BTC: 63778.2000 (-0.16%)
  ETH: 1705.0000 (-1.89%)
  SOL: 73.1000 (+1.29%)
  BNB: 590.9300 (-0.10%)
  DOT: 0.9500 (-1.76%)
  LINK: 7.8390 (-1.12%)
  XRP: 1.1371 (-0.96%)
==================================================
[2026-06-22 07:00:34] 
==================================================
📊 整点汇报 2026-06-22 07:00
恐惧贪婪指数: 23 (极度恐惧)
今日PnL: +0.00 USDT (+0.0%)
持仓数: 4/4
  🔴 ETH SHORT @1716.4000 现价:1717.0100 PnL:-0.07U (-0.04%)
  🟢 BNB LONG @589.2974 现价:585.9500 PnL:-1.14U (-0.57%)
  🔴 XRP SHORT @1.1290 现价:1.1325 PnL:-0.62U (-0.31%)
  🔴 LINK SHORT @7.8840 现价:7.8320 PnL:+1.32U (+0.66%)
  BTC: 63391.8000 (-1.51%)
  ETH: 1717.0100 (-1.52%)
  SOL: 73.1400 (-0.50%)
  BNB: 585.9500 (-0.51%)
  DOT: 0.9480 (-2.57%)
  LINK: 7.8320 (-1.97%)
  XRP: 1.1325 (-1.79%)
==================================================
[2026-06-22 08:00:46] 
==================================================
📊 整点汇报 2026-06-22 08:00
恐惧贪婪指数: 23 (极度恐惧)
今日PnL: +0.00 USDT (+0.0%)
持仓数: 4/4
  🔴 ETH SHORT @1716.4000 现价:1707.2000 PnL:+1.08U (+0.54%)
  🟢 BNB LONG @589.2974 现价:584.2100 PnL:-1.73U (-0.86%)
  🔴 XRP SHORT @1.1290 现价:1.1250 PnL:+0.71U (+0.35%)
  🔴 LINK SHORT @7.8840 现价:7.7740 PnL:+2.79U (+1.40%)
  BTC: 63285.9000 (-1.53%)
  ETH: 1707.2000 (-1.88%)
  SOL: 72.4500 (+0.00%)
  BNB: 584.2100 (-0.82%)
  DOT: 0.9410 (-2.89%)
  LINK: 7.7740 (-2.63%)
  XRP: 1.1250 (-2.15%)
==================================================
[2026-06-22 09:00:11] 
==================================================
📊 整点汇报 2026-06-22 09:00
恐惧贪婪指数: 20 (极度恐惧)
今日PnL: +0.00 USDT (+0.0%)
持仓数: 4/4
  🔴 ETH SHORT @1716.4000 现价:1728.7400 PnL:-1.44U (-0.72%)
  🟢 BNB LONG @589.2974 现价:588.4700 PnL:-0.28U (-0.14%)
  🔴 XRP SHORT @1.1290 现价:1.1405 PnL:-2.04U (-1.02%)
  🔴 LINK SHORT @7.8840 现价:7.8830 PnL:+0.03U (+0.01%)
  BTC: 63718.1000 (-0.90%)
  ETH: 1728.7400 (-0.23%)
  SOL: 73.3600 (+0.41%)
  BNB: 588.4700 (+0.07%)
  DOT: 0.9550 (-1.65%)
  LINK: 7.8830 (-1.05%)
  XRP: 1.1405 (-0.91%)
==================================================
[2026-06-22 09:26:42] ❌ 平仓 XRP SL | 入场:1.1290 出场:1.1544 | PnL:-2.25% (-4.50USDT) | 平100%仓 | ✅ 平仓成功
[2026-06-22 09:27:02] ❌ 平仓 XRP SL | 入场:1.1290 出场:1.1544 | PnL:-2.25% (-3.55USDT) | 平100%仓 | ✅ 平仓成功
[2026-06-22 09:28:06] 🔴 开空 ETH @1756.11 | 评分:75 | 状态:trending | AI:做空(85%) | ✅ 下单成功
[2026-06-22 10:00:10] 
==================================================
📊 整点汇报 2026-06-22 10:00
恐惧贪婪指数: 20 (极度恐惧)
今日PnL: -8.33 USDT (-8.3%)
持仓数: 3/4
  🟢 BNB LONG @589.2974 现价:592.9200 PnL:+1.23U (+0.61%)
  🔴 LINK SHORT @7.8840 现价:7.9650 PnL:-2.05U (-1.03%)
  🔴 ETH SHORT @1756.1100 现价:1742.9000 PnL:+1.51U (+0.75%)
  BTC: 64276.4000 (+0.05%)
  ETH: 1742.9000 (+0.55%)
  SOL: 74.3300 (+1.61%)
  BNB: 592.9200 (+0.64%)
  DOT: 0.9620 (-0.72%)
  LINK: 7.9650 (+0.03%)
  XRP: 1.1512 (-0.29%)
==================================================
[2026-06-22 11:00:40] 
==================================================
📊 整点汇报 2026-06-22 11:00
恐惧贪婪指数: 20 (极度恐惧)
今日PnL: -8.33 USDT (-8.3%)
持仓数: 3/4
  🟢 BNB LONG @589.2974 现价:591.7600 PnL:+0.84U (+0.42%)
  🔴 LINK SHORT @7.8840 现价:7.9010 PnL:-0.43U (-0.22%)
  🔴 ETH SHORT @1756.1100 现价:1740.3700 PnL:+1.79U (+0.90%)
  BTC: 64093.6000 (-0.19%)
  ETH: 1740.3700 (+0.13%)
  SOL: 73.7800 (+0.66%)
  BNB: 591.7600 (+0.40%)
  DOT: 0.9550 (-1.34%)
  LINK: 7.9010 (-0.58%)
  XRP: 1.1430 (-1.35%)
==================================================
[2026-06-22 12:00:40] 
==================================================
📊 整点汇报 2026-06-22 12:00
恐惧贪婪指数: 20 (极度恐惧)
今日PnL: -8.33 USDT (-8.3%)
持仓数: 3/4
  🟢 BNB LONG @589.2974 现价:591.2000 PnL:+0.65U (+0.32%)
  🔴 LINK SHORT @7.8840 现价:7.8610 PnL:+0.58U (+0.29%)
  🔴 ETH SHORT @1756.1100 现价:1731.8100 PnL:+2.77U (+1.38%)
  BTC: 63965.9000 (-0.69%)
  ETH: 1731.8100 (-0.07%)
  SOL: 73.4800 (-0.14%)
  BNB: 591.2000 (+0.26%)
  DOT: 0.9500 (-2.06%)
  LINK: 7.8610 (-1.07%)
  XRP: 1.1312 (-1.90%)
==================================================
[2026-06-22 13:00:51] 
==================================================
📊 整点汇报 2026-06-22 13:00
恐惧贪婪指数: 20 (极度恐惧)
今日PnL: -8.33 USDT (-8.3%)
持仓数: 3/4
  🟢 BNB LONG @589.2974 现价:591.2000 PnL:+0.65U (+0.32%)
  🔴 LINK SHORT @7.8840 现价:7.8970 PnL:-0.33U (-0.16%)
  🔴 ETH SHORT @1756.1100 现价:1728.0000 PnL:+3.20U (+1.60%)
  BTC: 64100.0000 (-0.31%)
  ETH: 1728.0000 (-0.10%)
  SOL: 73.8200 (+0.61%)
  BNB: 591.2000 (+0.32%)
  DOT: 0.9580 (-1.03%)
  LINK: 7.8970 (-0.50%)
  XRP: 1.1449 (-0.64%)
==================================================
[2026-06-22 14:00:18] 
==================================================
📊 整点汇报 2026-06-22 14:00
恐惧贪婪指数: 20 (极度恐惧)
今日PnL: -8.33 USDT (-8.3%)
持仓数: 3/4
  🟢 BNB LONG @589.2974 现价:591.7800 PnL:+0.84U (+0.42%)
  🔴 LINK SHORT @7.8840 现价:7.9390 PnL:-1.40U (-0.70%)
  🔴 ETH SHORT @1756.1100 现价:1738.4700 PnL:+2.01U (+1.00%)
  BTC: 64217.0000 (-0.03%)
  ETH: 1738.4700 (+0.41%)
  SOL: 73.8800 (+1.16%)
  BNB: 591.7800 (+0.48%)
  DOT: 0.9580 (-0.62%)
  LINK: 7.9390 (+0.25%)
  XRP: 1.1354 (-0.91%)
==================================================
[2026-06-22 15:00:42] 
==================================================
📊 整点汇报 2026-06-22 15:00
恐惧贪婪指数: 20 (极度恐惧)
今日PnL: -8.33 USDT (-8.3%)
持仓数: 3/4
  🟢 BNB LONG @589.2974 现价:590.9600 PnL:+0.57U (+0.28%)
  🔴 LINK SHORT @7.8840 现价:7.9090 PnL:-0.63U (-0.32%)
  🔴 ETH SHORT @1756.1100 现价:1734.1500 PnL:+2.50U (+1.25%)
  BTC: 63955.2000 (-0.23%)
  ETH: 1734.1500 (+0.11%)
  SOL: 73.6900 (+0.66%)
  BNB: 590.9600 (+0.18%)
  DOT: 0.9570 (-1.03%)
  LINK: 7.9090 (-0.34%)
  XRP: 1.1308 (-1.37%)
==================================================
[2026-06-22 16:00:30] 
==================================================
📊 整点汇报 2026-06-22 16:00
恐惧贪婪指数: 20 (极度恐惧)
今日PnL: -8.33 USDT (-8.3%)
持仓数: 3/4
  🟢 BNB LONG @589.2974 现价:593.8900 PnL:+1.56U (+0.78%)
  🔴 LINK SHORT @7.8840 现价:7.9610 PnL:-1.95U (-0.98%)
  🔴 ETH SHORT @1756.1100 现价:1740.8400 PnL:+1.74U (+0.87%)
  BTC: 64169.2000 (+0.15%)
  ETH: 1740.8400 (+0.89%)
  SOL: 74.0600 (+1.22%)
  BNB: 593.8900 (+1.34%)
  DOT: 0.9630 (-0.31%)
  LINK: 7.9610 (+0.20%)
  XRP: 1.1369 (-0.85%)
==================================================
[2026-06-22 17:00:19] 
==================================================
📊 整点汇报 2026-06-22 17:00
恐惧贪婪指数: 20 (极度恐惧)
今日PnL: -8.33 USDT (-8.3%)
持仓数: 3/4
  🟢 BNB LONG @589.2974 现价:593.4700 PnL:+1.42U (+0.71%)
  🔴 LINK SHORT @7.8840 现价:7.9860 PnL:-2.59U (-1.29%)
  🔴 ETH SHORT @1756.1100 现价:1746.6200 PnL:+1.08U (+0.54%)
  BTC: 64131.1000 (+0.51%)
  ETH: 1746.6200 (+1.13%)
  SOL: 73.8600 (+1.08%)
  BNB: 593.4700 (+0.95%)
  DOT: 0.9620 (-0.31%)
  LINK: 7.9860 (+0.60%)
  XRP: 1.1345 (-0.80%)
==================================================
[2026-06-22 18:00:25] 
==================================================
📊 整点汇报 2026-06-22 18:00
恐惧贪婪指数: 20 (极度恐惧)
今日PnL: -8.33 USDT (-8.3%)
持仓数: 3/4
  🟢 BNB LONG @589.2974 现价:593.4300 PnL:+1.41U (+0.70%)
  🔴 LINK SHORT @7.8840 现价:7.9800 PnL:-2.44U (-1.22%)
  🔴 ETH SHORT @1756.1100 现价:1749.1800 PnL:+0.79U (+0.39%)
  BTC: 64159.3000 (+1.08%)
  ETH: 1749.1800 (+0.99%)
  SOL: 73.7600 (-0.28%)
  BNB: 593.4300 (+0.70%)
  DOT: 0.9590 (-1.44%)
  LINK: 7.9800 (-0.01%)
  XRP: 1.1342 (-1.07%)
==================================================
[2026-06-22 19:00:25] 
==================================================
📊 整点汇报 2026-06-22 19:00
恐惧贪婪指数: 20 (极度恐惧)
今日PnL: -8.33 USDT (-8.3%)
持仓数: 3/4
  🟢 BNB LONG @589.2974 现价:592.4000 PnL:+1.05U (+0.53%)
  🔴 LINK SHORT @7.8840 现价:7.9900 PnL:-2.69U (-1.34%)
  🔴 ETH SHORT @1756.1100 现价:1748.1500 PnL:+0.91U (+0.45%)
  BTC: 64255.2000 (+0.55%)
  ETH: 1748.1500 (+1.14%)
  SOL: 73.7300 (-0.23%)
  BNB: 592.4000 (+0.73%)
  DOT: 0.9570 (-1.34%)
  LINK: 7.9900 (+0.28%)
  XRP: 1.1381 (-0.04%)
==================================================
[2026-06-22 19:07:16] ❌ 平仓 LINK SL | 入场:7.8840 出场:8.0430 | PnL:-2.02% (-4.03USDT) | 平100%仓 | ✅ 平仓成功
[2026-06-22 19:07:48] ❌ 平仓 LINK TP1 | 入场:8.0499 出场:8.0430 | PnL:-0.09% (-0.15USDT) | 平100%仓 | ✅ 平仓成功
[2026-06-22 20:00:34] 
==================================================
📊 整点汇报 2026-06-22 20:00
恐惧贪婪指数: 20 (极度恐惧)
今日PnL: -11.75 USDT (-11.7%)
持仓数: 2/4
  🟢 BNB LONG @589.2974 现价:598.4100 PnL:+3.10U (+1.55%)
  🔴 ETH SHORT @1756.1100 现价:1767.5000 PnL:-1.30U (-0.65%)
  BTC: 64624.3000 (+1.46%)
  ETH: 1767.5000 (+3.34%)
  SOL: 74.1600 (+0.00%)
  BNB: 598.4100 (+1.63%)
  DOT: 0.9700 (+0.83%)
  LINK: 8.0730 (+1.79%)
  XRP: 1.1478 (+0.58%)
==================================================
[2026-06-22 20:14:05] 🟢 开多 LINK @8.088 | 评分:80 | 状态:trending | AI:做空(0.7%) | ✅ 下单成功
[2026-06-22 20:54:23] 🟢 开多 XRP @1.1548 | 评分:70 | 状态:trending | AI:做空(0.92%) | ✅ 下单成功
[2026-06-22 21:00:44] 
==================================================
📊 整点汇报 2026-06-22 21:00
恐惧贪婪指数: 20 (极度恐惧)
今日PnL: -11.75 USDT (-11.7%)
持仓数: 4/4
  🟢 BNB LONG @589.2974 现价:600.9900 PnL:+3.98U (+1.98%)
  🔴 ETH SHORT @1756.1100 现价:1763.0300 PnL:-0.79U (-0.39%)
  🟢 LINK LONG @8.0880 现价:8.1130 PnL:+0.62U (+0.31%)
  🟢 XRP LONG @1.1548 现价:1.1567 PnL:+0.33U (+0.16%)
  BTC: 65087.3000 (+2.15%)
  ETH: 1763.0300 (+2.57%)
  SOL: 74.3800 (+1.07%)
  BNB: 600.9900 (+2.30%)
  DOT: 0.9710 (+0.52%)
  LINK: 8.1130 (+2.24%)
  XRP: 1.1567 (+1.39%)
==================================================
[2026-06-22 22:00:50] 
==================================================
📊 整点汇报 2026-06-22 22:00
恐惧贪婪指数: 20 (极度恐惧)
今日PnL: -11.75 USDT (-11.7%)
持仓数: 4/4
  🟢 BNB LONG @589.2974 现价:602.2500 PnL:+4.40U (+2.20%)
  🔴 ETH SHORT @1756.1100 现价:1775.5700 PnL:-2.22U (-1.11%)
  🟢 LINK LONG @8.0880 现价:8.1440 PnL:+1.38U (+0.69%)
  🟢 XRP LONG @1.1548 现价:1.1627 PnL:+1.37U (+0.68%)
  BTC: 65502.6000 (+2.63%)
  ETH: 1775.5700 (+3.46%)
  SOL: 74.9300 (+1.48%)
  BNB: 602.2500 (+2.43%)
  DOT: 0.9770 (+1.03%)
  LINK: 8.1440 (+2.39%)
  XRP: 1.1627 (+1.77%)
==================================================
[2026-06-22 22:33:21] ✅ 平仓 BNB SL | 入场:589.2974 出场:597.4000 | PnL:1.37% (+2.75USDT) | 平100%仓 | ✅ 平仓成功
[2026-06-22 22:33:32] ❌ 平仓 BNB TP1 | 入场:597.3200 出场:597.4000 | PnL:-0.01% (-0.03USDT) | 平100%仓 | ✅ 平仓成功
[2026-06-22 23:00:47] 
==================================================
📊 整点汇报 2026-06-22 23:00
恐惧贪婪指数: 20 (极度恐惧)
今日PnL: -8.47 USDT (-8.5%)
持仓数: 3/4
  🔴 ETH SHORT @1756.1100 现价:1753.2200 PnL:+0.33U (+0.16%)
  🟢 LINK LONG @8.0880 现价:8.0130 PnL:-1.85U (-0.93%)
  🟢 XRP LONG @1.1548 现价:1.1427 PnL:-2.10U (-1.05%)
  BTC: 64949.8000 (+1.27%)
  ETH: 1753.2200 (+1.90%)
  SOL: 73.3200 (-0.78%)
  BNB: 598.1400 (+1.72%)
  DOT: 0.9650 (+0.00%)
  LINK: 8.0130 (+0.72%)
  XRP: 1.1427 (+0.22%)
==================================================
