[2026-07-02 00:00:31] 
==================================================
📊 整点汇报 2026-07-02 00:00
恐惧贪婪指数: 11 (极度恐惧)
今日PnL: +0.00 USDT (+0.0%)
持仓数: 4/4
  🟢 DOT LONG @0.8450 现价:0.8450 PnL:+0.00U (+0.00%)
  🔴 LINK SHORT @7.3810 现价:7.4070 PnL:-0.70U (-0.35%)
  🔴 BTC SHORT @59642.0000 现价:60100.0000 PnL:-1.37U (-0.77%)
  🔴 BNB SHORT @549.7600 现价:555.4300 PnL:-2.04U (-1.03%)
  BTC: 60100.0000 (+2.72%)
  ETH: 1618.6300 (+3.21%)
  SOL: 77.2800 (+5.23%)
  BNB: 555.4300 (+1.66%)
  DOT: 0.8450 (+3.55%)
  LINK: 7.4070 (+3.22%)
  XRP: 1.0595 (+2.13%)
==================================================
[2026-07-02 00:10:34] ✅ 平仓 ETH 迷你仓修复 | 入场:1606.4100 出场:1606.4100 | PnL:0.00% (+0.00USDT) | 平100%仓 | ❌ 平仓失败
[2026-07-02 00:21:12] ✅ 平仓 ETH 迷你仓修复 | 入场:1606.4100 出场:1606.4100 | PnL:0.00% (+0.00USDT) | 平100%仓 | ❌ 平仓失败
[2026-07-02 00:31:42] ✅ 平仓 ETH 迷你仓修复 | 入场:1606.4100 出场:1606.4100 | PnL:0.00% (+0.00USDT) | 平100%仓 | ❌ 平仓失败
[2026-07-02 00:41:39] ✅ 平仓 ETH 迷你仓修复 | 入场:1606.4100 出场:1606.4100 | PnL:0.00% (+0.00USDT) | 平100%仓 | ❌ 平仓失败
[2026-07-02 00:51:16] ✅ 平仓 ETH 迷你仓修复 | 入场:1606.4100 出场:1606.4100 | PnL:0.00% (+0.00USDT) | 平100%仓 | ❌ 平仓失败
[2026-07-02 01:00:59] ✅ 平仓 ETH 迷你仓修复 | 入场:1606.4100 出场:1606.4100 | PnL:0.00% (+0.00USDT) | 平100%仓 | ❌ 平仓失败
[2026-07-02 01:01:58] 
==================================================
📊 整点汇报 2026-07-02 01:01
恐惧贪婪指数: 11 (极度恐惧)
今日PnL: +0.00 USDT (+0.0%)
持仓数: 4/4
  🟢 DOT LONG @0.8450 现价:0.8380 PnL:-1.66U (-0.83%)
  🔴 LINK SHORT @7.3810 现价:7.3680 PnL:+0.35U (+0.18%)
  🔴 BTC SHORT @59642.0000 现价:59897.3000 PnL:-0.77U (-0.43%)
  🔴 BNB SHORT @549.7600 现价:551.9600 PnL:-0.79U (-0.40%)
  BTC: 59897.3000 (+2.44%)
  ETH: 1614.2800 (+2.65%)
  SOL: 77.1000 (+4.96%)
  BNB: 551.9600 (+0.92%)
  DOT: 0.8380 (+2.57%)
  LINK: 7.3680 (+2.56%)
  XRP: 1.0563 (+1.47%)
==================================================
[2026-07-02 01:10:54] ✅ 平仓 ETH 迷你仓修复 | 入场:1606.4100 出场:1606.4100 | PnL:0.00% (+0.00USDT) | 平100%仓 | ❌ 平仓失败
[2026-07-02 01:20:09] ✅ 平仓 ETH 迷你仓修复 | 入场:1606.4100 出场:1606.4100 | PnL:0.00% (+0.00USDT) | 平100%仓 | ❌ 平仓失败
[2026-07-02 01:29:28] ✅ 平仓 ETH 迷你仓修复 | 入场:1606.4100 出场:1606.4100 | PnL:0.00% (+0.00USDT) | 平100%仓 | ❌ 平仓失败
[2026-07-02 02:02:19] 
==================================================
📊 整点汇报 2026-07-02 02:00
恐惧贪婪指数: 50 (中性)
今日PnL: +0.00 USDT (+0.0%)
持仓数: 0/4
  BTC: 60144.1000 (+0.00%)
  ETH: 1621.3800 (+3.16%)
  SOL: 77.6700 (+5.76%)
  BNB: 553.5300 (+1.13%)
  DOT: 0.8350 (+2.08%)
  LINK: 7.3850 (+2.85%)
  XRP: 1.0593 (+1.84%)
==================================================
[2026-07-02 03:01:33] 
==================================================
📊 整点汇报 2026-07-02 03:00
恐惧贪婪指数: 50 (中性)
今日PnL: +0.00 USDT (+0.0%)
持仓数: 0/4
  BTC: 60144.1000 (+0.00%)
  ETH: 1621.3800 (+3.16%)
  SOL: 77.6700 (+5.76%)
  BNB: 553.5300 (+1.13%)
  DOT: 0.8350 (+2.08%)
  LINK: 7.3850 (+2.85%)
  XRP: 1.0593 (+1.84%)
==================================================
[2026-07-02 04:05:37] 
==================================================
📊 整点汇报 2026-07-02 04:04
恐惧贪婪指数: 50 (中性)
今日PnL: +0.00 USDT (+0.0%)
持仓数: 0/4
  BTC: 60144.1000 (+0.00%)
  ETH: 1621.3800 (+3.16%)
  SOL: 77.6700 (+5.76%)
  BNB: 553.5300 (+1.13%)
  DOT: 0.8350 (+2.08%)
  LINK: 7.3850 (+2.85%)
  XRP: 1.0593 (+1.84%)
==================================================
[2026-07-02 05:05:10] 
==================================================
📊 整点汇报 2026-07-02 05:03
恐惧贪婪指数: 50 (中性)
今日PnL: +0.00 USDT (+0.0%)
持仓数: 0/4
  BTC: 60144.1000 (+0.00%)
  ETH: 1621.3800 (+3.16%)
  SOL: 77.6700 (+5.76%)
  BNB: 553.5300 (+1.13%)
  DOT: 0.8350 (+2.08%)
  LINK: 7.3850 (+2.85%)
  XRP: 1.0593 (+1.84%)
==================================================
[2026-07-02 06:03:45] 
==================================================
📊 整点汇报 2026-07-02 06:02
恐惧贪婪指数: 50 (中性)
今日PnL: +0.00 USDT (+0.0%)
持仓数: 0/4
  BTC: 60144.1000 (+0.00%)
  ETH: 1621.3800 (+3.16%)
  SOL: 77.6700 (+5.76%)
  BNB: 553.5300 (+1.13%)
  DOT: 0.8350 (+2.08%)
  LINK: 7.3850 (+2.85%)
  XRP: 1.0593 (+1.84%)
==================================================
[2026-07-02 07:02:38] 
==================================================
📊 整点汇报 2026-07-02 07:01
恐惧贪婪指数: 50 (中性)
今日PnL: +0.00 USDT (+0.0%)
持仓数: 0/4
  BTC: 60144.1000 (+0.00%)
  ETH: 1621.3800 (+3.16%)
  SOL: 77.6700 (+5.76%)
  BNB: 553.5300 (+1.13%)
  DOT: 0.8350 (+2.08%)
  LINK: 7.3850 (+2.85%)
  XRP: 1.0593 (+1.84%)
==================================================
[2026-07-02 08:00:47] 
==================================================
📊 整点汇报 2026-07-02 08:00
恐惧贪婪指数: 50 (中性)
今日PnL: -3.83 USDT (-3.8%)
持仓数: 5/4
  🟢 DOT LONG @0.8450 现价:0.8350 PnL:-0.12U (-1.18%)
  🟢 ETH LONG @1606.4100 现价:1621.3800 PnL:+0.12U (+0.93%)
  🔴 LINK SHORT @7.3810 现价:7.3850 PnL:-0.11U (-0.05%)
  🔴 BTC SHORT @59642.0000 现价:60144.1000 PnL:-1.51U (-0.84%)
  🔴 BNB SHORT @549.7600 现价:553.5300 PnL:-1.36U (-0.69%)
  BTC: 60144.1000 (+0.00%)
  ETH: 1621.3800 (+3.16%)
  SOL: 77.6700 (+5.76%)
  BNB: 553.5300 (+1.13%)
  DOT: 0.8350 (+2.08%)
  LINK: 7.3850 (+2.85%)
  XRP: 1.0593 (+1.84%)
==================================================
[2026-07-02 08:03:16] ✅ 平仓 DOT 迷你仓修复 | 入场:0.8450 出场:0.8450 | PnL:0.00% (+0.00USDT) | 平100%仓 | ✅ 平仓成功
[2026-07-02 08:03:59] ✅ 平仓 ETH 迷你仓修复 | 入场:1606.4100 出场:1606.4100 | PnL:0.00% (+0.00USDT) | 平100%仓 | ❌ 平仓失败
[2026-07-02 08:04:17] ❌ 平仓 DOT SL | 入场:0.8450 出场:0.8250 | PnL:-2.37% (-4.73USDT) | 平100%仓 | ✅ 平仓成功
[2026-07-02 08:10:50] ✅ 平仓 DOT 迷你仓修复 | 入场:0.8290 出场:0.8290 | PnL:0.00% (+0.00USDT) | 平100%仓 | ✅ 平仓成功
[2026-07-02 08:11:30] ✅ 平仓 ETH 迷你仓修复 | 入场:1606.4100 出场:1606.4100 | PnL:0.00% (+0.00USDT) | 平100%仓 | ❌ 平仓失败
[2026-07-02 08:18:44] ✅ 平仓 ETH 迷你仓修复 | 入场:1606.4100 出场:1606.4100 | PnL:0.00% (+0.00USDT) | 平100%仓 | ❌ 平仓失败
[2026-07-02 08:26:03] ✅ 平仓 ETH 迷你仓修复 | 入场:1606.4100 出场:1606.4100 | PnL:0.00% (+0.00USDT) | 平100%仓 | ❌ 平仓失败
[2026-07-02 08:33:12] ✅ 平仓 ETH 迷你仓修复 | 入场:1606.4100 出场:1606.4100 | PnL:0.00% (+0.00USDT) | 平100%仓 | ❌ 平仓失败
[2026-07-02 08:40:18] ✅ 平仓 ETH 迷你仓修复 | 入场:1606.4100 出场:1606.4100 | PnL:0.00% (+0.00USDT) | 平100%仓 | ❌ 平仓失败
[2026-07-02 08:47:23] ✅ 平仓 ETH 迷你仓修复 | 入场:1606.4100 出场:1606.4100 | PnL:0.00% (+0.00USDT) | 平100%仓 | ❌ 平仓失败
[2026-07-02 08:54:43] ✅ 平仓 ETH 迷你仓修复 | 入场:1606.4100 出场:1606.4100 | PnL:0.00% (+0.00USDT) | 平100%仓 | ❌ 平仓失败
[2026-07-02 09:00:18] 
==================================================
📊 整点汇报 2026-07-02 09:00
恐惧贪婪指数: 19 (极度恐惧)
今日PnL: -5.00 USDT (-5.0%)
持仓数: 4/4
  🟢 DOT LONG @0.8289 现价:0.8280 PnL:-0.22U (-0.11%)
  🔴 LINK SHORT @7.3810 现价:7.3400 PnL:+1.11U (+0.56%)
  🔴 BTC SHORT @59642.0000 现价:59734.3000 PnL:-0.28U (-0.15%)
  🔴 BNB SHORT @549.7600 现价:547.9200 PnL:+0.66U (+0.33%)
  BTC: 59734.3000 (+2.02%)
  ETH: 1602.1600 (+1.80%)
  SOL: 77.2000 (+4.83%)
  BNB: 547.9200 (-0.05%)
  DOT: 0.8280 (+0.85%)
  LINK: 7.3400 (+2.02%)
  XRP: 1.0462 (+1.00%)
==================================================
[2026-07-02 09:02:02] ✅ 平仓 ETH 迷你仓修复 | 入场:1606.4100 出场:1606.4100 | PnL:0.00% (+0.00USDT) | 平100%仓 | ❌ 平仓失败
[2026-07-02 09:09:25] ✅ 平仓 ETH 迷你仓修复 | 入场:1606.4100 出场:1606.4100 | PnL:0.00% (+0.00USDT) | 平100%仓 | ❌ 平仓失败
[2026-07-02 09:17:01] ✅ 平仓 ETH 迷你仓修复 | 入场:1606.4100 出场:1606.4100 | PnL:0.00% (+0.00USDT) | 平100%仓 | ❌ 平仓失败
[2026-07-02 09:24:35] ✅ 平仓 ETH 迷你仓修复 | 入场:1606.4100 出场:1606.4100 | PnL:0.00% (+0.00USDT) | 平100%仓 | ❌ 平仓失败
[2026-07-02 09:32:23] ✅ 平仓 ETH 迷你仓修复 | 入场:1606.4100 出场:1606.4100 | PnL:0.00% (+0.00USDT) | 平100%仓 | ❌ 平仓失败
[2026-07-02 09:40:04] ✅ 平仓 ETH 迷你仓修复 | 入场:1606.4100 出场:1606.4100 | PnL:0.00% (+0.00USDT) | 平100%仓 | ❌ 平仓失败
[2026-07-02 09:47:39] ✅ 平仓 ETH 迷你仓修复 | 入场:1606.4100 出场:1606.4100 | PnL:0.00% (+0.00USDT) | 平100%仓 | ❌ 平仓失败
[2026-07-02 09:55:17] ✅ 平仓 ETH 迷你仓修复 | 入场:1606.4100 出场:1606.4100 | PnL:0.00% (+0.00USDT) | 平100%仓 | ❌ 平仓失败
[2026-07-02 10:00:23] 
==================================================
📊 整点汇报 2026-07-02 10:00
恐惧贪婪指数: 19 (极度恐惧)
今日PnL: -5.00 USDT (-5.0%)
持仓数: 4/4
  🟢 DOT LONG @0.8289 现价:0.8360 PnL:+1.71U (+0.85%)
  🔴 LINK SHORT @7.3810 现价:7.4200 PnL:-1.06U (-0.53%)
  🔴 BTC SHORT @59642.0000 现价:60132.0000 PnL:-1.47U (-0.82%)
  🔴 BNB SHORT @549.7600 现价:550.7900 PnL:-0.37U (-0.19%)
  BTC: 60132.0000 (+2.35%)
  ETH: 1619.5200 (+2.69%)
  SOL: 78.1300 (+5.68%)
  BNB: 550.7900 (+0.44%)
  DOT: 0.8360 (+1.58%)
  LINK: 7.4200 (+2.71%)
  XRP: 1.0566 (+1.49%)
==================================================
[2026-07-02 10:03:00] ✅ 平仓 ETH 迷你仓修复 | 入场:1606.4100 出场:1606.4100 | PnL:0.00% (+0.00USDT) | 平100%仓 | ❌ 平仓失败
[2026-07-02 10:10:47] ✅ 平仓 ETH 迷你仓修复 | 入场:1606.4100 出场:1606.4100 | PnL:0.00% (+0.00USDT) | 平100%仓 | ❌ 平仓失败
[2026-07-02 10:18:39] ✅ 平仓 ETH 迷你仓修复 | 入场:1606.4100 出场:1606.4100 | PnL:0.00% (+0.00USDT) | 平100%仓 | ❌ 平仓失败
[2026-07-02 10:26:22] ✅ 平仓 ETH 迷你仓修复 | 入场:1606.4100 出场:1606.4100 | PnL:0.00% (+0.00USDT) | 平100%仓 | ❌ 平仓失败
[2026-07-02 10:34:12] ✅ 平仓 ETH 迷你仓修复 | 入场:1606.4100 出场:1606.4100 | PnL:0.00% (+0.00USDT) | 平100%仓 | ❌ 平仓失败
[2026-07-02 10:42:03] ✅ 平仓 ETH 迷你仓修复 | 入场:1606.4100 出场:1606.4100 | PnL:0.00% (+0.00USDT) | 平100%仓 | ❌ 平仓失败
[2026-07-02 10:50:09] ✅ 平仓 ETH 迷你仓修复 | 入场:1606.4100 出场:1606.4100 | PnL:0.00% (+0.00USDT) | 平100%仓 | ❌ 平仓失败
[2026-07-02 10:58:17] ✅ 平仓 ETH 迷你仓修复 | 入场:1606.4100 出场:1606.4100 | PnL:0.00% (+0.00USDT) | 平100%仓 | ❌ 平仓失败
[2026-07-02 11:00:11] 
==================================================
📊 整点汇报 2026-07-02 11:00
恐惧贪婪指数: 19 (极度恐惧)
今日PnL: -5.00 USDT (-5.0%)
持仓数: 4/4
  🟢 DOT LONG @0.8289 现价:0.8390 PnL:+2.43U (+1.22%)
  🔴 LINK SHORT @7.3810 现价:7.4100 PnL:-0.79U (-0.39%)
  🔴 BTC SHORT @59642.0000 现价:60368.5000 PnL:-2.18U (-1.22%)
  🔴 BNB SHORT @549.7600 现价:551.6100 PnL:-0.67U (-0.34%)
  BTC: 60368.5000 (+2.17%)
  ETH: 1621.0500 (+2.21%)
  SOL: 78.4000 (+4.72%)
  BNB: 551.6100 (+0.25%)
  DOT: 0.8390 (+1.08%)
  LINK: 7.4100 (+2.18%)
  XRP: 1.0596 (+1.33%)
==================================================
[2026-07-02 11:06:25] ✅ 平仓 ETH 迷你仓修复 | 入场:1606.4100 出场:1606.4100 | PnL:0.00% (+0.00USDT) | 平100%仓 | ❌ 平仓失败
[2026-07-02 11:14:47] ✅ 平仓 ETH 迷你仓修复 | 入场:1606.4100 出场:1606.4100 | PnL:0.00% (+0.00USDT) | 平100%仓 | ❌ 平仓失败
[2026-07-02 11:23:11] ✅ 平仓 ETH 迷你仓修复 | 入场:1606.4100 出场:1606.4100 | PnL:0.00% (+0.00USDT) | 平100%仓 | ❌ 平仓失败
[2026-07-02 11:31:27] ✅ 平仓 ETH 迷你仓修复 | 入场:1606.4100 出场:1606.4100 | PnL:0.00% (+0.00USDT) | 平100%仓 | ❌ 平仓失败
[2026-07-02 11:39:36] ✅ 平仓 ETH 迷你仓修复 | 入场:1606.4100 出场:1606.4100 | PnL:0.00% (+0.00USDT) | 平100%仓 | ❌ 平仓失败
[2026-07-02 11:47:46] ✅ 平仓 ETH 迷你仓修复 | 入场:1606.4100 出场:1606.4100 | PnL:0.00% (+0.00USDT) | 平100%仓 | ❌ 平仓失败
[2026-07-02 11:52:52] ❌ 平仓 BTC SL | 入场:59642.0000 出场:60838.4000 | PnL:-2.01% (-3.59USDT) | 平100%仓 | ✅ 平仓成功
[2026-07-02 11:55:43] ✅ 平仓 ETH 迷你仓修复 | 入场:1606.4100 出场:1606.4100 | PnL:0.00% (+0.00USDT) | 平100%仓 | ❌ 平仓失败
[2026-07-02 11:56:35] ❌ 平仓 LINK SL | 入场:7.3810 出场:7.5330 | PnL:-2.06% (-4.12USDT) | 平100%仓 | ✅ 平仓成功
[2026-07-02 11:56:54] ❌ 平仓 LINK TP1 | 入场:7.5340 出场:7.5330 | PnL:-0.01% (-0.02USDT) | 平100%仓 | ✅ 平仓成功
[2026-07-02 12:00:40] 
==================================================
📊 整点汇报 2026-07-02 12:00
恐惧贪婪指数: 19 (极度恐惧)
今日PnL: -13.34 USDT (-13.3%)
持仓数: 2/4
  🟢 DOT LONG @0.8289 现价:0.8470 PnL:+4.36U (+2.18%)
  🔴 BNB SHORT @549.7600 现价:556.0100 PnL:-2.25U (-1.14%)
  BTC: 60994.9000 (+3.11%)
  ETH: 1638.0200 (+2.76%)
  SOL: 78.6700 (+4.28%)
  BNB: 556.0100 (+0.71%)
  DOT: 0.8470 (+1.32%)
  LINK: 7.5330 (+3.33%)
  XRP: 1.0666 (+1.55%)
==================================================
[2026-07-02 12:03:59] ✅ 平仓 ETH 迷你仓修复 | 入场:1606.4100 出场:1606.4100 | PnL:0.00% (+0.00USDT) | 平100%仓 | ❌ 平仓失败
[2026-07-02 12:12:22] ✅ 平仓 ETH 迷你仓修复 | 入场:1606.4100 出场:1606.4100 | PnL:0.00% (+0.00USDT) | 平100%仓 | ❌ 平仓失败
[2026-07-02 12:20:20] ✅ 平仓 ETH 迷你仓修复 | 入场:1606.4100 出场:1606.4100 | PnL:0.00% (+0.00USDT) | 平100%仓 | ❌ 平仓失败
[2026-07-02 12:28:16] ✅ 平仓 ETH 迷你仓修复 | 入场:1606.4100 出场:1606.4100 | PnL:0.00% (+0.00USDT) | 平100%仓 | ❌ 平仓失败
[2026-07-02 12:36:21] ✅ 平仓 ETH 迷你仓修复 | 入场:1606.4100 出场:1606.4100 | PnL:0.00% (+0.00USDT) | 平100%仓 | ❌ 平仓失败
[2026-07-02 12:44:25] ✅ 平仓 ETH 迷你仓修复 | 入场:1606.4100 出场:1606.4100 | PnL:0.00% (+0.00USDT) | 平100%仓 | ❌ 平仓失败
[2026-07-02 12:52:17] ✅ 平仓 ETH 迷你仓修复 | 入场:1606.4100 出场:1606.4100 | PnL:0.00% (+0.00USDT) | 平100%仓 | ❌ 平仓失败
[2026-07-02 13:00:22] ✅ 平仓 ETH 迷你仓修复 | 入场:1606.4100 出场:1606.4100 | PnL:0.00% (+0.00USDT) | 平100%仓 | ❌ 平仓失败
[2026-07-02 13:01:24] 
==================================================
📊 整点汇报 2026-07-02 13:01
恐惧贪婪指数: 50 (中性)
今日PnL: -13.34 USDT (-13.3%)
持仓数: 2/4
  🟢 DOT LONG @0.8289 现价:0.8460 PnL:+4.12U (+2.06%)
  🔴 BNB SHORT @549.7600 现价:554.7600 PnL:-1.80U (-0.91%)
  BTC: 60770.5000 (+2.48%)
  ETH: 1632.3000 (+2.08%)
  SOL: 78.2500 (+3.49%)
  BNB: 554.7600 (+0.59%)
  DOT: 0.8460 (+0.95%)
  LINK: 7.5080 (+2.69%)
  XRP: 1.0642 (+1.26%)
==================================================
[2026-07-02 13:09:13] ✅ 平仓 ETH 迷你仓修复 | 入场:1606.4100 出场:1606.4100 | PnL:0.00% (+0.00USDT) | 平100%仓 | ❌ 平仓失败
[2026-07-02 13:17:06] ✅ 平仓 ETH 迷你仓修复 | 入场:1606.4100 出场:1606.4100 | PnL:0.00% (+0.00USDT) | 平100%仓 | ❌ 平仓失败
[2026-07-02 13:24:59] ✅ 平仓 ETH 迷你仓修复 | 入场:1606.4100 出场:1606.4100 | PnL:0.00% (+0.00USDT) | 平100%仓 | ❌ 平仓失败
[2026-07-02 13:32:45] ✅ 平仓 ETH 迷你仓修复 | 入场:1606.4100 出场:1606.4100 | PnL:0.00% (+0.00USDT) | 平100%仓 | ❌ 平仓失败
[2026-07-02 13:40:46] ✅ 平仓 ETH 迷你仓修复 | 入场:1606.4100 出场:1606.4100 | PnL:0.00% (+0.00USDT) | 平100%仓 | ❌ 平仓失败
[2026-07-02 13:48:42] ✅ 平仓 ETH 迷你仓修复 | 入场:1606.4100 出场:1606.4100 | PnL:0.00% (+0.00USDT) | 平100%仓 | ❌ 平仓失败
[2026-07-02 13:56:31] ✅ 平仓 ETH 迷你仓修复 | 入场:1606.4100 出场:1606.4100 | PnL:0.00% (+0.00USDT) | 平100%仓 | ❌ 平仓失败
[2026-07-02 14:00:07] 
==================================================
📊 整点汇报 2026-07-02 14:00
恐惧贪婪指数: 19 (极度恐惧)
今日PnL: -13.34 USDT (-13.3%)
持仓数: 2/4
  🟢 DOT LONG @0.8289 现价:0.8380 PnL:+2.19U (+1.10%)
  🔴 BNB SHORT @549.7600 现价:552.6200 PnL:-1.03U (-0.52%)
  BTC: 60485.6000 (+2.33%)
  ETH: 1626.2200 (+2.19%)
  SOL: 78.0600 (+3.78%)
  BNB: 552.6200 (+0.30%)
  DOT: 0.8380 (+0.48%)
  LINK: 7.4780 (+2.79%)
  XRP: 1.0595 (+0.87%)
==================================================
[2026-07-02 14:04:33] ✅ 平仓 ETH 迷你仓修复 | 入场:1606.4100 出场:1606.4100 | PnL:0.00% (+0.00USDT) | 平100%仓 | ❌ 平仓失败
[2026-07-02 14:12:35] ✅ 平仓 ETH 迷你仓修复 | 入场:1606.4100 出场:1606.4100 | PnL:0.00% (+0.00USDT) | 平100%仓 | ❌ 平仓失败
[2026-07-02 14:20:38] ✅ 平仓 ETH 迷你仓修复 | 入场:1606.4100 出场:1606.4100 | PnL:0.00% (+0.00USDT) | 平100%仓 | ❌ 平仓失败
[2026-07-02 14:29:03] ✅ 平仓 ETH 迷你仓修复 | 入场:1606.4100 出场:1606.4100 | PnL:0.00% (+0.00USDT) | 平100%仓 | ❌ 平仓失败
[2026-07-02 14:37:21] ✅ 平仓 ETH 迷你仓修复 | 入场:1606.4100 出场:1606.4100 | PnL:0.00% (+0.00USDT) | 平100%仓 | ❌ 平仓失败
[2026-07-02 14:45:44] ✅ 平仓 ETH 迷你仓修复 | 入场:1606.4100 出场:1606.4100 | PnL:0.00% (+0.00USDT) | 平100%仓 | ❌ 平仓失败
[2026-07-02 14:53:52] ✅ 平仓 ETH 迷你仓修复 | 入场:1606.4100 出场:1606.4100 | PnL:0.00% (+0.00USDT) | 平100%仓 | ❌ 平仓失败
[2026-07-02 15:00:35] 
==================================================
📊 整点汇报 2026-07-02 15:00
恐惧贪婪指数: 19 (极度恐惧)
今日PnL: -13.34 USDT (-13.3%)
持仓数: 2/4
  🟢 DOT LONG @0.8289 现价:0.8370 PnL:+1.95U (+0.98%)
  🔴 BNB SHORT @549.7600 现价:549.5300 PnL:+0.08U (+0.04%)
  BTC: 60248.4000 (+2.60%)
  ETH: 1618.4100 (+2.77%)
  SOL: 77.8600 (+4.90%)
  BNB: 549.5300 (+0.61%)
  DOT: 0.8370 (+0.48%)
  LINK: 7.4410 (+3.40%)
  XRP: 1.0555 (+1.32%)
==================================================
[2026-07-02 15:02:02] ✅ 平仓 ETH 迷你仓修复 | 入场:1606.4100 出场:1606.4100 | PnL:0.00% (+0.00USDT) | 平100%仓 | ❌ 平仓失败
[2026-07-02 15:10:07] ✅ 平仓 ETH 迷你仓修复 | 入场:1606.4100 出场:1606.4100 | PnL:0.00% (+0.00USDT) | 平100%仓 | ❌ 平仓失败
[2026-07-02 15:18:10] ✅ 平仓 ETH 迷你仓修复 | 入场:1606.4100 出场:1606.4100 | PnL:0.00% (+0.00USDT) | 平100%仓 | ❌ 平仓失败
[2026-07-02 15:26:34] ✅ 平仓 ETH 迷你仓修复 | 入场:1606.4100 出场:1606.4100 | PnL:0.00% (+0.00USDT) | 平100%仓 | ❌ 平仓失败
[2026-07-02 15:34:47] ✅ 平仓 ETH 迷你仓修复 | 入场:1606.4100 出场:1606.4100 | PnL:0.00% (+0.00USDT) | 平100%仓 | ❌ 平仓失败
[2026-07-02 15:43:07] ✅ 平仓 ETH 迷你仓修复 | 入场:1606.4100 出场:1606.4100 | PnL:0.00% (+0.00USDT) | 平100%仓 | ❌ 平仓失败
[2026-07-02 15:51:29] ✅ 平仓 ETH 迷你仓修复 | 入场:1606.4100 出场:1606.4100 | PnL:0.00% (+0.00USDT) | 平100%仓 | ❌ 平仓失败
[2026-07-02 16:00:09] ✅ 平仓 ETH 迷你仓修复 | 入场:1606.4100 出场:1606.4100 | PnL:0.00% (+0.00USDT) | 平100%仓 | ❌ 平仓失败
[2026-07-02 16:00:54] 
==================================================
📊 整点汇报 2026-07-02 16:00
恐惧贪婪指数: 19 (极度恐惧)
今日PnL: -13.34 USDT (-13.3%)
持仓数: 2/4
  🟢 DOT LONG @0.8289 现价:0.8400 PnL:+2.67U (+1.34%)
  🔴 BNB SHORT @549.7600 现价:549.8300 PnL:-0.03U (-0.01%)
  BTC: 60133.9000 (+2.37%)
  ETH: 1614.6900 (+2.31%)
  SOL: 77.9100 (+4.16%)
  BNB: 549.8300 (+0.46%)
  DOT: 0.8400 (+0.72%)
  LINK: 7.4460 (+3.43%)
  XRP: 1.0578 (+1.44%)
==================================================
[2026-07-02 16:09:20] ✅ 平仓 ETH 迷你仓修复 | 入场:1606.4100 出场:1606.4100 | PnL:0.00% (+0.00USDT) | 平100%仓 | ❌ 平仓失败
[2026-07-02 16:18:08] ✅ 平仓 ETH 迷你仓修复 | 入场:1606.4100 出场:1606.4100 | PnL:0.00% (+0.00USDT) | 平100%仓 | ❌ 平仓失败
[2026-07-02 16:27:06] ✅ 平仓 ETH 迷你仓修复 | 入场:1606.4100 出场:1606.4100 | PnL:0.00% (+0.00USDT) | 平100%仓 | ❌ 平仓失败
[2026-07-02 16:35:56] ✅ 平仓 ETH 迷你仓修复 | 入场:1606.4100 出场:1606.4100 | PnL:0.00% (+0.00USDT) | 平100%仓 | ❌ 平仓失败
[2026-07-02 16:44:35] ✅ 平仓 ETH 迷你仓修复 | 入场:1606.4100 出场:1606.4100 | PnL:0.00% (+0.00USDT) | 平100%仓 | ❌ 平仓失败
[2026-07-02 16:53:24] ✅ 平仓 ETH 迷你仓修复 | 入场:1606.4100 出场:1606.4100 | PnL:0.00% (+0.00USDT) | 平100%仓 | ❌ 平仓失败
[2026-07-02 17:00:11] 
==================================================
📊 整点汇报 2026-07-02 17:00
恐惧贪婪指数: 19 (极度恐惧)
今日PnL: -13.34 USDT (-13.3%)
持仓数: 2/4
  🟢 DOT LONG @0.8289 现价:0.8460 PnL:+4.12U (+2.06%)
  🔴 BNB SHORT @549.7600 现价:551.2400 PnL:-0.53U (-0.27%)
  BTC: 60481.6000 (+2.72%)
  ETH: 1624.3300 (+2.80%)
  SOL: 78.4200 (+3.98%)
  BNB: 551.2400 (+0.66%)
  DOT: 0.8460 (+1.07%)
  LINK: 7.5010 (+3.62%)
  XRP: 1.0635 (+1.80%)
==================================================
[2026-07-02 17:02:27] ✅ 平仓 ETH 迷你仓修复 | 入场:1606.4100 出场:1606.4100 | PnL:0.00% (+0.00USDT) | 平100%仓 | ❌ 平仓失败
[2026-07-02 17:11:08] ✅ 平仓 ETH 迷你仓修复 | 入场:1606.4100 出场:1606.4100 | PnL:0.00% (+0.00USDT) | 平100%仓 | ❌ 平仓失败
[2026-07-02 17:13:17] 🟢 开多 SOL @78.53 | 评分:80 | 状态:trending | ✅ 下单成功
[2026-07-02 17:19:56] ✅ 平仓 ETH 迷你仓修复 | 入场:1606.4100 出场:1606.4100 | PnL:0.00% (+0.00USDT) | 平100%仓 | ❌ 平仓失败
[2026-07-02 17:28:36] ✅ 平仓 ETH 迷你仓修复 | 入场:1606.4100 出场:1606.4100 | PnL:0.00% (+0.00USDT) | 平100%仓 | ❌ 平仓失败
[2026-07-02 17:37:01] ✅ 平仓 ETH 迷你仓修复 | 入场:1606.4100 出场:1606.4100 | PnL:0.00% (+0.00USDT) | 平100%仓 | ❌ 平仓失败
[2026-07-02 17:45:58] ✅ 平仓 ETH 迷你仓修复 | 入场:1606.4100 出场:1606.4100 | PnL:0.00% (+0.00USDT) | 平100%仓 | ❌ 平仓失败
[2026-07-02 17:54:29] ✅ 平仓 ETH 迷你仓修复 | 入场:1606.4100 出场:1606.4100 | PnL:0.00% (+0.00USDT) | 平100%仓 | ❌ 平仓失败
[2026-07-02 18:00:08] 
==================================================
📊 整点汇报 2026-07-02 18:00
恐惧贪婪指数: 19 (极度恐惧)
今日PnL: -13.34 USDT (-13.3%)
持仓数: 3/4
  🟢 DOT LONG @0.8289 现价:0.8470 PnL:+4.36U (+2.18%)
  🟢 SOL LONG @78.5600 现价:79.4700 PnL:+2.32U (+1.16%)
  🔴 BNB SHORT @549.7600 现价:555.1300 PnL:-1.93U (-0.98%)
  BTC: 61200.0000 (+3.87%)
  ETH: 1643.0500 (+3.95%)
  SOL: 79.4700 (+5.52%)
  BNB: 555.1300 (+1.72%)
  DOT: 0.8470 (+1.20%)
  LINK: 7.5900 (+4.67%)
  XRP: 1.0732 (+2.65%)
==================================================
[2026-07-02 18:03:03] ✅ 平仓 ETH 迷你仓修复 | 入场:1606.4100 出场:1606.4100 | PnL:0.00% (+0.00USDT) | 平100%仓 | ❌ 平仓失败
[2026-07-02 18:11:43] ✅ 平仓 ETH 迷你仓修复 | 入场:1606.4100 出场:1606.4100 | PnL:0.00% (+0.00USDT) | 平100%仓 | ❌ 平仓失败
[2026-07-02 18:20:25] ✅ 平仓 ETH 迷你仓修复 | 入场:1606.4100 出场:1606.4100 | PnL:0.00% (+0.00USDT) | 平100%仓 | ❌ 平仓失败
[2026-07-02 18:29:27] ✅ 平仓 ETH 迷你仓修复 | 入场:1606.4100 出场:1606.4100 | PnL:0.00% (+0.00USDT) | 平100%仓 | ❌ 平仓失败
[2026-07-02 18:38:06] ✅ 平仓 ETH 迷你仓修复 | 入场:1606.4100 出场:1606.4100 | PnL:0.00% (+0.00USDT) | 平100%仓 | ❌ 平仓失败
[2026-07-02 18:46:39] ✅ 平仓 ETH 迷你仓修复 | 入场:1606.4100 出场:1606.4100 | PnL:0.00% (+0.00USDT) | 平100%仓 | ❌ 平仓失败
[2026-07-02 18:52:45] ✅ 平仓 SOL TP1 | 入场:78.5600 出场:81.7200 | PnL:4.02% (+8.06USDT) | 平100%仓 | ✅ 平仓成功
[2026-07-02 18:54:53] ✅ 平仓 ETH 迷你仓修复 | 入场:1606.4100 出场:1606.4100 | PnL:0.00% (+0.00USDT) | 平100%仓 | ❌ 平仓失败
[2026-07-02 18:58:18] ✅ 平仓 SOL TP1 | 入场:78.5600 出场:81.7500 | PnL:4.06% (+8.13USDT) | 平100%仓 | ✅ 平仓成功
[2026-07-02 19:00:10] 
==================================================
📊 整点汇报 2026-07-02 19:00
恐惧贪婪指数: 19 (极度恐惧)
今日PnL: -5.14 USDT (-5.1%)
持仓数: 2/4
  🟢 DOT LONG @0.8289 现价:0.8460 PnL:+4.12U (+2.06%)
  🔴 BNB SHORT @549.7600 现价:556.3300 PnL:-2.37U (-1.20%)
  BTC: 61236.2000 (+4.40%)
  ETH: 1645.1200 (+4.59%)
  SOL: 81.8800 (+9.10%)
  BNB: 556.3300 (+2.55%)
  DOT: 0.8460 (+1.56%)
  LINK: 7.6310 (+5.61%)
  XRP: 1.0797 (+3.78%)
==================================================
[2026-07-02 19:03:07] ✅ 平仓 ETH 迷你仓修复 | 入场:1606.4100 出场:1606.4100 | PnL:0.00% (+0.00USDT) | 平100%仓 | ❌ 平仓失败
[2026-07-02 19:11:23] ✅ 平仓 ETH 迷你仓修复 | 入场:1606.4100 出场:1606.4100 | PnL:0.00% (+0.00USDT) | 平100%仓 | ❌ 平仓失败
[2026-07-02 19:20:32] ✅ 平仓 ETH 迷你仓修复 | 入场:1606.4100 出场:1606.4100 | PnL:0.00% (+0.00USDT) | 平100%仓 | ❌ 平仓失败
[2026-07-02 19:29:12] ✅ 平仓 ETH 迷你仓修复 | 入场:1606.4100 出场:1606.4100 | PnL:0.00% (+0.00USDT) | 平100%仓 | ❌ 平仓失败
[2026-07-02 19:37:58] ✅ 平仓 ETH 迷你仓修复 | 入场:1606.4100 出场:1606.4100 | PnL:0.00% (+0.00USDT) | 平100%仓 | ❌ 平仓失败
[2026-07-02 19:46:41] ✅ 平仓 ETH 迷你仓修复 | 入场:1606.4100 出场:1606.4100 | PnL:0.00% (+0.00USDT) | 平100%仓 | ❌ 平仓失败
[2026-07-02 19:55:23] ✅ 平仓 ETH 迷你仓修复 | 入场:1606.4100 出场:1606.4100 | PnL:0.00% (+0.00USDT) | 平100%仓 | ❌ 平仓失败
[2026-07-02 20:00:38] 
==================================================
📊 整点汇报 2026-07-02 20:00
恐惧贪婪指数: 19 (极度恐惧)
今日PnL: -9.16 USDT (-9.2%)
持仓数: 1/4
  🟢 DOT LONG @0.8289 现价:0.8490 PnL:+4.85U (+2.42%)
  BTC: 61262.1000 (+4.59%)
  ETH: 1648.4100 (+5.07%)
  SOL: 82.0700 (+9.87%)
  BNB: 559.7700 (+3.11%)
  DOT: 0.8490 (+1.92%)
  LINK: 7.6570 (+6.05%)
  XRP: 1.0828 (+4.31%)
==================================================
[2026-07-02 20:04:27] ✅ 平仓 ETH 迷你仓修复 | 入场:1606.4100 出场:1606.4100 | PnL:0.00% (+0.00USDT) | 平100%仓 | ❌ 平仓失败
[2026-07-02 20:13:08] ✅ 平仓 ETH 迷你仓修复 | 入场:1606.4100 出场:1606.4100 | PnL:0.00% (+0.00USDT) | 平100%仓 | ❌ 平仓失败
[2026-07-02 20:22:13] ✅ 平仓 ETH 迷你仓修复 | 入场:1606.4100 出场:1606.4100 | PnL:0.00% (+0.00USDT) | 平100%仓 | ❌ 平仓失败
[2026-07-02 20:31:59] ✅ 平仓 ETH 迷你仓修复 | 入场:1606.4100 出场:1606.4100 | PnL:0.00% (+0.00USDT) | 平100%仓 | ❌ 平仓失败
[2026-07-02 20:42:03] ✅ 平仓 ETH 迷你仓修复 | 入场:1606.4100 出场:1606.4100 | PnL:0.00% (+0.00USDT) | 平100%仓 | ❌ 平仓失败
[2026-07-02 20:45:07] ✅ 平仓 DOT SL | 入场:0.8289 出场:0.8340 | PnL:0.61% (+1.23USDT) | 平100%仓 | ✅ 平仓成功
[2026-07-02 20:51:58] ✅ 平仓 ETH 迷你仓修复 | 入场:1606.4100 出场:1606.4100 | PnL:0.00% (+0.00USDT) | 平100%仓 | ❌ 平仓失败
[2026-07-02 20:54:10] 🟢 开多 XRP @1.0938 | 评分:70 | 状态:trending | AI:做空(0.85%) | ✅ 下单成功
[2026-07-02 21:01:45] ✅ 平仓 ETH 迷你仓修复 | 入场:1606.4100 出场:1606.4100 | PnL:0.00% (+0.00USDT) | 平100%仓 | ❌ 平仓失败
[2026-07-02 21:02:34] 
==================================================
📊 整点汇报 2026-07-02 21:02
恐惧贪婪指数: 19 (极度恐惧)
今日PnL: -7.78 USDT (-7.8%)
持仓数: 1/4
  🟢 XRP LONG @1.0937 现价:1.0935 PnL:-0.05U (-0.02%)
  BTC: 61500.0000 (+5.20%)
  ETH: 1662.3100 (+5.93%)
  SOL: 81.2900 (+9.07%)
  BNB: 562.5600 (+3.56%)
  DOT: 0.8480 (+2.42%)
  LINK: 7.7410 (+7.51%)
  XRP: 1.0935 (+5.51%)
==================================================
[2026-07-02 21:12:34] ✅ 平仓 ETH 迷你仓修复 | 入场:1606.4100 出场:1606.4100 | PnL:0.00% (+0.00USDT) | 平100%仓 | ❌ 平仓失败
[2026-07-02 21:22:15] ✅ 平仓 ETH 迷你仓修复 | 入场:1606.4100 出场:1606.4100 | PnL:0.00% (+0.00USDT) | 平100%仓 | ✅ 平仓成功
[2026-07-02 21:22:43] ✅ 平仓 ETH TP1 | 入场:1606.4100 出场:1671.1400 | PnL:4.03% (+8.09USDT) | 平100%仓 | ✅ 平仓成功
[2026-07-02 21:32:26] ✅ 平仓 ETH 迷你仓修复 | 入场:1674.9500 出场:1674.9500 | PnL:0.00% (+0.00USDT) | 平100%仓 | ✅ 平仓成功
[2026-07-02 22:00:16] 
==================================================
📊 整点汇报 2026-07-02 22:00
恐惧贪婪指数: 19 (极度恐惧)
今日PnL: -7.23 USDT (-7.2%)
持仓数: 2/4
  🟢 ETH LONG @1674.9500 现价:1707.0200 PnL:+3.82U (+1.91%)
  🟢 XRP LONG @1.0937 现价:1.1042 PnL:+1.91U (+0.96%)
  BTC: 61860.5000 (+4.28%)
  ETH: 1707.0200 (+7.11%)
  SOL: 81.4600 (+7.17%)
  BNB: 565.6400 (+3.02%)
  DOT: 0.8630 (+2.86%)
  LINK: 7.8750 (+7.94%)
  XRP: 1.1042 (+5.40%)
==================================================
[2026-07-02 22:25:49] ✅ 平仓 ETH SL | 入场:1674.9500 出场:1705.9100 | PnL:1.85% (+3.68USDT) | 平100%仓 | ✅ 平仓成功
[2026-07-02 23:01:00] 
==================================================
📊 整点汇报 2026-07-02 23:00
恐惧贪婪指数: 19 (极度恐惧)
今日PnL: -4.87 USDT (-4.9%)
持仓数: 1/4
  🟢 XRP LONG @1.0937 现价:1.0930 PnL:-0.14U (-0.07%)
  BTC: 61582.2000 (+3.49%)
  ETH: 1698.6200 (+6.32%)
  SOL: 80.4600 (+4.72%)
  BNB: 562.1500 (+2.29%)
  DOT: 0.8590 (+2.26%)
  LINK: 7.7930 (+6.00%)
  XRP: 1.0930 (+3.77%)
==================================================
