[2026-07-13 00:00:28] 
==================================================
📊 整点汇报 2026-07-13 00:00
恐惧贪婪指数: 26 (恐惧)
今日PnL: +0.00 USDT (+0.0%)
持仓数: 3/4
  🟢 ETH LONG @1799.1511 现价:1819.7900 PnL:+2.29U (+1.15%)
  🔴 XRP SHORT @1.1056 现价:1.1012 PnL:+0.80U (+0.40%)
  🟢 BTC LONG @64110.0000 现价:64129.2000 PnL:+0.06U (+0.03%)
  BTC: 64129.2000 (+0.00%)
  ETH: 1819.7900 (+0.31%)
  SOL: 77.3900 (-1.19%)
  BNB: 581.3500 (+0.00%)
  DOT: 0.8440 (+0.00%)
  LINK: 8.0640 (+0.05%)
  XRP: 1.1012 (+0.00%)
==================================================
[2026-07-13 01:02:35] 
==================================================
📊 整点汇报 2026-07-13 01:01
恐惧贪婪指数: 50 (中性)
今日PnL: +0.00 USDT (+0.0%)
持仓数: 0/4
  BTC: 64126.6000 (-0.14%)
  ETH: 1819.7500 (+0.26%)
  SOL: 77.4000 (-1.18%)
  BNB: 582.0700 (+0.33%)
  DOT: 0.8430 (-4.10%)
  LINK: 8.0600 (+0.00%)
  XRP: 1.1013 (-1.00%)
==================================================
[2026-07-13 02:01:29] 
==================================================
📊 整点汇报 2026-07-13 02:00
恐惧贪婪指数: 50 (中性)
今日PnL: +0.00 USDT (+0.0%)
持仓数: 0/4
  BTC: 64126.6000 (-0.14%)
  ETH: 1819.7500 (+0.26%)
  SOL: 77.4000 (-1.18%)
  BNB: 582.0700 (+0.33%)
  DOT: 0.8430 (-4.10%)
  LINK: 8.0600 (+0.00%)
  XRP: 1.1013 (-1.00%)
==================================================
[2026-07-13 03:05:52] 
==================================================
📊 整点汇报 2026-07-13 03:04
恐惧贪婪指数: 50 (中性)
今日PnL: +0.00 USDT (+0.0%)
持仓数: 0/4
  BTC: 64126.6000 (-0.14%)
  ETH: 1819.7500 (+0.26%)
  SOL: 77.4000 (-1.18%)
  BNB: 582.0700 (+0.33%)
  DOT: 0.8430 (-4.10%)
  LINK: 8.0600 (+0.00%)
  XRP: 1.1013 (-1.00%)
==================================================
[2026-07-13 04:04:10] 
==================================================
📊 整点汇报 2026-07-13 04:02
恐惧贪婪指数: 50 (中性)
今日PnL: +0.00 USDT (+0.0%)
持仓数: 0/4
  BTC: 64126.6000 (-0.14%)
  ETH: 1819.7500 (+0.26%)
  SOL: 77.4000 (-1.18%)
  BNB: 582.0700 (+0.33%)
  DOT: 0.8430 (-4.10%)
  LINK: 8.0600 (+0.00%)
  XRP: 1.1013 (-1.00%)
==================================================
[2026-07-13 05:03:32] 
==================================================
📊 整点汇报 2026-07-13 05:02
恐惧贪婪指数: 50 (中性)
今日PnL: +0.00 USDT (+0.0%)
持仓数: 0/4
  BTC: 64126.6000 (-0.14%)
  ETH: 1819.7500 (+0.26%)
  SOL: 77.4000 (-1.18%)
  BNB: 582.0700 (+0.33%)
  DOT: 0.8430 (-4.10%)
  LINK: 8.0600 (+0.00%)
  XRP: 1.1013 (-1.00%)
==================================================
[2026-07-13 06:02:13] 
==================================================
📊 整点汇报 2026-07-13 06:00
恐惧贪婪指数: 50 (中性)
今日PnL: +0.00 USDT (+0.0%)
持仓数: 0/4
  BTC: 64126.6000 (-0.14%)
  ETH: 1819.7500 (+0.26%)
  SOL: 77.4000 (-1.18%)
  BNB: 582.0700 (+0.33%)
  DOT: 0.8430 (-4.10%)
  LINK: 8.0600 (+0.00%)
  XRP: 1.1013 (-1.00%)
==================================================
[2026-07-13 07:01:27] 
==================================================
📊 整点汇报 2026-07-13 07:00
恐惧贪婪指数: 50 (中性)
今日PnL: +0.00 USDT (+0.0%)
持仓数: 0/4
  BTC: 64126.6000 (-0.14%)
  ETH: 1819.7500 (+0.26%)
  SOL: 77.4000 (-1.18%)
  BNB: 582.0700 (+0.33%)
  DOT: 0.8430 (-4.10%)
  LINK: 8.0600 (+0.00%)
  XRP: 1.1013 (-1.00%)
==================================================
[2026-07-13 08:05:14] 
==================================================
📊 整点汇报 2026-07-13 08:03
恐惧贪婪指数: 50 (中性)
今日PnL: +0.00 USDT (+0.0%)
持仓数: 0/4
  BTC: 64126.6000 (-0.14%)
  ETH: 1819.7500 (+0.26%)
  SOL: 77.4000 (-1.18%)
  BNB: 582.0700 (+0.33%)
  DOT: 0.8430 (-4.10%)
  LINK: 8.0600 (+0.00%)
  XRP: 1.1013 (-1.00%)
==================================================
[2026-07-13 09:04:05] 
==================================================
📊 整点汇报 2026-07-13 09:02
恐惧贪婪指数: 50 (中性)
今日PnL: +0.00 USDT (+0.0%)
持仓数: 0/4
  BTC: 64126.6000 (-0.14%)
  ETH: 1819.7500 (+0.26%)
  SOL: 77.4000 (-1.18%)
  BNB: 582.0700 (+0.33%)
  DOT: 0.8430 (-4.10%)
  LINK: 8.0600 (+0.00%)
  XRP: 1.1013 (-1.00%)
==================================================
[2026-07-13 09:50:48] 🔴 开空 DOT @0.835 | 评分:75 | 状态:trending | AI:做空(65%) | ✅ 下单成功
[2026-07-13 10:01:13] 
==================================================
📊 整点汇报 2026-07-13 10:00
恐惧贪婪指数: 28 (恐惧)
今日PnL: +0.00 USDT (+0.0%)
持仓数: 4/4
  🟢 ETH LONG @1799.1511 现价:1805.1600 PnL:+0.67U (+0.33%)
  🔴 XRP SHORT @1.1056 现价:1.0802 PnL:+4.59U (+2.30%)
  🟢 BTC LONG @64110.0000 现价:63475.2000 PnL:-1.90U (-0.99%)
  🔴 DOT SHORT @0.8350 现价:0.8300 PnL:+1.20U (+0.60%)
  BTC: 63475.2000 (-0.98%)
  ETH: 1805.1600 (-0.03%)
  SOL: 76.2200 (-0.72%)
  BNB: 572.5300 (-0.29%)
  DOT: 0.8300 (-3.26%)
  LINK: 7.9730 (+0.14%)
  XRP: 1.0802 (-1.65%)
==================================================
[2026-07-13 11:00:25] 
==================================================
📊 整点汇报 2026-07-13 11:00
恐惧贪婪指数: 28 (恐惧)
今日PnL: +0.00 USDT (+0.0%)
持仓数: 4/4
  🟢 ETH LONG @1799.1511 现价:1806.1400 PnL:+0.78U (+0.39%)
  🔴 XRP SHORT @1.1056 现价:1.0793 PnL:+4.76U (+2.38%)
  🟢 BTC LONG @64110.0000 现价:63360.4000 PnL:-2.25U (-1.17%)
  🔴 DOT SHORT @0.8350 现价:0.8320 PnL:+0.72U (+0.36%)
  BTC: 63360.4000 (+0.00%)
  ETH: 1806.1400 (+0.05%)
  SOL: 76.4400 (-0.51%)
  BNB: 572.2400 (-0.43%)
  DOT: 0.8320 (-2.69%)
  LINK: 7.9750 (+0.01%)
  XRP: 1.0793 (-1.51%)
==================================================
[2026-07-13 11:36:58] 🔴 开空 SOL @75.45 | 评分:105 | 状态:trending | ✅ 下单成功
[2026-07-13 11:38:08] ❌ 平仓 BTC SL | 入场:64110.0000 出场:62745.2000 | PnL:-2.13% (-4.09USDT) | 平100%仓 | ✅ 平仓成功
[2026-07-13 11:38:45] ✅ 平仓 BTC TP1 | 入场:62746.1000 出场:62745.2000 | PnL:0.00% (+0.00USDT) | 平100%仓 | ✅ 平仓成功
[2026-07-13 12:01:02] 
==================================================
📊 整点汇报 2026-07-13 12:00
恐惧贪婪指数: 28 (恐惧)
今日PnL: -3.99 USDT (-4.0%)
持仓数: 4/4
  🟢 ETH LONG @1799.1511 现价:1780.0900 PnL:-2.12U (-1.06%)
  🔴 XRP SHORT @1.1056 现价:1.0711 PnL:+6.24U (+3.12%)
  🔴 DOT SHORT @0.8350 现价:0.8280 PnL:+1.68U (+0.84%)
  🔴 SOL SHORT @75.4500 现价:75.8300 PnL:-1.01U (-0.50%)
  BTC: 62791.4000 (-2.12%)
  ETH: 1780.0900 (-1.66%)
  SOL: 75.8300 (-1.49%)
  BNB: 569.3100 (-1.04%)
  DOT: 0.8280 (-3.38%)
  LINK: 7.9160 (+0.00%)
  XRP: 1.0711 (+0.00%)
==================================================
[2026-07-13 13:00:46] 
==================================================
📊 整点汇报 2026-07-13 13:00
恐惧贪婪指数: 28 (恐惧)
今日PnL: -3.99 USDT (-4.0%)
持仓数: 4/4
  🟢 ETH LONG @1799.1511 现价:1780.4800 PnL:-2.07U (-1.04%)
  🔴 XRP SHORT @1.1056 现价:1.0728 PnL:+5.93U (+2.97%)
  🔴 DOT SHORT @0.8350 现价:0.8310 PnL:+0.96U (+0.48%)
  🔴 SOL SHORT @75.4500 现价:76.0200 PnL:-1.51U (-0.76%)
  BTC: 62719.0000 (-1.96%)
  ETH: 1780.4800 (-1.29%)
  SOL: 76.0200 (-0.76%)
  BNB: 568.4000 (+0.00%)
  DOT: 0.8310 (+0.00%)
  LINK: 7.9150 (-1.01%)
  XRP: 1.0728 (+0.00%)
==================================================
[2026-07-13 14:00:15] 
==================================================
📊 整点汇报 2026-07-13 14:00
恐惧贪婪指数: 28 (恐惧)
今日PnL: -3.99 USDT (-4.0%)
持仓数: 4/4
  🟢 ETH LONG @1799.1511 现价:1780.1200 PnL:-2.11U (-1.06%)
  🔴 XRP SHORT @1.1056 现价:1.0756 PnL:+5.43U (+2.71%)
  🔴 DOT SHORT @0.8350 现价:0.8330 PnL:+0.48U (+0.24%)
  🔴 SOL SHORT @75.4500 现价:76.3600 PnL:-2.41U (-1.21%)
  BTC: 62758.6000 (-1.88%)
  ETH: 1780.1200 (-1.27%)
  SOL: 76.3600 (-0.09%)
  BNB: 568.7300 (-0.84%)
  DOT: 0.8330 (-2.23%)
  LINK: 7.9450 (-0.62%)
  XRP: 1.0756 (-1.71%)
==================================================
[2026-07-13 15:01:41] 
==================================================
📊 整点汇报 2026-07-13 15:00
恐惧贪婪指数: 50 (中性)
今日PnL: -3.99 USDT (-4.0%)
持仓数: 0/4
  BTC: 62781.5000 (-1.83%)
  ETH: 1781.9000 (-1.09%)
  SOL: 76.4000 (+0.04%)
  BNB: 569.1500 (-0.72%)
  DOT: 0.8340 (-2.11%)
  LINK: 7.9350 (-0.65%)
  XRP: 1.0760 (-1.59%)
==================================================
[2026-07-13 16:03:00] 
==================================================
📊 整点汇报 2026-07-13 16:02
恐惧贪婪指数: 28 (恐惧)
今日PnL: -2.92 USDT (-2.9%)
持仓数: 4/4
  🔴 DOT SHORT @0.8350 现价:0.8340 PnL:+0.24U (+0.12%)
  🟢 ETH LONG @1799.1511 现价:1781.9000 PnL:-2.05U (-0.96%)
  🔴 XRP SHORT @1.1056 现价:1.0760 PnL:+4.14U (+2.68%)
  🔴 SOL SHORT @75.4400 现价:76.4000 PnL:-2.54U (-1.27%)
  BTC: 62781.5000 (-1.83%)
  ETH: 1781.9000 (-1.09%)
  SOL: 76.4000 (+0.04%)
  BNB: 569.1500 (-0.72%)
  DOT: 0.8340 (-2.11%)
  LINK: 7.9350 (-0.65%)
  XRP: 1.0760 (-1.59%)
==================================================
[2026-07-13 16:13:31] ✅ 平仓 XRP 迷你仓修复 | 入场:1.1056 出场:1.1056 | PnL:0.00% (+0.00USDT) | 平100%仓 | ✅ 平仓成功
[2026-07-13 17:00:47] 
==================================================
📊 整点汇报 2026-07-13 17:00
恐惧贪婪指数: 28 (恐惧)
今日PnL: +0.76 USDT (+0.8%)
持仓数: 4/4
  🔴 DOT SHORT @0.8350 现价:0.8350 PnL:+0.00U (+0.00%)
  🟢 ETH LONG @1799.1511 现价:1788.8700 PnL:-1.14U (-0.57%)
  🔴 XRP SHORT @1.1056 现价:1.0793 PnL:+4.76U (+2.38%)
  🔴 SOL SHORT @75.4400 现价:76.6900 PnL:-3.31U (-1.66%)
  BTC: 63168.1000 (-1.24%)
  ETH: 1788.8700 (-0.87%)
  SOL: 76.6900 (+0.00%)
  BNB: 570.6400 (+0.00%)
  DOT: 0.8350 (-1.53%)
  LINK: 7.9940 (-0.26%)
  XRP: 1.0793 (-1.27%)
==================================================
[2026-07-13 18:02:30] 
==================================================
📊 整点汇报 2026-07-13 18:01
恐惧贪婪指数: 50 (中性)
今日PnL: +0.76 USDT (+0.8%)
持仓数: 0/4
  BTC: 63119.9000 (-1.16%)
  ETH: 1786.0800 (-0.72%)
  SOL: 76.6000 (+0.14%)
  BNB: 569.8700 (-0.55%)
  DOT: 0.8330 (-1.42%)
  LINK: 7.9840 (-0.14%)
  XRP: 1.0790 (+0.00%)
==================================================
[2026-07-13 19:05:44] 
==================================================
📊 整点汇报 2026-07-13 19:04
恐惧贪婪指数: 50 (中性)
今日PnL: +0.76 USDT (+0.8%)
持仓数: 0/4
  BTC: 63095.1000 (-1.20%)
  ETH: 1782.2600 (-1.02%)
  SOL: 76.3100 (-0.55%)
  BNB: 570.1000 (-0.84%)
  DOT: 0.8340 (-1.53%)
  LINK: 7.9800 (-0.32%)
  XRP: 1.0786 (-1.46%)
==================================================
[2026-07-13 20:01:36] 
==================================================
📊 整点汇报 2026-07-13 20:01
恐惧贪婪指数: 28 (恐惧)
今日PnL: +0.76 USDT (+0.8%)
持仓数: 4/4
  🔴 DOT SHORT @0.8350 现价:0.8310 PnL:+0.96U (+0.48%)
  🟢 ETH LONG @1799.1511 现价:1780.1200 PnL:-2.11U (-1.06%)
  🔴 XRP SHORT @1.0795 现价:1.0771 PnL:+0.44U (+0.22%)
  🔴 SOL SHORT @75.4400 现价:76.3100 PnL:-2.31U (-1.15%)
  BTC: 62878.2000 (-1.70%)
  ETH: 1780.1200 (-1.33%)
  SOL: 76.3100 (-0.95%)
  BNB: 569.8900 (-1.79%)
  DOT: 0.8310 (-2.00%)
  LINK: 7.9310 (-1.22%)
  XRP: 1.0771 (-1.79%)
==================================================
[2026-07-13 21:01:24] 
==================================================
📊 整点汇报 2026-07-13 21:00
恐惧贪婪指数: 28 (恐惧)
今日PnL: +0.76 USDT (+0.8%)
持仓数: 4/4
  🔴 DOT SHORT @0.8350 现价:0.8280 PnL:+1.68U (+0.84%)
  🟢 ETH LONG @1799.1511 现价:1770.3100 PnL:-3.20U (-1.60%)
  🔴 XRP SHORT @1.0795 现价:1.0723 PnL:+1.33U (+0.67%)
  🔴 SOL SHORT @75.4400 现价:75.8100 PnL:-0.98U (-0.49%)
  BTC: 62569.9000 (+0.00%)
  ETH: 1770.3100 (+0.00%)
  SOL: 75.8100 (-1.67%)
  BNB: 568.6900 (-2.35%)
  DOT: 0.8280 (-2.13%)
  LINK: 7.8940 (-1.85%)
  XRP: 1.0723 (-2.38%)
==================================================
[2026-07-13 22:00:31] 
==================================================
📊 整点汇报 2026-07-13 22:00
恐惧贪婪指数: 28 (恐惧)
今日PnL: +0.76 USDT (+0.8%)
持仓数: 4/4
  🔴 DOT SHORT @0.8350 现价:0.8270 PnL:+1.92U (+0.96%)
  🟢 ETH LONG @1799.1511 现价:1768.0700 PnL:-3.45U (-1.73%)
  🔴 XRP SHORT @1.0795 现价:1.0668 PnL:+2.35U (+1.18%)
  🔴 SOL SHORT @75.4400 现价:75.3300 PnL:+0.29U (+0.15%)
  BTC: 62282.8000 (-2.69%)
  ETH: 1768.0700 (-2.08%)
  SOL: 75.3300 (-2.36%)
  BNB: 568.0000 (+0.00%)
  DOT: 0.8270 (-1.90%)
  LINK: 7.9000 (-1.62%)
  XRP: 1.0668 (-2.79%)
==================================================
[2026-07-13 23:02:16] 
==================================================
📊 整点汇报 2026-07-13 23:00
恐惧贪婪指数: 50 (中性)
今日PnL: +0.76 USDT (+0.8%)
持仓数: 0/4
  BTC: 62300.0000 (-2.65%)
  ETH: 1770.7000 (-1.84%)
  SOL: 75.3500 (-2.26%)
  BNB: 568.9800 (-2.15%)
  DOT: 0.8270 (-1.66%)
  LINK: 7.9130 (+0.00%)
  XRP: 1.0683 (-2.66%)
==================================================
