[2026-07-14 00:01:53] 
==================================================
📊 整点汇报 2026-07-14 00:00
恐惧贪婪指数: 50 (中性)
今日PnL: +0.76 USDT (+0.8%)
持仓数: 0/4
  BTC: 62300.0000 (-2.65%)
  ETH: 1770.7000 (-1.84%)
  SOL: 75.3500 (-2.26%)
  BNB: 568.9800 (-2.15%)
  DOT: 0.8270 (-1.66%)
  LINK: 7.9130 (+0.00%)
  XRP: 1.0683 (-2.66%)
==================================================
[2026-07-14 01:01:32] 
==================================================
📊 整点汇报 2026-07-14 01:00
恐惧贪婪指数: 50 (中性)
今日PnL: +0.76 USDT (+0.8%)
持仓数: 0/4
  BTC: 62300.0000 (-2.65%)
  ETH: 1770.7000 (-1.84%)
  SOL: 75.3500 (-2.26%)
  BNB: 568.9800 (-2.15%)
  DOT: 0.8270 (-1.66%)
  LINK: 7.9130 (+0.00%)
  XRP: 1.0683 (-2.66%)
==================================================
[2026-07-14 02:05:11] 
==================================================
📊 整点汇报 2026-07-14 02:03
恐惧贪婪指数: 50 (中性)
今日PnL: +0.76 USDT (+0.8%)
持仓数: 0/4
  BTC: 62300.0000 (-2.65%)
  ETH: 1770.7000 (-1.84%)
  SOL: 75.3500 (-2.26%)
  BNB: 568.9800 (-2.15%)
  DOT: 0.8270 (-1.66%)
  LINK: 7.9130 (+0.00%)
  XRP: 1.0683 (-2.66%)
==================================================
[2026-07-14 03:03:25] 
==================================================
📊 整点汇报 2026-07-14 03:02
恐惧贪婪指数: 50 (中性)
今日PnL: +0.76 USDT (+0.8%)
持仓数: 0/4
  BTC: 62300.0000 (-2.65%)
  ETH: 1770.7000 (-1.84%)
  SOL: 75.3500 (-2.26%)
  BNB: 568.9800 (-2.15%)
  DOT: 0.8270 (-1.66%)
  LINK: 7.9130 (+0.00%)
  XRP: 1.0683 (-2.66%)
==================================================
[2026-07-14 03:56:31] ✅ 平仓 ETH 迷你仓修复 | 入场:1799.1511 出场:1799.1511 | PnL:0.00% (+0.00USDT) | 平100%仓 | ❌ 平仓失败
[2026-07-14 04:00:18] 
==================================================
📊 整点汇报 2026-07-14 04:00
恐惧贪婪指数: 28 (恐惧)
今日PnL: -3.98 USDT (-4.0%)
持仓数: 3/4
  🔴 DOT SHORT @0.8350 现价:0.8400 PnL:-1.20U (-0.60%)
  🔴 XRP SHORT @1.0795 现价:1.0674 PnL:+2.24U (+1.12%)
  🔴 SOL SHORT @75.4400 现价:75.1600 PnL:+0.74U (+0.37%)
  BTC: 62225.8000 (-3.08%)
  ETH: 1773.8300 (-2.58%)
  SOL: 75.1600 (-3.23%)
  BNB: 566.4700 (-2.37%)
  DOT: 0.8400 (-0.47%)
  LINK: 7.8990 (-2.17%)
  XRP: 1.0674 (-2.96%)
==================================================
[2026-07-14 04:04:34] ✅ 平仓 ETH 迷你仓修复 | 入场:1799.1511 出场:1799.1511 | PnL:0.00% (+0.00USDT) | 平100%仓 | ❌ 平仓失败
[2026-07-14 04:12:41] ✅ 平仓 ETH 迷你仓修复 | 入场:1799.1511 出场:1799.1511 | PnL:0.00% (+0.00USDT) | 平100%仓 | ❌ 平仓失败
[2026-07-14 04:20:47] ✅ 平仓 ETH 迷你仓修复 | 入场:1799.1511 出场:1799.1511 | PnL:0.00% (+0.00USDT) | 平100%仓 | ❌ 平仓失败
[2026-07-14 05:03:45] 
==================================================
📊 整点汇报 2026-07-14 05:02
恐惧贪婪指数: 50 (中性)
今日PnL: -3.98 USDT (-4.0%)
持仓数: 0/4
  BTC: 62087.6000 (-3.24%)
  ETH: 1766.9400 (-2.88%)
  SOL: 74.9300 (-3.35%)
  BNB: 564.9300 (-2.49%)
  DOT: 0.8350 (-1.30%)
  LINK: 7.8610 (-2.54%)
  XRP: 1.0605 (-3.54%)
==================================================
[2026-07-14 06:02:47] 
==================================================
📊 整点汇报 2026-07-14 06:01
恐惧贪婪指数: 50 (中性)
今日PnL: -3.98 USDT (-4.0%)
持仓数: 0/4
  BTC: 62087.6000 (-3.24%)
  ETH: 1766.9400 (-2.88%)
  SOL: 74.9300 (-3.35%)
  BNB: 564.9300 (-2.49%)
  DOT: 0.8350 (-1.30%)
  LINK: 7.8610 (-2.54%)
  XRP: 1.0605 (-3.54%)
==================================================
[2026-07-14 07:01:48] 
==================================================
📊 整点汇报 2026-07-14 07:00
恐惧贪婪指数: 50 (中性)
今日PnL: -3.98 USDT (-4.0%)
持仓数: 0/4
  BTC: 62087.6000 (-3.24%)
  ETH: 1766.9400 (-2.88%)
  SOL: 74.9300 (-3.35%)
  BNB: 564.9300 (-2.49%)
  DOT: 0.8350 (-1.30%)
  LINK: 7.8610 (-2.54%)
  XRP: 1.0605 (-3.54%)
==================================================
[2026-07-14 08:00:38] 
==================================================
📊 整点汇报 2026-07-14 08:00
恐惧贪婪指数: 50 (中性)
今日PnL: -3.98 USDT (-4.0%)
持仓数: 4/4
  🔴 DOT SHORT @0.8350 现价:0.8350 PnL:+0.00U (+0.00%)
  🟢 ETH LONG @1799.1511 现价:1766.9400 PnL:-0.26U (-1.79%)
  🔴 XRP SHORT @1.0795 现价:1.0605 PnL:+3.44U (+1.76%)
  🔴 SOL SHORT @75.4400 现价:74.9300 PnL:+1.35U (+0.68%)
  BTC: 62087.6000 (-3.24%)
  ETH: 1766.9400 (-2.88%)
  SOL: 74.9300 (-3.35%)
  BNB: 564.9300 (-2.49%)
  DOT: 0.8350 (-1.30%)
  LINK: 7.8610 (-2.54%)
  XRP: 1.0605 (-3.54%)
==================================================
[2026-07-14 08:01:47] ✅ 平仓 ETH 迷你仓修复 | 入场:1799.1511 出场:1799.1511 | PnL:0.00% (+0.00USDT) | 平100%仓 | ❌ 平仓失败
[2026-07-14 08:09:44] ✅ 平仓 ETH 迷你仓修复 | 入场:1799.1511 出场:1799.1511 | PnL:0.00% (+0.00USDT) | 平100%仓 | ❌ 平仓失败
[2026-07-14 08:17:40] ✅ 平仓 ETH 迷你仓修复 | 入场:1799.1511 出场:1799.1511 | PnL:0.00% (+0.00USDT) | 平100%仓 | ❌ 平仓失败
[2026-07-14 08:25:49] ✅ 平仓 ETH 迷你仓修复 | 入场:1799.1511 出场:1799.1511 | PnL:0.00% (+0.00USDT) | 平100%仓 | ❌ 平仓失败
[2026-07-14 08:34:01] ✅ 平仓 ETH 迷你仓修复 | 入场:1799.1511 出场:1799.1511 | PnL:0.00% (+0.00USDT) | 平100%仓 | ❌ 平仓失败
[2026-07-14 08:42:04] ✅ 平仓 ETH 迷你仓修复 | 入场:1799.1511 出场:1799.1511 | PnL:0.00% (+0.00USDT) | 平100%仓 | ❌ 平仓失败
[2026-07-14 08:50:04] ✅ 平仓 ETH 迷你仓修复 | 入场:1799.1511 出场:1799.1511 | PnL:0.00% (+0.00USDT) | 平100%仓 | ❌ 平仓失败
[2026-07-14 08:58:02] ✅ 平仓 ETH 迷你仓修复 | 入场:1799.1511 出场:1799.1511 | PnL:0.00% (+0.00USDT) | 平100%仓 | ❌ 平仓失败
[2026-07-14 09:00:18] 
==================================================
📊 整点汇报 2026-07-14 09:00
恐惧贪婪指数: 22 (极度恐惧)
今日PnL: -3.98 USDT (-4.0%)
持仓数: 3/4
  🔴 DOT SHORT @0.8350 现价:0.8410 PnL:-1.44U (-0.72%)
  🔴 XRP SHORT @1.0795 现价:1.0687 PnL:+2.00U (+1.00%)
  🔴 SOL SHORT @75.4400 现价:75.4000 PnL:+0.11U (+0.05%)
  BTC: 62530.5000 (-2.32%)
  ETH: 1784.9000 (-2.28%)
  SOL: 75.4000 (-2.69%)
  BNB: 569.6700 (-1.47%)
  DOT: 0.8410 (-0.71%)
  LINK: 7.9030 (-2.24%)
  XRP: 1.0687 (-2.17%)
==================================================
[2026-07-14 09:06:25] ✅ 平仓 ETH 迷你仓修复 | 入场:1799.1511 出场:1799.1511 | PnL:0.00% (+0.00USDT) | 平100%仓 | ❌ 平仓失败
[2026-07-14 09:15:06] ✅ 平仓 ETH 迷你仓修复 | 入场:1799.1511 出场:1799.1511 | PnL:0.00% (+0.00USDT) | 平100%仓 | ❌ 平仓失败
[2026-07-14 09:23:48] ✅ 平仓 ETH 迷你仓修复 | 入场:1799.1511 出场:1799.1511 | PnL:0.00% (+0.00USDT) | 平100%仓 | ❌ 平仓失败
[2026-07-14 09:32:25] ✅ 平仓 ETH 迷你仓修复 | 入场:1799.1511 出场:1799.1511 | PnL:0.00% (+0.00USDT) | 平100%仓 | ❌ 平仓失败
[2026-07-14 09:40:59] ✅ 平仓 ETH 迷你仓修复 | 入场:1799.1511 出场:1799.1511 | PnL:0.00% (+0.00USDT) | 平100%仓 | ❌ 平仓失败
[2026-07-14 09:49:31] ✅ 平仓 ETH 迷你仓修复 | 入场:1799.1511 出场:1799.1511 | PnL:0.00% (+0.00USDT) | 平100%仓 | ❌ 平仓失败
[2026-07-14 09:58:06] ✅ 平仓 ETH 迷你仓修复 | 入场:1799.1511 出场:1799.1511 | PnL:0.00% (+0.00USDT) | 平100%仓 | ❌ 平仓失败
[2026-07-14 10:00:34] 
==================================================
📊 整点汇报 2026-07-14 10:00
恐惧贪婪指数: 22 (极度恐惧)
今日PnL: -3.98 USDT (-4.0%)
持仓数: 3/4
  🔴 DOT SHORT @0.8350 现价:0.8340 PnL:+0.24U (+0.12%)
  🔴 XRP SHORT @1.0795 现价:1.0646 PnL:+2.76U (+1.38%)
  🔴 SOL SHORT @75.4400 现价:75.2500 PnL:+0.50U (+0.25%)
  BTC: 62507.4000 (-1.52%)
  ETH: 1783.9600 (-1.19%)
  SOL: 75.2500 (-1.35%)
  BNB: 570.1600 (-0.41%)
  DOT: 0.8340 (+0.24%)
  LINK: 7.9240 (-0.64%)
  XRP: 1.0646 (-1.46%)
==================================================
[2026-07-14 10:06:36] ✅ 平仓 ETH 迷你仓修复 | 入场:1799.1511 出场:1799.1511 | PnL:0.00% (+0.00USDT) | 平100%仓 | ❌ 平仓失败
[2026-07-14 10:15:17] ✅ 平仓 ETH 迷你仓修复 | 入场:1799.1511 出场:1799.1511 | PnL:0.00% (+0.00USDT) | 平100%仓 | ❌ 平仓失败
[2026-07-14 10:23:57] ✅ 平仓 ETH 迷你仓修复 | 入场:1799.1511 出场:1799.1511 | PnL:0.00% (+0.00USDT) | 平100%仓 | ❌ 平仓失败
[2026-07-14 10:32:28] ✅ 平仓 ETH 迷你仓修复 | 入场:1799.1511 出场:1799.1511 | PnL:0.00% (+0.00USDT) | 平100%仓 | ❌ 平仓失败
[2026-07-14 10:40:59] ✅ 平仓 ETH 迷你仓修复 | 入场:1799.1511 出场:1799.1511 | PnL:0.00% (+0.00USDT) | 平100%仓 | ❌ 平仓失败
[2026-07-14 10:49:33] ✅ 平仓 ETH 迷你仓修复 | 入场:1799.1511 出场:1799.1511 | PnL:0.00% (+0.00USDT) | 平100%仓 | ❌ 平仓失败
[2026-07-14 10:58:15] ✅ 平仓 ETH 迷你仓修复 | 入场:1799.1511 出场:1799.1511 | PnL:0.00% (+0.00USDT) | 平100%仓 | ❌ 平仓失败
[2026-07-14 11:00:18] 
==================================================
📊 整点汇报 2026-07-14 11:00
恐惧贪婪指数: 22 (极度恐惧)
今日PnL: -3.98 USDT (-4.0%)
持仓数: 3/4
  🔴 DOT SHORT @0.8350 现价:0.8320 PnL:+0.72U (+0.36%)
  🔴 XRP SHORT @1.0795 现价:1.0652 PnL:+2.65U (+1.32%)
  🔴 SOL SHORT @75.4400 现价:75.1600 PnL:+0.74U (+0.37%)
  BTC: 62519.0000 (-1.33%)
  ETH: 1781.7800 (-1.38%)
  SOL: 75.1600 (-1.69%)
  BNB: 570.2000 (-0.39%)
  DOT: 0.8320 (-0.12%)
  LINK: 7.9170 (-0.77%)
  XRP: 1.0652 (-1.31%)
==================================================
[2026-07-14 11:06:39] ✅ 平仓 ETH 迷你仓修复 | 入场:1799.1511 出场:1799.1511 | PnL:0.00% (+0.00USDT) | 平100%仓 | ❌ 平仓失败
[2026-07-14 11:15:19] ✅ 平仓 ETH 迷你仓修复 | 入场:1799.1511 出场:1799.1511 | PnL:0.00% (+0.00USDT) | 平100%仓 | ❌ 平仓失败
[2026-07-14 11:24:02] ✅ 平仓 ETH 迷你仓修复 | 入场:1799.1511 出场:1799.1511 | PnL:0.00% (+0.00USDT) | 平100%仓 | ❌ 平仓失败
[2026-07-14 11:32:42] ✅ 平仓 ETH 迷你仓修复 | 入场:1799.1511 出场:1799.1511 | PnL:0.00% (+0.00USDT) | 平100%仓 | ❌ 平仓失败
[2026-07-14 11:41:20] ✅ 平仓 ETH 迷你仓修复 | 入场:1799.1511 出场:1799.1511 | PnL:0.00% (+0.00USDT) | 平100%仓 | ❌ 平仓失败
[2026-07-14 11:49:58] ✅ 平仓 ETH 迷你仓修复 | 入场:1799.1511 出场:1799.1511 | PnL:0.00% (+0.00USDT) | 平100%仓 | ❌ 平仓失败
[2026-07-14 11:58:40] ✅ 平仓 ETH 迷你仓修复 | 入场:1799.1511 出场:1799.1511 | PnL:0.00% (+0.00USDT) | 平100%仓 | ❌ 平仓失败
[2026-07-14 12:00:28] 
==================================================
📊 整点汇报 2026-07-14 12:00
恐惧贪婪指数: 22 (极度恐惧)
今日PnL: -3.98 USDT (-4.0%)
持仓数: 3/4
  🔴 DOT SHORT @0.8350 现价:0.8340 PnL:+0.24U (+0.12%)
  🔴 XRP SHORT @1.0795 现价:1.0655 PnL:+2.59U (+1.30%)
  🔴 SOL SHORT @75.4400 现价:75.1100 PnL:+0.87U (+0.44%)
  BTC: 62544.8000 (-0.39%)
  ETH: 1782.9900 (+0.14%)
  SOL: 75.1100 (-0.92%)
  BNB: 570.4900 (+0.22%)
  DOT: 0.8340 (+0.72%)
  LINK: 7.9150 (+0.00%)
  XRP: 1.0655 (-0.56%)
==================================================
[2026-07-14 12:07:44] ✅ 平仓 ETH 迷你仓修复 | 入场:1799.1511 出场:1799.1511 | PnL:0.00% (+0.00USDT) | 平100%仓 | ❌ 平仓失败
[2026-07-14 12:16:31] ✅ 平仓 ETH 迷你仓修复 | 入场:1799.1511 出场:1799.1511 | PnL:0.00% (+0.00USDT) | 平100%仓 | ❌ 平仓失败
[2026-07-14 12:25:15] ✅ 平仓 ETH 迷你仓修复 | 入场:1799.1511 出场:1799.1511 | PnL:0.00% (+0.00USDT) | 平100%仓 | ❌ 平仓失败
[2026-07-14 12:33:57] ✅ 平仓 ETH 迷你仓修复 | 入场:1799.1511 出场:1799.1511 | PnL:0.00% (+0.00USDT) | 平100%仓 | ❌ 平仓失败
[2026-07-14 12:42:51] ✅ 平仓 ETH 迷你仓修复 | 入场:1799.1511 出场:1799.1511 | PnL:0.00% (+0.00USDT) | 平100%仓 | ❌ 平仓失败
[2026-07-14 12:51:55] ✅ 平仓 ETH 迷你仓修复 | 入场:1799.1511 出场:1799.1511 | PnL:0.00% (+0.00USDT) | 平100%仓 | ❌ 平仓失败
[2026-07-14 13:00:59] ✅ 平仓 ETH 迷你仓修复 | 入场:1799.1511 出场:1799.1511 | PnL:0.00% (+0.00USDT) | 平100%仓 | ❌ 平仓失败
[2026-07-14 13:01:42] 
==================================================
📊 整点汇报 2026-07-14 13:01
恐惧贪婪指数: 22 (极度恐惧)
今日PnL: -3.98 USDT (-4.0%)
持仓数: 3/4
  🔴 DOT SHORT @0.8350 现价:0.8360 PnL:-0.24U (-0.12%)
  🔴 XRP SHORT @1.0795 现价:1.0679 PnL:+2.15U (+1.07%)
  🔴 SOL SHORT @75.4400 现价:75.1100 PnL:+0.87U (+0.44%)
  BTC: 62667.6000 (+0.01%)
  ETH: 1784.8500 (+0.34%)
  SOL: 75.1100 (-1.07%)
  BNB: 571.3200 (+0.61%)
  DOT: 0.8360 (+0.72%)
  LINK: 7.9430 (+0.35%)
  XRP: 1.0679 (-0.42%)
==================================================
[2026-07-14 13:10:15] ✅ 平仓 ETH 迷你仓修复 | 入场:1799.1511 出场:1799.1511 | PnL:0.00% (+0.00USDT) | 平100%仓 | ❌ 平仓失败
[2026-07-14 13:19:14] ✅ 平仓 ETH 迷你仓修复 | 入场:1799.1511 出场:1799.1511 | PnL:0.00% (+0.00USDT) | 平100%仓 | ❌ 平仓失败
[2026-07-14 13:28:09] ✅ 平仓 ETH 迷你仓修复 | 入场:1799.1511 出场:1799.1511 | PnL:0.00% (+0.00USDT) | 平100%仓 | ❌ 平仓失败
[2026-07-14 13:37:04] ✅ 平仓 ETH 迷你仓修复 | 入场:1799.1511 出场:1799.1511 | PnL:0.00% (+0.00USDT) | 平100%仓 | ❌ 平仓失败
[2026-07-14 13:46:08] ✅ 平仓 ETH 迷你仓修复 | 入场:1799.1511 出场:1799.1511 | PnL:0.00% (+0.00USDT) | 平100%仓 | ❌ 平仓失败
[2026-07-14 13:55:01] ✅ 平仓 ETH 迷你仓修复 | 入场:1799.1511 出场:1799.1511 | PnL:0.00% (+0.00USDT) | 平100%仓 | ❌ 平仓失败
[2026-07-14 14:00:12] 
==================================================
📊 整点汇报 2026-07-14 14:00
恐惧贪婪指数: 22 (极度恐惧)
今日PnL: -3.98 USDT (-4.0%)
持仓数: 3/4
  🔴 DOT SHORT @0.8350 现价:0.8460 PnL:-2.63U (-1.32%)
  🔴 XRP SHORT @1.0795 现价:1.0707 PnL:+1.63U (+0.82%)
  🔴 SOL SHORT @75.4400 现价:75.3500 PnL:+0.24U (+0.12%)
  BTC: 62696.5000 (-0.11%)
  ETH: 1785.8900 (+0.32%)
  SOL: 75.3500 (-1.31%)
  BNB: 570.9000 (+0.38%)
  DOT: 0.8460 (+1.56%)
  LINK: 7.9590 (+0.18%)
  XRP: 1.0707 (-0.46%)
==================================================
[2026-07-14 14:03:56] ✅ 平仓 ETH 迷你仓修复 | 入场:1799.1511 出场:1799.1511 | PnL:0.00% (+0.00USDT) | 平100%仓 | ❌ 平仓失败
[2026-07-14 14:12:51] ✅ 平仓 ETH 迷你仓修复 | 入场:1799.1511 出场:1799.1511 | PnL:0.00% (+0.00USDT) | 平100%仓 | ❌ 平仓失败
[2026-07-14 14:21:45] ✅ 平仓 ETH 迷你仓修复 | 入场:1799.1511 出场:1799.1511 | PnL:0.00% (+0.00USDT) | 平100%仓 | ❌ 平仓失败
[2026-07-14 14:30:55] ✅ 平仓 ETH 迷你仓修复 | 入场:1799.1511 出场:1799.1511 | PnL:0.00% (+0.00USDT) | 平100%仓 | ❌ 平仓失败
[2026-07-14 14:39:51] ✅ 平仓 ETH 迷你仓修复 | 入场:1799.1511 出场:1799.1511 | PnL:0.00% (+0.00USDT) | 平100%仓 | ❌ 平仓失败
[2026-07-14 14:48:46] ✅ 平仓 ETH 迷你仓修复 | 入场:1799.1511 出场:1799.1511 | PnL:0.00% (+0.00USDT) | 平100%仓 | ❌ 平仓失败
[2026-07-14 14:57:44] ✅ 平仓 ETH 迷你仓修复 | 入场:1799.1511 出场:1799.1511 | PnL:0.00% (+0.00USDT) | 平100%仓 | ❌ 平仓失败
[2026-07-14 15:00:16] 
==================================================
📊 整点汇报 2026-07-14 15:00
恐惧贪婪指数: 22 (极度恐惧)
今日PnL: -3.98 USDT (-4.0%)
持仓数: 3/4
  🔴 DOT SHORT @0.8350 现价:0.8410 PnL:-1.44U (-0.72%)
  🔴 XRP SHORT @1.0795 现价:1.0692 PnL:+1.91U (+0.95%)
  🔴 SOL SHORT @75.4400 现价:75.1100 PnL:+0.87U (+0.44%)
  BTC: 62584.5000 (-0.28%)
  ETH: 1782.3000 (+0.32%)
  SOL: 75.1100 (-1.75%)
  BNB: 569.5300 (+0.11%)
  DOT: 0.8410 (+1.08%)
  LINK: 7.9330 (-0.11%)
  XRP: 1.0692 (-0.74%)
==================================================
[2026-07-14 15:06:33] ✅ 平仓 ETH 迷你仓修复 | 入场:1799.1511 出场:1799.1511 | PnL:0.00% (+0.00USDT) | 平100%仓 | ❌ 平仓失败
[2026-07-14 15:15:19] ✅ 平仓 ETH 迷你仓修复 | 入场:1799.1511 出场:1799.1511 | PnL:0.00% (+0.00USDT) | 平100%仓 | ❌ 平仓失败
[2026-07-14 15:24:01] ✅ 平仓 ETH 迷你仓修复 | 入场:1799.1511 出场:1799.1511 | PnL:0.00% (+0.00USDT) | 平100%仓 | ❌ 平仓失败
[2026-07-14 15:33:14] ✅ 平仓 ETH 迷你仓修复 | 入场:1799.1511 出场:1799.1511 | PnL:0.00% (+0.00USDT) | 平100%仓 | ❌ 平仓失败
[2026-07-14 15:42:32] ✅ 平仓 ETH 迷你仓修复 | 入场:1799.1511 出场:1799.1511 | PnL:0.00% (+0.00USDT) | 平100%仓 | ❌ 平仓失败
[2026-07-14 15:51:39] ✅ 平仓 ETH 迷你仓修复 | 入场:1799.1511 出场:1799.1511 | PnL:0.00% (+0.00USDT) | 平100%仓 | ❌ 平仓失败
[2026-07-14 16:00:44] ✅ 平仓 ETH 迷你仓修复 | 入场:1799.1511 出场:1799.1511 | PnL:0.00% (+0.00USDT) | 平100%仓 | ❌ 平仓失败
[2026-07-14 16:01:30] 
==================================================
📊 整点汇报 2026-07-14 16:01
恐惧贪婪指数: 22 (极度恐惧)
今日PnL: -3.98 USDT (-4.0%)
持仓数: 3/4
  🔴 DOT SHORT @0.8350 现价:0.8450 PnL:-2.40U (-1.20%)
  🔴 XRP SHORT @1.0795 现价:1.0681 PnL:+2.11U (+1.06%)
  🔴 SOL SHORT @75.4400 现价:74.9200 PnL:+1.38U (+0.69%)
  BTC: 62535.7000 (-0.72%)
  ETH: 1780.3800 (-0.34%)
  SOL: 74.9200 (-1.98%)
  BNB: 570.4400 (+0.01%)
  DOT: 0.8450 (+0.96%)
  LINK: 7.9190 (-0.74%)
  XRP: 1.0681 (-1.01%)
==================================================
[2026-07-14 16:10:07] ✅ 平仓 ETH 迷你仓修复 | 入场:1799.1511 出场:1799.1511 | PnL:0.00% (+0.00USDT) | 平100%仓 | ❌ 平仓失败
[2026-07-14 16:19:58] ✅ 平仓 ETH 迷你仓修复 | 入场:1799.1511 出场:1799.1511 | PnL:0.00% (+0.00USDT) | 平100%仓 | ❌ 平仓失败
[2026-07-14 16:28:51] ✅ 平仓 ETH 迷你仓修复 | 入场:1799.1511 出场:1799.1511 | PnL:0.00% (+0.00USDT) | 平100%仓 | ❌ 平仓失败
[2026-07-14 16:37:48] ✅ 平仓 ETH 迷你仓修复 | 入场:1799.1511 出场:1799.1511 | PnL:0.00% (+0.00USDT) | 平100%仓 | ❌ 平仓失败
[2026-07-14 16:46:36] ✅ 平仓 ETH 迷你仓修复 | 入场:1799.1511 出场:1799.1511 | PnL:0.00% (+0.00USDT) | 平100%仓 | ❌ 平仓失败
[2026-07-14 16:55:35] ✅ 平仓 ETH 迷你仓修复 | 入场:1799.1511 出场:1799.1511 | PnL:0.00% (+0.00USDT) | 平100%仓 | ❌ 平仓失败
[2026-07-14 17:00:56] 
==================================================
📊 整点汇报 2026-07-14 17:00
恐惧贪婪指数: 22 (极度恐惧)
今日PnL: -3.98 USDT (-4.0%)
持仓数: 3/4
  🔴 DOT SHORT @0.8350 现价:0.8430 PnL:-1.92U (-0.96%)
  🔴 XRP SHORT @1.0795 现价:1.0682 PnL:+2.09U (+1.05%)
  🔴 SOL SHORT @75.4400 现价:75.1200 PnL:+0.85U (+0.42%)
  BTC: 62684.6000 (-0.77%)
  ETH: 1784.9900 (-0.19%)
  SOL: 75.1200 (-2.16%)
  BNB: 571.1800 (+0.00%)
  DOT: 0.8430 (+0.96%)
  LINK: 7.9300 (-0.80%)
  XRP: 1.0682 (-1.02%)
==================================================
[2026-07-14 17:04:40] ✅ 平仓 ETH 迷你仓修复 | 入场:1799.1511 出场:1799.1511 | PnL:0.00% (+0.00USDT) | 平100%仓 | ❌ 平仓失败
[2026-07-14 17:13:20] ✅ 平仓 ETH 迷你仓修复 | 入场:1799.1511 出场:1799.1511 | PnL:0.00% (+0.00USDT) | 平100%仓 | ❌ 平仓失败
[2026-07-14 17:21:52] ✅ 平仓 ETH 迷你仓修复 | 入场:1799.1511 出场:1799.1511 | PnL:0.00% (+0.00USDT) | 平100%仓 | ❌ 平仓失败
[2026-07-14 17:30:26] ✅ 平仓 ETH 迷你仓修复 | 入场:1799.1511 出场:1799.1511 | PnL:0.00% (+0.00USDT) | 平100%仓 | ❌ 平仓失败
[2026-07-14 17:39:07] ✅ 平仓 ETH 迷你仓修复 | 入场:1799.1511 出场:1799.1511 | PnL:0.00% (+0.00USDT) | 平100%仓 | ❌ 平仓失败
[2026-07-14 17:47:47] ✅ 平仓 ETH 迷你仓修复 | 入场:1799.1511 出场:1799.1511 | PnL:0.00% (+0.00USDT) | 平100%仓 | ❌ 平仓失败
[2026-07-14 17:56:22] ✅ 平仓 ETH 迷你仓修复 | 入场:1799.1511 出场:1799.1511 | PnL:0.00% (+0.00USDT) | 平100%仓 | ❌ 平仓失败
[2026-07-14 18:00:18] 
==================================================
📊 整点汇报 2026-07-14 18:00
恐惧贪婪指数: 22 (极度恐惧)
今日PnL: -3.98 USDT (-4.0%)
持仓数: 3/4
  🔴 DOT SHORT @0.8350 现价:0.8430 PnL:-1.92U (-0.96%)
  🔴 XRP SHORT @1.0795 现价:1.0679 PnL:+2.15U (+1.07%)
  🔴 SOL SHORT @75.4400 现价:75.0400 PnL:+1.06U (+0.53%)
  BTC: 62604.2000 (-0.73%)
  ETH: 1785.3000 (+0.03%)
  SOL: 75.0400 (-2.01%)
  BNB: 570.3500 (+0.08%)
  DOT: 0.8430 (+1.44%)
  LINK: 7.9190 (-0.93%)
  XRP: 1.0679 (-0.95%)
==================================================
[2026-07-14 18:04:54] ✅ 平仓 ETH 迷你仓修复 | 入场:1799.1511 出场:1799.1511 | PnL:0.00% (+0.00USDT) | 平100%仓 | ❌ 平仓失败
[2026-07-14 18:13:34] ✅ 平仓 ETH 迷你仓修复 | 入场:1799.1511 出场:1799.1511 | PnL:0.00% (+0.00USDT) | 平100%仓 | ❌ 平仓失败
[2026-07-14 18:22:17] ✅ 平仓 ETH 迷你仓修复 | 入场:1799.1511 出场:1799.1511 | PnL:0.00% (+0.00USDT) | 平100%仓 | ❌ 平仓失败
[2026-07-14 18:30:52] ✅ 平仓 ETH 迷你仓修复 | 入场:1799.1511 出场:1799.1511 | PnL:0.00% (+0.00USDT) | 平100%仓 | ❌ 平仓失败
[2026-07-14 18:39:26] ✅ 平仓 ETH 迷你仓修复 | 入场:1799.1511 出场:1799.1511 | PnL:0.00% (+0.00USDT) | 平100%仓 | ❌ 平仓失败
[2026-07-14 18:47:58] ✅ 平仓 ETH 迷你仓修复 | 入场:1799.1511 出场:1799.1511 | PnL:0.00% (+0.00USDT) | 平100%仓 | ❌ 平仓失败
[2026-07-14 18:56:39] ✅ 平仓 ETH 迷你仓修复 | 入场:1799.1511 出场:1799.1511 | PnL:0.00% (+0.00USDT) | 平100%仓 | ❌ 平仓失败
[2026-07-14 19:00:09] 
==================================================
📊 整点汇报 2026-07-14 19:00
恐惧贪婪指数: 22 (极度恐惧)
今日PnL: -3.98 USDT (-4.0%)
持仓数: 3/4
  🔴 DOT SHORT @0.8350 现价:0.8430 PnL:-1.92U (-0.96%)
  🔴 XRP SHORT @1.0795 现价:1.0707 PnL:+1.63U (+0.82%)
  🔴 SOL SHORT @75.4400 现价:75.4300 PnL:+0.03U (+0.01%)
  BTC: 62800.2000 (-0.19%)
  ETH: 1799.8200 (+1.19%)
  SOL: 75.4300 (-1.04%)
  BNB: 571.1700 (+0.30%)
  DOT: 0.8430 (+1.08%)
  LINK: 7.9660 (+0.24%)
  XRP: 1.0707 (-0.56%)
==================================================
[2026-07-14 19:05:18] ✅ 平仓 ETH 迷你仓修复 | 入场:1799.1511 出场:1799.1511 | PnL:0.00% (+0.00USDT) | 平100%仓 | ❌ 平仓失败
[2026-07-14 19:13:58] ✅ 平仓 ETH 迷你仓修复 | 入场:1799.1511 出场:1799.1511 | PnL:0.00% (+0.00USDT) | 平100%仓 | ❌ 平仓失败
[2026-07-14 19:22:41] ✅ 平仓 ETH 迷你仓修复 | 入场:1799.1511 出场:1799.1511 | PnL:0.00% (+0.00USDT) | 平100%仓 | ❌ 平仓失败
[2026-07-14 19:31:25] ✅ 平仓 ETH 迷你仓修复 | 入场:1799.1511 出场:1799.1511 | PnL:0.00% (+0.00USDT) | 平100%仓 | ❌ 平仓失败
[2026-07-14 19:40:02] ✅ 平仓 ETH 迷你仓修复 | 入场:1799.1511 出场:1799.1511 | PnL:0.00% (+0.00USDT) | 平100%仓 | ❌ 平仓失败
[2026-07-14 19:48:41] ✅ 平仓 ETH 迷你仓修复 | 入场:1799.1511 出场:1799.1511 | PnL:0.00% (+0.00USDT) | 平100%仓 | ❌ 平仓失败
[2026-07-14 19:57:16] ✅ 平仓 ETH 迷你仓修复 | 入场:1799.1511 出场:1799.1511 | PnL:0.00% (+0.00USDT) | 平100%仓 | ❌ 平仓失败
[2026-07-14 20:00:36] 
==================================================
📊 整点汇报 2026-07-14 20:00
恐惧贪婪指数: 22 (极度恐惧)
今日PnL: -3.98 USDT (-4.0%)
持仓数: 3/4
  🔴 DOT SHORT @0.8350 现价:0.8370 PnL:-0.48U (-0.24%)
  🔴 XRP SHORT @1.0795 现价:1.0717 PnL:+1.45U (+0.72%)
  🔴 SOL SHORT @75.4400 现价:75.3500 PnL:+0.24U (+0.12%)
  BTC: 62823.0000 (-0.09%)
  ETH: 1797.1100 (+0.94%)
  SOL: 75.3500 (-1.25%)
  BNB: 571.0000 (+0.20%)
  DOT: 0.8370 (+0.72%)
  LINK: 7.9890 (+0.73%)
  XRP: 1.0717 (-0.48%)
==================================================
[2026-07-14 20:05:56] ✅ 平仓 ETH 迷你仓修复 | 入场:1799.1511 出场:1799.1511 | PnL:0.00% (+0.00USDT) | 平100%仓 | ❌ 平仓失败
[2026-07-14 20:14:31] ✅ 平仓 ETH 迷你仓修复 | 入场:1799.1511 出场:1799.1511 | PnL:0.00% (+0.00USDT) | 平100%仓 | ❌ 平仓失败
[2026-07-14 20:23:17] ✅ 平仓 ETH 迷你仓修复 | 入场:1799.1511 出场:1799.1511 | PnL:0.00% (+0.00USDT) | 平100%仓 | ❌ 平仓失败
[2026-07-14 20:32:27] ✅ 平仓 ETH 迷你仓修复 | 入场:1799.1511 出场:1799.1511 | PnL:0.00% (+0.00USDT) | 平100%仓 | ❌ 平仓失败
[2026-07-14 20:41:02] ✅ 平仓 ETH 迷你仓修复 | 入场:1799.1511 出场:1799.1511 | PnL:0.00% (+0.00USDT) | 平100%仓 | ✅ 平仓成功
[2026-07-14 21:00:32] 
==================================================
📊 整点汇报 2026-07-14 21:00
恐惧贪婪指数: 22 (极度恐惧)
今日PnL: -3.80 USDT (-3.8%)
持仓数: 4/4
  🔴 DOT SHORT @0.8350 现价:0.8430 PnL:-1.92U (-0.96%)
  🟢 ETH LONG @1799.1511 现价:1859.6500 PnL:+6.72U (+3.36%)
  🔴 XRP SHORT @1.0795 现价:1.0883 PnL:-1.63U (-0.82%)
  🔴 SOL SHORT @75.4400 现价:76.7900 PnL:-3.58U (-1.79%)
  BTC: 63903.6000 (+2.14%)
  ETH: 1859.6500 (+5.03%)
  SOL: 76.7900 (+1.29%)
  BNB: 577.7500 (+1.61%)
  DOT: 0.8430 (+1.81%)
  LINK: 8.1750 (+3.55%)
  XRP: 1.0883 (+1.44%)
==================================================
[2026-07-14 21:21:48] ✅ 平仓 ETH TP1 | 入场:1799.1511 出场:1873.7800 | PnL:4.15% (+8.28USDT) | 平100%仓 | ✅ 平仓成功
[2026-07-14 21:22:37] ❌ 平仓 SOL SL | 入场:75.4400 出场:77.2600 | PnL:-2.41% (-4.82USDT) | 平100%仓 | ✅ 平仓成功
[2026-07-14 21:23:01] ❌ 平仓 SOL TP1 | 入场:77.3400 出场:77.2600 | PnL:-0.10% (-0.19USDT) | 平100%仓 | ✅ 平仓成功
[2026-07-14 21:25:00] ❌ 平仓 DOT SL | 入场:0.8350 出场:0.8520 | PnL:-2.04% (-4.07USDT) | 平100%仓 | ✅ 平仓成功
[2026-07-14 21:25:20] ✅ 平仓 DOT TP1 | 入场:0.8520 出场:0.8520 | PnL:0.00% (+0.00USDT) | 平100%仓 | ✅ 平仓成功
[2026-07-14 21:27:28] ❌ 平仓 XRP SL | 入场:1.0795 出场:1.1024 | PnL:-2.12% (-4.24USDT) | 平100%仓 | ✅ 平仓成功
[2026-07-14 21:29:23] ✅ 平仓 ETH 迷你仓修复 | 入场:1822.4700 出场:1822.4700 | PnL:0.00% (+0.00USDT) | 平100%仓 | ✅ 平仓成功
[2026-07-14 21:38:17] 🟢 开多 BNB @581.09 | 评分:80 | 状态:trending | AI:做空(0.8%) | ✅ 下单成功
[2026-07-14 22:00:32] 
==================================================
📊 整点汇报 2026-07-14 22:00
恐惧贪婪指数: 22 (极度恐惧)
今日PnL: -9.60 USDT (-9.6%)
持仓数: 2/4
  🟢 ETH LONG @1822.4700 现价:1871.2200 PnL:+5.36U (+2.67%)
  🟢 BNB LONG @581.0900 现价:579.4600 PnL:-0.55U (-0.28%)
  BTC: 63801.5000 (+2.45%)
  ETH: 1871.2200 (+5.71%)
  SOL: 76.9200 (+2.11%)
  BNB: 579.4600 (+2.02%)
  DOT: 0.8490 (+2.66%)
  LINK: 8.2480 (+4.37%)
  XRP: 1.0988 (+2.85%)
==================================================
[2026-07-14 23:00:13] 
==================================================
📊 整点汇报 2026-07-14 23:00
恐惧贪婪指数: 22 (极度恐惧)
今日PnL: -9.60 USDT (-9.6%)
持仓数: 2/4
  🟢 ETH LONG @1822.4700 现价:1876.1600 PnL:+5.91U (+2.95%)
  🟢 BNB LONG @581.0900 现价:581.1900 PnL:+0.03U (+0.02%)
  BTC: 64038.4000 (+2.22%)
  ETH: 1876.1600 (+5.48%)
  SOL: 77.1600 (+1.46%)
  BNB: 581.1900 (+1.86%)
  DOT: 0.8500 (+1.80%)
  LINK: 8.3190 (+4.46%)
  XRP: 1.1014 (+2.34%)
==================================================
[2026-07-14 23:38:51] 🟢 开多 XRP @1.1085 | 评分:70 | 状态:trending | AI:做空(0.85%) | ✅ 下单成功
