[2026-06-12 00:57:36] 
==================================================
📊 整点汇报 2026-06-12 00:57
恐惧贪婪指数: 50 (中性)
今日PnL: +0.00 USDT (+0.0%)
持仓数: 0/4
  BTC: 62591.0000 (+0.96%)
  ETH: 1639.1500 (-0.47%)
  SOL: 65.3600 (+1.35%)
  BNB: 598.6600 (+0.89%)
  DOT: 0.9430 (+0.64%)
  LINK: 7.7120 (-0.05%)
  XRP: 1.1076 (-0.45%)
==================================================
[2026-06-12 01:15:59] 🔴 开空 LINK @7.698 | 评分:65 | 状态:ranging | AI:做多(0.65%) | ✅ 下单成功
[2026-06-12 01:27:43] 
==================================================
📊 整点汇报 2026-06-12 01:27
恐惧贪婪指数: 12 (极度恐惧)
今日PnL: +0.00 USDT (+0.0%)
持仓数: 1/4
  🔴 LINK SHORT @7.6980 现价:7.6850 PnL:+0.34U (+0.17%)
  BTC: 62380.3000 (+0.49%)
  ETH: 1633.0300 (-0.41%)
  SOL: 65.0200 (+0.78%)
  BNB: 596.6800 (+0.85%)
  DOT: 0.9410 (+0.43%)
  LINK: 7.6850 (-0.43%)
  XRP: 1.1050 (-0.73%)
==================================================
[2026-06-12 01:50:28] 🟢 开多 XRP @1.1319 | 评分:70 | 状态:trending | AI:做多(65%) | ✅ 下单成功
[2026-06-12 02:00:25] 
==================================================
📊 整点汇报 2026-06-12 02:00
恐惧贪婪指数: 12 (极度恐惧)
今日PnL: -3.56 USDT (-3.6%)
持仓数: 1/4
  🟢 XRP LONG @1.1319 现价:1.1357 PnL:+0.67U (+0.34%)
  BTC: 63405.1000 (+2.31%)
  ETH: 1684.9100 (+3.28%)
  SOL: 67.0900 (+4.81%)
  BNB: 605.7100 (+2.60%)
  DOT: 0.9700 (+4.41%)
  LINK: 7.9200 (+3.14%)
  XRP: 1.1357 (+2.35%)
==================================================
[2026-06-12 02:59:07] 🟢 开多 ETH @1685.31 | 评分:70 | 状态:ranging | AI:做多(75%) | ✅ 下单成功
[2026-06-12 03:00:27] 
==================================================
📊 整点汇报 2026-06-12 03:00
恐惧贪婪指数: 12 (极度恐惧)
今日PnL: -3.56 USDT (-3.6%)
持仓数: 2/4
  🟢 XRP LONG @1.1319 现价:1.1371 PnL:+0.92U (+0.46%)
  🟢 ETH LONG @1685.3100 现价:1683.2400 PnL:-0.25U (-0.12%)
  BTC: 63429.4000 (+2.58%)
  ETH: 1683.2400 (+3.24%)
  SOL: 66.7600 (+4.64%)
  BNB: 605.0000 (+2.53%)
  DOT: 0.9620 (+3.44%)
  LINK: 7.9210 (+3.50%)
  XRP: 1.1371 (+2.76%)
==================================================
[2026-06-12 03:14:40] 🟢 开多 DOT @0.962 | 评分:60 | 状态:ranging | AI:做多(65%) | ✅ 下单成功
[2026-06-12 04:00:29] 
==================================================
📊 整点汇报 2026-06-12 04:00
恐惧贪婪指数: 12 (极度恐惧)
今日PnL: -3.56 USDT (-3.6%)
持仓数: 3/4
  🟢 XRP LONG @1.1319 现价:1.1428 PnL:+1.93U (+0.96%)
  🟢 ETH LONG @1685.3100 现价:1681.7600 PnL:-0.42U (-0.21%)
  🟢 DOT LONG @0.9620 现价:0.9630 PnL:+0.21U (+0.10%)
  BTC: 63586.3000 (+2.64%)
  ETH: 1681.7600 (+3.15%)
  SOL: 66.9000 (+5.24%)
  BNB: 604.7400 (+2.70%)
  DOT: 0.9630 (+4.56%)
  LINK: 7.9380 (+4.24%)
  XRP: 1.1428 (+4.06%)
==================================================
[2026-06-12 05:00:29] 
==================================================
📊 整点汇报 2026-06-12 05:00
恐惧贪婪指数: 12 (极度恐惧)
今日PnL: -3.56 USDT (-3.6%)
持仓数: 3/4
  🟢 XRP LONG @1.1319 现价:1.1354 PnL:+0.62U (+0.31%)
  🟢 ETH LONG @1685.3100 现价:1670.9000 PnL:-1.71U (-0.86%)
  🟢 DOT LONG @0.9620 现价:0.9580 PnL:-0.83U (-0.42%)
  BTC: 63369.4000 (+2.58%)
  ETH: 1670.9000 (+2.53%)
  SOL: 66.5500 (+5.10%)
  BNB: 602.9400 (+2.64%)
  DOT: 0.9580 (+4.24%)
  LINK: 7.8940 (+3.98%)
  XRP: 1.1354 (+3.36%)
==================================================
[2026-06-12 06:00:25] 
==================================================
📊 整点汇报 2026-06-12 06:00
恐惧贪婪指数: 12 (极度恐惧)
今日PnL: -3.56 USDT (-3.6%)
持仓数: 3/4
  🟢 XRP LONG @1.1319 现价:1.1404 PnL:+1.50U (+0.75%)
  🟢 ETH LONG @1685.3100 现价:1675.5700 PnL:-1.16U (-0.58%)
  🟢 DOT LONG @0.9620 现价:0.9600 PnL:-0.42U (-0.21%)
  BTC: 63444.8000 (+3.57%)
  ETH: 1675.5700 (+4.16%)
  SOL: 66.8200 (+6.83%)
  BNB: 603.6000 (+3.42%)
  DOT: 0.9600 (+5.84%)
  LINK: 7.9170 (+5.43%)
  XRP: 1.1404 (+4.44%)
==================================================
[2026-06-12 07:00:24] 
==================================================
📊 整点汇报 2026-06-12 07:00
恐惧贪婪指数: 12 (极度恐惧)
今日PnL: -3.56 USDT (-3.6%)
持仓数: 3/4
  🟢 XRP LONG @1.1319 现价:1.1423 PnL:+1.84U (+0.92%)
  🟢 ETH LONG @1685.3100 现价:1675.4400 PnL:-1.17U (-0.59%)
  🟢 DOT LONG @0.9620 现价:0.9550 PnL:-1.46U (-0.73%)
  BTC: 63492.0000 (+3.40%)
  ETH: 1675.4400 (+3.57%)
  SOL: 66.8500 (+6.52%)
  BNB: 604.0100 (+3.36%)
  DOT: 0.9550 (+4.95%)
  LINK: 7.9120 (+5.03%)
  XRP: 1.1423 (+4.41%)
==================================================
[2026-06-12 08:00:22] 
==================================================
📊 整点汇报 2026-06-12 08:00
恐惧贪婪指数: 12 (极度恐惧)
今日PnL: -3.56 USDT (-3.6%)
持仓数: 3/4
  🟢 XRP LONG @1.1319 现价:1.1420 PnL:+1.78U (+0.89%)
  🟢 ETH LONG @1685.3100 现价:1672.2200 PnL:-1.56U (-0.78%)
  🟢 DOT LONG @0.9620 现价:0.9500 PnL:-2.49U (-1.25%)
  BTC: 63578.9000 (+3.34%)
  ETH: 1672.2200 (+3.18%)
  SOL: 66.8800 (+0.00%)
  BNB: 605.8100 (+3.21%)
  DOT: 0.9500 (+3.71%)
  LINK: 7.8820 (+4.29%)
  XRP: 1.1420 (+4.14%)
==================================================
[2026-06-12 09:00:15] 
==================================================
📊 整点汇报 2026-06-12 09:00
恐惧贪婪指数: 12 (极度恐惧)
今日PnL: -3.56 USDT (-3.6%)
持仓数: 3/4
  🟢 XRP LONG @1.1319 现价:1.1421 PnL:+1.80U (+0.90%)
  🟢 ETH LONG @1685.3100 现价:1672.0000 PnL:-1.58U (-0.79%)
  🟢 DOT LONG @0.9620 现价:0.9500 PnL:-2.49U (-1.25%)
  BTC: 63605.1000 (+2.89%)
  ETH: 1672.0000 (+2.66%)
  SOL: 66.8700 (+5.04%)
  BNB: 604.5000 (+2.58%)
  DOT: 0.9500 (+2.92%)
  LINK: 7.8930 (+3.71%)
  XRP: 1.1421 (+3.68%)
==================================================
[2026-06-12 10:00:10] 
==================================================
📊 整点汇报 2026-06-12 10:00
恐惧贪婪指数: 12 (极度恐惧)
今日PnL: -3.56 USDT (-3.6%)
持仓数: 3/4
  🟢 XRP LONG @1.1319 现价:1.1386 PnL:+1.18U (+0.59%)
  🟢 ETH LONG @1685.3100 现价:1666.0000 PnL:-2.30U (-1.15%)
  🟢 DOT LONG @0.9620 现价:0.9470 PnL:-3.12U (-1.56%)
  BTC: 63393.4000 (+1.92%)
  ETH: 1666.0000 (+1.47%)
  SOL: 66.6500 (+2.76%)
  BNB: 601.9700 (+1.42%)
  DOT: 0.9470 (+1.50%)
  LINK: 7.8780 (+2.31%)
  XRP: 1.1386 (+2.09%)
==================================================
[2026-06-12 10:14:59] 🟢 开多 SOL @67.01 | 评分:80 | 状态:ranging | ✅ 下单成功
[2026-06-12 11:00:14] 
==================================================
📊 整点汇报 2026-06-12 11:00
恐惧贪婪指数: 12 (极度恐惧)
今日PnL: -3.56 USDT (-3.6%)
持仓数: 4/4
  🟢 XRP LONG @1.1319 现价:1.1455 PnL:+2.40U (+1.20%)
  🟢 ETH LONG @1685.3100 现价:1674.5900 PnL:-1.28U (-0.64%)
  🟢 DOT LONG @0.9620 现价:0.9490 PnL:-2.70U (-1.35%)
  🟢 SOL LONG @67.0100 现价:67.1300 PnL:+0.36U (+0.18%)
  BTC: 63565.3000 (+2.42%)
  ETH: 1674.5900 (+2.01%)
  SOL: 67.1300 (+3.95%)
  BNB: 605.3500 (+2.25%)
  DOT: 0.9490 (+2.26%)
  LINK: 7.9020 (+3.33%)
  XRP: 1.1455 (+3.21%)
==================================================
[2026-06-12 12:00:32] 
==================================================
📊 整点汇报 2026-06-12 12:00
恐惧贪婪指数: 12 (极度恐惧)
今日PnL: -3.56 USDT (-3.6%)
持仓数: 4/4
  🟢 XRP LONG @1.1319 现价:1.1443 PnL:+2.19U (+1.10%)
  🟢 ETH LONG @1685.3100 现价:1672.4300 PnL:-1.53U (-0.76%)
  🟢 DOT LONG @0.9620 现价:0.9500 PnL:-2.49U (-1.25%)
  🟢 SOL LONG @67.0100 现价:66.9900 PnL:-0.06U (-0.03%)
  BTC: 63490.0000 (+1.27%)
  ETH: 1672.4300 (+1.12%)
  SOL: 66.9900 (+2.62%)
  BNB: 602.6600 (+0.99%)
  DOT: 0.9500 (+0.32%)
  LINK: 7.9020 (+1.32%)
  XRP: 1.1443 (+2.24%)
==================================================
[2026-06-12 13:00:47] 
==================================================
📊 整点汇报 2026-06-12 13:00
恐惧贪婪指数: 12 (极度恐惧)
今日PnL: -3.56 USDT (-3.6%)
持仓数: 4/4
  🟢 XRP LONG @1.1319 现价:1.1456 PnL:+2.42U (+1.21%)
  🟢 ETH LONG @1685.3100 现价:1676.4600 PnL:-1.05U (-0.53%)
  🟢 DOT LONG @0.9620 现价:0.9560 PnL:-1.25U (-0.62%)
  🟢 SOL LONG @67.0100 现价:67.0500 PnL:+0.12U (+0.06%)
  BTC: 63665.9000 (+1.55%)
  ETH: 1676.4600 (+1.24%)
  SOL: 67.0500 (+2.90%)
  BNB: 604.0900 (+1.45%)
  DOT: 0.9560 (+0.84%)
  LINK: 7.9050 (+1.41%)
  XRP: 1.1456 (+2.32%)
==================================================
[2026-06-12 14:00:45] 
==================================================
📊 整点汇报 2026-06-12 14:00
恐惧贪婪指数: 12 (极度恐惧)
今日PnL: -3.56 USDT (-3.6%)
持仓数: 4/4
  🟢 XRP LONG @1.1319 现价:1.1393 PnL:+1.31U (+0.65%)
  🟢 ETH LONG @1685.3100 现价:1663.3800 PnL:-2.61U (-1.30%)
  🟢 DOT LONG @0.9620 现价:0.9500 PnL:-2.49U (-1.25%)
  🟢 SOL LONG @67.0100 现价:66.7100 PnL:-0.89U (-0.45%)
  BTC: 63328.7000 (+1.17%)
  ETH: 1663.3800 (+0.97%)
  SOL: 66.7100 (+2.69%)
  BNB: 600.9200 (+1.06%)
  DOT: 0.9500 (+0.64%)
  LINK: 7.8350 (+0.98%)
  XRP: 1.1393 (+2.26%)
==================================================
[2026-06-12 14:32:29] ❌ 平仓 DOT SL | 入场:0.9620 出场:0.9410 | PnL:-2.18% (-4.37USDT) | 平100%仓 | ✅ 平仓成功
[2026-06-12 15:00:52] 
==================================================
📊 整点汇报 2026-06-12 15:00
恐惧贪婪指数: 12 (极度恐惧)
今日PnL: -10.97 USDT (-11.0%)
持仓数: 3/4
  🟢 XRP LONG @1.1319 现价:1.1300 PnL:-0.34U (-0.17%)
  🟢 ETH LONG @1685.3100 现价:1656.5000 PnL:-3.43U (-1.71%)
  🟢 SOL LONG @67.0100 现价:66.0900 PnL:-2.74U (-1.37%)
  BTC: 62974.8000 (+0.36%)
  ETH: 1656.5000 (+0.14%)
  SOL: 66.0900 (+1.44%)
  BNB: 598.4600 (+0.34%)
  DOT: 0.9410 (-0.32%)
  LINK: 7.7760 (+0.14%)
  XRP: 1.1300 (+1.41%)
==================================================
[2026-06-12 16:00:26] 
==================================================
📊 整点汇报 2026-06-12 16:00
恐惧贪婪指数: 12 (极度恐惧)
今日PnL: -10.97 USDT (-11.0%)
持仓数: 3/4
  🟢 XRP LONG @1.1319 现价:1.1331 PnL:+0.21U (+0.11%)
  🟢 ETH LONG @1685.3100 现价:1661.1500 PnL:-2.88U (-1.43%)
  🟢 SOL LONG @67.0100 现价:66.2900 PnL:-2.15U (-1.07%)
  BTC: 63062.8000 (+0.60%)
  ETH: 1661.1500 (+0.43%)
  SOL: 66.2900 (+2.00%)
  BNB: 600.2100 (+0.32%)
  DOT: 0.9460 (-0.21%)
  LINK: 7.8090 (+0.53%)
  XRP: 1.1331 (+1.66%)
==================================================
[2026-06-12 17:00:17] 
==================================================
📊 整点汇报 2026-06-12 17:00
恐惧贪婪指数: 12 (极度恐惧)
今日PnL: -10.97 USDT (-11.0%)
持仓数: 3/4
  🟢 XRP LONG @1.1319 现价:1.1421 PnL:+1.80U (+0.90%)
  🟢 ETH LONG @1685.3100 现价:1672.9100 PnL:-1.48U (-0.74%)
  🟢 SOL LONG @67.0100 现价:66.8900 PnL:-0.36U (-0.18%)
  BTC: 63449.9000 (+0.86%)
  ETH: 1672.9100 (+0.84%)
  SOL: 66.8900 (+2.44%)
  BNB: 605.6000 (+0.73%)
  DOT: 0.9560 (+0.21%)
  LINK: 7.8690 (+0.63%)
  XRP: 1.1421 (+1.85%)
==================================================
[2026-06-12 18:00:24] 
==================================================
📊 整点汇报 2026-06-12 18:00
恐惧贪婪指数: 12 (极度恐惧)
今日PnL: -11.05 USDT (-11.1%)
持仓数: 2/4
  🟢 SOL LONG @67.0100 现价:67.1900 PnL:+0.54U (+0.27%)
  🟢 XRP LONG @1.1321 现价:1.1464 PnL:+2.53U (+1.26%)
  BTC: 63808.8000 (+1.47%)
  ETH: 1680.1100 (+1.31%)
  SOL: 67.1900 (+2.79%)
  BNB: 607.3700 (+1.09%)
  DOT: 0.9620 (+1.80%)
  LINK: 7.9040 (+1.35%)
  XRP: 1.1464 (+2.68%)
==================================================
[2026-06-12 19:00:14] 
==================================================
📊 整点汇报 2026-06-12 19:00
恐惧贪婪指数: 12 (极度恐惧)
今日PnL: -11.05 USDT (-11.1%)
持仓数: 2/4
  🟢 SOL LONG @67.0100 现价:66.8000 PnL:-0.63U (-0.31%)
  🟢 XRP LONG @1.1321 现价:1.1431 PnL:+1.94U (+0.97%)
  BTC: 63678.1000 (+1.08%)
  ETH: 1674.2600 (+0.92%)
  SOL: 66.8000 (+1.95%)
  BNB: 606.5300 (+1.06%)
  DOT: 0.9650 (+1.79%)
  LINK: 7.8910 (+0.88%)
  XRP: 1.1431 (+1.93%)
==================================================
[2026-06-12 20:00:39] 
==================================================
📊 整点汇报 2026-06-12 20:00
恐惧贪婪指数: 12 (极度恐惧)
今日PnL: -11.05 USDT (-11.1%)
持仓数: 2/4
  🟢 SOL LONG @67.0100 现价:66.9000 PnL:-0.33U (-0.16%)
  🟢 XRP LONG @1.1321 现价:1.1407 PnL:+1.52U (+0.76%)
  BTC: 63750.5000 (+1.05%)
  ETH: 1673.2300 (+0.44%)
  SOL: 66.9000 (+1.59%)
  BNB: 607.0700 (+0.98%)
  DOT: 0.9660 (+1.36%)
  LINK: 7.8940 (+0.55%)
  XRP: 1.1407 (+0.00%)
==================================================
[2026-06-12 21:00:29] 
==================================================
📊 整点汇报 2026-06-12 21:00
恐惧贪婪指数: 12 (极度恐惧)
今日PnL: -11.05 USDT (-11.1%)
持仓数: 2/4
  🟢 SOL LONG @67.0100 现价:66.7200 PnL:-0.86U (-0.43%)
  🟢 XRP LONG @1.1321 现价:1.1354 PnL:+0.58U (+0.29%)
  BTC: 63439.7000 (+0.73%)
  ETH: 1666.0700 (+0.87%)
  SOL: 66.7200 (+2.24%)
  BNB: 606.7600 (+1.05%)
  DOT: 0.9600 (+1.48%)
  LINK: 7.8820 (+1.09%)
  XRP: 1.1354 (+1.98%)
==================================================
[2026-06-12 21:44:37] 🔴 开空 BTC @63082.7 | 评分:75 | 状态:ranging | AI:做多(65%) | ✅ 下单成功
[2026-06-12 22:03:44] 
==================================================
📊 整点汇报 2026-06-12 22:03
恐惧贪婪指数: 50 (中性)
今日PnL: -11.05 USDT (-11.1%)
持仓数: 3/4
  🟢 SOL LONG @67.0100 现价:66.8200 PnL:-0.57U (-0.28%)
  🟢 XRP LONG @1.1321 现价:1.1321 PnL:+0.00U (+0.00%)
  🔴 BTC SHORT @63130.0000 现价:63399.8000 PnL:-0.81U (-0.43%)
  BTC: 63399.8000 (+0.66%)
  ETH: 1662.4200 (+0.57%)
  SOL: 66.8200 (+2.00%)
  BNB: 606.7700 (+0.81%)
  DOT: 0.9560 (+0.95%)
  LINK: 7.8320 (+0.23%)
  XRP: 1.1321 (+1.37%)
==================================================
[2026-06-12 23:00:22] 
==================================================
📊 整点汇报 2026-06-12 23:00
恐惧贪婪指数: 12 (极度恐惧)
今日PnL: -11.05 USDT (-11.1%)
持仓数: 3/4
  🟢 SOL LONG @67.0100 现价:67.9200 PnL:+2.71U (+1.36%)
  🟢 XRP LONG @1.1321 现价:1.1480 PnL:+2.81U (+1.40%)
  🔴 BTC SHORT @63130.0000 现价:63820.0000 PnL:-2.07U (-1.09%)
  BTC: 63820.0000 (+1.67%)
  ETH: 1680.7900 (+1.82%)
  SOL: 67.9200 (+3.88%)
  BNB: 609.9700 (+1.81%)
  DOT: 0.9710 (+2.75%)
  LINK: 7.9650 (+2.63%)
  XRP: 1.1480 (+3.10%)
==================================================
[2026-06-12 23:31:11] ✅ 平仓 SOL SL | 入场:67.0100 出场:68.0800 | PnL:1.60% (+3.19USDT) | 平100%仓 | ✅ 平仓成功
[2026-06-12 23:31:21] ✅ 平仓 XRP SL | 入场:1.1321 出场:1.1458 | PnL:1.21% (+2.42USDT) | 平100%仓 | ✅ 平仓成功
[2026-06-12 23:31:45] ❌ 平仓 XRP TP1 | 入场:1.1457 出场:1.1458 | PnL:-0.01% (-0.01USDT) | 平100%仓 | ✅ 平仓成功
