[2026-06-18 00:01:28] 
==================================================
📊 整点汇报 2026-06-18 00:01
恐惧贪婪指数: 22 (极度恐惧)
今日PnL: +0.00 USDT (+0.0%)
持仓数: 3/4
  🔴 ETH SHORT @1778.6600 现价:1767.9900 PnL:+1.20U (+0.60%)
  🔴 LINK SHORT @8.2530 现价:8.2910 PnL:-0.92U (-0.46%)
  🔴 BTC SHORT @65509.0000 现价:65338.0000 PnL:+0.51U (+0.26%)
  BTC: 65338.0000 (-0.79%)
  ETH: 1767.9900 (-0.86%)
  SOL: 73.7700 (+0.46%)
  BNB: 604.8100 (-0.33%)
  DOT: 1.0370 (+3.60%)
  LINK: 8.2910 (+1.18%)
  XRP: 1.2014 (-0.66%)
==================================================
[2026-06-18 00:29:25] ❌ 平仓 LINK SL | 入场:8.2530 出场:8.4350 | PnL:-2.21% (-4.41USDT) | 平100%仓 | ✅ 平仓成功
[2026-06-18 01:00:54] 
==================================================
📊 整点汇报 2026-06-18 01:00
恐惧贪婪指数: 22 (极度恐惧)
今日PnL: -3.29 USDT (-3.3%)
持仓数: 2/4
  🔴 ETH SHORT @1778.6600 现价:1772.1000 PnL:+0.73U (+0.37%)
  🔴 BTC SHORT @65509.0000 现价:65346.6000 PnL:+0.49U (+0.25%)
  BTC: 65346.6000 (-0.59%)
  ETH: 1772.1000 (-0.26%)
  SOL: 73.8000 (+1.01%)
  BNB: 606.1200 (+0.25%)
  DOT: 1.0280 (+2.80%)
  LINK: 8.2660 (+1.24%)
  XRP: 1.2155 (+0.35%)
==================================================
[2026-06-18 02:00:36] 
==================================================
📊 整点汇报 2026-06-18 02:00
恐惧贪婪指数: 22 (极度恐惧)
今日PnL: -3.29 USDT (-3.3%)
持仓数: 2/4
  🔴 ETH SHORT @1778.6600 现价:1760.3100 PnL:+2.06U (+1.03%)
  🔴 BTC SHORT @65509.0000 现价:65331.1000 PnL:+0.53U (+0.27%)
  BTC: 65331.1000 (-0.85%)
  ETH: 1760.3100 (-1.89%)
  SOL: 74.0700 (+0.64%)
  BNB: 610.0000 (+0.28%)
  DOT: 1.0330 (+2.18%)
  LINK: 8.5210 (+3.30%)
  XRP: 1.2175 (-0.24%)
==================================================
[2026-06-18 03:00:25] 
==================================================
📊 整点汇报 2026-06-18 03:00
恐惧贪婪指数: 22 (极度恐惧)
今日PnL: -3.29 USDT (-3.3%)
持仓数: 2/4
  🔴 ETH SHORT @1778.6600 现价:1773.2900 PnL:+0.60U (+0.30%)
  🔴 BTC SHORT @65509.0000 现价:65321.4000 PnL:+0.56U (+0.29%)
  BTC: 65321.4000 (-0.74%)
  ETH: 1773.2900 (-1.39%)
  SOL: 73.4300 (-0.73%)
  BNB: 609.9500 (+0.27%)
  DOT: 1.0260 (+1.38%)
  LINK: 8.6160 (+3.82%)
  XRP: 1.2090 (-1.40%)
==================================================
[2026-06-18 03:31:06] 🔴 开空 SOL @72.05 | 评分:80 | 状态:trending | AI:做空(70%) | ✅ 下单成功
[2026-06-18 03:41:44] 🔴 开空 BNB @598.45 | 评分:80 | 状态:trending | AI:做空(70%) | ✅ 下单成功
[2026-06-18 04:00:11] 
==================================================
📊 整点汇报 2026-06-18 04:00
恐惧贪婪指数: 22 (极度恐惧)
今日PnL: -3.29 USDT (-3.3%)
持仓数: 4/4
  🔴 ETH SHORT @1778.6600 现价:1733.2600 PnL:+5.08U (+2.55%)
  🔴 BTC SHORT @65509.0000 现价:64977.1000 PnL:+1.60U (+0.81%)
  🔴 SOL SHORT @72.0500 现价:71.6200 PnL:+1.20U (+0.60%)
  🔴 BNB SHORT @598.4500 现价:598.8200 PnL:-0.12U (-0.06%)
  BTC: 64977.1000 (-0.92%)
  ETH: 1733.2600 (-3.37%)
  SOL: 71.6200 (-3.18%)
  BNB: 598.8200 (-1.40%)
  DOT: 0.9960 (-1.29%)
  LINK: 8.0310 (-2.58%)
  XRP: 1.1884 (-2.57%)
==================================================
[2026-06-18 04:06:05] ✅ 平仓 ETH SL | 入场:1778.6600 出场:1767.0900 | PnL:0.65% (+1.30USDT) | 平100%仓 | ✅ 平仓成功
[2026-06-18 04:11:40] 🔴 开空 XRP @1.1884 | 评分:80 | 状态:trending | AI:做空(75%) | ✅ 下单成功
[2026-06-18 05:00:09] 
==================================================
📊 整点汇报 2026-06-18 05:00
恐惧贪婪指数: 22 (极度恐惧)
今日PnL: +1.20 USDT (+1.2%)
持仓数: 4/4
  🔴 BTC SHORT @65509.0000 现价:64885.7000 PnL:+1.87U (+0.95%)
  🔴 SOL SHORT @72.0500 现价:72.1000 PnL:-0.14U (-0.07%)
  🔴 BNB SHORT @598.4500 现价:598.4500 PnL:+0.00U (+0.00%)
  🔴 XRP SHORT @1.1884 现价:1.1884 PnL:+0.00U (+0.00%)
  BTC: 64885.7000 (-1.42%)
  ETH: 1743.3500 (-2.95%)
  SOL: 72.1000 (-2.69%)
  BNB: 598.4500 (-1.70%)
  DOT: 1.0070 (-1.27%)
  LINK: 8.0990 (-2.71%)
  XRP: 1.1884 (-2.77%)
==================================================
[2026-06-18 06:00:18] 
==================================================
📊 整点汇报 2026-06-18 06:00
恐惧贪婪指数: 22 (极度恐惧)
今日PnL: +1.20 USDT (+1.2%)
持仓数: 4/4
  🔴 BTC SHORT @65509.0000 现价:65141.0000 PnL:+1.10U (+0.56%)
  🔴 SOL SHORT @72.0500 现价:71.5200 PnL:+1.47U (+0.74%)
  🔴 BNB SHORT @598.4500 现价:598.4500 PnL:+0.00U (+0.00%)
  🔴 XRP SHORT @1.1884 现价:1.1904 PnL:-0.34U (-0.17%)
  BTC: 65141.0000 (-0.87%)
  ETH: 1733.0000 (-3.46%)
  SOL: 71.5200 (-3.22%)
  BNB: 598.4500 (-1.52%)
  DOT: 0.9990 (-1.67%)
  LINK: 8.0320 (-3.30%)
  XRP: 1.1904 (-2.39%)
==================================================
[2026-06-18 07:00:27] 
==================================================
📊 整点汇报 2026-06-18 07:00
恐惧贪婪指数: 22 (极度恐惧)
今日PnL: +1.20 USDT (+1.2%)
持仓数: 4/4
  🔴 BTC SHORT @65509.0000 现价:65197.1000 PnL:+0.94U (+0.48%)
  🔴 SOL SHORT @72.0500 现价:71.6900 PnL:+1.00U (+0.50%)
  🔴 BNB SHORT @598.4500 现价:598.4500 PnL:+0.00U (+0.00%)
  🔴 XRP SHORT @1.1884 现价:1.1824 PnL:+1.01U (+0.50%)
  BTC: 65197.1000 (-0.84%)
  ETH: 1737.1100 (-3.24%)
  SOL: 71.6900 (-2.99%)
  BNB: 598.4500 (-1.34%)
  DOT: 1.0000 (-1.67%)
  LINK: 8.0400 (-3.13%)
  XRP: 1.1824 (-3.18%)
==================================================
[2026-06-18 08:00:11] 
==================================================
📊 整点汇报 2026-06-18 08:00
恐惧贪婪指数: 22 (极度恐惧)
今日PnL: +1.20 USDT (+1.2%)
持仓数: 4/4
  🔴 BTC SHORT @65509.0000 现价:65248.0000 PnL:+0.78U (+0.40%)
  🔴 SOL SHORT @72.0500 现价:71.9700 PnL:+0.22U (+0.11%)
  🔴 BNB SHORT @598.4500 现价:600.5500 PnL:-0.69U (-0.35%)
  🔴 XRP SHORT @1.1884 现价:1.1818 PnL:+1.11U (+0.56%)
  BTC: 65248.0000 (-0.54%)
  ETH: 1743.8900 (-2.65%)
  SOL: 71.9700 (-2.03%)
  BNB: 600.5500 (-0.79%)
  DOT: 1.0030 (-0.89%)
  LINK: 8.0810 (-2.32%)
  XRP: 1.1818 (-2.84%)
==================================================
[2026-06-18 09:00:30] 
==================================================
📊 整点汇报 2026-06-18 09:00
恐惧贪婪指数: 15 (极度恐惧)
今日PnL: +1.20 USDT (+1.2%)
持仓数: 4/4
  🔴 BTC SHORT @65509.0000 现价:65327.1000 PnL:+0.55U (+0.28%)
  🔴 SOL SHORT @72.0500 现价:72.4100 PnL:-1.00U (-0.50%)
  🔴 BNB SHORT @598.4500 现价:602.7500 PnL:-1.42U (-0.72%)
  🔴 XRP SHORT @1.1884 现价:1.1899 PnL:-0.25U (-0.13%)
  BTC: 65327.1000 (-0.54%)
  ETH: 1756.7800 (-2.06%)
  SOL: 72.4100 (-1.25%)
  BNB: 602.7500 (-0.36%)
  DOT: 1.0020 (-1.67%)
  LINK: 8.3380 (+0.58%)
  XRP: 1.1899 (-2.03%)
==================================================
[2026-06-18 10:00:22] 
==================================================
📊 整点汇报 2026-06-18 10:00
恐惧贪婪指数: 15 (极度恐惧)
今日PnL: +1.20 USDT (+1.2%)
持仓数: 4/4
  🔴 BTC SHORT @65509.0000 现价:65342.3000 PnL:+0.50U (+0.25%)
  🔴 SOL SHORT @72.0500 现价:72.1800 PnL:-0.36U (-0.18%)
  🔴 BNB SHORT @598.4500 现价:601.9700 PnL:-1.16U (-0.59%)
  🔴 XRP SHORT @1.1884 现价:1.1892 PnL:-0.13U (-0.07%)
  BTC: 65342.3000 (-0.78%)
  ETH: 1759.2000 (-2.13%)
  SOL: 72.1800 (-2.30%)
  BNB: 601.9700 (-0.97%)
  DOT: 1.0000 (-2.82%)
  LINK: 8.0760 (-3.27%)
  XRP: 1.1892 (-2.56%)
==================================================
[2026-06-18 10:10:19] ❌ 平仓 BNB SL | 入场:598.4500 出场:611.4200 | PnL:-2.17% (-4.28USDT) | 平100%仓 | ✅ 平仓成功
[2026-06-18 10:15:34] 🔴 开空 BNB @602.49 | 评分:70 | 状态:ranging | AI:做空(75%) | ✅ 下单成功
[2026-06-18 11:00:27] 
==================================================
📊 整点汇报 2026-06-18 11:00
恐惧贪婪指数: 15 (极度恐惧)
今日PnL: -2.96 USDT (-3.0%)
持仓数: 4/4
  🔴 BTC SHORT @65509.0000 现价:65315.7000 PnL:+0.58U (+0.30%)
  🔴 SOL SHORT @72.0500 现价:72.5500 PnL:-1.39U (-0.69%)
  🔴 XRP SHORT @1.1884 现价:1.1888 PnL:-0.07U (-0.03%)
  🔴 BNB SHORT @602.4900 现价:602.2100 PnL:+0.09U (+0.05%)
  BTC: 65315.7000 (-0.79%)
  ETH: 1759.0000 (-1.99%)
  SOL: 72.5500 (-1.93%)
  BNB: 602.2100 (-0.59%)
  DOT: 1.0010 (-2.82%)
  LINK: 8.1090 (-3.04%)
  XRP: 1.1888 (-2.46%)
==================================================
[2026-06-18 12:00:32] 
==================================================
📊 整点汇报 2026-06-18 12:00
恐惧贪婪指数: 15 (极度恐惧)
今日PnL: -2.96 USDT (-3.0%)
持仓数: 4/4
  🔴 BTC SHORT @65509.0000 现价:65297.1000 PnL:+0.64U (+0.32%)
  🔴 SOL SHORT @72.0500 现价:71.6500 PnL:+1.11U (+0.56%)
  🔴 XRP SHORT @1.1884 现价:1.1915 PnL:-0.52U (-0.26%)
  🔴 BNB SHORT @602.4900 现价:598.4500 PnL:+1.33U (+0.67%)
  BTC: 65297.1000 (-0.74%)
  ETH: 1743.1700 (-2.71%)
  SOL: 71.6500 (-2.65%)
  BNB: 598.4500 (-1.06%)
  DOT: 0.9810 (-4.20%)
  LINK: 8.4210 (+0.97%)
  XRP: 1.1915 (-2.78%)
==================================================
[2026-06-18 12:05:01] ❌ 平仓 XRP SL | 入场:1.1884 出场:1.2176 | PnL:-2.46% (-4.91USDT) | 平100%仓 | ✅ 平仓成功
[2026-06-18 12:05:26] ❌ 平仓 XRP SL | 入场:1.1884 出场:1.2176 | PnL:-2.46% (-4.08USDT) | 平100%仓 | ✅ 平仓成功
[2026-06-18 12:06:56] 🔴 开空 XRP @1.1804 | 评分:95 | 状态:trending | AI:做空(0.7%) | ✅ 下单成功
[2026-06-18 13:00:21] 
==================================================
📊 整点汇报 2026-06-18 13:00
恐惧贪婪指数: 15 (极度恐惧)
今日PnL: -6.22 USDT (-6.2%)
持仓数: 4/4
  🔴 BTC SHORT @65509.0000 现价:65100.0000 PnL:+1.23U (+0.62%)
  🔴 SOL SHORT @72.0500 现价:70.9400 PnL:+3.09U (+1.54%)
  🔴 BNB SHORT @602.4900 现价:592.2300 PnL:+3.39U (+1.70%)
  🔴 XRP SHORT @1.1804 现价:1.1726 PnL:+1.32U (+0.66%)
  BTC: 65100.0000 (-1.17%)
  ETH: 1756.0000 (-2.75%)
  SOL: 70.9400 (-3.81%)
  BNB: 592.2300 (-1.90%)
  DOT: 0.9730 (-5.26%)
  LINK: 7.9600 (-4.70%)
  XRP: 1.1726 (-3.62%)
==================================================
[2026-06-18 14:00:26] 
==================================================
📊 整点汇报 2026-06-18 14:00
恐惧贪婪指数: 15 (极度恐惧)
今日PnL: -6.22 USDT (-6.2%)
持仓数: 4/4
  🔴 BTC SHORT @65509.0000 现价:65027.1000 PnL:+1.45U (+0.74%)
  🔴 SOL SHORT @72.0500 现价:71.0600 PnL:+2.75U (+1.37%)
  🔴 BNB SHORT @602.4900 现价:590.8600 PnL:+3.84U (+1.93%)
  🔴 XRP SHORT @1.1804 现价:1.1722 PnL:+1.39U (+0.69%)
  BTC: 65027.1000 (-1.16%)
  ETH: 1729.6300 (-3.52%)
  SOL: 71.0600 (-3.41%)
  BNB: 590.8600 (-2.88%)
  DOT: 0.9740 (-4.88%)
  LINK: 7.9000 (-5.18%)
  XRP: 1.1722 (-3.68%)
==================================================
[2026-06-18 15:00:25] 
==================================================
📊 整点汇报 2026-06-18 15:00
恐惧贪婪指数: 15 (极度恐惧)
今日PnL: -6.22 USDT (-6.2%)
持仓数: 4/4
  🔴 BTC SHORT @65509.0000 现价:65208.8000 PnL:+0.90U (+0.46%)
  🔴 SOL SHORT @72.0500 现价:71.3200 PnL:+2.03U (+1.01%)
  🔴 BNB SHORT @602.4900 现价:591.5900 PnL:+3.60U (+1.81%)
  🔴 XRP SHORT @1.1804 现价:1.1722 PnL:+1.39U (+0.69%)
  BTC: 65208.8000 (-0.94%)
  ETH: 1736.8000 (-2.93%)
  SOL: 71.3200 (-2.81%)
  BNB: 591.5900 (-2.62%)
  DOT: 0.9800 (-4.20%)
  LINK: 7.9790 (-4.08%)
  XRP: 1.1722 (-3.20%)
==================================================
[2026-06-18 16:00:37] 
==================================================
📊 整点汇报 2026-06-18 16:00
恐惧贪婪指数: 15 (极度恐惧)
今日PnL: -6.22 USDT (-6.2%)
持仓数: 4/4
  🔴 BTC SHORT @65509.0000 现价:65113.9000 PnL:+1.19U (+0.60%)
  🔴 SOL SHORT @72.0500 现价:71.7200 PnL:+0.92U (+0.46%)
  🔴 BNB SHORT @602.4900 现价:590.5000 PnL:+3.96U (+1.99%)
  🔴 XRP SHORT @1.1804 现价:1.1722 PnL:+1.39U (+0.69%)
  BTC: 65113.9000 (-0.49%)
  ETH: 1750.0000 (-1.99%)
  SOL: 71.7200 (-2.05%)
  BNB: 590.5000 (-2.71%)
  DOT: 0.9820 (-3.91%)
  LINK: 8.0260 (-3.16%)
  XRP: 1.1722 (-3.03%)
==================================================
[2026-06-18 17:00:14] 
==================================================
📊 整点汇报 2026-06-18 17:00
恐惧贪婪指数: 15 (极度恐惧)
今日PnL: -6.22 USDT (-6.2%)
持仓数: 4/4
  🔴 BTC SHORT @65509.0000 现价:65300.0000 PnL:+0.63U (+0.32%)
  🔴 SOL SHORT @72.0500 现价:71.8300 PnL:+0.61U (+0.31%)
  🔴 BNB SHORT @602.4900 现价:590.5000 PnL:+3.96U (+1.99%)
  🔴 XRP SHORT @1.1804 现价:1.1727 PnL:+1.30U (+0.65%)
  BTC: 65300.0000 (+0.45%)
  ETH: 1736.0600 (-1.64%)
  SOL: 71.8300 (-0.72%)
  BNB: 590.5000 (-2.07%)
  DOT: 0.9820 (-2.68%)
  LINK: 8.0490 (-1.56%)
  XRP: 1.1727 (-2.01%)
==================================================
[2026-06-18 18:00:21] 
==================================================
📊 整点汇报 2026-06-18 18:00
恐惧贪婪指数: 15 (极度恐惧)
今日PnL: -6.22 USDT (-6.2%)
持仓数: 4/4
  🔴 BTC SHORT @65509.0000 现价:64172.7000 PnL:+4.01U (+2.04%)
  🔴 SOL SHORT @72.0500 现价:71.8100 PnL:+0.67U (+0.33%)
  🔴 BNB SHORT @602.4900 现价:590.7300 PnL:+3.88U (+1.95%)
  🔴 XRP SHORT @1.1804 现价:1.1782 PnL:+0.37U (+0.19%)
  BTC: 64172.7000 (-1.10%)
  ETH: 1745.3300 (-1.48%)
  SOL: 71.8100 (-0.86%)
  BNB: 590.7300 (-1.80%)
  DOT: 0.9840 (-2.77%)
  LINK: 8.0360 (-1.90%)
  XRP: 1.1782 (-1.56%)
==================================================
[2026-06-18 19:00:41] 
==================================================
📊 整点汇报 2026-06-18 19:00
恐惧贪婪指数: 15 (极度恐惧)
今日PnL: -6.22 USDT (-6.2%)
持仓数: 4/4
  🔴 BTC SHORT @65509.0000 现价:64062.1000 PnL:+4.34U (+2.21%)
  🔴 SOL SHORT @72.0500 现价:71.3700 PnL:+1.89U (+0.94%)
  🔴 BNB SHORT @602.4900 现价:590.5900 PnL:+3.93U (+1.98%)
  🔴 XRP SHORT @1.1804 现价:1.1697 PnL:+1.81U (+0.91%)
  BTC: 64062.1000 (-1.05%)
  ETH: 1746.2200 (-1.22%)
  SOL: 71.3700 (-1.27%)
  BNB: 590.5900 (-1.95%)
  DOT: 0.9790 (-2.88%)
  LINK: 8.0220 (-1.80%)
  XRP: 1.1697 (+0.00%)
==================================================
[2026-06-18 20:00:55] 
==================================================
📊 整点汇报 2026-06-18 20:00
恐惧贪婪指数: 15 (极度恐惧)
今日PnL: -6.22 USDT (-6.2%)
持仓数: 4/4
  🔴 BTC SHORT @65509.0000 现价:63954.8000 PnL:+4.66U (+2.37%)
  🔴 SOL SHORT @72.0500 现价:70.9100 PnL:+3.17U (+1.58%)
  🔴 BNB SHORT @602.4900 现价:589.9200 PnL:+4.15U (+2.09%)
  🔴 XRP SHORT @1.1804 现价:1.1640 PnL:+2.78U (+1.39%)
  BTC: 63954.8000 (-1.29%)
  ETH: 1742.3200 (-1.21%)
  SOL: 70.9100 (-1.49%)
  BNB: 589.9200 (-2.37%)
  DOT: 0.9720 (-3.28%)
  LINK: 7.9850 (-2.06%)
  XRP: 1.1640 (-2.37%)
==================================================
[2026-06-18 21:00:27] 
==================================================
📊 整点汇报 2026-06-18 21:00
恐惧贪婪指数: 15 (极度恐惧)
今日PnL: -6.22 USDT (-6.2%)
持仓数: 4/4
  🔴 BTC SHORT @65509.0000 现价:64334.7000 PnL:+3.52U (+1.79%)
  🔴 SOL SHORT @72.0500 现价:71.5100 PnL:+1.50U (+0.75%)
  🔴 BNB SHORT @602.4900 现价:591.7800 PnL:+3.53U (+1.78%)
  🔴 XRP SHORT @1.1804 现价:1.1687 PnL:+1.98U (+0.99%)
  BTC: 64334.7000 (-1.00%)
  ETH: 1748.9300 (-0.51%)
  SOL: 71.5100 (-1.04%)
  BNB: 591.7800 (-2.94%)
  DOT: 0.9800 (-3.26%)
  LINK: 8.0880 (-1.04%)
  XRP: 1.1687 (-2.36%)
==================================================
[2026-06-18 21:10:44] ✅ 平仓 BTC SL | 入场:65509.0000 出场:64379.2000 | PnL:1.72% (+3.39USDT) | 平100%仓 | ✅ 平仓成功
[2026-06-18 21:42:40] 🔴 开空 DOT @0.971 | 评分:70 | 状态:trending | AI:做空(70%) | ✅ 下单成功
[2026-06-18 22:00:50] 
==================================================
📊 整点汇报 2026-06-18 22:00
恐惧贪婪指数: 15 (极度恐惧)
今日PnL: -2.83 USDT (-2.8%)
持仓数: 4/4
  🔴 SOL SHORT @72.0500 现价:70.9400 PnL:+3.09U (+1.54%)
  🔴 BNB SHORT @602.4900 现价:589.8600 PnL:+4.17U (+2.10%)
  🔴 XRP SHORT @1.1804 现价:1.1603 PnL:+3.40U (+1.70%)
  🔴 DOT SHORT @0.9710 现价:0.9730 PnL:-0.41U (-0.21%)
  BTC: 63952.2000 (-1.98%)
  ETH: 1736.2900 (-1.33%)
  SOL: 70.9400 (-2.03%)
  BNB: 589.8600 (-3.14%)
  DOT: 0.9730 (-3.85%)
  LINK: 8.0140 (-2.01%)
  XRP: 1.1603 (-3.40%)
==================================================
[2026-06-18 23:00:32] 
==================================================
📊 整点汇报 2026-06-18 23:00
恐惧贪婪指数: 15 (极度恐惧)
今日PnL: -2.83 USDT (-2.8%)
持仓数: 4/4
  🔴 SOL SHORT @72.0500 现价:71.0800 PnL:+2.70U (+1.35%)
  🔴 BNB SHORT @602.4900 现价:589.4600 PnL:+4.30U (+2.16%)
  🔴 XRP SHORT @1.1804 现价:1.1619 PnL:+3.13U (+1.57%)
  🔴 DOT SHORT @0.9710 现价:0.9790 PnL:-1.65U (-0.82%)
  BTC: 63861.6000 (-1.99%)
  ETH: 1740.7600 (-0.94%)
  SOL: 71.0800 (-1.63%)
  BNB: 589.4600 (-2.09%)
  DOT: 0.9790 (-2.97%)
  LINK: 8.0330 (-1.46%)
  XRP: 1.1619 (-3.29%)
==================================================
[2026-06-18 23:39:00] 🔴 开空 LINK @7.899 | 评分:70 | 状态:trending | AI:做空(65%) | ✅ 下单成功
[2026-06-18 23:41:50] ✅ 平仓 BNB TP1 | 入场:602.4900 出场:578.1300 | PnL:4.04% (+8.04USDT) | 平100%仓 | ✅ 平仓成功
