[2026-07-24 00:03:19] 
==================================================
📊 整点汇报 2026-07-24 00:01
恐惧贪婪指数: 50 (中性)
今日PnL: -4.39 USDT (-4.4%)
持仓数: 0/4
  BTC: 65099.6000 (-1.01%)
  ETH: 1903.3500 (-1.48%)
  SOL: 76.8900 (-1.02%)
  BNB: 569.1400 (-0.57%)
  DOT: 0.8161 (-2.69%)
  LINK: 8.5110 (-1.37%)
  XRP: 1.1141 (-2.12%)
==================================================
[2026-07-24 01:00:20] 
==================================================
📊 整点汇报 2026-07-24 01:00
恐惧贪婪指数: 31 (恐惧)
今日PnL: +0.00 USDT (+0.0%)
持仓数: 4/4
  🔴 DOT SHORT @0.8254 现价:0.8101 PnL:+3.71U (+1.85%)
  🔴 ETH SHORT @1917.9700 现价:1888.6600 PnL:+3.05U (+1.53%)
  🔴 BTC SHORT @66123.0000 现价:64782.9000 PnL:+4.02U (+2.03%)
  🔴 BNB SHORT @568.9800 现价:567.1600 PnL:+0.64U (+0.32%)
  BTC: 64782.9000 (-2.13%)
  ETH: 1888.6600 (-3.11%)
  SOL: 76.0100 (-3.21%)
  BNB: 567.1600 (-1.44%)
  DOT: 0.8101 (-4.85%)
  LINK: 8.4940 (-2.41%)
  XRP: 1.1087 (-3.83%)
==================================================
[2026-07-24 02:01:36] 
==================================================
📊 整点汇报 2026-07-24 02:00
恐惧贪婪指数: 50 (中性)
今日PnL: +0.00 USDT (+0.0%)
持仓数: 0/4
  BTC: 64799.0000 (-1.86%)
  ETH: 1889.6400 (-2.52%)
  SOL: 76.0100 (-2.94%)
  BNB: 567.8000 (-0.96%)
  DOT: 0.8112 (-4.24%)
  LINK: 8.4940 (-2.64%)
  XRP: 1.1087 (-3.34%)
==================================================
[2026-07-24 03:05:18] 
==================================================
📊 整点汇报 2026-07-24 03:03
恐惧贪婪指数: 50 (中性)
今日PnL: +0.00 USDT (+0.0%)
持仓数: 0/4
  BTC: 64799.0000 (-1.86%)
  ETH: 1889.6400 (-2.52%)
  SOL: 76.0100 (-2.94%)
  BNB: 567.8000 (-0.96%)
  DOT: 0.8112 (-4.24%)
  LINK: 8.4940 (-2.64%)
  XRP: 1.1087 (-3.34%)
==================================================
[2026-07-24 04:03:34] 
==================================================
📊 整点汇报 2026-07-24 04:02
恐惧贪婪指数: 50 (中性)
今日PnL: +0.00 USDT (+0.0%)
持仓数: 0/4
  BTC: 64799.0000 (-1.86%)
  ETH: 1889.6400 (-2.52%)
  SOL: 76.0100 (-2.94%)
  BNB: 567.8000 (-0.96%)
  DOT: 0.8112 (-4.24%)
  LINK: 8.4940 (-2.64%)
  XRP: 1.1087 (-3.34%)
==================================================
[2026-07-24 05:02:11] 
==================================================
📊 整点汇报 2026-07-24 05:00
恐惧贪婪指数: 50 (中性)
今日PnL: +0.00 USDT (+0.0%)
持仓数: 0/4
  BTC: 64799.0000 (-1.86%)
  ETH: 1889.6400 (-2.52%)
  SOL: 76.0100 (-2.94%)
  BNB: 567.8000 (-0.96%)
  DOT: 0.8112 (-4.24%)
  LINK: 8.4940 (-2.64%)
  XRP: 1.1087 (-3.34%)
==================================================
[2026-07-24 06:01:42] 
==================================================
📊 整点汇报 2026-07-24 06:00
恐惧贪婪指数: 50 (中性)
今日PnL: +0.00 USDT (+0.0%)
持仓数: 0/4
  BTC: 64799.0000 (-1.86%)
  ETH: 1889.6400 (-2.52%)
  SOL: 76.0100 (-2.94%)
  BNB: 567.8000 (-0.96%)
  DOT: 0.8112 (-4.24%)
  LINK: 8.4940 (-2.64%)
  XRP: 1.1087 (-3.34%)
==================================================
[2026-07-24 07:05:38] 
==================================================
📊 整点汇报 2026-07-24 07:04
恐惧贪婪指数: 50 (中性)
今日PnL: +0.00 USDT (+0.0%)
持仓数: 0/4
  BTC: 64799.0000 (-1.86%)
  ETH: 1889.6400 (-2.52%)
  SOL: 76.0100 (-2.94%)
  BNB: 567.8000 (-0.96%)
  DOT: 0.8112 (-4.24%)
  LINK: 8.4940 (-2.64%)
  XRP: 1.1087 (-3.34%)
==================================================
[2026-07-24 08:00:40] 
==================================================
📊 整点汇报 2026-07-24 08:00
恐惧贪婪指数: 31 (恐惧)
今日PnL: +0.00 USDT (+0.0%)
持仓数: 4/4
  🔴 DOT SHORT @0.8254 现价:0.8147 PnL:+2.59U (+1.30%)
  🔴 ETH SHORT @1917.9700 现价:1877.4500 PnL:+4.21U (+2.11%)
  🔴 BTC SHORT @66123.0000 现价:65061.9000 PnL:+3.18U (+1.60%)
  🔴 BNB SHORT @568.9800 现价:567.6900 PnL:+0.45U (+0.23%)
  BTC: 65061.9000 (-1.55%)
  ETH: 1877.4500 (-2.89%)
  SOL: 75.8400 (-2.68%)
  BNB: 567.6900 (-0.67%)
  DOT: 0.8147 (-2.44%)
  LINK: 8.4630 (-1.90%)
  XRP: 1.1072 (-3.00%)
==================================================
[2026-07-24 09:00:27] 
==================================================
📊 整点汇报 2026-07-24 09:00
恐惧贪婪指数: 28 (恐惧)
今日PnL: +0.00 USDT (+0.0%)
持仓数: 4/4
  🔴 DOT SHORT @0.8254 现价:0.8151 PnL:+2.50U (+1.25%)
  🔴 ETH SHORT @1917.9700 现价:1870.5000 PnL:+4.94U (+2.48%)
  🔴 BTC SHORT @66123.0000 现价:64912.0000 PnL:+3.63U (+1.83%)
  🔴 BNB SHORT @568.9800 现价:568.2300 PnL:+0.26U (+0.13%)
  BTC: 64912.0000 (-1.75%)
  ETH: 1870.5000 (-3.21%)
  SOL: 75.7700 (-3.12%)
  BNB: 568.2300 (-0.63%)
  DOT: 0.8151 (-2.76%)
  LINK: 8.4350 (-2.31%)
  XRP: 1.1070 (-2.94%)
==================================================
[2026-07-24 10:00:21] 
==================================================
📊 整点汇报 2026-07-24 10:00
恐惧贪婪指数: 28 (恐惧)
今日PnL: +0.00 USDT (+0.0%)
持仓数: 4/4
  🔴 DOT SHORT @0.8254 现价:0.8185 PnL:+1.67U (+0.84%)
  🔴 ETH SHORT @1917.9700 现价:1874.0000 PnL:+4.57U (+2.29%)
  🔴 BTC SHORT @66123.0000 现价:65055.0000 PnL:+3.20U (+1.62%)
  🔴 BNB SHORT @568.9800 现价:568.3400 PnL:+0.22U (+0.11%)
  BTC: 65055.0000 (-1.13%)
  ETH: 1874.0000 (-2.77%)
  SOL: 75.6500 (-2.81%)
  BNB: 568.3400 (-0.50%)
  DOT: 0.8185 (-1.59%)
  LINK: 8.4340 (-2.03%)
  XRP: 1.1088 (-2.66%)
==================================================
[2026-07-24 11:00:13] 
==================================================
📊 整点汇报 2026-07-24 11:00
恐惧贪婪指数: 28 (恐惧)
今日PnL: +0.00 USDT (+0.0%)
持仓数: 4/4
  🔴 DOT SHORT @0.8254 现价:0.8132 PnL:+2.96U (+1.48%)
  🔴 ETH SHORT @1917.9700 现价:1867.2700 PnL:+5.27U (+2.64%)
  🔴 BTC SHORT @66123.0000 现价:65000.0000 PnL:+3.37U (+1.70%)
  🔴 BNB SHORT @568.9800 现价:567.6500 PnL:+0.47U (+0.23%)
  BTC: 65000.0000 (-1.20%)
  ETH: 1867.2700 (-3.10%)
  SOL: 75.4900 (-2.84%)
  BNB: 567.6500 (-0.61%)
  DOT: 0.8132 (-2.19%)
  LINK: 8.4110 (-2.49%)
  XRP: 1.1060 (-2.79%)
==================================================
[2026-07-24 11:21:43] ✅ 平仓 BTC SL | 入场:66123.0000 出场:65352.1000 | PnL:1.17% (+2.31USDT) | 平100%仓 | ✅ 平仓成功
[2026-07-24 12:00:20] 
==================================================
📊 整点汇报 2026-07-24 12:00
恐惧贪婪指数: 28 (恐惧)
今日PnL: +6.21 USDT (+6.2%)
持仓数: 2/4
  🔴 DOT SHORT @0.8254 现价:0.8150 PnL:+2.52U (+1.26%)
  🔴 BNB SHORT @568.9800 现价:569.4900 PnL:-0.18U (-0.09%)
  BTC: 65425.5000 (-0.35%)
  ETH: 1879.8400 (-2.07%)
  SOL: 75.8100 (-2.23%)
  BNB: 569.4900 (-0.19%)
  DOT: 0.8150 (-0.71%)
  LINK: 8.4500 (-1.57%)
  XRP: 1.1106 (-1.99%)
==================================================
[2026-07-24 13:00:19] 
==================================================
📊 整点汇报 2026-07-24 13:00
恐惧贪婪指数: 28 (恐惧)
今日PnL: +6.21 USDT (+6.2%)
持仓数: 2/4
  🔴 DOT SHORT @0.8254 现价:0.8125 PnL:+3.13U (+1.56%)
  🔴 BNB SHORT @568.9800 现价:567.5300 PnL:+0.51U (+0.25%)
  BTC: 65263.0000 (-0.48%)
  ETH: 1874.2400 (-2.32%)
  SOL: 75.6000 (-2.40%)
  BNB: 567.5300 (-0.35%)
  DOT: 0.8125 (-1.08%)
  LINK: 8.4350 (-1.64%)
  XRP: 1.1064 (-2.55%)
==================================================
[2026-07-24 14:00:51] 
==================================================
📊 整点汇报 2026-07-24 14:00
恐惧贪婪指数: 28 (恐惧)
今日PnL: +6.21 USDT (+6.2%)
持仓数: 2/4
  🔴 DOT SHORT @0.8254 现价:0.8096 PnL:+3.83U (+1.91%)
  🔴 BNB SHORT @568.9800 现价:567.8600 PnL:+0.39U (+0.20%)
  BTC: 65269.3000 (-0.56%)
  ETH: 1880.0000 (-2.18%)
  SOL: 75.7200 (-2.27%)
  BNB: 567.8600 (-0.37%)
  DOT: 0.8096 (-1.28%)
  LINK: 8.4390 (+0.00%)
  XRP: 1.1094 (-2.16%)
==================================================
[2026-07-24 14:28:58] 🟢 开多 BTC @65420.0 | 评分:80 | 状态:ranging | ✅ 下单成功
[2026-07-24 14:38:22] 🟢 开多 XRP @1.1132 | 评分:65 | 状态:ranging | ✅ 下单成功
[2026-07-24 15:00:42] 
==================================================
📊 整点汇报 2026-07-24 15:00
恐惧贪婪指数: 28 (恐惧)
今日PnL: +6.21 USDT (+6.2%)
持仓数: 4/4
  🔴 DOT SHORT @0.8254 现价:0.8096 PnL:+3.83U (+1.91%)
  🔴 BNB SHORT @568.9800 现价:568.6400 PnL:+0.12U (+0.06%)
  🟢 BTC LONG @65420.0000 现价:65416.5000 PnL:-0.01U (-0.01%)
  🟢 XRP LONG @1.1132 现价:1.1132 PnL:+0.00U (+0.00%)
  BTC: 65416.5000 (-0.52%)
  ETH: 1887.0100 (-1.94%)
  SOL: 75.8100 (-2.18%)
  BNB: 568.6400 (-0.34%)
  DOT: 0.8096 (-1.56%)
  LINK: 8.4680 (-1.27%)
  XRP: 1.1132 (-2.02%)
==================================================
[2026-07-24 16:00:35] 
==================================================
📊 整点汇报 2026-07-24 16:00
恐惧贪婪指数: 28 (恐惧)
今日PnL: +6.21 USDT (+6.2%)
持仓数: 4/4
  🔴 DOT SHORT @0.8254 现价:0.8113 PnL:+3.42U (+1.71%)
  🔴 BNB SHORT @568.9800 现价:569.7200 PnL:-0.26U (-0.13%)
  🟢 BTC LONG @65420.0000 现价:65466.9000 PnL:+0.14U (+0.07%)
  🟢 XRP LONG @1.1132 现价:1.1133 PnL:+0.02U (+0.01%)
  BTC: 65466.9000 (+0.07%)
  ETH: 1894.9300 (-1.03%)
  SOL: 76.0200 (-1.44%)
  BNB: 569.7200 (-0.08%)
  DOT: 0.8113 (-1.02%)
  LINK: 8.5560 (+0.25%)
  XRP: 1.1133 (-1.80%)
==================================================
[2026-07-24 17:00:24] 
==================================================
📊 整点汇报 2026-07-24 17:00
恐惧贪婪指数: 28 (恐惧)
今日PnL: +6.21 USDT (+6.2%)
持仓数: 4/4
  🔴 DOT SHORT @0.8254 现价:0.8106 PnL:+3.59U (+1.79%)
  🔴 BNB SHORT @568.9800 现价:568.5100 PnL:+0.16U (+0.08%)
  🟢 BTC LONG @65420.0000 现价:65340.8000 PnL:-0.24U (-0.12%)
  🟢 XRP LONG @1.1132 现价:1.1111 PnL:-0.38U (-0.19%)
  BTC: 65340.8000 (-0.36%)
  ETH: 1887.4600 (-1.95%)
  SOL: 75.7400 (-2.17%)
  BNB: 568.5100 (-0.45%)
  DOT: 0.8106 (-1.33%)
  LINK: 8.5230 (-0.74%)
  XRP: 1.1111 (-2.14%)
==================================================
[2026-07-24 18:00:21] 
==================================================
📊 整点汇报 2026-07-24 18:00
恐惧贪婪指数: 28 (恐惧)
今日PnL: +6.21 USDT (+6.2%)
持仓数: 4/4
  🔴 DOT SHORT @0.8254 现价:0.8059 PnL:+4.72U (+2.36%)
  🔴 BNB SHORT @568.9800 现价:568.6000 PnL:+0.13U (+0.07%)
  🟢 BTC LONG @65420.0000 现价:65047.2000 PnL:-1.12U (-0.57%)
  🟢 XRP LONG @1.1132 现价:1.1081 PnL:-0.92U (-0.46%)
  BTC: 65047.2000 (-0.91%)
  ETH: 1886.8500 (-1.88%)
  SOL: 75.6000 (-2.43%)
  BNB: 568.6000 (-0.20%)
  DOT: 0.8059 (-1.54%)
  LINK: 8.5170 (-1.09%)
  XRP: 1.1081 (-2.13%)
==================================================
[2026-07-24 19:00:48] 
==================================================
📊 整点汇报 2026-07-24 19:00
恐惧贪婪指数: 28 (恐惧)
今日PnL: +6.21 USDT (+6.2%)
持仓数: 4/4
  🔴 DOT SHORT @0.8254 现价:0.8009 PnL:+5.94U (+2.97%)
  🔴 BNB SHORT @568.9800 现价:567.1700 PnL:+0.63U (+0.32%)
  🟢 BTC LONG @65420.0000 现价:64936.9000 PnL:-1.45U (-0.74%)
  🟢 XRP LONG @1.1132 现价:1.1064 PnL:-1.22U (-0.61%)
  BTC: 64936.9000 (-1.15%)
  ETH: 1882.7800 (-2.30%)
  SOL: 75.4100 (-2.92%)
  BNB: 567.1700 (-0.56%)
  DOT: 0.8009 (-2.46%)
  LINK: 8.4670 (-1.84%)
  XRP: 1.1064 (-2.46%)
==================================================
[2026-07-24 20:00:09] 
==================================================
📊 整点汇报 2026-07-24 20:00
恐惧贪婪指数: 28 (恐惧)
今日PnL: +6.21 USDT (+6.2%)
持仓数: 4/4
  🔴 DOT SHORT @0.8254 现价:0.8032 PnL:+5.38U (+2.69%)
  🔴 BNB SHORT @568.9800 现价:566.9200 PnL:+0.72U (+0.36%)
  🟢 BTC LONG @65420.0000 现价:64957.0000 PnL:-1.39U (-0.71%)
  🟢 XRP LONG @1.1132 现价:1.1024 PnL:-1.94U (-0.97%)
  BTC: 64957.0000 (-0.91%)
  ETH: 1883.3500 (-2.15%)
  SOL: 75.1200 (-3.17%)
  BNB: 566.9200 (-0.55%)
  DOT: 0.8032 (-1.77%)
  LINK: 8.4600 (-1.98%)
  XRP: 1.1024 (-2.60%)
==================================================
[2026-07-24 21:00:18] 
==================================================
📊 整点汇报 2026-07-24 21:00
恐惧贪婪指数: 28 (恐惧)
今日PnL: +6.21 USDT (+6.2%)
持仓数: 4/4
  🔴 DOT SHORT @0.8254 现价:0.7998 PnL:+6.20U (+3.10%)
  🔴 BNB SHORT @568.9800 现价:565.0800 PnL:+1.36U (+0.69%)
  🟢 BTC LONG @65420.0000 现价:64920.4000 PnL:-1.50U (-0.76%)
  🟢 XRP LONG @1.1132 现价:1.1016 PnL:-2.08U (-1.04%)
  BTC: 64920.4000 (-0.30%)
  ETH: 1873.2100 (-1.54%)
  SOL: 74.8300 (-2.67%)
  BNB: 565.0800 (-0.75%)
  DOT: 0.7998 (-2.27%)
  LINK: 8.4630 (-1.09%)
  XRP: 1.1016 (-1.76%)
==================================================
[2026-07-24 22:00:39] 
==================================================
📊 整点汇报 2026-07-24 22:00
恐惧贪婪指数: 28 (恐惧)
今日PnL: +6.21 USDT (+6.2%)
持仓数: 4/4
  🔴 DOT SHORT @0.8254 现价:0.7946 PnL:+7.46U (+3.73%)
  🔴 BNB SHORT @568.9800 现价:563.1400 PnL:+2.04U (+1.03%)
  🟢 BTC LONG @65420.0000 现价:64920.4000 PnL:-1.50U (-0.76%)
  🟢 XRP LONG @1.1132 现价:1.0985 PnL:-2.64U (-1.32%)
  BTC: 64920.4000 (-0.21%)
  ETH: 1855.0100 (-2.51%)
  SOL: 74.3500 (-3.05%)
  BNB: 563.1400 (-0.74%)
  DOT: 0.7946 (-2.40%)
  LINK: 8.3200 (-2.07%)
  XRP: 1.0985 (-0.92%)
==================================================
[2026-07-24 22:04:44] ❌ 平仓 XRP SL | 入场:1.1132 出场:1.0908 | PnL:-2.01% (-4.03USDT) | 平100%仓 | ✅ 平仓成功
[2026-07-24 22:13:42] ❌ 平仓 BTC SL | 入场:65420.0000 出场:64066.4000 | PnL:-2.07% (-4.06USDT) | 平100%仓 | ✅ 平仓成功
[2026-07-24 22:14:07] ❌ 平仓 BTC TP1 | 入场:64066.3000 出场:64066.4000 | PnL:-0.00% (-0.00USDT) | 平100%仓 | ✅ 平仓成功
[2026-07-24 22:14:35] 🔴 开空 BTC @64066.4 | 评分:85 | 状态:trending | AI:做多(65%) | ✅ 下单成功
[2026-07-24 22:19:51] ✅ 平仓 DOT TP1 | 入场:0.8254 出场:0.7918 | PnL:4.07% (+8.14USDT) | 平100%仓 | ✅ 平仓成功
[2026-07-24 22:28:43] ✅ 平仓 DOT 迷你仓修复 | 入场:0.7921 出场:0.7921 | PnL:0.00% (+0.00USDT) | 平100%仓 | ✅ 平仓成功
[2026-07-24 23:00:55] 
==================================================
📊 整点汇报 2026-07-24 23:00
恐惧贪婪指数: 28 (恐惧)
今日PnL: +5.97 USDT (+6.0%)
持仓数: 4/4
  🟢 DOT LONG @0.7921 现价:0.7955 PnL:+0.86U (+0.43%)
  🔴 BTC SHORT @64066.3000 现价:64092.4000 PnL:-0.08U (-0.04%)
  🟢 SOL LONG @73.9700 现价:73.9700 PnL:+0.00U (+0.00%)
  🔴 BNB SHORT @568.9800 现价:560.7800 PnL:+2.87U (+1.44%)
  BTC: 64092.4000 (+0.00%)
  ETH: 1860.1900 (-1.76%)
  SOL: 73.9700 (+0.00%)
  BNB: 560.7800 (+0.00%)
  DOT: 0.7955 (-2.40%)
  LINK: 8.3430 (-1.51%)
  XRP: 1.0916 (-1.60%)
==================================================
