[2026-07-20 00:00:33] 
==================================================
📊 整点汇报 2026-07-20 00:00
恐惧贪婪指数: 28 (恐惧)
今日PnL: +0.00 USDT (+0.0%)
持仓数: 4/4
  🔴 DOT SHORT @0.8360 现价:0.8240 PnL:+2.87U (+1.44%)
  🔴 BTC SHORT @63716.0000 现价:64525.5000 PnL:-2.43U (-1.27%)
  🟢 SOL LONG @75.6400 现价:76.1700 PnL:+1.40U (+0.70%)
  🔴 BNB SHORT @568.9800 现价:570.5200 PnL:-0.54U (-0.27%)
  BTC: 64525.5000 (+0.69%)
  ETH: 1870.1000 (+1.46%)
  SOL: 76.1700 (+1.66%)
  BNB: 570.5200 (-0.07%)
  DOT: 0.8240 (-0.96%)
  LINK: 8.3550 (+1.03%)
  XRP: 1.0973 (+0.97%)
==================================================
[2026-07-20 01:05:19] 
==================================================
📊 整点汇报 2026-07-20 01:03
恐惧贪婪指数: 50 (中性)
今日PnL: +0.00 USDT (+0.0%)
持仓数: 0/4
  BTC: 64559.7000 (+0.74%)
  ETH: 1870.3200 (+0.00%)
  SOL: 76.1600 (+1.71%)
  BNB: 570.3300 (-0.07%)
  DOT: 0.8220 (-0.96%)
  LINK: 8.3560 (+1.11%)
  XRP: 1.0968 (+0.98%)
==================================================
[2026-07-20 02:04:17] 
==================================================
📊 整点汇报 2026-07-20 02:02
恐惧贪婪指数: 50 (中性)
今日PnL: +0.00 USDT (+0.0%)
持仓数: 0/4
  BTC: 64559.7000 (+0.74%)
  ETH: 1870.3200 (+0.00%)
  SOL: 76.1600 (+1.71%)
  BNB: 570.3300 (-0.07%)
  DOT: 0.8220 (-0.96%)
  LINK: 8.3560 (+1.11%)
  XRP: 1.0968 (+0.98%)
==================================================
[2026-07-20 03:03:07] 
==================================================
📊 整点汇报 2026-07-20 03:01
恐惧贪婪指数: 50 (中性)
今日PnL: +0.00 USDT (+0.0%)
持仓数: 0/4
  BTC: 64559.7000 (+0.74%)
  ETH: 1870.3200 (+0.00%)
  SOL: 76.1600 (+1.71%)
  BNB: 570.3300 (-0.07%)
  DOT: 0.8220 (-0.96%)
  LINK: 8.3560 (+1.11%)
  XRP: 1.0968 (+0.98%)
==================================================
[2026-07-20 04:01:36] 
==================================================
📊 整点汇报 2026-07-20 04:00
恐惧贪婪指数: 50 (中性)
今日PnL: +0.00 USDT (+0.0%)
持仓数: 0/4
  BTC: 64559.7000 (+0.74%)
  ETH: 1870.3200 (+0.00%)
  SOL: 76.1600 (+1.71%)
  BNB: 570.3300 (-0.07%)
  DOT: 0.8220 (-0.96%)
  LINK: 8.3560 (+1.11%)
  XRP: 1.0968 (+0.98%)
==================================================
[2026-07-20 05:06:23] 
==================================================
📊 整点汇报 2026-07-20 05:04
恐惧贪婪指数: 50 (中性)
今日PnL: +0.00 USDT (+0.0%)
持仓数: 0/4
  BTC: 64559.7000 (+0.74%)
  ETH: 1870.3200 (+0.00%)
  SOL: 76.1600 (+1.71%)
  BNB: 570.3300 (-0.07%)
  DOT: 0.8220 (-0.96%)
  LINK: 8.3560 (+1.11%)
  XRP: 1.0968 (+0.98%)
==================================================
[2026-07-20 06:04:54] 
==================================================
📊 整点汇报 2026-07-20 06:03
恐惧贪婪指数: 50 (中性)
今日PnL: +0.00 USDT (+0.0%)
持仓数: 0/4
  BTC: 64559.7000 (+0.74%)
  ETH: 1870.3200 (+0.00%)
  SOL: 76.1600 (+1.71%)
  BNB: 570.3300 (-0.07%)
  DOT: 0.8220 (-0.96%)
  LINK: 8.3560 (+1.11%)
  XRP: 1.0968 (+0.98%)
==================================================
[2026-07-20 07:03:33] 
==================================================
📊 整点汇报 2026-07-20 07:02
恐惧贪婪指数: 50 (中性)
今日PnL: +0.00 USDT (+0.0%)
持仓数: 0/4
  BTC: 64559.7000 (+0.74%)
  ETH: 1870.3200 (+0.00%)
  SOL: 76.1600 (+1.71%)
  BNB: 570.3300 (-0.07%)
  DOT: 0.8220 (-0.96%)
  LINK: 8.3560 (+1.11%)
  XRP: 1.0968 (+0.98%)
==================================================
[2026-07-20 08:00:55] 
==================================================
📊 整点汇报 2026-07-20 08:00
恐惧贪婪指数: 50 (中性)
今日PnL: +0.00 USDT (+0.0%)
持仓数: 4/4
  🔴 DOT SHORT @0.8360 现价:0.8220 PnL:+3.35U (+1.67%)
  🔴 BTC SHORT @63716.0000 现价:64559.7000 PnL:-2.53U (-1.32%)
  🟢 SOL LONG @75.6400 现价:76.1600 PnL:+1.24U (+0.69%)
  🔴 BNB SHORT @568.9800 现价:570.3300 PnL:-0.47U (-0.24%)
  BTC: 64559.7000 (+0.74%)
  ETH: 1870.3200 (+0.00%)
  SOL: 76.1600 (+1.71%)
  BNB: 570.3300 (-0.07%)
  DOT: 0.8220 (-0.96%)
  LINK: 8.3560 (+1.11%)
  XRP: 1.0968 (+0.98%)
==================================================
[2026-07-20 08:15:18] ✅ 平仓 DOT SL | 入场:0.8360 出场:0.8240 | PnL:1.44% (+2.87USDT) | 平100%仓 | ✅ 平仓成功
[2026-07-20 09:00:16] 
==================================================
📊 整点汇报 2026-07-20 09:00
恐惧贪婪指数: 29 (恐惧)
今日PnL: +2.87 USDT (+2.9%)
持仓数: 3/4
  🔴 BTC SHORT @63716.0000 现价:64541.5000 PnL:-2.48U (-1.30%)
  🟢 SOL LONG @75.6400 现价:76.5400 PnL:+2.38U (+1.19%)
  🔴 BNB SHORT @568.9800 现价:570.4400 PnL:-0.51U (-0.26%)
  BTC: 64541.5000 (-0.34%)
  ETH: 1871.4000 (+0.60%)
  SOL: 76.5400 (+1.31%)
  BNB: 570.4400 (-0.17%)
  DOT: 0.8130 (-2.40%)
  LINK: 8.4060 (+0.68%)
  XRP: 1.0957 (+0.21%)
==================================================
[2026-07-20 09:43:47] ✅ 平仓 SOL SL | 入场:75.6400 出场:76.6100 | PnL:1.28% (+2.56USDT) | 平100%仓 | ✅ 平仓成功
[2026-07-20 10:00:14] 
==================================================
📊 整点汇报 2026-07-20 10:00
恐惧贪婪指数: 29 (恐惧)
今日PnL: +5.04 USDT (+5.0%)
持仓数: 2/4
  🔴 BTC SHORT @63716.0000 现价:64607.6000 PnL:-2.67U (-1.40%)
  🔴 BNB SHORT @568.9800 现价:569.3700 PnL:-0.14U (-0.07%)
  BTC: 64607.6000 (-0.23%)
  ETH: 1868.0000 (+0.53%)
  SOL: 76.3500 (+0.95%)
  BNB: 569.3700 (-0.27%)
  DOT: 0.8090 (-2.76%)
  LINK: 8.4150 (+1.09%)
  XRP: 1.0958 (+0.24%)
==================================================
[2026-07-20 11:00:13] 
==================================================
📊 整点汇报 2026-07-20 11:00
恐惧贪婪指数: 29 (恐惧)
今日PnL: +5.04 USDT (+5.0%)
持仓数: 2/4
  🔴 BTC SHORT @63716.0000 现价:64800.1000 PnL:-3.25U (-1.70%)
  🔴 BNB SHORT @568.9800 现价:570.8300 PnL:-0.65U (-0.33%)
  BTC: 64800.1000 (-0.02%)
  ETH: 1878.0600 (+0.37%)
  SOL: 76.9300 (+1.00%)
  BNB: 570.8300 (-0.10%)
  DOT: 0.8130 (-2.87%)
  LINK: 8.4690 (+1.21%)
  XRP: 1.1007 (+0.38%)
==================================================
[2026-07-20 12:00:14] 
==================================================
📊 整点汇报 2026-07-20 12:00
恐惧贪婪指数: 29 (恐惧)
今日PnL: +5.04 USDT (+5.0%)
持仓数: 2/4
  🔴 BTC SHORT @63716.0000 现价:64833.0000 PnL:-3.35U (-1.75%)
  🔴 BNB SHORT @568.9800 现价:570.4600 PnL:-0.52U (-0.26%)
  BTC: 64833.0000 (+0.27%)
  ETH: 1878.8100 (+0.69%)
  SOL: 76.7700 (+1.21%)
  BNB: 570.4600 (+0.19%)
  DOT: 0.8140 (-2.63%)
  LINK: 8.4850 (+1.80%)
  XRP: 1.0995 (+0.49%)
==================================================
[2026-07-20 13:00:04] 
==================================================
📊 整点汇报 2026-07-20 13:00
恐惧贪婪指数: 29 (恐惧)
今日PnL: +5.04 USDT (+5.0%)
持仓数: 2/4
  🔴 BTC SHORT @63716.0000 现价:64835.1000 PnL:-3.36U (-1.76%)
  🔴 BNB SHORT @568.9800 现价:570.1600 PnL:-0.41U (-0.21%)
  BTC: 64835.1000 (+0.23%)
  ETH: 1874.6400 (+0.44%)
  SOL: 76.7300 (+1.05%)
  BNB: 570.1600 (+0.16%)
  DOT: 0.8130 (-2.87%)
  LINK: 8.4270 (+0.97%)
  XRP: 1.0999 (+0.36%)
==================================================
[2026-07-20 14:00:05] 
==================================================
📊 整点汇报 2026-07-20 14:00
恐惧贪婪指数: 29 (恐惧)
今日PnL: +5.04 USDT (+5.0%)
持仓数: 2/4
  🔴 BTC SHORT @63716.0000 现价:64629.3000 PnL:-2.74U (-1.43%)
  🔴 BNB SHORT @568.9800 现价:568.6200 PnL:+0.13U (+0.06%)
  BTC: 64629.3000 (-0.12%)
  ETH: 1855.5300 (-0.68%)
  SOL: 75.8000 (-0.24%)
  BNB: 568.6200 (-0.07%)
  DOT: 0.8140 (-2.52%)
  LINK: 8.4070 (+0.77%)
  XRP: 1.0964 (+0.00%)
==================================================
[2026-07-20 14:27:18] 🟢 开多 LINK @8.486 | 评分:70 | 状态:trending | AI:做多(75%) | ✅ 下单成功
[2026-07-20 14:27:55] ❌ 平仓 LINK SL | 入场:8.4860 出场:8.1000 | PnL:-4.55% (-9.10USDT) | 平100%仓 | ✅ 平仓成功
[2026-07-20 14:28:14] ❌ 平仓 LINK SL | 入场:8.4860 出场:8.1000 | PnL:-4.55% (-8.19USDT) | 平100%仓 | ✅ 平仓成功
[2026-07-20 15:00:23] 
==================================================
📊 整点汇报 2026-07-20 15:00
恐惧贪婪指数: 29 (恐惧)
今日PnL: -3.26 USDT (-3.3%)
持仓数: 2/4
  🔴 BTC SHORT @63716.0000 现价:64810.0000 PnL:-3.28U (-1.72%)
  🔴 BNB SHORT @568.9800 现价:565.6100 PnL:+1.18U (+0.59%)
  BTC: 64810.0000 (-0.12%)
  ETH: 1855.0000 (-0.72%)
  SOL: 75.9000 (-0.22%)
  BNB: 565.6100 (-0.68%)
  DOT: 0.8140 (-2.75%)
  LINK: 8.2830 (-0.83%)
  XRP: 1.0950 (-0.04%)
==================================================
[2026-07-20 16:00:20] 
==================================================
📊 整点汇报 2026-07-20 16:00
恐惧贪婪指数: 29 (恐惧)
今日PnL: -3.26 USDT (-3.3%)
持仓数: 2/4
  🔴 BTC SHORT @63716.0000 现价:64696.6000 PnL:-2.94U (-1.54%)
  🔴 BNB SHORT @568.9800 现价:565.6800 PnL:+1.16U (+0.58%)
  BTC: 64696.6000 (+0.04%)
  ETH: 1852.2400 (-0.86%)
  SOL: 76.0000 (-0.09%)
  BNB: 565.6800 (-0.63%)
  DOT: 0.8140 (-2.63%)
  LINK: 8.4860 (+1.37%)
  XRP: 1.0999 (-0.06%)
==================================================
[2026-07-20 16:27:17] 🔴 开空 DOT @0.804 | 评分:70 | 状态:trending | AI:做空(85%) | ✅ 下单成功
[2026-07-20 16:38:41] 🔴 开空 XRP @1.0858 | 评分:85 | 状态:trending | AI:做多(65%) | ✅ 下单成功
[2026-07-20 17:00:35] 
==================================================
📊 整点汇报 2026-07-20 17:00
恐惧贪婪指数: 29 (恐惧)
今日PnL: -3.26 USDT (-3.3%)
持仓数: 4/4
  🔴 BTC SHORT @63716.0000 现价:64017.6000 PnL:-0.90U (-0.47%)
  🔴 BNB SHORT @568.9800 现价:565.4600 PnL:+1.23U (+0.62%)
  🔴 DOT SHORT @0.8040 现价:0.8030 PnL:+0.25U (+0.12%)
  🔴 XRP SHORT @1.0858 现价:1.0875 PnL:-0.31U (-0.16%)
  BTC: 64017.6000 (-1.05%)
  ETH: 1859.7500 (-0.66%)
  SOL: 76.0300 (-0.24%)
  BNB: 565.4600 (-0.64%)
  DOT: 0.8030 (-3.83%)
  LINK: 8.3320 (-0.42%)
  XRP: 1.0875 (-0.89%)
==================================================
[2026-07-20 18:00:08] 
==================================================
📊 整点汇报 2026-07-20 18:00
恐惧贪婪指数: 29 (恐惧)
今日PnL: -3.26 USDT (-3.3%)
持仓数: 4/4
  🔴 BTC SHORT @63716.0000 现价:64222.1000 PnL:-1.52U (-0.79%)
  🔴 BNB SHORT @568.9800 现价:566.3100 PnL:+0.93U (+0.47%)
  🔴 DOT SHORT @0.8040 现价:0.8060 PnL:-0.50U (-0.25%)
  🔴 XRP SHORT @1.0858 现价:1.0901 PnL:-0.79U (-0.40%)
  BTC: 64222.1000 (-0.43%)
  ETH: 1864.0900 (-0.04%)
  SOL: 76.4700 (+0.67%)
  BNB: 566.3100 (-0.37%)
  DOT: 0.8060 (-3.01%)
  LINK: 8.4020 (+0.85%)
  XRP: 1.0901 (-0.45%)
==================================================
[2026-07-20 19:00:08] 
==================================================
📊 整点汇报 2026-07-20 19:00
恐惧贪婪指数: 29 (恐惧)
今日PnL: -3.26 USDT (-3.3%)
持仓数: 4/4
  🔴 BTC SHORT @63716.0000 现价:64282.7000 PnL:-1.70U (-0.89%)
  🔴 BNB SHORT @568.9800 现价:567.0600 PnL:+0.67U (+0.34%)
  🔴 DOT SHORT @0.8040 现价:0.8073 PnL:-0.82U (-0.41%)
  🔴 XRP SHORT @1.0858 现价:1.0921 PnL:-1.16U (-0.58%)
  BTC: 64282.7000 (-0.44%)
  ETH: 1868.0800 (-0.20%)
  SOL: 76.3000 (+0.10%)
  BNB: 567.0600 (-0.30%)
  DOT: 0.8073 (-2.97%)
  LINK: 8.3940 (+0.35%)
  XRP: 1.0921 (-0.47%)
==================================================
[2026-07-20 20:00:13] 
==================================================
📊 整点汇报 2026-07-20 20:00
恐惧贪婪指数: 29 (恐惧)
今日PnL: -3.26 USDT (-3.3%)
持仓数: 4/4
  🔴 BTC SHORT @63716.0000 现价:64933.6000 PnL:-3.65U (-1.91%)
  🔴 BNB SHORT @568.9800 现价:571.5400 PnL:-0.90U (-0.45%)
  🔴 DOT SHORT @0.8040 现价:0.8150 PnL:-2.74U (-1.37%)
  🔴 XRP SHORT @1.0858 现价:1.1055 PnL:-3.63U (-1.81%)
  BTC: 64933.6000 (+0.78%)
  ETH: 1892.3800 (+1.17%)
  SOL: 77.0900 (+1.38%)
  BNB: 571.5400 (+0.55%)
  DOT: 0.8150 (-1.81%)
  LINK: 8.5070 (+1.79%)
  XRP: 1.1055 (+0.85%)
==================================================
[2026-07-20 21:00:11] 
==================================================
📊 整点汇报 2026-07-20 21:00
恐惧贪婪指数: 29 (恐惧)
今日PnL: -3.26 USDT (-3.3%)
持仓数: 4/4
  🔴 BTC SHORT @63716.0000 现价:64622.0000 PnL:-2.72U (-1.42%)
  🔴 BNB SHORT @568.9800 现价:569.6500 PnL:-0.23U (-0.12%)
  🔴 DOT SHORT @0.8040 现价:0.8120 PnL:-1.99U (-1.00%)
  🔴 XRP SHORT @1.0858 现价:1.0995 PnL:-2.52U (-1.26%)
  BTC: 64622.0000 (+0.33%)
  ETH: 1871.4500 (+0.10%)
  SOL: 76.6800 (+0.92%)
  BNB: 569.6500 (+0.25%)
  DOT: 0.8120 (-1.81%)
  LINK: 8.4480 (+1.25%)
  XRP: 1.0995 (+0.39%)
==================================================
[2026-07-20 22:00:09] 
==================================================
📊 整点汇报 2026-07-20 22:00
恐惧贪婪指数: 29 (恐惧)
今日PnL: -3.26 USDT (-3.3%)
持仓数: 4/4
  🔴 BTC SHORT @63716.0000 现价:64295.0000 PnL:-1.74U (-0.91%)
  🔴 BNB SHORT @568.9800 现价:567.1100 PnL:+0.65U (+0.33%)
  🔴 DOT SHORT @0.8040 现价:0.8119 PnL:-1.97U (-0.98%)
  🔴 XRP SHORT @1.0858 现价:1.0897 PnL:-0.72U (-0.36%)
  BTC: 64295.0000 (-0.22%)
  ETH: 1865.0500 (-0.33%)
  SOL: 76.2000 (+0.14%)
  BNB: 567.1100 (-0.27%)
  DOT: 0.8119 (-1.47%)
  LINK: 8.3610 (+0.23%)
  XRP: 1.0897 (-0.37%)
==================================================
[2026-07-20 23:00:19] 
==================================================
📊 整点汇报 2026-07-20 23:00
恐惧贪婪指数: 29 (恐惧)
今日PnL: -3.26 USDT (-3.3%)
持仓数: 4/4
  🔴 BTC SHORT @63716.0000 现价:64338.0000 PnL:-1.87U (-0.98%)
  🔴 BNB SHORT @568.9800 现价:567.7300 PnL:+0.44U (+0.22%)
  🔴 DOT SHORT @0.8040 现价:0.8110 PnL:-1.74U (-0.87%)
  🔴 XRP SHORT @1.0858 现价:1.0924 PnL:-1.22U (-0.61%)
  BTC: 64338.0000 (-0.35%)
  ETH: 1865.3500 (-0.44%)
  SOL: 76.0200 (-0.67%)
  BNB: 567.7300 (-0.41%)
  DOT: 0.8110 (+0.00%)
  LINK: 8.3590 (-0.10%)
  XRP: 1.0924 (-0.51%)
==================================================
[2026-07-20 23:42:45] 🟢 开多 DOT @0.8203 | 评分:105 | 状态:trending | AI:做空(0.65%) | ✅ 下单成功
[2026-07-20 23:44:10] ❌ 平仓 BTC SL | 入场:63716.0000 出场:65021.7000 | PnL:-2.05% (-3.92USDT) | 平100%仓 | ✅ 平仓成功
[2026-07-20 23:45:38] ❌ 平仓 XRP SL | 入场:1.0857 出场:1.1074 | PnL:-2.00% (-4.00USDT) | 平100%仓 | ✅ 平仓成功
[2026-07-20 23:58:02] 🟢 开多 BTC @65506.8 | 评分:70 | 状态:trending | AI:做空(65%) | ✅ 下单成功
