[2026-06-05 00:00:45] 
==================================================
📊 整点汇报 2026-06-05 00:00
恐惧贪婪指数: 12 (极度恐惧)
今日PnL: +0.00 USDT (+0.0%)
持仓数: 3/4
  🔴 BTC SHORT @63200.5000 现价:64137.4000 PnL:-2.81U (-1.48%)
  🔴 LINK SHORT @8.0530 现价:8.0440 PnL:+0.22U (+0.11%)
  🔴 DOT SHORT @1.0480 现价:1.0630 PnL:-2.86U (-1.43%)
  BTC: 64137.4000 (-2.92%)
  ETH: 1710.0000 (-6.87%)
  SOL: 70.1000 (-4.34%)
  BNB: 605.4200 (-4.43%)
  DOT: 1.0630 (-4.58%)
  LINK: 8.0440 (-3.96%)
  XRP: 1.1312 (-7.61%)
==================================================
[2026-06-05 01:01:41] 
==================================================
📊 整点汇报 2026-06-05 01:00
恐惧贪婪指数: 50 (中性)
今日PnL: +0.00 USDT (+0.0%)
持仓数: 0/4
  BTC: 63711.8000 (-3.05%)
  ETH: 1699.6300 (-6.68%)
  SOL: 69.1600 (-4.54%)
  BNB: 598.8300 (-3.92%)
  DOT: 1.0590 (-3.29%)
  LINK: 8.0190 (-2.92%)
  XRP: 1.1434 (-5.71%)
==================================================
[2026-06-05 02:05:06] 
==================================================
📊 整点汇报 2026-06-05 02:03
恐惧贪婪指数: 50 (中性)
今日PnL: +0.00 USDT (+0.0%)
持仓数: 0/4
  BTC: 63711.8000 (-3.05%)
  ETH: 1699.6300 (-6.68%)
  SOL: 69.1600 (-4.54%)
  BNB: 598.8300 (-3.92%)
  DOT: 1.0590 (-3.29%)
  LINK: 8.0190 (-2.92%)
  XRP: 1.1434 (-5.71%)
==================================================
[2026-06-05 03:03:00] 
==================================================
📊 整点汇报 2026-06-05 03:01
恐惧贪婪指数: 50 (中性)
今日PnL: +0.00 USDT (+0.0%)
持仓数: 0/4
  BTC: 63711.8000 (-3.05%)
  ETH: 1699.6300 (-6.68%)
  SOL: 69.1600 (-4.54%)
  BNB: 598.8300 (-3.92%)
  DOT: 1.0590 (-3.29%)
  LINK: 8.0190 (-2.92%)
  XRP: 1.1434 (-5.71%)
==================================================
[2026-06-05 04:01:25] 
==================================================
📊 整点汇报 2026-06-05 04:00
恐惧贪婪指数: 50 (中性)
今日PnL: +0.00 USDT (+0.0%)
持仓数: 0/4
  BTC: 63711.8000 (-3.05%)
  ETH: 1699.6300 (-6.68%)
  SOL: 69.1600 (-4.54%)
  BNB: 598.8300 (-3.92%)
  DOT: 1.0590 (-3.29%)
  LINK: 8.0190 (-2.92%)
  XRP: 1.1434 (-5.71%)
==================================================
[2026-06-05 05:04:37] 
==================================================
📊 整点汇报 2026-06-05 05:03
恐惧贪婪指数: 50 (中性)
今日PnL: +0.00 USDT (+0.0%)
持仓数: 0/4
  BTC: 63711.8000 (-3.05%)
  ETH: 1699.6300 (-6.68%)
  SOL: 69.1600 (-4.54%)
  BNB: 598.8300 (-3.92%)
  DOT: 1.0590 (-3.29%)
  LINK: 8.0190 (-2.92%)
  XRP: 1.1434 (-5.71%)
==================================================
[2026-06-05 06:03:25] 
==================================================
📊 整点汇报 2026-06-05 06:01
恐惧贪婪指数: 50 (中性)
今日PnL: +0.00 USDT (+0.0%)
持仓数: 0/4
  BTC: 63711.8000 (-3.05%)
  ETH: 1699.6300 (-6.68%)
  SOL: 69.1600 (-4.54%)
  BNB: 598.8300 (-3.92%)
  DOT: 1.0590 (-3.29%)
  LINK: 8.0190 (-2.92%)
  XRP: 1.1434 (-5.71%)
==================================================
[2026-06-05 07:01:38] 
==================================================
📊 整点汇报 2026-06-05 07:00
恐惧贪婪指数: 50 (中性)
今日PnL: +0.00 USDT (+0.0%)
持仓数: 0/4
  BTC: 63711.8000 (-3.05%)
  ETH: 1699.6300 (-6.68%)
  SOL: 69.1600 (-4.54%)
  BNB: 598.8300 (-3.92%)
  DOT: 1.0590 (-3.29%)
  LINK: 8.0190 (-2.92%)
  XRP: 1.1434 (-5.71%)
==================================================
[2026-06-05 08:00:27] 
==================================================
📊 整点汇报 2026-06-05 08:00
恐惧贪婪指数: 50 (中性)
今日PnL: -4.38 USDT (-4.4%)
持仓数: 3/4
  🟢 DOT LONG @1.0690 现价:1.0590 PnL:-0.12U (-0.94%)
  🔴 LINK SHORT @8.0512 现价:8.0190 PnL:+0.80U (+0.40%)
  🔴 BTC SHORT @63200.5000 现价:63711.8000 PnL:-1.53U (-0.81%)
  BTC: 63711.8000 (-3.05%)
  ETH: 1699.6300 (-6.68%)
  SOL: 69.1600 (-4.54%)
  BNB: 598.8300 (-3.92%)
  DOT: 1.0590 (-3.29%)
  LINK: 8.0190 (-2.92%)
  XRP: 1.1434 (-5.71%)
==================================================
[2026-06-05 08:02:52] ❌ 平仓 DOT SL | 入场:1.0690 出场:1.0340 | PnL:-3.27% (-6.55USDT) | 平100%仓 | ✅ 平仓成功
[2026-06-05 08:03:06] ⚠️ 熔断！日亏损 -10.9%，暂停 4 小时
[2026-06-05 08:03:52] ⚠️ 熔断！日亏损 -10.9%，暂停 4 小时
[2026-06-05 08:04:59] ⚠️ 熔断！日亏损 -10.9%，暂停 4 小时
[2026-06-05 08:05:53] ⚠️ 熔断！日亏损 -10.9%，暂停 4 小时
[2026-06-05 08:06:56] ⚠️ 熔断！日亏损 -10.9%，暂停 4 小时
[2026-06-05 08:07:57] ⚠️ 熔断！日亏损 -10.9%，暂停 4 小时
[2026-06-05 08:08:53] ⚠️ 熔断！日亏损 -10.9%，暂停 4 小时
[2026-06-05 08:09:59] ⚠️ 熔断！日亏损 -10.9%，暂停 4 小时
[2026-06-05 08:10:53] ⚠️ 熔断！日亏损 -10.9%，暂停 4 小时
[2026-06-05 08:11:59] ⚠️ 熔断！日亏损 -10.9%，暂停 4 小时
[2026-06-05 08:13:06] ⚠️ 熔断！日亏损 -10.9%，暂停 4 小时
[2026-06-05 08:13:53] ⚠️ 熔断！日亏损 -10.9%，暂停 4 小时
[2026-06-05 08:14:59] ⚠️ 熔断！日亏损 -10.9%，暂停 4 小时
[2026-06-05 08:15:53] ⚠️ 熔断！日亏损 -10.9%，暂停 4 小时
[2026-06-05 08:16:59] ⚠️ 熔断！日亏损 -10.9%，暂停 4 小时
[2026-06-05 08:18:01] ⚠️ 熔断！日亏损 -10.9%，暂停 4 小时
[2026-06-05 08:18:53] ⚠️ 熔断！日亏损 -10.9%，暂停 4 小时
[2026-06-05 08:19:59] ⚠️ 熔断！日亏损 -10.9%，暂停 4 小时
[2026-06-05 08:20:53] ⚠️ 熔断！日亏损 -10.9%，暂停 4 小时
[2026-06-05 08:21:59] ⚠️ 熔断！日亏损 -10.9%，暂停 4 小时
[2026-06-05 08:23:06] ⚠️ 熔断！日亏损 -10.9%，暂停 4 小时
[2026-06-05 08:23:53] ⚠️ 熔断！日亏损 -10.9%，暂停 4 小时
[2026-06-05 08:24:59] ⚠️ 熔断！日亏损 -10.9%，暂停 4 小时
[2026-06-05 08:25:54] ⚠️ 熔断！日亏损 -10.9%，暂停 4 小时
[2026-06-05 08:26:59] ⚠️ 熔断！日亏损 -10.9%，暂停 4 小时
[2026-06-05 08:28:01] ⚠️ 熔断！日亏损 -10.9%，暂停 4 小时
[2026-06-05 08:28:52] ⚠️ 熔断！日亏损 -10.9%，暂停 4 小时
[2026-06-05 08:30:00] ⚠️ 熔断！日亏损 -10.9%，暂停 4 小时
[2026-06-05 08:30:54] ⚠️ 熔断！日亏损 -10.9%，暂停 4 小时
[2026-06-05 08:32:00] ⚠️ 熔断！日亏损 -10.9%，暂停 4 小时
[2026-06-05 08:33:06] ⚠️ 熔断！日亏损 -10.9%，暂停 4 小时
[2026-06-05 08:33:53] ⚠️ 熔断！日亏损 -10.9%，暂停 4 小时
[2026-06-05 08:34:59] ⚠️ 熔断！日亏损 -10.9%，暂停 4 小时
[2026-06-05 08:35:54] ⚠️ 熔断！日亏损 -10.9%，暂停 4 小时
[2026-06-05 08:37:00] ⚠️ 熔断！日亏损 -10.9%，暂停 4 小时
[2026-06-05 08:38:01] ⚠️ 熔断！日亏损 -10.9%，暂停 4 小时
[2026-06-05 08:38:53] ⚠️ 熔断！日亏损 -10.9%，暂停 4 小时
[2026-06-05 08:39:57] ⚠️ 熔断！日亏损 -10.9%，暂停 4 小时
[2026-06-05 08:40:54] ⚠️ 熔断！日亏损 -10.9%，暂停 4 小时
[2026-06-05 08:42:00] ⚠️ 熔断！日亏损 -10.9%，暂停 4 小时
[2026-06-05 08:43:07] ⚠️ 熔断！日亏损 -10.9%，暂停 4 小时
[2026-06-05 08:43:53] ⚠️ 熔断！日亏损 -10.9%，暂停 4 小时
[2026-06-05 08:45:00] ⚠️ 熔断！日亏损 -10.9%，暂停 4 小时
[2026-06-05 08:45:53] ⚠️ 熔断！日亏损 -10.9%，暂停 4 小时
[2026-06-05 08:47:01] ⚠️ 熔断！日亏损 -10.9%，暂停 4 小时
[2026-06-05 08:47:55] ⚠️ 熔断！日亏损 -10.9%，暂停 4 小时
[2026-06-05 08:49:00] ⚠️ 熔断！日亏损 -10.9%，暂停 4 小时
[2026-06-05 08:49:54] ⚠️ 熔断！日亏损 -10.9%，暂停 4 小时
[2026-06-05 08:50:57] ⚠️ 熔断！日亏损 -10.9%，暂停 4 小时
[2026-06-05 08:51:54] ⚠️ 熔断！日亏损 -10.9%，暂停 4 小时
[2026-06-05 08:53:02] ⚠️ 熔断！日亏损 -10.9%，暂停 4 小时
[2026-06-05 08:53:53] ⚠️ 熔断！日亏损 -10.9%，暂停 4 小时
[2026-06-05 08:54:57] ⚠️ 熔断！日亏损 -10.9%，暂停 4 小时
[2026-06-05 08:55:53] ⚠️ 熔断！日亏损 -10.9%，暂停 4 小时
[2026-06-05 08:56:58] ⚠️ 熔断！日亏损 -10.9%，暂停 4 小时
[2026-06-05 08:57:59] ⚠️ 熔断！日亏损 -10.9%，暂停 4 小时
[2026-06-05 08:58:54] ⚠️ 熔断！日亏损 -10.9%，暂停 4 小时
[2026-06-05 09:00:00] ⚠️ 熔断！日亏损 -10.9%，暂停 4 小时
[2026-06-05 09:00:11] 
==================================================
📊 整点汇报 2026-06-05 09:00
恐惧贪婪指数: 12 (极度恐惧)
今日PnL: -4.79 USDT (-4.8%)
持仓数: 2/4
  🔴 LINK SHORT @8.0512 现价:7.9580 PnL:+2.31U (+1.16%)
  🔴 BTC SHORT @63200.5000 现价:63409.5000 PnL:-0.63U (-0.33%)
  BTC: 63409.5000 (+0.38%)
  ETH: 1706.9600 (-4.64%)
  SOL: 68.3200 (-3.06%)
  BNB: 604.0700 (-1.85%)
  DOT: 1.0330 (-5.32%)
  LINK: 7.9580 (-2.95%)
  XRP: 1.1607 (-2.52%)
==================================================
[2026-06-05 09:06:44] 🔴 开空 DOT @1.024 | 评分:70 | 状态:trending | AI:做空(0.7%) | ✅ 下单成功
[2026-06-05 09:19:05] ✅ 平仓 LINK SL | 入场:8.0512 出场:7.9520 | PnL:1.23% (+2.46USDT) | 平100%仓 | ✅ 平仓成功
[2026-06-05 09:19:24] ✅ 平仓 LINK TP1 | 入场:7.9530 出场:7.9530 | PnL:0.00% (+0.00USDT) | 平100%仓 | ✅ 平仓成功
[2026-06-05 10:00:17] 
==================================================
📊 整点汇报 2026-06-05 10:00
恐惧贪婪指数: 12 (极度恐惧)
今日PnL: -4.07 USDT (-4.1%)
持仓数: 1/4
  🔴 BTC SHORT @63200.5000 现价:63327.2000 PnL:-0.38U (-0.20%)
  BTC: 63327.2000 (+1.89%)
  ETH: 1665.2300 (-5.29%)
  SOL: 68.6000 (+0.12%)
  BNB: 601.1100 (-0.09%)
  DOT: 1.0370 (-1.80%)
  LINK: 7.9580 (-1.08%)
  XRP: 1.1558 (-0.41%)
==================================================
[2026-06-05 10:22:51] 🔴 开空 LINK @7.881 | 评分:85 | 状态:trending | AI:做空(65%) | ✅ 下单成功
[2026-06-05 10:40:54] 🔴 开空 DOT @1.022 | 评分:70 | 状态:trending | AI:做空(75%) | ✅ 下单成功
[2026-06-05 11:00:27] 
==================================================
📊 整点汇报 2026-06-05 11:00
恐惧贪婪指数: 12 (极度恐惧)
今日PnL: -4.07 USDT (-4.1%)
持仓数: 3/4
  🔴 BTC SHORT @63200.5000 现价:62655.1000 PnL:+1.64U (+0.86%)
  🔴 LINK SHORT @7.8810 现价:7.8010 PnL:+2.03U (+1.02%)
  🔴 DOT SHORT @1.0220 现价:1.0090 PnL:+2.54U (+1.27%)
  BTC: 62655.1000 (-0.90%)
  ETH: 1729.9300 (-1.99%)
  SOL: 67.3000 (-3.88%)
  BNB: 596.7600 (-1.91%)
  DOT: 1.0090 (-4.45%)
  LINK: 7.8010 (-3.63%)
  XRP: 1.1349 (-3.89%)
==================================================
[2026-06-05 11:35:18] 🔴 开空 BNB @597.56 | 评分:60 | 状态:ranging | AI:做空(0.7%) | ✅ 下单成功
[2026-06-05 12:00:23] 
==================================================
📊 整点汇报 2026-06-05 12:00
恐惧贪婪指数: 12 (极度恐惧)
今日PnL: -4.07 USDT (-4.1%)
持仓数: 4/4
  🔴 BTC SHORT @63200.5000 现价:62698.1000 PnL:+1.51U (+0.79%)
  🔴 LINK SHORT @7.8810 现价:7.8060 PnL:+1.90U (+0.95%)
  🔴 DOT SHORT @1.0220 现价:1.0040 PnL:+3.52U (+1.76%)
  🔴 BNB SHORT @597.5600 现价:595.9600 PnL:+0.53U (+0.27%)
  BTC: 62698.1000 (-2.38%)
  ETH: 1731.5500 (-3.64%)
  SOL: 67.0000 (-6.19%)
  BNB: 595.9600 (-3.67%)
  DOT: 1.0040 (-7.04%)
  LINK: 7.8060 (-5.86%)
  XRP: 1.1337 (-5.49%)
==================================================
[2026-06-05 13:00:28] 
==================================================
📊 整点汇报 2026-06-05 13:00
恐惧贪婪指数: 12 (极度恐惧)
今日PnL: -4.07 USDT (-4.1%)
持仓数: 4/4
  🔴 BTC SHORT @63200.5000 现价:63579.5000 PnL:-1.14U (-0.60%)
  🔴 LINK SHORT @7.8810 现价:7.8530 PnL:+0.71U (+0.36%)
  🔴 DOT SHORT @1.0220 现价:1.0230 PnL:-0.20U (-0.10%)
  🔴 BNB SHORT @597.5600 现价:600.4900 PnL:-0.97U (-0.49%)
  BTC: 63579.5000 (-0.13%)
  ETH: 1739.2700 (-3.32%)
  SOL: 67.5700 (-4.63%)
  BNB: 600.4900 (-2.30%)
  DOT: 1.0230 (-4.21%)
  LINK: 7.8530 (-4.35%)
  XRP: 1.1472 (-4.46%)
==================================================
[2026-06-05 14:00:56] 
==================================================
📊 整点汇报 2026-06-05 14:00
恐惧贪婪指数: 12 (极度恐惧)
今日PnL: -4.07 USDT (-4.1%)
持仓数: 4/4
  🔴 BTC SHORT @63200.5000 现价:62601.1000 PnL:+1.80U (+0.95%)
  🔴 LINK SHORT @7.8810 现价:7.6490 PnL:+5.89U (+2.94%)
  🔴 DOT SHORT @1.0220 现价:0.9980 PnL:+4.70U (+2.35%)
  🔴 BNB SHORT @597.5600 现价:587.9200 PnL:+3.18U (+1.61%)
  BTC: 62601.1000 (-2.39%)
  ETH: 1684.4900 (-5.75%)
  SOL: 66.1800 (-5.74%)
  BNB: 587.9200 (-3.31%)
  DOT: 0.9980 (-5.49%)
  LINK: 7.6490 (-5.91%)
  XRP: 1.1257 (-4.67%)
==================================================
[2026-06-05 14:17:45] ✅ 平仓 LINK TP1 | 入场:7.8810 出场:7.5560 | PnL:4.12% (+8.25USDT) | 平100%仓 | ✅ 平仓成功
[2026-06-05 14:21:06] ✅ 平仓 DOT TP1 | 入场:1.0220 出场:0.9680 | PnL:5.28% (+10.57USDT) | 平100%仓 | ✅ 平仓成功
[2026-06-05 14:22:50] 🔴 开空 DOT @0.966 | 评分:100 | 状态:trending | AI:做空(75%) | ✅ 下单成功
[2026-06-05 15:02:14] 
==================================================
📊 整点汇报 2026-06-05 15:02
恐惧贪婪指数: 12 (极度恐惧)
今日PnL: +14.75 USDT (+14.7%)
持仓数: 4/4
  🔴 DOT SHORT @0.9640 现价:0.9720 PnL:-1.66U (-0.83%)
  🔴 BNB SHORT @597.1800 现价:580.5400 PnL:+5.49U (+2.79%)
  🟢 LINK LONG @7.4980 现价:7.4850 PnL:-0.35U (-0.17%)
  🔴 BTC SHORT @63200.5000 现价:61904.7000 PnL:+3.89U (+2.05%)
  BTC: 61904.7000 (-3.30%)
  ETH: 1655.2700 (-7.40%)
  SOL: 65.1400 (-7.83%)
  BNB: 580.5400 (-5.00%)
  DOT: 0.9720 (-8.56%)
  LINK: 7.4850 (-8.38%)
  XRP: 1.1173 (-5.68%)
==================================================
[2026-06-05 15:25:57] 🔴 开空 LINK @7.464 | 评分:60 | 状态:ranging | AI:做空(75%) | ✅ 下单成功
[2026-06-05 15:27:33] ✅ 平仓 BNB SL | 入场:597.1800 出场:581.7800 | PnL:2.58% (+5.08USDT) | 平100%仓 | ✅ 平仓成功
[2026-06-05 15:28:07] ✅ 平仓 BTC SL | 入场:63200.5000 出场:62035.8000 | PnL:1.84% (+3.49USDT) | 平100%仓 | ✅ 平仓成功
[2026-06-05 15:33:48] ❌ 平仓 DOT SL | 入场:0.9640 出场:0.9860 | PnL:-2.28% (-4.57USDT) | 平100%仓 | ✅ 平仓成功
[2026-06-05 15:49:19] ❌ 平仓 LINK SL | 入场:7.4640 出场:7.6140 | PnL:-2.01% (-4.02USDT) | 平100%仓 | ✅ 平仓成功
[2026-06-05 16:00:10] 
==================================================
📊 整点汇报 2026-06-05 16:00
恐惧贪婪指数: 12 (极度恐惧)
今日PnL: +13.67 USDT (+13.7%)
持仓数: 0/4
  BTC: 63189.4000 (-1.74%)
  ETH: 1674.4600 (-6.27%)
  SOL: 66.1100 (-4.44%)
  BNB: 591.4600 (-1.79%)
  DOT: 0.9930 (-5.25%)
  LINK: 7.6170 (-5.59%)
  XRP: 1.1348 (-3.63%)
==================================================
[2026-06-05 17:00:14] 
==================================================
📊 整点汇报 2026-06-05 17:00
恐惧贪婪指数: 12 (极度恐惧)
今日PnL: +13.67 USDT (+13.7%)
持仓数: 0/4
  BTC: 62349.8000 (-2.88%)
  ETH: 1662.9700 (-6.06%)
  SOL: 65.2200 (-6.12%)
  BNB: 587.2900 (-2.95%)
  DOT: 0.9790 (-6.41%)
  LINK: 7.5120 (-6.76%)
  XRP: 1.1189 (-3.88%)
==================================================
[2026-06-05 18:00:12] 
==================================================
📊 整点汇报 2026-06-05 18:00
恐惧贪婪指数: 12 (极度恐惧)
今日PnL: +13.67 USDT (+13.7%)
持仓数: 0/4
  BTC: 62826.6000 (-2.23%)
  ETH: 1680.2800 (-4.12%)
  SOL: 66.4900 (-2.62%)
  BNB: 596.1800 (+0.47%)
  DOT: 1.0010 (-2.44%)
  LINK: 7.6550 (-3.71%)
  XRP: 1.1361 (-1.64%)
==================================================
[2026-06-05 19:00:22] 
==================================================
📊 整点汇报 2026-06-05 19:00
恐惧贪婪指数: 12 (极度恐惧)
今日PnL: +13.67 USDT (+13.7%)
持仓数: 0/4
  BTC: 62512.6000 (-1.34%)
  ETH: 1676.0600 (-3.90%)
  SOL: 66.3600 (-5.81%)
  BNB: 593.1100 (+0.21%)
  DOT: 1.0000 (-1.38%)
  LINK: 7.6080 (-2.93%)
  XRP: 1.1354 (-0.67%)
==================================================
[2026-06-05 20:00:39] 
==================================================
📊 整点汇报 2026-06-05 20:00
恐惧贪婪指数: 12 (极度恐惧)
今日PnL: +13.45 USDT (+13.5%)
持仓数: 0/4
  BTC: 61958.1000 (-2.15%)
  ETH: 1664.6200 (-4.71%)
  SOL: 66.0900 (-3.73%)
  BNB: 590.8200 (-0.24%)
  DOT: 0.9930 (-3.31%)
  LINK: 7.5590 (-4.70%)
  XRP: 1.1186 (-2.75%)
==================================================
[2026-06-05 20:08:00] 🔴 开空 DOT @0.995 | 评分:60 | 状态:ranging | AI:做空(0.7%) | ✅ 下单成功
[2026-06-05 20:34:49] 🔴 开空 LINK @7.5 | 评分:70 | 状态:trending | AI:做空(75%) | ✅ 下单成功
[2026-06-05 20:36:04] 🔴 开空 ETH @1650.14 | 评分:70 | 状态:trending | AI:做空(75%) | ✅ 下单成功
[2026-06-05 21:00:17] 
==================================================
📊 整点汇报 2026-06-05 21:00
恐惧贪婪指数: 12 (极度恐惧)
今日PnL: +13.45 USDT (+13.5%)
持仓数: 3/4
  🔴 DOT SHORT @0.9950 现价:0.9880 PnL:+1.41U (+0.70%)
  🔴 LINK SHORT @7.5000 现价:7.5390 PnL:-1.04U (-0.52%)
  🔴 ETH SHORT @1650.1400 现价:1656.9300 PnL:-0.82U (-0.41%)
  BTC: 61906.3000 (-3.05%)
  ETH: 1656.9300 (-5.74%)
  SOL: 65.7700 (-6.63%)
  BNB: 591.7000 (-2.25%)
  DOT: 0.9880 (-5.91%)
  LINK: 7.5390 (-6.70%)
  XRP: 1.1192 (-4.42%)
==================================================
[2026-06-05 21:52:08] 🔴 开空 LINK @7.503 | 评分:60 | 状态:ranging | AI:做空(75%) | ✅ 下单成功
[2026-06-05 21:53:22] 🔴 开空 BTC @61182.4 | 评分:70 | 状态:trending | AI:做多(65%) | ✅ 下单成功
[2026-06-05 22:00:33] 
==================================================
📊 整点汇报 2026-06-05 22:00
恐惧贪婪指数: 12 (极度恐惧)
今日PnL: +9.80 USDT (+9.8%)
持仓数: 4/4
  🔴 DOT SHORT @0.9940 现价:0.9630 PnL:+6.24U (+3.12%)
  🔴 ETH SHORT @1650.0000 现价:1617.0500 PnL:+3.99U (+2.00%)
  🔴 LINK SHORT @7.5030 现价:7.3760 PnL:+3.39U (+1.69%)
  🔴 BTC SHORT @61182.4000 现价:60731.0000 PnL:+1.35U (+0.74%)
  BTC: 60731.0000 (-5.31%)
  ETH: 1617.0500 (-9.47%)
  SOL: 64.3000 (-8.77%)
  BNB: 581.5600 (-3.73%)
  DOT: 0.9630 (-8.55%)
  LINK: 7.3760 (-8.68%)
  XRP: 1.1016 (-6.02%)
==================================================
[2026-06-05 22:01:12] ✅ 平仓 ETH SL | 入场:1650.0000 出场:1629.8000 | PnL:1.22% (+2.44USDT) | 平100%仓 | ✅ 平仓成功
[2026-06-05 22:06:09] 🔴 开空 ETH @1605.36 | 评分:70 | 状态:trending | AI:做空(85%) | ✅ 下单成功
[2026-06-05 22:07:51] ✅ 平仓 DOT SL | 入场:0.9940 出场:0.9680 | PnL:2.62% (+5.23USDT) | 平100%仓 | ✅ 平仓成功
[2026-06-05 22:08:00] ✅ 平仓 LINK SL | 入场:7.5030 出场:7.4020 | PnL:1.35% (+2.69USDT) | 平100%仓 | ✅ 平仓成功
[2026-06-05 22:08:22] ❌ 平仓 DOT TP1 | 入场:0.9685 出场:0.9680 | PnL:-0.05% (-0.01USDT) | 平100%仓 | ✅ 平仓成功
[2026-06-05 23:00:25] 
==================================================
📊 整点汇报 2026-06-05 23:00
恐惧贪婪指数: 12 (极度恐惧)
今日PnL: +20.85 USDT (+20.9%)
持仓数: 3/4
  🟢 DOT LONG @0.9685 现价:0.9700 PnL:+0.32U (+0.16%)
  🔴 ETH SHORT @1605.3500 现价:1600.0000 PnL:+0.67U (+0.33%)
  🔴 BTC SHORT @61134.3000 现价:60914.0000 PnL:+0.66U (+0.36%)
  BTC: 60914.0000 (-4.66%)
  ETH: 1600.0000 (-10.21%)
  SOL: 65.1900 (-6.83%)
  BNB: 584.1900 (-3.37%)
  DOT: 0.9700 (-7.62%)
  LINK: 7.4160 (-7.85%)
  XRP: 1.1056 (-6.00%)
==================================================
[2026-06-05 23:10:59] 🔴 开空 BNB @581.49 | 评分:70 | 状态:trending | AI:做空(75%) | ✅ 下单成功
[2026-06-05 23:38:01] ❌ 平仓 DOT SL | 入场:0.9685 出场:0.9470 | PnL:-2.22% (-4.43USDT) | 平100%仓 | ✅ 平仓成功
[2026-06-05 23:38:46] 🔴 开空 LINK @7.28 | 评分:70 | 状态:trending | AI:做多(65%) | ✅ 下单成功
