[2026-07-18 00:04:58] 
==================================================
📊 整点汇报 2026-07-18 00:03
恐惧贪婪指数: 50 (中性)
今日PnL: -0.36 USDT (-0.4%)
持仓数: 0/4
  BTC: 62891.5000 (-1.93%)
  ETH: 1828.8100 (-3.13%)
  SOL: 74.4500 (-2.23%)
  BNB: 565.0100 (-2.19%)
  DOT: 0.8500 (+1.92%)
  LINK: 8.1700 (-3.11%)
  XRP: 1.0842 (-2.02%)
==================================================
[2026-07-18 01:03:52] 
==================================================
📊 整点汇报 2026-07-18 01:02
恐惧贪婪指数: 50 (中性)
今日PnL: -0.36 USDT (-0.4%)
持仓数: 0/4
  BTC: 62891.5000 (-1.93%)
  ETH: 1828.8100 (-3.13%)
  SOL: 74.4500 (-2.23%)
  BNB: 565.0100 (-2.19%)
  DOT: 0.8500 (+1.92%)
  LINK: 8.1700 (-3.11%)
  XRP: 1.0842 (-2.02%)
==================================================
[2026-07-18 02:02:48] 
==================================================
📊 整点汇报 2026-07-18 02:01
恐惧贪婪指数: 50 (中性)
今日PnL: -0.36 USDT (-0.4%)
持仓数: 0/4
  BTC: 62891.5000 (-1.93%)
  ETH: 1828.8100 (-3.13%)
  SOL: 74.4500 (-2.23%)
  BNB: 565.0100 (-2.19%)
  DOT: 0.8500 (+1.92%)
  LINK: 8.1700 (-3.11%)
  XRP: 1.0842 (-2.02%)
==================================================
[2026-07-18 03:02:18] 
==================================================
📊 整点汇报 2026-07-18 03:00
恐惧贪婪指数: 50 (中性)
今日PnL: -0.36 USDT (-0.4%)
持仓数: 0/4
  BTC: 62891.5000 (-1.93%)
  ETH: 1828.8100 (-3.13%)
  SOL: 74.4500 (-2.23%)
  BNB: 565.0100 (-2.19%)
  DOT: 0.8500 (+1.92%)
  LINK: 8.1700 (-3.11%)
  XRP: 1.0842 (-2.02%)
==================================================
[2026-07-18 04:01:53] 
==================================================
📊 整点汇报 2026-07-18 04:00
恐惧贪婪指数: 50 (中性)
今日PnL: -0.36 USDT (-0.4%)
持仓数: 0/4
  BTC: 62891.5000 (-1.93%)
  ETH: 1828.8100 (-3.13%)
  SOL: 74.4500 (-2.23%)
  BNB: 565.0100 (-2.19%)
  DOT: 0.8500 (+1.92%)
  LINK: 8.1700 (-3.11%)
  XRP: 1.0842 (-2.02%)
==================================================
[2026-07-18 05:06:27] 
==================================================
📊 整点汇报 2026-07-18 05:04
恐惧贪婪指数: 50 (中性)
今日PnL: -0.36 USDT (-0.4%)
持仓数: 0/4
  BTC: 62891.5000 (-1.93%)
  ETH: 1828.8100 (-3.13%)
  SOL: 74.4500 (-2.23%)
  BNB: 565.0100 (-2.19%)
  DOT: 0.8500 (+1.92%)
  LINK: 8.1700 (-3.11%)
  XRP: 1.0842 (-2.02%)
==================================================
[2026-07-18 06:04:50] 
==================================================
📊 整点汇报 2026-07-18 06:03
恐惧贪婪指数: 50 (中性)
今日PnL: -0.36 USDT (-0.4%)
持仓数: 0/4
  BTC: 62891.5000 (-1.93%)
  ETH: 1828.8100 (-3.13%)
  SOL: 74.4500 (-2.23%)
  BNB: 565.0100 (-2.19%)
  DOT: 0.8500 (+1.92%)
  LINK: 8.1700 (-3.11%)
  XRP: 1.0842 (-2.02%)
==================================================
[2026-07-18 07:04:21] 
==================================================
📊 整点汇报 2026-07-18 07:02
恐惧贪婪指数: 50 (中性)
今日PnL: -0.36 USDT (-0.4%)
持仓数: 0/4
  BTC: 62891.5000 (-1.93%)
  ETH: 1828.8100 (-3.13%)
  SOL: 74.4500 (-2.23%)
  BNB: 565.0100 (-2.19%)
  DOT: 0.8500 (+1.92%)
  LINK: 8.1700 (-3.11%)
  XRP: 1.0842 (-2.02%)
==================================================
[2026-07-18 08:00:30] 
==================================================
📊 整点汇报 2026-07-18 08:00
恐惧贪婪指数: 50 (中性)
今日PnL: +0.00 USDT (+0.0%)
持仓数: 4/4
  🟢 LINK LONG @8.0600 现价:8.1700 PnL:+2.34U (+1.36%)
  🔴 BTC SHORT @63716.0000 现价:62891.5000 PnL:+2.47U (+1.29%)
  🟢 SOL LONG @75.6400 现价:74.4500 PnL:-2.83U (-1.57%)
  🔴 BNB SHORT @568.9800 现价:565.0100 PnL:+1.39U (+0.70%)
  BTC: 62891.5000 (-1.93%)
  ETH: 1828.8100 (-3.13%)
  SOL: 74.4500 (-2.23%)
  BNB: 565.0100 (-2.19%)
  DOT: 0.8500 (+1.92%)
  LINK: 8.1700 (-3.11%)
  XRP: 1.0842 (-2.02%)
==================================================
[2026-07-18 09:00:17] 
==================================================
📊 整点汇报 2026-07-18 09:00
恐惧贪婪指数: 25 (恐惧)
今日PnL: +0.00 USDT (+0.0%)
持仓数: 4/4
  🟢 LINK LONG @8.0600 现价:8.2500 PnL:+4.71U (+2.36%)
  🔴 BTC SHORT @63716.0000 现价:63871.4000 PnL:-0.47U (-0.24%)
  🟢 SOL LONG @75.6400 现价:75.0500 PnL:-1.56U (-0.78%)
  🔴 BNB SHORT @568.9800 现价:568.2100 PnL:+0.27U (+0.14%)
  BTC: 63871.4000 (+0.07%)
  ETH: 1839.9800 (-1.30%)
  SOL: 75.0500 (-0.60%)
  BNB: 568.2100 (-1.03%)
  DOT: 0.8500 (-1.73%)
  LINK: 8.2500 (-1.03%)
  XRP: 1.0877 (-0.33%)
==================================================
[2026-07-18 10:00:09] 
==================================================
📊 整点汇报 2026-07-18 10:00
恐惧贪婪指数: 25 (恐惧)
今日PnL: +0.00 USDT (+0.0%)
持仓数: 4/4
  🟢 LINK LONG @8.0600 现价:8.2530 PnL:+4.79U (+2.39%)
  🔴 BTC SHORT @63716.0000 现价:63943.4000 PnL:-0.68U (-0.36%)
  🟢 SOL LONG @75.6400 现价:75.1800 PnL:-1.21U (-0.61%)
  🔴 BNB SHORT @568.9800 现价:567.1600 PnL:+0.64U (+0.32%)
  BTC: 63943.4000 (+0.66%)
  ETH: 1841.5900 (-0.42%)
  SOL: 75.1800 (+0.17%)
  BNB: 567.1600 (-0.84%)
  DOT: 0.8470 (-1.74%)
  LINK: 8.2530 (-0.16%)
  XRP: 1.0880 (+0.06%)
==================================================
[2026-07-18 11:00:09] 
==================================================
📊 整点汇报 2026-07-18 11:00
恐惧贪婪指数: 25 (恐惧)
今日PnL: +0.00 USDT (+0.0%)
持仓数: 4/4
  🟢 LINK LONG @8.0600 现价:8.2650 PnL:+5.09U (+2.54%)
  🔴 BTC SHORT @63716.0000 现价:63945.5000 PnL:-0.69U (-0.36%)
  🟢 SOL LONG @75.6400 现价:75.1800 PnL:-1.21U (-0.61%)
  🔴 BNB SHORT @568.9800 现价:568.5900 PnL:+0.14U (+0.07%)
  BTC: 63945.5000 (+0.77%)
  ETH: 1841.4100 (-0.33%)
  SOL: 75.1800 (+0.35%)
  BNB: 568.5900 (-0.48%)
  DOT: 0.8470 (-0.82%)
  LINK: 8.2650 (+0.00%)
  XRP: 1.0896 (+0.20%)
==================================================
[2026-07-18 12:00:09] 
==================================================
📊 整点汇报 2026-07-18 12:00
恐惧贪婪指数: 25 (恐惧)
今日PnL: +0.00 USDT (+0.0%)
持仓数: 4/4
  🟢 LINK LONG @8.0600 现价:8.2790 PnL:+5.43U (+2.72%)
  🔴 BTC SHORT @63716.0000 现价:63989.2000 PnL:-0.82U (-0.43%)
  🟢 SOL LONG @75.6400 现价:75.3300 PnL:-0.82U (-0.41%)
  🔴 BNB SHORT @568.9800 现价:568.7500 PnL:+0.08U (+0.04%)
  BTC: 63989.2000 (+0.70%)
  ETH: 1845.3700 (-0.43%)
  SOL: 75.3300 (+0.21%)
  BNB: 568.7500 (-0.70%)
  DOT: 0.8510 (-1.16%)
  LINK: 8.2790 (-0.01%)
  XRP: 1.0896 (-0.19%)
==================================================
[2026-07-18 13:00:11] 
==================================================
📊 整点汇报 2026-07-18 13:00
恐惧贪婪指数: 25 (恐惧)
今日PnL: +0.00 USDT (+0.0%)
持仓数: 4/4
  🟢 LINK LONG @8.0600 现价:8.2540 PnL:+4.81U (+2.41%)
  🔴 BTC SHORT @63716.0000 现价:63940.2000 PnL:-0.67U (-0.35%)
  🟢 SOL LONG @75.6400 现价:75.0700 PnL:-1.50U (-0.75%)
  🔴 BNB SHORT @568.9800 现价:567.4700 PnL:+0.53U (+0.27%)
  BTC: 63940.2000 (+0.75%)
  ETH: 1843.9000 (-0.33%)
  SOL: 75.0700 (-0.19%)
  BNB: 567.4700 (-0.87%)
  DOT: 0.8490 (-1.16%)
  LINK: 8.2540 (-0.36%)
  XRP: 1.0873 (-0.26%)
==================================================
[2026-07-18 14:00:08] 
==================================================
📊 整点汇报 2026-07-18 14:00
恐惧贪婪指数: 25 (恐惧)
今日PnL: +0.00 USDT (+0.0%)
持仓数: 4/4
  🟢 LINK LONG @8.0600 现价:8.2380 PnL:+4.42U (+2.21%)
  🔴 BTC SHORT @63716.0000 现价:63940.2000 PnL:-0.67U (-0.35%)
  🟢 SOL LONG @75.6400 现价:74.8700 PnL:-2.03U (-1.02%)
  🔴 BNB SHORT @568.9800 现价:567.5900 PnL:+0.49U (+0.24%)
  BTC: 63940.2000 (+1.77%)
  ETH: 1844.8700 (+1.21%)
  SOL: 74.8700 (+0.70%)
  BNB: 567.5900 (-0.04%)
  DOT: 0.8440 (-0.12%)
  LINK: 8.2380 (+0.82%)
  XRP: 1.0872 (+0.67%)
==================================================
[2026-07-18 15:00:06] 
==================================================
📊 整点汇报 2026-07-18 15:00
恐惧贪婪指数: 25 (恐惧)
今日PnL: +0.00 USDT (+0.0%)
持仓数: 4/4
  🟢 LINK LONG @8.0600 现价:8.2440 PnL:+4.57U (+2.28%)
  🔴 BTC SHORT @63716.0000 现价:63940.5000 PnL:-0.67U (-0.35%)
  🟢 SOL LONG @75.6400 现价:74.9400 PnL:-1.85U (-0.93%)
  🔴 BNB SHORT @568.9800 现价:567.3800 PnL:+0.56U (+0.28%)
  BTC: 63940.5000 (+1.69%)
  ETH: 1844.0100 (+0.73%)
  SOL: 74.9400 (+0.54%)
  BNB: 567.3800 (-0.48%)
  DOT: 0.8450 (-0.70%)
  LINK: 8.2440 (+0.84%)
  XRP: 1.0891 (+0.28%)
==================================================
[2026-07-18 16:00:09] 
==================================================
📊 整点汇报 2026-07-18 16:00
恐惧贪婪指数: 25 (恐惧)
今日PnL: +0.00 USDT (+0.0%)
持仓数: 4/4
  🟢 LINK LONG @8.0600 现价:8.2460 PnL:+4.61U (+2.31%)
  🔴 BTC SHORT @63716.0000 现价:63990.0000 PnL:-0.82U (-0.43%)
  🟢 SOL LONG @75.6400 现价:74.9300 PnL:-1.87U (-0.94%)
  🔴 BNB SHORT @568.9800 现价:568.1900 PnL:+0.28U (+0.14%)
  BTC: 63990.0000 (+1.87%)
  ETH: 1843.3100 (+0.88%)
  SOL: 74.9300 (+0.47%)
  BNB: 568.1900 (+0.29%)
  DOT: 0.8420 (-0.82%)
  LINK: 8.2460 (+0.94%)
  XRP: 1.0882 (+0.46%)
==================================================
[2026-07-18 17:00:24] 
==================================================
📊 整点汇报 2026-07-18 17:00
恐惧贪婪指数: 25 (恐惧)
今日PnL: +0.00 USDT (+0.0%)
持仓数: 4/4
  🟢 LINK LONG @8.0600 现价:8.2520 PnL:+4.76U (+2.38%)
  🔴 BTC SHORT @63716.0000 现价:63995.8000 PnL:-0.84U (-0.44%)
  🟢 SOL LONG @75.6400 现价:74.8900 PnL:-1.98U (-0.99%)
  🔴 BNB SHORT @568.9800 现价:568.1900 PnL:+0.28U (+0.14%)
  BTC: 63995.8000 (+1.77%)
  ETH: 1846.3100 (+0.86%)
  SOL: 74.8900 (+0.55%)
  BNB: 568.1900 (+0.56%)
  DOT: 0.8420 (-1.06%)
  LINK: 8.2520 (+0.98%)
  XRP: 1.0887 (+0.41%)
==================================================
[2026-07-18 17:17:42] ✅ 平仓 LINK SL | 入场:8.0600 出场:8.2250 | PnL:2.05% (+4.09USDT) | 平100%仓 | ✅ 平仓成功
[2026-07-18 17:28:21] 🔴 开空 DOT @0.836 | 评分:70 | 状态:trending | AI:做空(75%) | ✅ 下单成功
[2026-07-18 18:00:15] 
==================================================
📊 整点汇报 2026-07-18 18:00
恐惧贪婪指数: 25 (恐惧)
今日PnL: +3.46 USDT (+3.5%)
持仓数: 4/4
  🔴 BTC SHORT @63716.0000 现价:63926.4000 PnL:-0.63U (-0.33%)
  🟢 SOL LONG @75.6400 现价:74.8000 PnL:-2.22U (-1.11%)
  🔴 BNB SHORT @568.9800 现价:568.7700 PnL:+0.07U (+0.04%)
  🔴 DOT SHORT @0.8360 现价:0.8370 PnL:-0.24U (-0.12%)
  BTC: 63926.4000 (+1.52%)
  ETH: 1844.3500 (+0.59%)
  SOL: 74.8000 (+0.27%)
  BNB: 568.7700 (+0.73%)
  DOT: 0.8370 (-2.10%)
  LINK: 8.2260 (+0.43%)
  XRP: 1.0858 (+0.11%)
==================================================
[2026-07-18 19:00:05] 
==================================================
📊 整点汇报 2026-07-18 19:00
恐惧贪婪指数: 25 (恐惧)
今日PnL: +3.46 USDT (+3.5%)
持仓数: 4/4
  🔴 BTC SHORT @63716.0000 现价:63984.2000 PnL:-0.80U (-0.42%)
  🟢 SOL LONG @75.6400 现价:74.8600 PnL:-2.06U (-1.03%)
  🔴 BNB SHORT @568.9800 现价:570.0000 PnL:-0.36U (-0.18%)
  🔴 DOT SHORT @0.8360 现价:0.8360 PnL:+0.00U (+0.00%)
  BTC: 63984.2000 (+1.33%)
  ETH: 1844.7200 (+0.48%)
  SOL: 74.8600 (+0.16%)
  BNB: 570.0000 (+0.87%)
  DOT: 0.8360 (-2.56%)
  LINK: 8.2610 (+0.90%)
  XRP: 1.0866 (+0.02%)
==================================================
[2026-07-18 20:00:14] 
==================================================
📊 整点汇报 2026-07-18 20:00
恐惧贪婪指数: 25 (恐惧)
今日PnL: +3.46 USDT (+3.5%)
持仓数: 4/4
  🔴 BTC SHORT @63716.0000 现价:63996.6000 PnL:-0.84U (-0.44%)
  🟢 SOL LONG @75.6400 现价:74.9300 PnL:-1.87U (-0.94%)
  🔴 BNB SHORT @568.9800 现价:570.4200 PnL:-0.50U (-0.25%)
  🔴 DOT SHORT @0.8360 现价:0.8370 PnL:-0.24U (-0.12%)
  BTC: 63996.6000 (+1.08%)
  ETH: 1844.7600 (+0.31%)
  SOL: 74.9300 (+0.12%)
  BNB: 570.4200 (+1.03%)
  DOT: 0.8370 (-1.99%)
  LINK: 8.2870 (+1.01%)
  XRP: 1.0882 (+0.35%)
==================================================
[2026-07-18 21:00:37] 
==================================================
📊 整点汇报 2026-07-18 21:00
恐惧贪婪指数: 25 (恐惧)
今日PnL: +3.46 USDT (+3.5%)
持仓数: 4/4
  🔴 BTC SHORT @63716.0000 现价:64169.9000 PnL:-1.36U (-0.71%)
  🟢 SOL LONG @75.6400 现价:74.9600 PnL:-1.80U (-0.90%)
  🔴 BNB SHORT @568.9800 现价:571.5100 PnL:-0.89U (-0.44%)
  🔴 DOT SHORT @0.8360 现价:0.8370 PnL:-0.24U (-0.12%)
  BTC: 64169.9000 (+1.69%)
  ETH: 1843.9700 (+0.90%)
  SOL: 74.9600 (+0.79%)
  BNB: 571.5100 (+1.73%)
  DOT: 0.8370 (-0.95%)
  LINK: 8.3080 (+1.93%)
  XRP: 1.0882 (+0.96%)
==================================================
[2026-07-18 22:01:09] 
==================================================
📊 整点汇报 2026-07-18 22:00
恐惧贪婪指数: 25 (恐惧)
今日PnL: +3.46 USDT (+3.5%)
持仓数: 4/4
  🔴 BTC SHORT @63716.0000 现价:64072.9000 PnL:-1.07U (-0.56%)
  🟢 SOL LONG @75.6400 现价:74.6800 PnL:-2.53U (-1.27%)
  🔴 BNB SHORT @568.9800 现价:569.8900 PnL:-0.32U (-0.16%)
  🔴 DOT SHORT @0.8360 现价:0.8340 PnL:+0.48U (+0.24%)
  BTC: 64072.9000 (+1.84%)
  ETH: 1841.3500 (+0.96%)
  SOL: 74.6800 (+0.59%)
  BNB: 569.8900 (+1.64%)
  DOT: 0.8340 (-1.07%)
  LINK: 8.2630 (+1.95%)
  XRP: 1.0853 (+0.51%)
==================================================
[2026-07-18 23:00:32] 
==================================================
📊 整点汇报 2026-07-18 23:00
恐惧贪婪指数: 25 (恐惧)
今日PnL: +3.46 USDT (+3.5%)
持仓数: 4/4
  🔴 BTC SHORT @63716.0000 现价:64098.6000 PnL:-1.15U (-0.60%)
  🟢 SOL LONG @75.6400 现价:74.8900 PnL:-1.98U (-0.99%)
  🔴 BNB SHORT @568.9800 现价:571.2600 PnL:-0.80U (-0.40%)
  🔴 DOT SHORT @0.8360 现价:0.8340 PnL:+0.48U (+0.24%)
  BTC: 64098.6000 (+1.42%)
  ETH: 1844.9800 (+1.28%)
  SOL: 74.8900 (+0.82%)
  BNB: 571.2600 (+1.62%)
  DOT: 0.8340 (-1.30%)
  LINK: 8.3150 (+2.36%)
  XRP: 1.0877 (+0.50%)
==================================================
