[2026-06-27 00:01:08] 
==================================================
📊 整点汇报 2026-06-27 00:00
恐惧贪婪指数: 13 (极度恐惧)
今日PnL: +0.00 USDT (+0.0%)
持仓数: 1/4
  🔴 BTC SHORT @59516.3000 现价:60283.3000 PnL:-2.30U (-1.29%)
  BTC: 60283.3000 (+0.98%)
  ETH: 1579.7600 (+0.86%)
  SOL: 72.0300 (+8.69%)
  BNB: 565.7000 (+2.07%)
  DOT: 0.8550 (+0.47%)
  LINK: 7.3500 (+1.93%)
  XRP: 1.0449 (+0.99%)
==================================================
[2026-06-27 01:00:18] 
==================================================
📊 整点汇报 2026-06-27 01:00
恐惧贪婪指数: 13 (极度恐惧)
今日PnL: +0.00 USDT (+0.0%)
持仓数: 1/4
  🔴 BTC SHORT @59516.3000 现价:60032.9000 PnL:-1.55U (-0.87%)
  BTC: 60032.9000 (+1.29%)
  ETH: 1577.8200 (+1.05%)
  SOL: 72.4800 (+9.97%)
  BNB: 567.3800 (+2.42%)
  DOT: 0.8550 (+0.94%)
  LINK: 7.3430 (+0.00%)
  XRP: 1.0442 (+1.39%)
==================================================
[2026-06-27 02:01:55] 
==================================================
📊 整点汇报 2026-06-27 02:00
恐惧贪婪指数: 50 (中性)
今日PnL: +0.00 USDT (+0.0%)
持仓数: 0/4
  BTC: 60076.5000 (+0.99%)
  ETH: 1584.7200 (+0.99%)
  SOL: 72.5300 (+8.21%)
  BNB: 567.1700 (+1.48%)
  DOT: 0.8590 (-0.12%)
  LINK: 7.3640 (+1.42%)
  XRP: 1.0468 (+0.42%)
==================================================
[2026-06-27 03:01:38] 
==================================================
📊 整点汇报 2026-06-27 03:00
恐惧贪婪指数: 50 (中性)
今日PnL: +0.00 USDT (+0.0%)
持仓数: 0/4
  BTC: 60076.5000 (+0.99%)
  ETH: 1584.7200 (+0.99%)
  SOL: 72.5300 (+8.21%)
  BNB: 567.1700 (+1.48%)
  DOT: 0.8590 (-0.12%)
  LINK: 7.3640 (+1.42%)
  XRP: 1.0468 (+0.42%)
==================================================
[2026-06-27 04:05:51] 
==================================================
📊 整点汇报 2026-06-27 04:04
恐惧贪婪指数: 50 (中性)
今日PnL: +0.00 USDT (+0.0%)
持仓数: 0/4
  BTC: 60076.5000 (+0.99%)
  ETH: 1584.7200 (+0.99%)
  SOL: 72.5300 (+8.21%)
  BNB: 567.1700 (+1.48%)
  DOT: 0.8590 (-0.12%)
  LINK: 7.3640 (+1.42%)
  XRP: 1.0468 (+0.42%)
==================================================
[2026-06-27 05:04:50] 
==================================================
📊 整点汇报 2026-06-27 05:03
恐惧贪婪指数: 50 (中性)
今日PnL: +0.00 USDT (+0.0%)
持仓数: 0/4
  BTC: 60076.5000 (+0.99%)
  ETH: 1584.7200 (+0.99%)
  SOL: 72.5300 (+8.21%)
  BNB: 567.1700 (+1.48%)
  DOT: 0.8590 (-0.12%)
  LINK: 7.3640 (+1.42%)
  XRP: 1.0468 (+0.42%)
==================================================
[2026-06-27 06:04:16] 
==================================================
📊 整点汇报 2026-06-27 06:02
恐惧贪婪指数: 50 (中性)
今日PnL: +0.00 USDT (+0.0%)
持仓数: 0/4
  BTC: 60076.5000 (+0.99%)
  ETH: 1584.7200 (+0.99%)
  SOL: 72.5300 (+8.21%)
  BNB: 567.1700 (+1.48%)
  DOT: 0.8590 (-0.12%)
  LINK: 7.3640 (+1.42%)
  XRP: 1.0468 (+0.42%)
==================================================
[2026-06-27 07:02:48] 
==================================================
📊 整点汇报 2026-06-27 07:01
恐惧贪婪指数: 50 (中性)
今日PnL: +0.00 USDT (+0.0%)
持仓数: 0/4
  BTC: 60076.5000 (+0.99%)
  ETH: 1584.7200 (+0.99%)
  SOL: 72.5300 (+8.21%)
  BNB: 567.1700 (+1.48%)
  DOT: 0.8590 (-0.12%)
  LINK: 7.3640 (+1.42%)
  XRP: 1.0468 (+0.42%)
==================================================
[2026-06-27 08:00:24] 
==================================================
📊 整点汇报 2026-06-27 08:00
恐惧贪婪指数: 50 (中性)
今日PnL: +0.00 USDT (+0.0%)
持仓数: 1/4
  🔴 BTC SHORT @59507.9000 现价:60034.0000 PnL:-1.58U (-0.88%)
  BTC: 60034.0000 (+0.41%)
  ETH: 1577.9300 (+0.68%)
  SOL: 71.8900 (+6.30%)
  BNB: 568.0300 (+1.28%)
  DOT: 0.8520 (+1.19%)
  LINK: 7.3490 (+1.48%)
  XRP: 1.0481 (+0.53%)
==================================================
[2026-06-27 09:00:40] 
==================================================
📊 整点汇报 2026-06-27 09:00
恐惧贪婪指数: 15 (极度恐惧)
今日PnL: +0.00 USDT (+0.0%)
持仓数: 1/4
  🔴 BTC SHORT @59507.9000 现价:60017.3000 PnL:-1.53U (-0.86%)
  BTC: 60017.3000 (+0.65%)
  ETH: 1576.0100 (+0.77%)
  SOL: 71.7900 (+5.78%)
  BNB: 567.9300 (+1.21%)
  DOT: 0.8490 (+0.00%)
  LINK: 7.3510 (+1.69%)
  XRP: 1.0473 (+0.61%)
==================================================
[2026-06-27 10:00:14] 
==================================================
📊 整点汇报 2026-06-27 10:00
恐惧贪婪指数: 15 (极度恐惧)
今日PnL: +0.00 USDT (+0.0%)
持仓数: 1/4
  🔴 BTC SHORT @59507.9000 现价:59928.8000 PnL:-1.26U (-0.71%)
  BTC: 59928.8000 (+0.91%)
  ETH: 1575.1400 (+1.08%)
  SOL: 71.4000 (+6.20%)
  BNB: 566.1700 (+1.41%)
  DOT: 0.8480 (+2.66%)
  LINK: 7.3520 (+2.55%)
  XRP: 1.0516 (+2.01%)
==================================================
[2026-06-27 11:01:05] 
==================================================
📊 整点汇报 2026-06-27 11:00
恐惧贪婪指数: 15 (极度恐惧)
今日PnL: +0.00 USDT (+0.0%)
持仓数: 1/4
  🔴 BTC SHORT @59507.9000 现价:60255.7000 PnL:-2.24U (-1.26%)
  BTC: 60255.7000 (+2.91%)
  ETH: 1582.7500 (+3.64%)
  SOL: 72.1300 (+9.04%)
  BNB: 568.2500 (+2.81%)
  DOT: 0.8580 (+6.45%)
  LINK: 7.3900 (+4.75%)
  XRP: 1.0601 (+4.17%)
==================================================
[2026-06-27 12:00:17] 
==================================================
📊 整点汇报 2026-06-27 12:00
恐惧贪婪指数: 15 (极度恐惧)
今日PnL: +0.00 USDT (+0.0%)
持仓数: 1/4
  🔴 BTC SHORT @59507.9000 现价:60271.9000 PnL:-2.29U (-1.28%)
  BTC: 60271.9000 (+0.82%)
  ETH: 1580.0200 (+1.77%)
  SOL: 72.2400 (+6.13%)
  BNB: 567.2700 (+0.83%)
  DOT: 0.8510 (+2.28%)
  LINK: 7.3650 (+2.39%)
  XRP: 1.0582 (+2.60%)
==================================================
[2026-06-27 13:00:33] 
==================================================
📊 整点汇报 2026-06-27 13:00
恐惧贪婪指数: 15 (极度恐惧)
今日PnL: +0.00 USDT (+0.0%)
持仓数: 1/4
  🔴 BTC SHORT @59507.9000 现价:60234.2000 PnL:-2.18U (-1.22%)
  BTC: 60234.2000 (+0.59%)
  ETH: 1578.3100 (+2.00%)
  SOL: 71.8800 (+5.67%)
  BNB: 564.8000 (+0.81%)
  DOT: 0.8490 (+2.66%)
  LINK: 7.3600 (+2.61%)
  XRP: 1.0592 (+3.08%)
==================================================
[2026-06-27 14:00:20] 
==================================================
📊 整点汇报 2026-06-27 14:00
恐惧贪婪指数: 15 (极度恐惧)
今日PnL: +0.00 USDT (+0.0%)
持仓数: 1/4
  🔴 BTC SHORT @59507.9000 现价:60238.0000 PnL:-2.19U (-1.23%)
  BTC: 60238.0000 (+0.58%)
  ETH: 1578.2400 (+1.44%)
  SOL: 71.7800 (+4.97%)
  BNB: 565.8900 (+0.74%)
  DOT: 0.8500 (+2.16%)
  LINK: 7.3710 (+2.42%)
  XRP: 1.0572 (+2.27%)
==================================================
[2026-06-27 15:01:05] 
==================================================
📊 整点汇报 2026-06-27 15:00
恐惧贪婪指数: 15 (极度恐惧)
今日PnL: +0.00 USDT (+0.0%)
持仓数: 1/4
  🔴 BTC SHORT @59507.9000 现价:60346.9000 PnL:-2.52U (-1.41%)
  BTC: 60346.9000 (+0.08%)
  ETH: 1581.9800 (+0.76%)
  SOL: 72.1100 (+3.34%)
  BNB: 566.0800 (+0.28%)
  DOT: 0.8460 (+1.07%)
  LINK: 7.3810 (+1.50%)
  XRP: 1.0595 (+1.53%)
==================================================
[2026-06-27 16:00:50] 
==================================================
📊 整点汇报 2026-06-27 16:00
恐惧贪婪指数: 15 (极度恐惧)
今日PnL: +0.00 USDT (+0.0%)
持仓数: 1/4
  🔴 BTC SHORT @59507.9000 现价:60493.2000 PnL:-2.96U (-1.66%)
  BTC: 60493.2000 (-0.08%)
  ETH: 1584.8900 (+0.32%)
  SOL: 72.2600 (+2.16%)
  BNB: 565.8200 (-0.71%)
  DOT: 0.8450 (+0.12%)
  LINK: 7.3810 (+0.81%)
  XRP: 1.0588 (+0.86%)
==================================================
[2026-06-27 17:00:42] 
==================================================
📊 整点汇报 2026-06-27 17:00
恐惧贪婪指数: 15 (极度恐惧)
今日PnL: +0.00 USDT (+0.0%)
持仓数: 1/4
  🔴 BTC SHORT @59507.9000 现价:60433.1000 PnL:-2.78U (-1.55%)
  BTC: 60433.1000 (+0.37%)
  ETH: 1583.9300 (+1.14%)
  SOL: 72.0100 (+2.97%)
  BNB: 565.9600 (-0.57%)
  DOT: 0.8430 (+0.84%)
  LINK: 7.3690 (+1.57%)
  XRP: 1.0565 (+1.69%)
==================================================
[2026-06-27 18:00:22] 
==================================================
📊 整点汇报 2026-06-27 18:00
恐惧贪婪指数: 15 (极度恐惧)
今日PnL: +0.00 USDT (+0.0%)
持仓数: 1/4
  🔴 BTC SHORT @59507.9000 现价:60399.0000 PnL:-2.67U (-1.50%)
  BTC: 60399.0000 (+1.00%)
  ETH: 1581.9200 (+1.91%)
  SOL: 71.8500 (+4.10%)
  BNB: 565.1300 (+0.11%)
  DOT: 0.8440 (+1.32%)
  LINK: 7.3780 (+2.57%)
  XRP: 1.0577 (+2.54%)
==================================================
[2026-06-27 19:00:30] 
==================================================
📊 整点汇报 2026-06-27 19:00
恐惧贪婪指数: 15 (极度恐惧)
今日PnL: +0.00 USDT (+0.0%)
持仓数: 1/4
  🔴 BTC SHORT @59507.9000 现价:60382.6000 PnL:-2.62U (-1.47%)
  BTC: 60382.6000 (+1.76%)
  ETH: 1583.4100 (+2.45%)
  SOL: 71.9900 (+4.80%)
  BNB: 564.8600 (+0.16%)
  DOT: 0.8420 (+1.69%)
  LINK: 7.3650 (+2.99%)
  XRP: 1.0586 (+3.14%)
==================================================
[2026-06-27 19:20:02] 🔴 开空 BNB @563.01 | 评分:75 | 状态:ranging | AI:做多(65%) | ✅ 下单成功
[2026-06-27 20:00:38] 
==================================================
📊 整点汇报 2026-06-27 20:00
恐惧贪婪指数: 15 (极度恐惧)
今日PnL: +0.00 USDT (+0.0%)
持仓数: 2/4
  🔴 BTC SHORT @59507.9000 现价:60318.4000 PnL:-2.43U (-1.36%)
  🔴 BNB SHORT @563.0100 现价:563.4700 PnL:-0.17U (-0.08%)
  BTC: 60318.4000 (+1.54%)
  ETH: 1583.0000 (+2.46%)
  SOL: 71.7600 (+4.74%)
  BNB: 563.4700 (+0.64%)
  DOT: 0.8430 (+1.69%)
  LINK: 7.3530 (+2.91%)
  XRP: 1.0586 (+3.60%)
==================================================
[2026-06-27 21:00:56] 
==================================================
📊 整点汇报 2026-06-27 21:00
恐惧贪婪指数: 15 (极度恐惧)
今日PnL: +0.00 USDT (+0.0%)
持仓数: 2/4
  🔴 BTC SHORT @59507.9000 现价:60368.6000 PnL:-2.58U (-1.45%)
  🔴 BNB SHORT @563.0100 现价:564.9000 PnL:-0.68U (-0.34%)
  BTC: 60368.6000 (+1.98%)
  ETH: 1584.8700 (+3.13%)
  SOL: 72.0000 (+4.48%)
  BNB: 564.9000 (+1.43%)
  DOT: 0.8420 (+1.81%)
  LINK: 7.3710 (+3.40%)
  XRP: 1.0600 (+4.01%)
==================================================
[2026-06-27 22:01:22] 
==================================================
📊 整点汇报 2026-06-27 22:00
恐惧贪婪指数: 50 (中性)
今日PnL: +0.00 USDT (+0.0%)
持仓数: 2/4
  🔴 BTC SHORT @59507.9000 现价:60554.7000 PnL:-3.14U (-1.76%)
  🔴 BNB SHORT @563.0100 现价:564.6000 PnL:-0.57U (-0.28%)
  BTC: 60554.7000 (+0.00%)
  ETH: 1591.3900 (+1.96%)
  SOL: 72.3200 (+2.35%)
  BNB: 564.6000 (+0.46%)
  DOT: 0.8450 (-0.59%)
  LINK: 7.3850 (+1.68%)
  XRP: 1.0640 (+2.76%)
==================================================
[2026-06-27 23:00:59] 
==================================================
📊 整点汇报 2026-06-27 23:00
恐惧贪婪指数: 15 (极度恐惧)
今日PnL: +0.00 USDT (+0.0%)
持仓数: 2/4
  🔴 BTC SHORT @59507.9000 现价:60588.7000 PnL:-3.24U (-1.82%)
  🔴 BNB SHORT @563.0100 现价:564.9300 PnL:-0.69U (-0.34%)
  BTC: 60588.7000 (+1.65%)
  ETH: 1593.0000 (+2.10%)
  SOL: 72.7500 (+3.25%)
  BNB: 564.9300 (+0.80%)
  DOT: 0.8430 (+0.00%)
  LINK: 7.4070 (+2.35%)
  XRP: 1.0680 (+2.86%)
==================================================
[2026-06-27 23:14:14] ❌ 平仓 BTC SL | 入场:59507.9000 出场:60818.1000 | PnL:-2.20% (-3.93USDT) | 平100%仓 | ✅ 平仓成功
