[2026-06-04 00:04:04] ⚠️ 熔断！日亏损 -19.5%，暂停 4 小时
[2026-06-04 00:05:33] 
==================================================
📊 整点汇报 2026-06-04 00:04
恐惧贪婪指数: 50 (中性)
今日PnL: -19.47 USDT (-19.5%)
持仓数: 0/4
  BTC: 66698.5000 (-1.67%)
  ETH: 1854.8700 (-3.89%)
  SOL: 74.1600 (-3.84%)
  BNB: 641.5900 (-4.32%)
  DOT: 1.1250 (+1.26%)
  LINK: 8.4570 (-1.98%)
  XRP: 1.2422 (+0.89%)
==================================================
[2026-06-04 00:14:45] ⚠️ 熔断！日亏损 -19.5%，暂停 4 小时
[2026-06-04 00:19:39] ⚠️ 熔断！日亏损 -19.5%，暂停 4 小时
[2026-06-04 00:24:36] ⚠️ 熔断！日亏损 -19.5%，暂停 4 小时
[2026-06-04 00:30:13] ⚠️ 熔断！日亏损 -19.5%，暂停 4 小时
[2026-06-04 00:31:50] ⚠️ 熔断！日亏损 -19.5%，暂停 4 小时
[2026-06-04 00:32:37] ⚠️ 熔断！日亏损 -19.5%，暂停 4 小时
[2026-06-04 00:33:48] ⚠️ 熔断！日亏损 -19.5%，暂停 4 小时
[2026-06-04 00:34:38] ⚠️ 熔断！日亏损 -19.5%，暂停 4 小时
[2026-06-04 00:35:59] ❌ 平仓 ETH SL | 入场:1870.2041 出场:1818.4400 | PnL:-2.77% (-5.54USDT) | 平100%仓 | ✅ 平仓成功
[2026-06-04 00:36:19] ⚠️ 熔断！日亏损 -25.0%，暂停 4 小时
[2026-06-04 00:36:25] ❌ 平仓 ETH TP1 | 入场:1818.3400 出场:1818.4400 | PnL:-0.01% (-0.01USDT) | 平100%仓 | ✅ 平仓成功
[2026-06-04 00:37:20] ⚠️ 熔断！日亏损 -25.0%，暂停 4 小时
[2026-06-04 00:38:08] ⚠️ 熔断！日亏损 -25.0%，暂停 4 小时
[2026-06-04 00:39:17] ⚠️ 熔断！日亏损 -25.0%，暂停 4 小时
[2026-06-04 00:40:08] ⚠️ 熔断！日亏损 -25.0%，暂停 4 小时
[2026-06-04 00:41:23] ⚠️ 熔断！日亏损 -25.0%，暂停 4 小时
[2026-06-04 00:42:11] ⚠️ 熔断！日亏损 -25.0%，暂停 4 小时
[2026-06-04 00:43:18] ⚠️ 熔断！日亏损 -25.0%，暂停 4 小时
[2026-06-04 00:44:10] ⚠️ 熔断！日亏损 -25.0%，暂停 4 小时
[2026-06-04 00:45:17] ⚠️ 熔断！日亏损 -25.0%，暂停 4 小时
[2026-06-04 00:46:28] ⚠️ 熔断！日亏损 -25.0%，暂停 4 小时
[2026-06-04 00:47:15] ⚠️ 熔断！日亏损 -25.0%，暂停 4 小时
[2026-06-04 00:48:23] ⚠️ 熔断！日亏损 -25.0%，暂停 4 小时
[2026-06-04 00:49:16] ⚠️ 熔断！日亏损 -25.0%，暂停 4 小时
[2026-06-04 00:50:20] ⚠️ 熔断！日亏损 -25.0%，暂停 4 小时
[2026-06-04 00:51:27] ⚠️ 熔断！日亏损 -25.0%，暂停 4 小时
[2026-06-04 00:52:15] ⚠️ 熔断！日亏损 -25.0%，暂停 4 小时
[2026-06-04 00:53:24] ⚠️ 熔断！日亏损 -25.0%，暂停 4 小时
[2026-06-04 00:54:15] ⚠️ 熔断！日亏损 -25.0%，暂停 4 小时
[2026-06-04 00:55:21] ⚠️ 熔断！日亏损 -25.0%，暂停 4 小时
[2026-06-04 00:56:35] ⚠️ 熔断！日亏损 -25.0%，暂停 4 小时
[2026-06-04 00:57:29] ⚠️ 熔断！日亏损 -25.0%，暂停 4 小时
[2026-06-04 00:58:21] ⚠️ 熔断！日亏损 -25.0%，暂停 4 小时
[2026-06-04 00:59:29] ⚠️ 熔断！日亏损 -25.0%，暂停 4 小时
[2026-06-04 01:00:18] 
==================================================
📊 整点汇报 2026-06-04 01:00
恐惧贪婪指数: 11 (极度恐惧)
今日PnL: -4.76 USDT (-4.8%)
持仓数: 0/4
  BTC: 66027.4000 (-2.07%)
  ETH: 1831.6600 (-4.63%)
  SOL: 72.9300 (-4.90%)
  BNB: 628.6200 (-5.46%)
  DOT: 1.1000 (-0.72%)
  LINK: 8.3150 (-3.38%)
  XRP: 1.2219 (-0.86%)
==================================================
[2026-06-04 01:06:57] 🔴 开空 DOT @1.092 | 评分:70 | 状态:trending | AI:做多(65%) | ✅ 下单成功
[2026-06-04 01:10:09] 🔴 开空 BTC @65804.0 | 评分:60 | 状态:ranging | AI:做多(65%) | ✅ 下单成功
[2026-06-04 01:27:30] 🔴 开空 BTC @65771.4 | 评分:60 | 状态:ranging | ❌ 下单失败：请求异常：HTTPSConnectionPool(host='testnet.binancefuture.com', port=443): Max retries exceeded with url: /fapi/v1/order?symbol=BTCUSDT&side=SELL&type=MARKET&quantity=0.003&reduceOnly=false&timestamp=1780507625424&recvWindow=30000&newClientOrderId=oc_1780507625_c57e2c61b1&signature=386c6b388cb4469e1da40b5a9c4fee65b06f9d79a5754e4f51f18135ff3f1b92 (Caused by SSLError(SSLEOFError(8, '[SSL: UNEXPECTED_EOF_WHILE_READING] EOF occurred in violation of protocol (_ssl.c:1033)')))
[2026-06-04 01:33:46] 🔴 开空 BTC @65771.4 | 评分:60 | 状态:ranging | ❌ 下单失败：请求异常：HTTPSConnectionPool(host='testnet.binancefuture.com', port=443): Max retries exceeded with url: /fapi/v1/order?symbol=BTCUSDT&side=SELL&type=MARKET&quantity=0.003&reduceOnly=false&timestamp=1780508006135&recvWindow=30000&newClientOrderId=oc_1780508006_d4484938a7&signature=3407d7006d82f40730c9ee02ad352c0ca29cd9799eda2944b9ca48698c532df5 (Caused by SSLError(SSLEOFError(8, '[SSL: UNEXPECTED_EOF_WHILE_READING] EOF occurred in violation of protocol (_ssl.c:1033)')))
[2026-06-04 01:45:04] 🔴 开空 BTC @65771.4 | 评分:60 | 状态:ranging | ❌ 下单失败：请求异常：HTTPSConnectionPool(host='testnet.binancefuture.com', port=443): Max retries exceeded with url: /fapi/v1/order?symbol=BTCUSDT&side=SELL&type=MARKET&quantity=0.003&reduceOnly=false&timestamp=1780508682990&recvWindow=30000&newClientOrderId=oc_1780508682_986d6aa639&signature=7b9571ec684c4a7963ca1efca4c5b4c1d783c741ede5cd8aebdb5a2fbee3d760 (Caused by SSLError(SSLEOFError(8, '[SSL: UNEXPECTED_EOF_WHILE_READING] EOF occurred in violation of protocol (_ssl.c:1033)')))
[2026-06-04 01:51:23] 🔴 开空 BTC @65771.4 | 评分:60 | 状态:ranging | ❌ 下单失败：请求异常：HTTPSConnectionPool(host='testnet.binancefuture.com', port=443): Max retries exceeded with url: /fapi/v1/order?symbol=BTCUSDT&side=SELL&type=MARKET&quantity=0.003&reduceOnly=false&timestamp=1780509058551&recvWindow=30000&newClientOrderId=oc_1780509058_8c096abfd2&signature=49567d236b79769df59e4a2942b18f8377b0d80475bc46359a06e62ee115704e (Caused by SSLError(SSLEOFError(8, '[SSL: UNEXPECTED_EOF_WHILE_READING] EOF occurred in violation of protocol (_ssl.c:1033)')))
[2026-06-04 01:58:18] 🔴 开空 BTC @65771.4 | 评分:60 | 状态:ranging | ❌ 下单失败：请求异常：HTTPSConnectionPool(host='testnet.binancefuture.com', port=443): Max retries exceeded with url: /fapi/v1/order?symbol=BTCUSDT&side=SELL&type=MARKET&quantity=0.003&reduceOnly=false&timestamp=1780509472838&recvWindow=30000&newClientOrderId=oc_1780509472_3c3549a385&signature=3e54dbe5aaff3e1a71b232cdc1dccd426986af6afd2f7e7cf9b27a77e1d1a00e (Caused by SSLError(SSLEOFError(8, '[SSL: UNEXPECTED_EOF_WHILE_READING] EOF occurred in violation of protocol (_ssl.c:1033)')))
[2026-06-04 02:04:43] 
==================================================
📊 整点汇报 2026-06-04 02:03
恐惧贪婪指数: 50 (中性)
今日PnL: -4.76 USDT (-4.8%)
持仓数: 0/4
  BTC: 65771.4000 (-2.57%)
  ETH: 1820.5600 (-5.40%)
  SOL: 72.6900 (-5.20%)
  BNB: 625.4700 (-5.96%)
  DOT: 1.0920 (-1.80%)
  LINK: 8.2530 (-4.40%)
  XRP: 1.2156 (-1.67%)
==================================================
[2026-06-04 02:15:18] 🔴 开空 BTC @65771.4 | 评分:60 | 状态:ranging | ❌ 下单失败：请求异常：HTTPSConnectionPool(host='testnet.binancefuture.com', port=443): Max retries exceeded with url: /fapi/v1/order?symbol=BTCUSDT&side=SELL&type=MARKET&quantity=0.003&reduceOnly=false&timestamp=1780510494428&recvWindow=30000&newClientOrderId=oc_1780510494_2af8831a1b&signature=c0216528e0b8614053ade88c76e224c58818fa4c519c8c04115f49ab0c049e86 (Caused by SSLError(SSLEOFError(8, '[SSL: UNEXPECTED_EOF_WHILE_READING] EOF occurred in violation of protocol (_ssl.c:1033)')))
[2026-06-04 02:21:34] 🔴 开空 BTC @65771.4 | 评分:60 | 状态:ranging | ❌ 下单失败：请求异常：HTTPSConnectionPool(host='testnet.binancefuture.com', port=443): Max retries exceeded with url: /fapi/v1/order?symbol=BTCUSDT&side=SELL&type=MARKET&quantity=0.003&reduceOnly=false&timestamp=1780510870135&recvWindow=30000&newClientOrderId=oc_1780510870_2d76dc9b02&signature=228b8b74322f6d13ef102ecb6a9ba8b2468e52c8558b8fec9ba63b3925429f42 (Caused by SSLError(SSLEOFError(8, '[SSL: UNEXPECTED_EOF_WHILE_READING] EOF occurred in violation of protocol (_ssl.c:1033)')))
[2026-06-04 02:33:21] 🔴 开空 BTC @65771.4 | 评分:60 | 状态:ranging | ❌ 下单失败：请求异常：HTTPSConnectionPool(host='testnet.binancefuture.com', port=443): Max retries exceeded with url: /fapi/v1/order?symbol=BTCUSDT&side=SELL&type=MARKET&quantity=0.003&reduceOnly=false&timestamp=1780511579666&recvWindow=30000&newClientOrderId=oc_1780511579_cac1940b3c&signature=7800cb6ff5a5dee0cb1bbeaa4062c83b04d609f2e97cf76a9433dbb042d21054 (Caused by SSLError(SSLEOFError(8, '[SSL: UNEXPECTED_EOF_WHILE_READING] EOF occurred in violation of protocol (_ssl.c:1033)')))
[2026-06-04 02:39:52] 🔴 开空 BTC @65771.4 | 评分:60 | 状态:ranging | ❌ 下单失败：请求异常：HTTPSConnectionPool(host='testnet.binancefuture.com', port=443): Max retries exceeded with url: /fapi/v1/order?symbol=BTCUSDT&side=SELL&type=MARKET&quantity=0.003&reduceOnly=false&timestamp=1780511968516&recvWindow=30000&newClientOrderId=oc_1780511968_51229de741&signature=f2befa37dba6e5c52b29a3f2fde47e9b85632ac5be4e982658829bfd907f5cc6 (Caused by SSLError(SSLEOFError(8, '[SSL: UNEXPECTED_EOF_WHILE_READING] EOF occurred in violation of protocol (_ssl.c:1033)')))
[2026-06-04 02:46:06] 🔴 开空 BTC @65771.4 | 评分:60 | 状态:ranging | ❌ 下单失败：请求异常：HTTPSConnectionPool(host='testnet.binancefuture.com', port=443): Max retries exceeded with url: /fapi/v1/order?symbol=BTCUSDT&side=SELL&type=MARKET&quantity=0.003&reduceOnly=false&timestamp=1780512342851&recvWindow=30000&newClientOrderId=oc_1780512342_39aa691d7f&signature=ddc0107dc135fe28bb6733531e3f4f54d514a9545413c00ed3d6ea215d9fa7b0 (Caused by SSLError(SSLEOFError(8, '[SSL: UNEXPECTED_EOF_WHILE_READING] EOF occurred in violation of protocol (_ssl.c:1033)')))
[2026-06-04 02:52:31] 🔴 开空 BTC @65771.4 | 评分:60 | 状态:ranging | ❌ 下单失败：请求异常：HTTPSConnectionPool(host='testnet.binancefuture.com', port=443): Max retries exceeded with url: /fapi/v1/order?symbol=BTCUSDT&side=SELL&type=MARKET&quantity=0.003&reduceOnly=false&timestamp=1780512728868&recvWindow=30000&newClientOrderId=oc_1780512728_cd264b4a2e&signature=a8339e2df3b2bbcd8304d0b112794fef65b82b7600d6796c0372d2c99fa10c8e (Caused by SSLError(SSLEOFError(8, '[SSL: UNEXPECTED_EOF_WHILE_READING] EOF occurred in violation of protocol (_ssl.c:1033)')))
[2026-06-04 02:58:50] 🔴 开空 BTC @65771.4 | 评分:60 | 状态:ranging | ❌ 下单失败：请求异常：HTTPSConnectionPool(host='testnet.binancefuture.com', port=443): Max retries exceeded with url: /fapi/v1/order?symbol=BTCUSDT&side=SELL&type=MARKET&quantity=0.003&reduceOnly=false&timestamp=1780513105470&recvWindow=30000&newClientOrderId=oc_1780513105_b73e1c2858&signature=924a3bc0c1c18c3f375c001dc900e6cb20bc7b40c3a166e60b193b551c97d2cf (Caused by SSLError(SSLEOFError(8, '[SSL: UNEXPECTED_EOF_WHILE_READING] EOF occurred in violation of protocol (_ssl.c:1033)')))
[2026-06-04 03:05:40] 🔴 开空 BTC @65771.4 | 评分:60 | 状态:ranging | ❌ 下单失败：请求异常：HTTPSConnectionPool(host='testnet.binancefuture.com', port=443): Max retries exceeded with url: /fapi/v1/order?symbol=BTCUSDT&side=SELL&type=MARKET&quantity=0.003&reduceOnly=false&timestamp=1780513516102&recvWindow=30000&newClientOrderId=oc_1780513516_0a2e757de4&signature=143413fd3a971abd08e4c6929cc9b752d57d88b5353085db5c57ae6a211a8e03 (Caused by SSLError(SSLEOFError(8, '[SSL: UNEXPECTED_EOF_WHILE_READING] EOF occurred in violation of protocol (_ssl.c:1033)')))
[2026-06-04 03:07:06] 
==================================================
📊 整点汇报 2026-06-04 03:05
恐惧贪婪指数: 50 (中性)
今日PnL: -4.76 USDT (-4.8%)
持仓数: 0/4
  BTC: 65771.4000 (-2.57%)
  ETH: 1820.5600 (-5.40%)
  SOL: 72.6900 (-5.20%)
  BNB: 625.4700 (-5.96%)
  DOT: 1.0920 (-1.80%)
  LINK: 8.2530 (-4.40%)
  XRP: 1.2156 (-1.67%)
==================================================
[2026-06-04 03:17:41] 🔴 开空 BTC @65771.4 | 评分:60 | 状态:ranging | ❌ 下单失败：请求异常：HTTPSConnectionPool(host='testnet.binancefuture.com', port=443): Max retries exceeded with url: /fapi/v1/order?symbol=BTCUSDT&side=SELL&type=MARKET&quantity=0.003&reduceOnly=false&timestamp=1780514237616&recvWindow=30000&newClientOrderId=oc_1780514237_6d393d199e&signature=65ba8a1cbf35ae912c4c484f758bec7d086dce1e799f8392cd8dea492298fbff (Caused by SSLError(SSLEOFError(8, '[SSL: UNEXPECTED_EOF_WHILE_READING] EOF occurred in violation of protocol (_ssl.c:1033)')))
[2026-06-04 03:23:56] 🔴 开空 BTC @65771.4 | 评分:60 | 状态:ranging | ❌ 下单失败：请求异常：HTTPSConnectionPool(host='testnet.binancefuture.com', port=443): Max retries exceeded with url: /fapi/v1/order?symbol=BTCUSDT&side=SELL&type=MARKET&quantity=0.003&reduceOnly=false&timestamp=1780514613199&recvWindow=30000&newClientOrderId=oc_1780514613_ccf3fc1c62&signature=6ce93aab3315eed50089d6b75fee8b01539d657561a973699ff724990e99f8fc (Caused by SSLError(SSLEOFError(8, '[SSL: UNEXPECTED_EOF_WHILE_READING] EOF occurred in violation of protocol (_ssl.c:1033)')))
[2026-06-04 03:30:15] 🔴 开空 BTC @65771.4 | 评分:60 | 状态:ranging | ❌ 下单失败：请求异常：HTTPSConnectionPool(host='testnet.binancefuture.com', port=443): Max retries exceeded with url: /fapi/v1/order?symbol=BTCUSDT&side=SELL&type=MARKET&quantity=0.003&reduceOnly=false&timestamp=1780514992397&recvWindow=30000&newClientOrderId=oc_1780514992_5cebcd80a7&signature=64278a8be2aaa1a5b538525d02adec13af47fbe6596f12c9790066e4779e0cfb (Caused by SSLError(SSLEOFError(8, '[SSL: UNEXPECTED_EOF_WHILE_READING] EOF occurred in violation of protocol (_ssl.c:1033)')))
[2026-06-04 03:36:32] 🔴 开空 BTC @65771.4 | 评分:60 | 状态:ranging | ❌ 下单失败：请求异常：HTTPSConnectionPool(host='testnet.binancefuture.com', port=443): Max retries exceeded with url: /fapi/v1/order?symbol=BTCUSDT&side=SELL&type=MARKET&quantity=0.003&reduceOnly=false&timestamp=1780515371570&recvWindow=30000&newClientOrderId=oc_1780515371_64d3f22a5d&signature=66a93b70b9b3c49e5fef63ea5b58d634cdacfdd54e6d07209a7e059125a86dea (Caused by SSLError(SSLEOFError(8, '[SSL: UNEXPECTED_EOF_WHILE_READING] EOF occurred in violation of protocol (_ssl.c:1033)')))
[2026-06-04 03:43:23] 🔴 开空 BTC @65771.4 | 评分:60 | 状态:ranging | ❌ 下单失败：请求异常：HTTPSConnectionPool(host='testnet.binancefuture.com', port=443): Max retries exceeded with url: /fapi/v1/order?symbol=BTCUSDT&side=SELL&type=MARKET&quantity=0.003&reduceOnly=false&timestamp=1780515782716&recvWindow=30000&newClientOrderId=oc_1780515782_76ee419eb0&signature=b838e89e815530743d3061b747e2bf3850b41ef60388f75d011ad8a5f7c8afb8 (Caused by SSLError(SSLEOFError(8, '[SSL: UNEXPECTED_EOF_WHILE_READING] EOF occurred in violation of protocol (_ssl.c:1033)')))
[2026-06-04 03:49:50] 🔴 开空 BTC @65771.4 | 评分:60 | 状态:ranging | ❌ 下单失败：请求异常：HTTPSConnectionPool(host='testnet.binancefuture.com', port=443): Max retries exceeded with url: /fapi/v1/order?symbol=BTCUSDT&side=SELL&type=MARKET&quantity=0.003&reduceOnly=false&timestamp=1780516166833&recvWindow=30000&newClientOrderId=oc_1780516166_ee1426bf03&signature=5f13cbb56260b8d02ce9353d97c28779c2e35ba9d199308d112f6de7b3ec195e (Caused by SSLError(SSLEOFError(8, '[SSL: UNEXPECTED_EOF_WHILE_READING] EOF occurred in violation of protocol (_ssl.c:1033)')))
[2026-06-04 04:01:06] 🔴 开空 BTC @65771.4 | 评分:60 | 状态:ranging | ❌ 下单失败：请求异常：HTTPSConnectionPool(host='testnet.binancefuture.com', port=443): Max retries exceeded with url: /fapi/v1/order?symbol=BTCUSDT&side=SELL&type=MARKET&quantity=0.003&reduceOnly=false&timestamp=1780516843784&recvWindow=30000&newClientOrderId=oc_1780516843_0724c9cfb8&signature=cda16e15259dcbac3e3c3a26a2423b9c75bdaab5f5e4527956671b507281e6e9 (Caused by SSLError(SSLEOFError(8, '[SSL: UNEXPECTED_EOF_WHILE_READING] EOF occurred in violation of protocol (_ssl.c:1033)')))
[2026-06-04 04:02:30] 
==================================================
📊 整点汇报 2026-06-04 04:01
恐惧贪婪指数: 50 (中性)
今日PnL: -4.76 USDT (-4.8%)
持仓数: 0/4
  BTC: 65771.4000 (-2.57%)
  ETH: 1820.5600 (-5.40%)
  SOL: 72.6900 (-5.20%)
  BNB: 625.4700 (-5.96%)
  DOT: 1.0920 (-1.80%)
  LINK: 8.2530 (-4.40%)
  XRP: 1.2156 (-1.67%)
==================================================
[2026-06-04 04:12:45] 🔴 开空 BTC @65771.4 | 评分:60 | 状态:ranging | ❌ 下单失败：请求异常：HTTPSConnectionPool(host='testnet.binancefuture.com', port=443): Max retries exceeded with url: /fapi/v1/order?symbol=BTCUSDT&side=SELL&type=MARKET&quantity=0.003&reduceOnly=false&timestamp=1780517543927&recvWindow=30000&newClientOrderId=oc_1780517543_f180e34a9e&signature=9fbee1a3c2cf8fcb1a99f34b35e0c30ea7b3f4597ae3be4f4d17b48211cd88fd (Caused by SSLError(SSLEOFError(8, '[SSL: UNEXPECTED_EOF_WHILE_READING] EOF occurred in violation of protocol (_ssl.c:1033)')))
[2026-06-04 04:19:36] 🔴 开空 BTC @65771.4 | 评分:60 | 状态:ranging | ❌ 下单失败：请求异常：HTTPSConnectionPool(host='testnet.binancefuture.com', port=443): Max retries exceeded with url: /fapi/v1/order?symbol=BTCUSDT&side=SELL&type=MARKET&quantity=0.003&reduceOnly=false&timestamp=1780517954952&recvWindow=30000&newClientOrderId=oc_1780517954_3371c64f1e&signature=40cb707ea0bfd38e154878bbbf8e7ecb2009917b64c1b65e37a688f69cb82999 (Caused by SSLError(SSLEOFError(8, '[SSL: UNEXPECTED_EOF_WHILE_READING] EOF occurred in violation of protocol (_ssl.c:1033)')))
[2026-06-04 04:25:50] 🔴 开空 BTC @65771.4 | 评分:60 | 状态:ranging | ❌ 下单失败：请求异常：HTTPSConnectionPool(host='testnet.binancefuture.com', port=443): Max retries exceeded with url: /fapi/v1/order?symbol=BTCUSDT&side=SELL&type=MARKET&quantity=0.003&reduceOnly=false&timestamp=1780518328132&recvWindow=30000&newClientOrderId=oc_1780518328_ac3f20f519&signature=9fb8928afb7f19df9452794f9b29c919de69a2f7a074a6298446e6ec45eb3a21 (Caused by SSLError(SSLEOFError(8, '[SSL: UNEXPECTED_EOF_WHILE_READING] EOF occurred in violation of protocol (_ssl.c:1033)')))
[2026-06-04 04:32:15] 🔴 开空 BTC @65771.4 | 评分:60 | 状态:ranging | ❌ 下单失败：请求异常：HTTPSConnectionPool(host='testnet.binancefuture.com', port=443): Max retries exceeded with url: /fapi/v1/order?symbol=BTCUSDT&side=SELL&type=MARKET&quantity=0.003&reduceOnly=false&timestamp=1780518713869&recvWindow=30000&newClientOrderId=oc_1780518713_2cf47c088b&signature=37d6c1d0baea15c8c09a59107b25c48c59173dfe778c79584922e3dd4bd2ccaa (Caused by SSLError(SSLEOFError(8, '[SSL: UNEXPECTED_EOF_WHILE_READING] EOF occurred in violation of protocol (_ssl.c:1033)')))
[2026-06-04 04:38:41] 🔴 开空 BTC @65771.4 | 评分:60 | 状态:ranging | ❌ 下单失败：请求异常：HTTPSConnectionPool(host='testnet.binancefuture.com', port=443): Max retries exceeded with url: /fapi/v1/order?symbol=BTCUSDT&side=SELL&type=MARKET&quantity=0.003&reduceOnly=false&timestamp=1780519097868&recvWindow=30000&newClientOrderId=oc_1780519097_cc4906a15d&signature=d393e1909f0079762ddc45273b3ff21afba8315295a624313585e547cb9670a1 (Caused by SSLError(SSLEOFError(8, '[SSL: UNEXPECTED_EOF_WHILE_READING] EOF occurred in violation of protocol (_ssl.c:1033)')))
[2026-06-04 04:44:59] 🔴 开空 BTC @65771.4 | 评分:60 | 状态:ranging | ❌ 下单失败：请求异常：HTTPSConnectionPool(host='testnet.binancefuture.com', port=443): Max retries exceeded with url: /fapi/v1/order?symbol=BTCUSDT&side=SELL&type=MARKET&quantity=0.003&reduceOnly=false&timestamp=1780519473358&recvWindow=30000&newClientOrderId=oc_1780519473_180c0b8ccf&signature=8b841a9221c05f460e763fd31bd209162f6eaf33515ff6aabacb1d2f27efe85a (Caused by SSLError(SSLEOFError(8, '[SSL: UNEXPECTED_EOF_WHILE_READING] EOF occurred in violation of protocol (_ssl.c:1033)')))
[2026-06-04 04:51:58] 🔴 开空 BTC @65771.4 | 评分:60 | 状态:ranging | ❌ 下单失败：请求异常：HTTPSConnectionPool(host='testnet.binancefuture.com', port=443): Max retries exceeded with url: /fapi/v1/order?symbol=BTCUSDT&side=SELL&type=MARKET&quantity=0.003&reduceOnly=false&timestamp=1780519896494&recvWindow=30000&newClientOrderId=oc_1780519896_88cc707f4c&signature=5fc87de87dee7c3dfc1831014528225be1209b1f0f7cd41286f0ec1cafe3b2d5 (Caused by SSLError(SSLEOFError(8, '[SSL: UNEXPECTED_EOF_WHILE_READING] EOF occurred in violation of protocol (_ssl.c:1033)')))
[2026-06-04 04:58:24] 🔴 开空 BTC @65771.4 | 评分:60 | 状态:ranging | ❌ 下单失败：请求异常：HTTPSConnectionPool(host='testnet.binancefuture.com', port=443): Max retries exceeded with url: /fapi/v1/order?symbol=BTCUSDT&side=SELL&type=MARKET&quantity=0.003&reduceOnly=false&timestamp=1780520279486&recvWindow=30000&newClientOrderId=oc_1780520279_33de8df94d&signature=15c0f9690ff2184e0f23538678089749e9ffaea844975c2b0377fe08065f6559 (Caused by SSLError(SSLEOFError(8, '[SSL: UNEXPECTED_EOF_WHILE_READING] EOF occurred in violation of protocol (_ssl.c:1033)')))
[2026-06-04 05:04:54] 🔴 开空 BTC @65771.4 | 评分:60 | 状态:ranging | ❌ 下单失败：请求异常：HTTPSConnectionPool(host='testnet.binancefuture.com', port=443): Max retries exceeded with url: /fapi/v1/order?symbol=BTCUSDT&side=SELL&type=MARKET&quantity=0.003&reduceOnly=false&timestamp=1780520668534&recvWindow=30000&newClientOrderId=oc_1780520668_26f3112bc7&signature=4d5e75466d7363f77f4b693e8ee092ced403b433e4fedb548f7502bfa13d03c6 (Caused by SSLError(SSLEOFError(8, '[SSL: UNEXPECTED_EOF_WHILE_READING] EOF occurred in violation of protocol (_ssl.c:1033)')))
[2026-06-04 05:06:18] 
==================================================
📊 整点汇报 2026-06-04 05:04
恐惧贪婪指数: 50 (中性)
今日PnL: -4.76 USDT (-4.8%)
持仓数: 0/4
  BTC: 65771.4000 (-2.57%)
  ETH: 1820.5600 (-5.40%)
  SOL: 72.6900 (-5.20%)
  BNB: 625.4700 (-5.96%)
  DOT: 1.0920 (-1.80%)
  LINK: 8.2530 (-4.40%)
  XRP: 1.2156 (-1.67%)
==================================================
[2026-06-04 05:16:54] 🔴 开空 BTC @65771.4 | 评分:60 | 状态:ranging | ❌ 下单失败：请求异常：HTTPSConnectionPool(host='testnet.binancefuture.com', port=443): Max retries exceeded with url: /fapi/v1/order?symbol=BTCUSDT&side=SELL&type=MARKET&quantity=0.003&reduceOnly=false&timestamp=1780521391118&recvWindow=30000&newClientOrderId=oc_1780521391_996045015e&signature=ffe30594afa8b9c4da1ba948ece2be7254048f50e52d2b9094c6cc61093853ba (Caused by SSLError(SSLEOFError(8, '[SSL: UNEXPECTED_EOF_WHILE_READING] EOF occurred in violation of protocol (_ssl.c:1033)')))
[2026-06-04 05:23:10] 🔴 开空 BTC @65771.4 | 评分:60 | 状态:ranging | ❌ 下单失败：请求异常：HTTPSConnectionPool(host='testnet.binancefuture.com', port=443): Max retries exceeded with url: /fapi/v1/order?symbol=BTCUSDT&side=SELL&type=MARKET&quantity=0.003&reduceOnly=false&timestamp=1780521769676&recvWindow=30000&newClientOrderId=oc_1780521769_eb0e6b0e60&signature=541297f1e7acf6eeacad0bf0bbd241dc86b6b603d2d055c3ff1ab182a4d5a167 (Caused by SSLError(SSLEOFError(8, '[SSL: UNEXPECTED_EOF_WHILE_READING] EOF occurred in violation of protocol (_ssl.c:1033)')))
[2026-06-04 05:30:11] 🔴 开空 BTC @65771.4 | 评分:60 | 状态:ranging | ❌ 下单失败：请求异常：HTTPSConnectionPool(host='testnet.binancefuture.com', port=443): Max retries exceeded with url: /fapi/v1/order?symbol=BTCUSDT&side=SELL&type=MARKET&quantity=0.003&reduceOnly=false&timestamp=1780522187943&recvWindow=30000&newClientOrderId=oc_1780522187_86c33da9f6&signature=d3752bf5356135e2b2742febb6e9eed588eded85d579e7ac6dbe6183c7065c97 (Caused by SSLError(SSLEOFError(8, '[SSL: UNEXPECTED_EOF_WHILE_READING] EOF occurred in violation of protocol (_ssl.c:1033)')))
[2026-06-04 05:36:35] 🔴 开空 BTC @65771.4 | 评分:60 | 状态:ranging | ❌ 下单失败：请求异常：HTTPSConnectionPool(host='testnet.binancefuture.com', port=443): Max retries exceeded with url: /fapi/v1/order?symbol=BTCUSDT&side=SELL&type=MARKET&quantity=0.003&reduceOnly=false&timestamp=1780522573568&recvWindow=30000&newClientOrderId=oc_1780522573_6c32a840bd&signature=0bef558ce3c3c7618a50376c76aefaf994be80ca71ac707e757ba3910a8f98fa (Caused by SSLError(SSLEOFError(8, '[SSL: UNEXPECTED_EOF_WHILE_READING] EOF occurred in violation of protocol (_ssl.c:1033)')))
[2026-06-04 05:42:54] 🔴 开空 BTC @65771.4 | 评分:60 | 状态:ranging | ❌ 下单失败：请求异常：HTTPSConnectionPool(host='testnet.binancefuture.com', port=443): Max retries exceeded with url: /fapi/v1/order?symbol=BTCUSDT&side=SELL&type=MARKET&quantity=0.003&reduceOnly=false&timestamp=1780522948790&recvWindow=30000&newClientOrderId=oc_1780522948_9c6157f63c&signature=68287f19dbb4fdcd540ed937c5bcd160eaf15deb20ec7a4d7f9f6740923468b7 (Caused by SSLError(SSLEOFError(8, '[SSL: UNEXPECTED_EOF_WHILE_READING] EOF occurred in violation of protocol (_ssl.c:1033)')))
[2026-06-04 05:49:16] 🔴 开空 BTC @65771.4 | 评分:60 | 状态:ranging | ❌ 下单失败：请求异常：HTTPSConnectionPool(host='testnet.binancefuture.com', port=443): Max retries exceeded with url: /fapi/v1/order?symbol=BTCUSDT&side=SELL&type=MARKET&quantity=0.003&reduceOnly=false&timestamp=1780523333359&recvWindow=30000&newClientOrderId=oc_1780523333_55bbf0f45a&signature=b6e4bab925659ee3dfb85aa37fed439a7a5db7bb32e5e6032a019ed2e5fb772b (Caused by SSLError(SSLEOFError(8, '[SSL: UNEXPECTED_EOF_WHILE_READING] EOF occurred in violation of protocol (_ssl.c:1033)')))
[2026-06-04 05:55:40] 🔴 开空 BTC @65771.4 | 评分:60 | 状态:ranging | ❌ 下单失败：请求异常：HTTPSConnectionPool(host='testnet.binancefuture.com', port=443): Max retries exceeded with url: /fapi/v1/order?symbol=BTCUSDT&side=SELL&type=MARKET&quantity=0.003&reduceOnly=false&timestamp=1780523717864&recvWindow=30000&newClientOrderId=oc_1780523717_7d83cadf0e&signature=98e0d938963b955be01d885eac14af6fed7a2f5c6963ac3dcba93775f464b012 (Caused by SSLError(SSLEOFError(8, '[SSL: UNEXPECTED_EOF_WHILE_READING] EOF occurred in violation of protocol (_ssl.c:1033)')))
[2026-06-04 06:02:33] 🔴 开空 BTC @65771.4 | 评分:60 | 状态:ranging | ❌ 下单失败：请求异常：HTTPSConnectionPool(host='testnet.binancefuture.com', port=443): Max retries exceeded with url: /fapi/v1/order?symbol=BTCUSDT&side=SELL&type=MARKET&quantity=0.003&reduceOnly=false&timestamp=1780524131081&recvWindow=30000&newClientOrderId=oc_1780524131_303358deb0&signature=bfecb41eac77c843df5e138c445fa7fe7ae7a67ed97497179a0469a8ff44ab23 (Caused by SSLError(SSLEOFError(8, '[SSL: UNEXPECTED_EOF_WHILE_READING] EOF occurred in violation of protocol (_ssl.c:1033)')))
[2026-06-04 06:04:00] 
==================================================
📊 整点汇报 2026-06-04 06:02
恐惧贪婪指数: 50 (中性)
今日PnL: -4.76 USDT (-4.8%)
持仓数: 0/4
  BTC: 65771.4000 (-2.57%)
  ETH: 1820.5600 (-5.40%)
  SOL: 72.6900 (-5.20%)
  BNB: 625.4700 (-5.96%)
  DOT: 1.0920 (-1.80%)
  LINK: 8.2530 (-4.40%)
  XRP: 1.2156 (-1.67%)
==================================================
[2026-06-04 06:14:28] 🔴 开空 BTC @65771.4 | 评分:60 | 状态:ranging | ❌ 下单失败：请求异常：HTTPSConnectionPool(host='testnet.binancefuture.com', port=443): Max retries exceeded with url: /fapi/v1/order?symbol=BTCUSDT&side=SELL&type=MARKET&quantity=0.003&reduceOnly=false&timestamp=1780524846714&recvWindow=30000&newClientOrderId=oc_1780524846_8225bb8994&signature=e2c34d8d848cce5f2b23e5540fe33d0d03cf33418dc9701c75cc841a44d116e3 (Caused by SSLError(SSLEOFError(8, '[SSL: UNEXPECTED_EOF_WHILE_READING] EOF occurred in violation of protocol (_ssl.c:1033)')))
[2026-06-04 06:20:48] 🔴 开空 BTC @65771.4 | 评分:60 | 状态:ranging | ❌ 下单失败：请求异常：HTTPSConnectionPool(host='testnet.binancefuture.com', port=443): Max retries exceeded with url: /fapi/v1/order?symbol=BTCUSDT&side=SELL&type=MARKET&quantity=0.003&reduceOnly=false&timestamp=1780525224342&recvWindow=30000&newClientOrderId=oc_1780525224_d0d334dc9c&signature=9b8d7d57c4b2c748a591eb012d41d81feb9658ccde10811315a8e677c6c34e20 (Caused by SSLError(SSLEOFError(8, '[SSL: UNEXPECTED_EOF_WHILE_READING] EOF occurred in violation of protocol (_ssl.c:1033)')))
[2026-06-04 06:27:10] 🔴 开空 BTC @65771.4 | 评分:60 | 状态:ranging | ❌ 下单失败：请求异常：HTTPSConnectionPool(host='testnet.binancefuture.com', port=443): Max retries exceeded with url: /fapi/v1/order?symbol=BTCUSDT&side=SELL&type=MARKET&quantity=0.003&reduceOnly=false&timestamp=1780525609522&recvWindow=30000&newClientOrderId=oc_1780525609_2a4bdd23e3&signature=9b400fd1d1969b3960107b1816315c0131bf09e9718f0ad42eea54b5a5c435fc (Caused by SSLError(SSLEOFError(8, '[SSL: UNEXPECTED_EOF_WHILE_READING] EOF occurred in violation of protocol (_ssl.c:1033)')))
[2026-06-04 06:33:25] 🔴 开空 BTC @65771.4 | 评分:60 | 状态:ranging | ❌ 下单失败：请求异常：HTTPSConnectionPool(host='testnet.binancefuture.com', port=443): Max retries exceeded with url: /fapi/v1/order?symbol=BTCUSDT&side=SELL&type=MARKET&quantity=0.003&reduceOnly=false&timestamp=1780525984250&recvWindow=30000&newClientOrderId=oc_1780525984_607939c0db&signature=fc0cb694aec96d07cef401d7db8fa06ef39e07755571d322646e50a6d4525c8c (Caused by SSLError(SSLEOFError(8, '[SSL: UNEXPECTED_EOF_WHILE_READING] EOF occurred in violation of protocol (_ssl.c:1033)')))
[2026-06-04 06:40:21] 🔴 开空 BTC @65771.4 | 评分:60 | 状态:ranging | ❌ 下单失败：请求异常：HTTPSConnectionPool(host='testnet.binancefuture.com', port=443): Max retries exceeded with url: /fapi/v1/order?symbol=BTCUSDT&side=SELL&type=MARKET&quantity=0.003&reduceOnly=false&timestamp=1780526399561&recvWindow=30000&newClientOrderId=oc_1780526399_20251ab85b&signature=795abc85915942d9679095bfa0052124d7d2c8b0b154c10c3aa16fac23f1c689 (Caused by SSLError(SSLEOFError(8, '[SSL: UNEXPECTED_EOF_WHILE_READING] EOF occurred in violation of protocol (_ssl.c:1033)')))
[2026-06-04 06:46:45] 🔴 开空 BTC @65771.4 | 评分:60 | 状态:ranging | ❌ 下单失败：请求异常：HTTPSConnectionPool(host='testnet.binancefuture.com', port=443): Max retries exceeded with url: /fapi/v1/order?symbol=BTCUSDT&side=SELL&type=MARKET&quantity=0.003&reduceOnly=false&timestamp=1780526781272&recvWindow=30000&newClientOrderId=oc_1780526781_82dc95de83&signature=16f86e7ca27ec2fadf60dd94db3382fbb8aef5501eb82240dff519ec822c0b56 (Caused by SSLError(SSLEOFError(8, '[SSL: UNEXPECTED_EOF_WHILE_READING] EOF occurred in violation of protocol (_ssl.c:1033)')))
[2026-06-04 06:52:58] 🔴 开空 BTC @65771.4 | 评分:60 | 状态:ranging | ❌ 下单失败：请求异常：HTTPSConnectionPool(host='testnet.binancefuture.com', port=443): Max retries exceeded with url: /fapi/v1/order?symbol=BTCUSDT&side=SELL&type=MARKET&quantity=0.003&reduceOnly=false&timestamp=1780527154141&recvWindow=30000&newClientOrderId=oc_1780527154_bd5ee0fef4&signature=311628f180c62c303f4ca6f48e003555884709c2c15afbbe0f00df68fd6cee57 (Caused by SSLError(SSLEOFError(8, '[SSL: UNEXPECTED_EOF_WHILE_READING] EOF occurred in violation of protocol (_ssl.c:1033)')))
[2026-06-04 06:59:18] 🔴 开空 BTC @65771.4 | 评分:60 | 状态:ranging | ❌ 下单失败：请求异常：HTTPSConnectionPool(host='testnet.binancefuture.com', port=443): Max retries exceeded with url: /fapi/v1/order?symbol=BTCUSDT&side=SELL&type=MARKET&quantity=0.003&reduceOnly=false&timestamp=1780527535208&recvWindow=30000&newClientOrderId=oc_1780527535_d7cbc14527&signature=b2a1ae29d28f0abc5cbcedd5c432d1ad82a528e2f8cd4dad5d1fd885bc49bf70 (Caused by SSLError(SSLEOFError(8, '[SSL: UNEXPECTED_EOF_WHILE_READING] EOF occurred in violation of protocol (_ssl.c:1033)')))
[2026-06-04 07:05:31] 🔴 开空 BTC @65771.4 | 评分:60 | 状态:ranging | ❌ 下单失败：请求异常：HTTPSConnectionPool(host='testnet.binancefuture.com', port=443): Max retries exceeded with url: /fapi/v1/order?symbol=BTCUSDT&side=SELL&type=MARKET&quantity=0.003&reduceOnly=false&timestamp=1780527908170&recvWindow=30000&newClientOrderId=oc_1780527908_546e845db2&signature=cbf89dc8bb73a731cde75f76f6dd4e04c40983180043584e5cd491788ffd7ffc (Caused by SSLError(SSLEOFError(8, '[SSL: UNEXPECTED_EOF_WHILE_READING] EOF occurred in violation of protocol (_ssl.c:1033)')))
[2026-06-04 07:06:58] 
==================================================
📊 整点汇报 2026-06-04 07:05
恐惧贪婪指数: 50 (中性)
今日PnL: -4.76 USDT (-4.8%)
持仓数: 0/4
  BTC: 65771.4000 (-2.57%)
  ETH: 1820.5600 (-5.40%)
  SOL: 72.6900 (-5.20%)
  BNB: 625.4700 (-5.96%)
  DOT: 1.0920 (-1.80%)
  LINK: 8.2530 (-4.40%)
  XRP: 1.2156 (-1.67%)
==================================================
[2026-06-04 07:18:10] 🔴 开空 BTC @65771.4 | 评分:60 | 状态:ranging | ❌ 下单失败：请求异常：HTTPSConnectionPool(host='testnet.binancefuture.com', port=443): Max retries exceeded with url: /fapi/v1/order?symbol=BTCUSDT&side=SELL&type=MARKET&quantity=0.003&reduceOnly=false&timestamp=1780528667318&recvWindow=30000&newClientOrderId=oc_1780528667_5e61e5d165&signature=34299087c6aa5add7b6365d73dae495e4ee2ec45ff27bb8988c40b1b560fda94 (Caused by SSLError(SSLEOFError(8, '[SSL: UNEXPECTED_EOF_WHILE_READING] EOF occurred in violation of protocol (_ssl.c:1033)')))
[2026-06-04 07:24:28] 🔴 开空 BTC @65771.4 | 评分:60 | 状态:ranging | ❌ 下单失败：请求异常：HTTPSConnectionPool(host='testnet.binancefuture.com', port=443): Max retries exceeded with url: /fapi/v1/order?symbol=BTCUSDT&side=SELL&type=MARKET&quantity=0.003&reduceOnly=false&timestamp=1780529045233&recvWindow=30000&newClientOrderId=oc_1780529045_8c6a07096c&signature=aed8a3a79f5b4927a7a9e7edeb7196d417d13a38759a97bee30b354f1d7ec783 (Caused by SSLError(SSLEOFError(8, '[SSL: UNEXPECTED_EOF_WHILE_READING] EOF occurred in violation of protocol (_ssl.c:1033)')))
[2026-06-04 07:30:52] 🔴 开空 BTC @65771.4 | 评分:60 | 状态:ranging | ❌ 下单失败：请求异常：HTTPSConnectionPool(host='testnet.binancefuture.com', port=443): Max retries exceeded with url: /fapi/v1/order?symbol=BTCUSDT&side=SELL&type=MARKET&quantity=0.003&reduceOnly=false&timestamp=1780529428216&recvWindow=30000&newClientOrderId=oc_1780529428_54b2419676&signature=776913eda373680c8714988f8fefafeae9a30209c2dc79e391d75e750823f427 (Caused by SSLError(SSLEOFError(8, '[SSL: UNEXPECTED_EOF_WHILE_READING] EOF occurred in violation of protocol (_ssl.c:1033)')))
[2026-06-04 08:00:19] 
==================================================
📊 整点汇报 2026-06-04 08:00
恐惧贪婪指数: 11 (极度恐惧)
今日PnL: -7.14 USDT (-7.1%)
持仓数: 2/4
  🟢 DOT LONG @1.1050 现价:1.1040 PnL:-0.18U (-0.09%)
  🔴 BTC SHORT @65812.3733 现价:64132.8000 PnL:+5.04U (+2.55%)
  BTC: 64132.8000 (-3.90%)
  ETH: 1813.2000 (-2.46%)
  SOL: 71.6000 (-3.49%)
  BNB: 621.0400 (-4.64%)
  DOT: 1.1040 (+2.41%)
  LINK: 8.3300 (-0.45%)
  XRP: 1.2004 (-0.85%)
==================================================
[2026-06-04 08:26:48] ✅ 平仓 BTC TP1 | 入场:65812.3733 出场:63103.6000 | PnL:4.12% (+8.13USDT) | 平100%仓 | ✅ 平仓成功
[2026-06-04 08:39:45] 🔴 开空 XRP @1.187 | 评分:70 | 状态:trending | AI:做空(75%) | ✅ 下单成功
[2026-06-04 09:00:12] 
==================================================
📊 整点汇报 2026-06-04 09:00
恐惧贪婪指数: 12 (极度恐惧)
今日PnL: +2.07 USDT (+2.1%)
持仓数: 2/4
  🟢 DOT LONG @1.1050 现价:1.0930 PnL:-2.17U (-1.09%)
  🔴 XRP SHORT @1.1870 现价:1.1920 PnL:-0.84U (-0.42%)
  BTC: 63200.9000 (-5.67%)
  ETH: 1790.2100 (-4.18%)
  SOL: 70.5900 (-5.67%)
  BNB: 616.2700 (-5.91%)
  DOT: 1.0930 (+0.74%)
  LINK: 8.2140 (-2.11%)
  XRP: 1.1920 (-2.57%)
==================================================
[2026-06-04 09:23:46] 🔴 开空 BNB @610.14 | 评分:70 | 状态:trending | AI:做空(85%) | ✅ 下单成功
[2026-06-04 09:23:59] 🔴 开空 LINK @8.095 | 评分:100 | 状态:trending | AI:做空(75%) | ✅ 下单成功
[2026-06-04 09:25:05] 🔴 开空 ETH @1771.29 | 评分:70 | 状态:trending | AI:做空(85%) | ✅ 下单成功
[2026-06-04 10:00:15] 
==================================================
📊 整点汇报 2026-06-04 10:00
恐惧贪婪指数: 12 (极度恐惧)
今日PnL: +2.00 USDT (+2.0%)
持仓数: 4/4
  🔴 XRP SHORT @1.1868 现价:1.1604 PnL:+4.45U (+2.22%)
  🔴 BNB SHORT @610.1400 现价:601.8600 PnL:+2.73U (+1.36%)
  🔴 LINK SHORT @8.0950 现价:8.0430 PnL:+1.28U (+0.64%)
  🔴 ETH SHORT @1771.2900 现价:1758.1200 PnL:+1.49U (+0.74%)
  BTC: 62150.2000 (-7.12%)
  ETH: 1758.1200 (-5.60%)
  SOL: 68.5100 (-8.29%)
  BNB: 601.8600 (-7.47%)
  DOT: 1.0560 (-2.76%)
  LINK: 8.0430 (-4.33%)
  XRP: 1.1604 (-5.09%)
==================================================
[2026-06-04 10:04:37] ✅ 平仓 ETH SL | 入场:1771.2900 出场:1756.0000 | PnL:0.86% (+1.73USDT) | 平100%仓 | ✅ 平仓成功
[2026-06-04 10:05:28] 🔴 开空 DOT @1.021 | 评分:100 | 状态:trending | AI:做空(0.85%) | ✅ 下单成功
[2026-06-04 10:06:51] ✅ 平仓 LINK SL | 入场:8.0950 出场:7.9450 | PnL:1.85% (+3.71USDT) | 平100%仓 | ✅ 平仓成功
[2026-06-04 10:07:01] ✅ 平仓 LINK TP1 | 入场:7.9274 出场:7.9450 | PnL:0.22% (+0.81USDT) | 平100%仓 | ✅ 平仓成功
[2026-06-04 10:07:50] ✅ 平仓 BNB SL | 入场:610.1400 出场:600.3800 | PnL:1.60% (+3.22USDT) | 平100%仓 | ✅ 平仓成功
[2026-06-04 10:08:05] ✅ 平仓 XRP SL | 入场:1.1868 出场:1.1607 | PnL:2.20% (+4.40USDT) | 平100%仓 | ✅ 平仓成功
[2026-06-04 10:08:07] ✅ 平仓 BNB TP1 | 入场:600.3800 出场:600.6800 | PnL:0.05% (+0.10USDT) | 平100%仓 | ✅ 平仓成功
[2026-06-04 10:08:16] ✅ 平仓 XRP TP1 | 入场:1.1610 出场:1.1611 | PnL:0.01% (+0.00USDT) | 平100%仓 | ✅ 平仓成功
[2026-06-04 11:00:16] 
==================================================
📊 整点汇报 2026-06-04 11:00
恐惧贪婪指数: 12 (极度恐惧)
今日PnL: +12.30 USDT (+12.3%)
持仓数: 2/4
  🟢 DOT LONG @1.0360 现价:1.0560 PnL:+3.86U (+1.93%)
  🟢 LINK LONG @7.9274 现价:8.0960 PnL:+4.25U (+2.13%)
  BTC: 63197.8000 (-5.09%)
  ETH: 1765.1800 (-4.81%)
  SOL: 70.0100 (-5.84%)
  BNB: 608.4700 (-5.72%)
  DOT: 1.0560 (-2.67%)
  LINK: 8.0960 (-3.27%)
  XRP: 1.1808 (-3.21%)
==================================================
[2026-06-04 11:41:39] ✅ 平仓 DOT TP1 | 入场:1.0360 出场:1.0810 | PnL:4.34% (+8.69USDT) | 平100%仓 | ✅ 平仓成功
[2026-06-04 11:44:35] ✅ 平仓 LINK TP1 | 入场:7.9274 出场:8.2450 | PnL:4.01% (+8.01USDT) | 平100%仓 | ✅ 平仓成功
[2026-06-04 12:02:30] 
==================================================
📊 整点汇报 2026-06-04 12:02
恐惧贪婪指数: 50 (中性)
今日PnL: +19.05 USDT (+19.0%)
持仓数: 1/4
  🔴 DOT SHORT @1.0800 现价:1.0800 PnL:+0.00U (+0.00%)
  BTC: 63907.1000 (-3.01%)
  ETH: 1796.0200 (-1.96%)
  SOL: 71.5000 (-1.88%)
  BNB: 616.7700 (-2.93%)
  DOT: 1.0800 (+1.41%)
  LINK: 8.2960 (+0.61%)
  XRP: 1.2026 (+0.05%)
==================================================
[2026-06-04 13:00:30] 
==================================================
📊 整点汇报 2026-06-04 13:00
恐惧贪婪指数: 12 (极度恐惧)
今日PnL: +19.05 USDT (+19.0%)
持仓数: 1/4
  🔴 DOT SHORT @1.0800 现价:1.0680 PnL:+2.18U (+1.11%)
  BTC: 63656.9000 (-4.20%)
  ETH: 1793.4100 (-2.81%)
  SOL: 70.8100 (-4.34%)
  BNB: 614.5400 (-3.55%)
  DOT: 1.0680 (-1.75%)
  LINK: 8.2110 (-1.79%)
  XRP: 1.1990 (-1.49%)
==================================================
[2026-06-04 13:35:42] ✅ 平仓 DOT SL | 入场:1.0800 出场:1.0570 | PnL:2.13% (+4.17USDT) | 平100%仓 | ✅ 平仓成功
[2026-06-04 14:00:21] 
==================================================
📊 整点汇报 2026-06-04 14:00
恐惧贪婪指数: 12 (极度恐惧)
今日PnL: +23.22 USDT (+23.2%)
持仓数: 0/4
  BTC: 64148.6000 (-4.72%)
  ETH: 1785.5700 (-4.60%)
  SOL: 70.2500 (-5.95%)
  BNB: 605.8600 (-6.26%)
  DOT: 1.0550 (-4.26%)
  LINK: 8.1290 (-4.34%)
  XRP: 1.1864 (-3.69%)
==================================================
[2026-06-04 15:00:13] 
==================================================
📊 整点汇报 2026-06-04 15:00
恐惧贪婪指数: 12 (极度恐惧)
今日PnL: +23.22 USDT (+23.2%)
持仓数: 0/4
  BTC: 63987.0000 (-4.54%)
  ETH: 1787.5900 (-4.50%)
  SOL: 70.6900 (-5.54%)
  BNB: 607.6000 (-5.21%)
  DOT: 1.0630 (-3.98%)
  LINK: 8.1700 (-4.01%)
  XRP: 1.1884 (-4.08%)
==================================================
[2026-06-04 15:16:21] 🔴 开空 BNB @602.36 | 评分:70 | 状态:trending | AI:做多(65%) | ✅ 下单成功
[2026-06-04 15:23:26] 🔴 开空 LINK @8.072 | 评分:70 | 状态:trending | AI:做空(75%) | ✅ 下单成功
[2026-06-04 15:24:33] 🔴 开空 DOT @1.047 | 评分:70 | 状态:trending | AI:做空(75%) | ✅ 下单成功
[2026-06-04 15:31:43] 🔴 开空 XRP @1.1798 | 评分:70 | 状态:trending | AI:做空(75%) | ✅ 下单成功
[2026-06-04 16:00:09] 
==================================================
📊 整点汇报 2026-06-04 16:00
恐惧贪婪指数: 12 (极度恐惧)
今日PnL: +23.22 USDT (+23.2%)
持仓数: 4/4
  🔴 BNB SHORT @602.3600 现价:602.0900 PnL:+0.09U (+0.04%)
  🔴 LINK SHORT @8.0720 现价:8.0680 PnL:+0.10U (+0.05%)
  🔴 DOT SHORT @1.0470 现价:1.0480 PnL:-0.19U (-0.10%)
  🔴 XRP SHORT @1.1798 现价:1.1776 PnL:+0.37U (+0.19%)
  BTC: 64305.3000 (-4.33%)
  ETH: 1786.5100 (-4.82%)
  SOL: 69.1800 (-8.02%)
  BNB: 602.0900 (-6.51%)
  DOT: 1.0480 (-5.84%)
  LINK: 8.0680 (-5.53%)
  XRP: 1.1776 (-5.28%)
==================================================
[2026-06-04 17:00:18] 
==================================================
📊 整点汇报 2026-06-04 17:00
恐惧贪婪指数: 12 (极度恐惧)
今日PnL: +23.22 USDT (+23.2%)
持仓数: 4/4
  🔴 BNB SHORT @602.3600 现价:610.2800 PnL:-2.61U (-1.31%)
  🔴 LINK SHORT @8.0720 现价:8.0460 PnL:+0.64U (+0.32%)
  🔴 DOT SHORT @1.0470 现价:1.0460 PnL:+0.19U (+0.10%)
  🔴 XRP SHORT @1.1798 现价:1.1687 PnL:+1.88U (+0.94%)
  BTC: 63831.0000 (-4.73%)
  ETH: 1772.9800 (-5.72%)
  SOL: 69.2000 (-7.67%)
  BNB: 610.2800 (-5.38%)
  DOT: 1.0460 (-6.19%)
  LINK: 8.0460 (-5.61%)
  XRP: 1.1687 (-5.89%)
==================================================
[2026-06-04 18:00:17] 
==================================================
📊 整点汇报 2026-06-04 18:00
恐惧贪婪指数: 12 (极度恐惧)
今日PnL: +33.88 USDT (+33.9%)
持仓数: 4/4
  🟢 DOT LONG @1.0170 现价:1.0260 PnL:+1.77U (+0.88%)
  🔴 BNB SHORT @602.1200 现价:598.5500 PnL:+1.18U (+0.59%)
  🔴 XRP SHORT @1.1795 现价:1.1540 PnL:+4.32U (+2.16%)
  🟢 LINK LONG @7.9040 现价:7.9510 PnL:+1.19U (+0.59%)
  BTC: 64245.0000 (-4.26%)
  ETH: 1755.1200 (-6.46%)
  SOL: 68.3900 (-9.02%)
  BNB: 598.5500 (-6.76%)
  DOT: 1.0260 (-7.57%)
  LINK: 7.9510 (-6.43%)
  XRP: 1.1540 (-6.80%)
==================================================
[2026-06-04 18:54:04] ✅ 平仓 XRP SL | 入场:1.1795 出场:1.1455 | PnL:2.88% (+5.77USDT) | 平100%仓 | ✅ 平仓成功
[2026-06-04 18:55:30] 🔴 开空 BTC @63200.5 | 评分:70 | 状态:trending | AI:做空(75%) | ✅ 下单成功
[2026-06-04 19:00:13] 
==================================================
📊 整点汇报 2026-06-04 19:00
恐惧贪婪指数: 12 (极度恐惧)
今日PnL: +38.73 USDT (+38.7%)
持仓数: 4/4
  🟢 DOT LONG @1.0170 现价:1.0140 PnL:-0.59U (-0.29%)
  🔴 BNB SHORT @602.1200 现价:591.2300 PnL:+3.59U (+1.81%)
  🟢 LINK LONG @7.9040 现价:7.8380 PnL:-1.67U (-0.84%)
  🔴 BTC SHORT @63200.5000 现价:63360.0000 PnL:-0.48U (-0.25%)
  BTC: 63360.0000 (-5.76%)
  ETH: 1746.0700 (-7.32%)
  SOL: 71.5300 (-5.12%)
  BNB: 591.2300 (-7.89%)
  DOT: 1.0140 (-9.79%)
  LINK: 7.8380 (-8.56%)
  XRP: 1.1455 (-7.77%)
==================================================
[2026-06-04 20:00:20] 
==================================================
📊 整点汇报 2026-06-04 20:00
恐惧贪婪指数: 12 (极度恐惧)
今日PnL: +38.73 USDT (+38.7%)
持仓数: 4/4
  🟢 DOT LONG @1.0170 现价:1.0270 PnL:+1.97U (+0.98%)
  🔴 BNB SHORT @602.1200 现价:594.6000 PnL:+2.48U (+1.25%)
  🟢 LINK LONG @7.9040 现价:7.9320 PnL:+0.71U (+0.35%)
  🔴 BTC SHORT @63200.5000 现价:63188.9000 PnL:+0.03U (+0.02%)
  BTC: 63188.9000 (-5.93%)
  ETH: 1746.9600 (-7.29%)
  SOL: 68.7100 (-8.76%)
  BNB: 594.6000 (-7.33%)
  DOT: 1.0270 (-8.63%)
  LINK: 7.9320 (-7.41%)
  XRP: 1.1308 (-8.95%)
==================================================
[2026-06-04 20:24:43] ❌ 平仓 BNB SL | 入场:602.1200 出场:615.4800 | PnL:-2.22% (-4.41USDT) | 平100%仓 | ✅ 平仓成功
[2026-06-04 21:00:16] 
==================================================
📊 整点汇报 2026-06-04 21:00
恐惧贪婪指数: 12 (极度恐惧)
今日PnL: +32.60 USDT (+32.6%)
持仓数: 3/4
  🟢 DOT LONG @1.0170 现价:1.0500 PnL:+0.39U (+3.24%)
  🟢 LINK LONG @7.9040 现价:8.0800 PnL:+3.74U (+2.23%)
  🔴 BTC SHORT @63200.5000 现价:63854.0000 PnL:-1.96U (-1.03%)
  BTC: 63854.0000 (-4.88%)
  ETH: 1769.2800 (-5.62%)
  SOL: 70.2600 (-6.92%)
  BNB: 600.7200 (-6.38%)
  DOT: 1.0500 (-6.42%)
  LINK: 8.0800 (-5.74%)
  XRP: 1.1762 (-5.31%)
==================================================
[2026-06-04 21:14:42] 🔴 开空 BNB @591.23 | 评分:70 | 状态:trending | AI:做空(0.7%) | ✅ 下单成功
[2026-06-04 21:15:02] ❌ 平仓 BNB SL | 入场:591.2300 出场:620.7000 | PnL:-4.98% (-10.02USDT) | 平100%仓 | ✅ 平仓成功
[2026-06-04 21:18:39] ✅ 平仓 LINK SL | 入场:7.9040 出场:8.0280 | PnL:1.57% (+2.63USDT) | 平100%仓 | ✅ 平仓成功
[2026-06-04 21:20:05] ✅ 平仓 DOT SL | 入场:1.0170 出场:1.0400 | PnL:2.26% (+0.27USDT) | 平100%仓 | ✅ 平仓成功
[2026-06-04 21:23:32] 🔴 开空 BNB @591.23 | 评分:70 | 状态:trending | AI:做空(75%) | ✅ 下单成功
[2026-06-04 21:25:01] ❌ 平仓 BNB SL | 入场:591.2300 出场:620.7000 | PnL:-4.98% (-10.02USDT) | 平100%仓 | ✅ 平仓成功
[2026-06-04 21:36:04] 🔴 开空 LINK @8.053 | 评分:60 | 状态:ranging | AI:做空(0%) | ✅ 下单成功
[2026-06-04 21:38:12] 🔴 开空 DOT @1.048 | 评分:60 | 状态:ranging | AI:做空(75%) | ✅ 下单成功
[2026-06-04 22:00:24] 
==================================================
📊 整点汇报 2026-06-04 22:00
恐惧贪婪指数: 12 (极度恐惧)
今日PnL: +23.06 USDT (+23.1%)
持仓数: 3/4
  🔴 BTC SHORT @63200.5000 现价:64198.4000 PnL:-2.99U (-1.58%)
  🔴 LINK SHORT @8.0530 现价:8.0750 PnL:-0.55U (-0.27%)
  🔴 DOT SHORT @1.0480 现价:1.0530 PnL:-0.95U (-0.48%)
  BTC: 64198.4000 (-4.23%)
  ETH: 1792.0500 (-4.38%)
  SOL: 70.3300 (-5.51%)
  BNB: 604.1200 (-5.85%)
  DOT: 1.0530 (-6.23%)
  LINK: 8.0750 (-5.52%)
  XRP: 1.0985 (-11.54%)
==================================================
[2026-06-04 23:00:37] 
==================================================
📊 整点汇报 2026-06-04 23:00
恐惧贪婪指数: 12 (极度恐惧)
今日PnL: +23.06 USDT (+23.1%)
持仓数: 3/4
  🔴 BTC SHORT @63200.5000 现价:63893.8000 PnL:-2.08U (-1.10%)
  🔴 LINK SHORT @8.0530 现价:8.0480 PnL:+0.12U (+0.06%)
  🔴 DOT SHORT @1.0480 现价:1.0500 PnL:-0.38U (-0.19%)
  BTC: 63893.8000 (-4.40%)
  ETH: 1775.0000 (-4.33%)
  SOL: 69.9700 (-5.93%)
  BNB: 604.5600 (-5.80%)
  DOT: 1.0500 (-6.58%)
  LINK: 8.0480 (-4.10%)
  XRP: 1.1722 (-5.59%)
==================================================
