[2026-06-17 00:00:30] 
==================================================
📊 整点汇报 2026-06-17 00:00
恐惧贪婪指数: 23 (极度恐惧)
今日PnL: +0.00 USDT (+0.0%)
持仓数: 4/4
  🔴 LINK SHORT @8.2580 现价:8.1950 PnL:+1.53U (+0.76%)
  🔴 DOT SHORT @1.0080 现价:1.0010 PnL:+1.39U (+0.69%)
  🔴 SOL SHORT @73.3100 现价:73.4300 PnL:-0.33U (-0.16%)
  🔴 ETH SHORT @1780.0100 现价:1784.6200 PnL:-0.52U (-0.26%)
  BTC: 65860.0000 (-1.98%)
  ETH: 1784.6200 (-3.17%)
  SOL: 73.4300 (-2.21%)
  BNB: 606.8100 (-3.55%)
  DOT: 1.0010 (-4.03%)
  LINK: 8.1950 (-4.30%)
  XRP: 1.2094 (-4.46%)
==================================================
[2026-06-17 01:00:57] 
==================================================
📊 整点汇报 2026-06-17 01:00
恐惧贪婪指数: 23 (极度恐惧)
今日PnL: +0.00 USDT (+0.0%)
持仓数: 4/4
  🔴 LINK SHORT @8.2580 现价:8.1650 PnL:+2.25U (+1.13%)
  🔴 DOT SHORT @1.0080 现价:1.0000 PnL:+1.59U (+0.79%)
  🔴 SOL SHORT @73.3100 现价:73.0800 PnL:+0.63U (+0.31%)
  🔴 ETH SHORT @1780.0100 现价:1777.4300 PnL:+0.29U (+0.14%)
  BTC: 65736.2000 (-2.08%)
  ETH: 1777.4300 (-3.46%)
  SOL: 73.0800 (-3.33%)
  BNB: 604.7400 (-3.72%)
  DOT: 1.0000 (-3.57%)
  LINK: 8.1650 (-4.51%)
  XRP: 1.2138 (-5.16%)
==================================================
[2026-06-17 02:00:31] 
==================================================
📊 整点汇报 2026-06-17 02:00
恐惧贪婪指数: 23 (极度恐惧)
今日PnL: +0.00 USDT (+0.0%)
持仓数: 4/4
  🔴 LINK SHORT @8.2580 现价:8.2500 PnL:+0.19U (+0.10%)
  🔴 DOT SHORT @1.0080 现价:1.0100 PnL:-0.40U (-0.20%)
  🔴 SOL SHORT @73.3100 现价:73.6100 PnL:-0.82U (-0.41%)
  🔴 ETH SHORT @1780.0100 现价:1794.2600 PnL:-1.60U (-0.80%)
  BTC: 65945.5000 (-1.32%)
  ETH: 1794.2600 (-1.86%)
  SOL: 73.6100 (-2.15%)
  BNB: 608.4600 (-2.72%)
  DOT: 1.0100 (-2.32%)
  LINK: 8.2500 (-2.80%)
  XRP: 1.2207 (-4.57%)
==================================================
[2026-06-17 03:00:15] 
==================================================
📊 整点汇报 2026-06-17 03:00
恐惧贪婪指数: 23 (极度恐惧)
今日PnL: +0.00 USDT (+0.0%)
持仓数: 4/4
  🔴 LINK SHORT @8.2580 现价:8.2980 PnL:-0.97U (-0.48%)
  🔴 DOT SHORT @1.0080 现价:1.0120 PnL:-0.79U (-0.40%)
  🔴 SOL SHORT @73.3100 现价:73.9700 PnL:-1.80U (-0.90%)
  🔴 ETH SHORT @1780.0100 现价:1798.1800 PnL:-2.04U (-1.02%)
  BTC: 65810.4000 (-1.49%)
  ETH: 1798.1800 (-1.67%)
  SOL: 73.9700 (-1.70%)
  BNB: 608.3200 (-2.28%)
  DOT: 1.0120 (-1.84%)
  LINK: 8.2980 (-1.94%)
  XRP: 1.2261 (-4.43%)
==================================================
[2026-06-17 04:00:14] 
==================================================
📊 整点汇报 2026-06-17 04:00
恐惧贪婪指数: 23 (极度恐惧)
今日PnL: +0.00 USDT (+0.0%)
持仓数: 4/4
  🔴 LINK SHORT @8.2580 现价:8.2500 PnL:+0.19U (+0.10%)
  🔴 DOT SHORT @1.0080 现价:1.0100 PnL:-0.40U (-0.20%)
  🔴 SOL SHORT @73.3100 现价:73.9700 PnL:-1.80U (-0.90%)
  🔴 ETH SHORT @1780.0100 现价:1794.5300 PnL:-1.63U (-0.82%)
  BTC: 65572.9000 (-1.51%)
  ETH: 1794.5300 (-1.39%)
  SOL: 73.9700 (-1.52%)
  BNB: 607.3600 (-2.11%)
  DOT: 1.0100 (-0.79%)
  LINK: 8.2500 (-1.84%)
  XRP: 1.2200 (-3.75%)
==================================================
[2026-06-17 05:00:10] 
==================================================
📊 整点汇报 2026-06-17 05:00
恐惧贪婪指数: 23 (极度恐惧)
今日PnL: +0.00 USDT (+0.0%)
持仓数: 4/4
  🔴 LINK SHORT @8.2580 现价:8.3220 PnL:-1.55U (-0.78%)
  🔴 DOT SHORT @1.0080 现价:1.0200 PnL:-2.38U (-1.19%)
  🔴 SOL SHORT @73.3100 现价:74.0900 PnL:-2.13U (-1.06%)
  🔴 ETH SHORT @1780.0100 现价:1796.3200 PnL:-1.83U (-0.92%)
  BTC: 65818.2000 (-1.01%)
  ETH: 1796.3200 (-1.07%)
  SOL: 74.0900 (-1.05%)
  BNB: 608.7200 (-1.81%)
  DOT: 1.0200 (+0.39%)
  LINK: 8.3220 (-0.58%)
  XRP: 1.2222 (-3.28%)
==================================================
[2026-06-17 06:00:15] 
==================================================
📊 整点汇报 2026-06-17 06:00
恐惧贪婪指数: 23 (极度恐惧)
今日PnL: +0.00 USDT (+0.0%)
持仓数: 4/4
  🔴 LINK SHORT @8.2580 现价:8.3090 PnL:-1.24U (-0.62%)
  🔴 DOT SHORT @1.0080 现价:1.0160 PnL:-1.59U (-0.79%)
  🔴 SOL SHORT @73.3100 现价:73.9000 PnL:-1.61U (-0.80%)
  🔴 ETH SHORT @1780.0100 现价:1795.0200 PnL:-1.68U (-0.84%)
  BTC: 65734.9000 (-0.90%)
  ETH: 1795.0200 (-0.83%)
  SOL: 73.9000 (-0.72%)
  BNB: 607.7500 (-1.90%)
  DOT: 1.0160 (+0.20%)
  LINK: 8.3090 (-0.48%)
  XRP: 1.2193 (-2.42%)
==================================================
[2026-06-17 07:00:07] 
==================================================
📊 整点汇报 2026-06-17 07:00
恐惧贪婪指数: 23 (极度恐惧)
今日PnL: +0.00 USDT (+0.0%)
持仓数: 4/4
  🔴 LINK SHORT @8.2580 现价:8.3000 PnL:-1.02U (-0.51%)
  🔴 DOT SHORT @1.0080 现价:1.0170 PnL:-1.79U (-0.89%)
  🔴 SOL SHORT @73.3100 现价:73.9000 PnL:-1.61U (-0.80%)
  🔴 ETH SHORT @1780.0100 现价:1795.3600 PnL:-1.72U (-0.86%)
  BTC: 65747.8000 (-0.67%)
  ETH: 1795.3600 (+0.29%)
  SOL: 73.9000 (+0.18%)
  BNB: 606.6200 (-1.54%)
  DOT: 1.0170 (+1.39%)
  LINK: 8.3000 (+0.40%)
  XRP: 1.2213 (-1.49%)
==================================================
[2026-06-17 08:00:35] 
==================================================
📊 整点汇报 2026-06-17 08:00
恐惧贪婪指数: 23 (极度恐惧)
今日PnL: +0.00 USDT (+0.0%)
持仓数: 4/4
  🔴 LINK SHORT @8.2580 现价:8.2730 PnL:-0.36U (-0.18%)
  🔴 DOT SHORT @1.0080 现价:1.0130 PnL:-0.99U (-0.50%)
  🔴 SOL SHORT @73.3100 现价:73.4900 PnL:-0.49U (-0.25%)
  🔴 ETH SHORT @1780.0100 现价:1792.1200 PnL:-1.36U (-0.68%)
  BTC: 65607.0000 (-1.04%)
  ETH: 1792.1200 (-0.17%)
  SOL: 73.4900 (-0.64%)
  BNB: 605.3800 (-2.08%)
  DOT: 1.0130 (+0.30%)
  LINK: 8.2730 (-0.25%)
  XRP: 1.2166 (-1.76%)
==================================================
[2026-06-17 09:00:36] 
==================================================
📊 整点汇报 2026-06-17 09:00
恐惧贪婪指数: 22 (极度恐惧)
今日PnL: +0.00 USDT (+0.0%)
持仓数: 4/4
  🔴 LINK SHORT @8.2580 现价:8.2890 PnL:-0.75U (-0.38%)
  🔴 DOT SHORT @1.0080 现价:1.0180 PnL:-1.98U (-0.99%)
  🔴 SOL SHORT @73.3100 现价:73.3100 PnL:+0.00U (+0.00%)
  🔴 ETH SHORT @1780.0100 现价:1793.6800 PnL:-1.53U (-0.77%)
  BTC: 65681.6000 (-0.81%)
  ETH: 1793.6800 (+0.30%)
  SOL: 73.3100 (-0.93%)
  BNB: 605.4400 (-1.75%)
  DOT: 1.0180 (+0.79%)
  LINK: 8.2890 (+0.11%)
  XRP: 1.2144 (-1.59%)
==================================================
[2026-06-17 12:43:10] 
==================================================
📊 整点汇报 2026-06-17 12:43
恐惧贪婪指数: 50 (中性)
今日PnL: -4.56 USDT (-4.6%)
持仓数: 3/4
  🔴 SOL SHORT @73.2300 现价:73.7800 PnL:-1.50U (-0.75%)
  🔴 ETH SHORT @1778.6600 现价:1794.8000 PnL:-1.81U (-0.91%)
  🔴 LINK SHORT @8.2530 现价:8.3560 PnL:-2.49U (-1.25%)
  BTC: 65896.9000 (+0.10%)
  ETH: 1794.8000 (+1.72%)
  SOL: 73.7800 (+0.64%)
  BNB: 608.3700 (-0.74%)
  DOT: 1.0280 (+2.49%)
  LINK: 8.3560 (+1.98%)
  XRP: 1.2188 (-0.34%)
==================================================
[2026-06-17 13:13:18] 
==================================================
📊 整点汇报 2026-06-17 13:13
恐惧贪婪指数: 22 (极度恐惧)
今日PnL: -4.56 USDT (-4.6%)
持仓数: 3/4
  🔴 SOL SHORT @73.2300 现价:73.5700 PnL:-0.93U (-0.46%)
  🔴 ETH SHORT @1778.6600 现价:1790.9700 PnL:-1.38U (-0.69%)
  🔴 LINK SHORT @8.2530 现价:8.3340 PnL:-1.96U (-0.98%)
  BTC: 65780.0000 (-0.26%)
  ETH: 1790.9700 (+1.61%)
  SOL: 73.5700 (+0.07%)
  BNB: 607.6900 (-1.06%)
  DOT: 1.0270 (+2.19%)
  LINK: 8.3340 (+1.56%)
  XRP: 1.2186 (-0.49%)
==================================================
[2026-06-17 14:00:15] 
==================================================
📊 整点汇报 2026-06-17 14:00
恐惧贪婪指数: 22 (极度恐惧)
今日PnL: -4.56 USDT (-4.6%)
持仓数: 3/4
  🔴 SOL SHORT @73.2300 现价:73.5900 PnL:-0.98U (-0.49%)
  🔴 ETH SHORT @1778.6600 现价:1793.2100 PnL:-1.63U (-0.82%)
  🔴 LINK SHORT @8.2530 现价:8.3320 PnL:-1.91U (-0.96%)
  BTC: 65810.8000 (-0.37%)
  ETH: 1793.2100 (+1.79%)
  SOL: 73.5900 (-0.10%)
  BNB: 608.3600 (-0.94%)
  DOT: 1.0240 (+1.79%)
  LINK: 8.3320 (+1.58%)
  XRP: 1.2171 (-0.65%)
==================================================
[2026-06-17 15:00:16] 
==================================================
📊 整点汇报 2026-06-17 15:00
恐惧贪婪指数: 22 (极度恐惧)
今日PnL: -4.56 USDT (-4.6%)
持仓数: 3/4
  🔴 SOL SHORT @73.2300 现价:73.3700 PnL:-0.38U (-0.19%)
  🔴 ETH SHORT @1778.6600 现价:1789.1800 PnL:-1.18U (-0.59%)
  🔴 LINK SHORT @8.2530 现价:8.3190 PnL:-1.60U (-0.80%)
  BTC: 65614.4000 (-1.20%)
  ETH: 1789.1800 (+1.04%)
  SOL: 73.3700 (-1.02%)
  BNB: 607.5000 (-1.38%)
  DOT: 1.0230 (+1.29%)
  LINK: 8.3190 (+0.76%)
  XRP: 1.2110 (-1.96%)
==================================================
[2026-06-17 15:27:27] 🔴 开空 BTC @65510.3 | 评分:75 | 状态:ranging | AI:做多(65%) | ✅ 下单成功
[2026-06-17 16:00:17] 
==================================================
📊 整点汇报 2026-06-17 16:00
恐惧贪婪指数: 22 (极度恐惧)
今日PnL: -4.56 USDT (-4.6%)
持仓数: 4/4
  🔴 SOL SHORT @73.2300 现价:73.2300 PnL:+0.00U (+0.00%)
  🔴 ETH SHORT @1778.6600 现价:1785.4500 PnL:-0.76U (-0.38%)
  🔴 LINK SHORT @8.2530 现价:8.2880 PnL:-0.85U (-0.42%)
  🔴 BTC SHORT @65510.3000 现价:65436.5000 PnL:+0.22U (+0.11%)
  BTC: 65436.5000 (-1.38%)
  ETH: 1785.4500 (+0.68%)
  SOL: 73.2300 (-1.59%)
  BNB: 606.9900 (-1.49%)
  DOT: 1.0230 (+0.69%)
  LINK: 8.2880 (+0.09%)
  XRP: 1.2088 (-2.10%)
==================================================
[2026-06-17 17:00:46] 
==================================================
📊 整点汇报 2026-06-17 17:00
恐惧贪婪指数: 22 (极度恐惧)
今日PnL: -4.56 USDT (-4.6%)
持仓数: 4/4
  🔴 SOL SHORT @73.2300 现价:72.3100 PnL:+2.51U (+1.26%)
  🔴 ETH SHORT @1778.6600 现价:1764.6000 PnL:+1.57U (+0.79%)
  🔴 LINK SHORT @8.2530 现价:8.1680 PnL:+2.06U (+1.03%)
  🔴 BTC SHORT @65510.3000 现价:64889.5000 PnL:+1.86U (+0.95%)
  BTC: 64889.5000 (-3.00%)
  ETH: 1764.6000 (-2.09%)
  SOL: 72.3100 (-4.02%)
  BNB: 602.6900 (-2.67%)
  DOT: 1.0070 (-2.23%)
  LINK: 8.1680 (-2.74%)
  XRP: 1.1960 (-4.10%)
==================================================
[2026-06-17 18:00:28] 
==================================================
📊 整点汇报 2026-06-17 18:00
恐惧贪婪指数: 22 (极度恐惧)
今日PnL: -4.56 USDT (-4.6%)
持仓数: 4/4
  🔴 SOL SHORT @73.2300 现价:72.4900 PnL:+2.02U (+1.01%)
  🔴 ETH SHORT @1778.6600 现价:1772.2900 PnL:+0.71U (+0.36%)
  🔴 LINK SHORT @8.2530 现价:8.1980 PnL:+1.33U (+0.67%)
  🔴 BTC SHORT @65510.3000 现价:64902.7000 PnL:+1.82U (+0.93%)
  BTC: 64902.7000 (-2.38%)
  ETH: 1772.2900 (-0.91%)
  SOL: 72.4900 (-3.09%)
  BNB: 601.6900 (-2.25%)
  DOT: 1.0130 (-0.88%)
  LINK: 8.1980 (-1.76%)
  XRP: 1.1973 (-3.29%)
==================================================
[2026-06-17 19:00:15] 
==================================================
📊 整点汇报 2026-06-17 19:00
恐惧贪婪指数: 22 (极度恐惧)
今日PnL: -4.56 USDT (-4.6%)
持仓数: 4/4
  🔴 SOL SHORT @73.2300 现价:72.2800 PnL:+2.59U (+1.30%)
  🔴 ETH SHORT @1778.6600 现价:1767.7300 PnL:+1.22U (+0.61%)
  🔴 LINK SHORT @8.2530 现价:8.1710 PnL:+1.99U (+0.99%)
  🔴 BTC SHORT @65510.3000 现价:64751.9000 PnL:+2.28U (+1.16%)
  BTC: 64751.9000 (-2.61%)
  ETH: 1767.7300 (-1.41%)
  SOL: 72.2800 (-3.17%)
  BNB: 602.3900 (-1.99%)
  DOT: 1.0070 (-1.56%)
  LINK: 8.1710 (-2.03%)
  XRP: 1.1957 (-3.49%)
==================================================
[2026-06-17 20:00:23] 
==================================================
📊 整点汇报 2026-06-17 20:00
恐惧贪婪指数: 22 (极度恐惧)
今日PnL: -4.56 USDT (-4.6%)
持仓数: 4/4
  🔴 SOL SHORT @73.2300 现价:71.9900 PnL:+3.39U (+1.69%)
  🔴 ETH SHORT @1778.6600 现价:1764.2700 PnL:+1.61U (+0.81%)
  🔴 LINK SHORT @8.2530 现价:8.1540 PnL:+2.40U (+1.20%)
  🔴 BTC SHORT @65510.3000 现价:64795.1000 PnL:+2.15U (+1.09%)
  BTC: 64795.1000 (-2.48%)
  ETH: 1764.2700 (-1.89%)
  SOL: 71.9900 (-3.51%)
  BNB: 604.2500 (-1.69%)
  DOT: 1.0050 (-1.57%)
  LINK: 8.1540 (-2.10%)
  XRP: 1.1924 (-3.64%)
==================================================
[2026-06-17 21:00:18] 
==================================================
📊 整点汇报 2026-06-17 21:00
恐惧贪婪指数: 22 (极度恐惧)
今日PnL: -1.75 USDT (-1.8%)
持仓数: 3/4
  🔴 ETH SHORT @1778.6600 现价:1758.1300 PnL:+2.30U (+1.15%)
  🔴 LINK SHORT @8.2530 现价:8.1720 PnL:+1.96U (+0.98%)
  🔴 BTC SHORT @65509.0000 现价:65000.0000 PnL:+1.53U (+0.78%)
  BTC: 65000.0000 (-2.10%)
  ETH: 1758.1300 (-3.09%)
  SOL: 72.2700 (-3.51%)
  BNB: 609.8400 (-0.81%)
  DOT: 1.0140 (-1.27%)
  LINK: 8.1720 (-2.55%)
  XRP: 1.1969 (-3.78%)
==================================================
[2026-06-17 22:00:27] 
==================================================
📊 整点汇报 2026-06-17 22:00
恐惧贪婪指数: 22 (极度恐惧)
今日PnL: -1.75 USDT (-1.8%)
持仓数: 3/4
  🔴 ETH SHORT @1778.6600 现价:1761.0600 PnL:+1.97U (+0.99%)
  🔴 LINK SHORT @8.2530 现价:8.2090 PnL:+1.07U (+0.53%)
  🔴 BTC SHORT @65509.0000 现价:65243.0000 PnL:+0.80U (+0.41%)
  BTC: 65243.0000 (-1.18%)
  ETH: 1761.0600 (-2.04%)
  SOL: 72.4200 (-2.28%)
  BNB: 608.7800 (+0.34%)
  DOT: 1.0120 (-0.10%)
  LINK: 8.2090 (-0.55%)
  XRP: 1.2012 (-2.05%)
==================================================
[2026-06-17 23:00:22] 
==================================================
📊 整点汇报 2026-06-17 23:00
恐惧贪婪指数: 22 (极度恐惧)
今日PnL: -1.75 USDT (-1.8%)
持仓数: 3/4
  🔴 ETH SHORT @1778.6600 现价:1755.6600 PnL:+2.58U (+1.29%)
  🔴 LINK SHORT @8.2530 现价:8.1550 PnL:+2.37U (+1.19%)
  🔴 BTC SHORT @65509.0000 现价:65200.0000 PnL:+0.93U (+0.47%)
  BTC: 65200.0000 (-0.64%)
  ETH: 1755.6600 (-1.37%)
  SOL: 72.3500 (-0.80%)
  BNB: 598.6300 (-1.18%)
  DOT: 1.0090 (+1.30%)
  LINK: 8.1550 (-0.01%)
  XRP: 1.2014 (-0.60%)
==================================================
