[2026-07-23 00:02:27] 
==================================================
📊 整点汇报 2026-07-23 00:01
恐惧贪婪指数: 50 (中性)
今日PnL: -1.33 USDT (-1.3%)
持仓数: 0/4
  BTC: 65864.5000 (-1.30%)
  ETH: 1939.6200 (+0.55%)
  SOL: 78.2100 (+0.36%)
  BNB: 572.2500 (-0.60%)
  DOT: 0.8402 (-2.02%)
  LINK: 8.6820 (-0.15%)
  XRP: 1.1465 (+0.00%)
==================================================
[2026-07-23 01:01:53] 
==================================================
📊 整点汇报 2026-07-23 01:00
恐惧贪婪指数: 50 (中性)
今日PnL: -1.33 USDT (-1.3%)
持仓数: 0/4
  BTC: 65864.5000 (-1.30%)
  ETH: 1939.6200 (+0.55%)
  SOL: 78.2100 (+0.36%)
  BNB: 572.2500 (-0.60%)
  DOT: 0.8402 (-2.02%)
  LINK: 8.6820 (-0.15%)
  XRP: 1.1465 (+0.00%)
==================================================
[2026-07-23 02:01:26] 
==================================================
📊 整点汇报 2026-07-23 02:00
恐惧贪婪指数: 50 (中性)
今日PnL: -1.33 USDT (-1.3%)
持仓数: 0/4
  BTC: 65864.5000 (-1.30%)
  ETH: 1939.6200 (+0.55%)
  SOL: 78.2100 (+0.36%)
  BNB: 572.2500 (-0.60%)
  DOT: 0.8402 (-2.02%)
  LINK: 8.6820 (-0.15%)
  XRP: 1.1465 (+0.00%)
==================================================
[2026-07-23 03:04:57] 
==================================================
📊 整点汇报 2026-07-23 03:03
恐惧贪婪指数: 50 (中性)
今日PnL: -1.33 USDT (-1.3%)
持仓数: 0/4
  BTC: 65864.5000 (-1.30%)
  ETH: 1939.6200 (+0.55%)
  SOL: 78.2100 (+0.36%)
  BNB: 572.2500 (-0.60%)
  DOT: 0.8402 (-2.02%)
  LINK: 8.6820 (-0.15%)
  XRP: 1.1465 (+0.00%)
==================================================
[2026-07-23 04:04:04] 
==================================================
📊 整点汇报 2026-07-23 04:02
恐惧贪婪指数: 50 (中性)
今日PnL: -1.33 USDT (-1.3%)
持仓数: 0/4
  BTC: 65864.5000 (-1.30%)
  ETH: 1939.6200 (+0.55%)
  SOL: 78.2100 (+0.36%)
  BNB: 572.2500 (-0.60%)
  DOT: 0.8402 (-2.02%)
  LINK: 8.6820 (-0.15%)
  XRP: 1.1465 (+0.00%)
==================================================
[2026-07-23 05:02:59] 
==================================================
📊 整点汇报 2026-07-23 05:01
恐惧贪婪指数: 50 (中性)
今日PnL: -1.33 USDT (-1.3%)
持仓数: 0/4
  BTC: 65864.5000 (-1.30%)
  ETH: 1939.6200 (+0.55%)
  SOL: 78.2100 (+0.36%)
  BNB: 572.2500 (-0.60%)
  DOT: 0.8402 (-2.02%)
  LINK: 8.6820 (-0.15%)
  XRP: 1.1465 (+0.00%)
==================================================
[2026-07-23 06:02:16] 
==================================================
📊 整点汇报 2026-07-23 06:00
恐惧贪婪指数: 50 (中性)
今日PnL: -1.33 USDT (-1.3%)
持仓数: 0/4
  BTC: 65864.5000 (-1.30%)
  ETH: 1939.6200 (+0.55%)
  SOL: 78.2100 (+0.36%)
  BNB: 572.2500 (-0.60%)
  DOT: 0.8402 (-2.02%)
  LINK: 8.6820 (-0.15%)
  XRP: 1.1465 (+0.00%)
==================================================
[2026-07-23 07:01:40] 
==================================================
📊 整点汇报 2026-07-23 07:00
恐惧贪婪指数: 50 (中性)
今日PnL: -1.33 USDT (-1.3%)
持仓数: 0/4
  BTC: 65864.5000 (-1.30%)
  ETH: 1939.6200 (+0.55%)
  SOL: 78.2100 (+0.36%)
  BNB: 572.2500 (-0.60%)
  DOT: 0.8402 (-2.02%)
  LINK: 8.6820 (-0.15%)
  XRP: 1.1465 (+0.00%)
==================================================
[2026-07-23 08:00:55] 
==================================================
📊 整点汇报 2026-07-23 08:00
恐惧贪婪指数: 50 (中性)
今日PnL: +0.00 USDT (+0.0%)
持仓数: 3/4
  🟢 LINK LONG @8.7180 现价:8.6820 PnL:-0.83U (-0.41%)
  🔴 BTC SHORT @66123.0000 现价:65864.5000 PnL:+0.78U (+0.39%)
  🔴 BNB SHORT @568.9800 现价:572.2500 PnL:-1.14U (-0.57%)
  BTC: 65864.5000 (-1.30%)
  ETH: 1939.6200 (+0.55%)
  SOL: 78.2100 (+0.36%)
  BNB: 572.2500 (-0.60%)
  DOT: 0.8402 (-2.02%)
  LINK: 8.6820 (-0.15%)
  XRP: 1.1465 (+0.00%)
==================================================
[2026-07-23 09:00:13] 
==================================================
📊 整点汇报 2026-07-23 09:00
恐惧贪婪指数: 31 (恐惧)
今日PnL: +0.00 USDT (+0.0%)
持仓数: 3/4
  🟢 LINK LONG @8.7180 现价:8.6380 PnL:-1.84U (-0.92%)
  🔴 BTC SHORT @66123.0000 现价:66066.7000 PnL:+0.17U (+0.09%)
  🔴 BNB SHORT @568.9800 现价:571.7700 PnL:-0.98U (-0.49%)
  BTC: 66066.7000 (-0.85%)
  ETH: 1932.4700 (-0.33%)
  SOL: 78.2100 (-0.31%)
  BNB: 571.7700 (-0.61%)
  DOT: 0.8382 (-1.54%)
  LINK: 8.6380 (-0.78%)
  XRP: 1.1404 (-0.43%)
==================================================
[2026-07-23 10:00:03] 
==================================================
📊 整点汇报 2026-07-23 10:00
恐惧贪婪指数: 31 (恐惧)
今日PnL: +0.00 USDT (+0.0%)
持仓数: 3/4
  🟢 LINK LONG @8.7180 现价:8.6110 PnL:-2.45U (-1.23%)
  🔴 BTC SHORT @66123.0000 现价:65800.0000 PnL:+0.97U (+0.49%)
  🔴 BNB SHORT @568.9800 现价:571.1900 PnL:-0.77U (-0.39%)
  BTC: 65800.0000 (-0.88%)
  ETH: 1927.4500 (-0.24%)
  SOL: 77.8700 (-0.51%)
  BNB: 571.1900 (-0.40%)
  DOT: 0.8314 (-2.38%)
  LINK: 8.6110 (-1.05%)
  XRP: 1.1391 (-0.32%)
==================================================
[2026-07-23 11:00:18] 
==================================================
📊 整点汇报 2026-07-23 11:00
恐惧贪婪指数: 31 (恐惧)
今日PnL: +0.00 USDT (+0.0%)
持仓数: 3/4
  🟢 LINK LONG @8.7180 现价:8.6260 PnL:-2.11U (-1.06%)
  🔴 BTC SHORT @66123.0000 现价:65782.6000 PnL:+1.02U (+0.51%)
  🔴 BNB SHORT @568.9800 现价:571.1500 PnL:-0.76U (-0.38%)
  BTC: 65782.6000 (-0.74%)
  ETH: 1926.8800 (-0.08%)
  SOL: 77.7000 (-0.45%)
  BNB: 571.1500 (-0.32%)
  DOT: 0.8313 (-2.51%)
  LINK: 8.6260 (-0.67%)
  XRP: 1.1377 (-0.24%)
==================================================
[2026-07-23 11:12:55] 🔴 开空 DOT @0.826 | 评分:85 | 状态:ranging | AI:做空(65%) | ✅ 下单成功
[2026-07-23 12:00:20] 
==================================================
📊 整点汇报 2026-07-23 12:00
恐惧贪婪指数: 31 (恐惧)
今日PnL: +0.00 USDT (+0.0%)
持仓数: 4/4
  🟢 LINK LONG @8.7180 现价:8.5840 PnL:-3.07U (-1.54%)
  🔴 BTC SHORT @66123.0000 现价:65657.4000 PnL:+1.40U (+0.70%)
  🔴 BNB SHORT @568.9800 现价:570.6200 PnL:-0.57U (-0.29%)
  🔴 DOT SHORT @0.8260 现价:0.8211 PnL:+1.19U (+0.59%)
  BTC: 65657.4000 (-0.81%)
  ETH: 1919.7000 (-0.37%)
  SOL: 77.5600 (-0.35%)
  BNB: 570.6200 (-0.12%)
  DOT: 0.8211 (+0.00%)
  LINK: 8.5840 (-1.13%)
  XRP: 1.1331 (-0.47%)
==================================================
[2026-07-23 13:00:22] 
==================================================
📊 整点汇报 2026-07-23 13:00
恐惧贪婪指数: 31 (恐惧)
今日PnL: +0.00 USDT (+0.0%)
持仓数: 4/4
  🟢 LINK LONG @8.7180 现价:8.5760 PnL:-3.26U (-1.63%)
  🔴 BTC SHORT @66123.0000 现价:65578.1000 PnL:+1.63U (+0.82%)
  🔴 BNB SHORT @568.9800 现价:569.8700 PnL:-0.31U (-0.16%)
  🔴 DOT SHORT @0.8260 现价:0.8214 PnL:+1.11U (+0.56%)
  BTC: 65578.1000 (-1.15%)
  ETH: 1918.3500 (-0.88%)
  SOL: 77.4400 (-0.74%)
  BNB: 569.8700 (-0.45%)
  DOT: 0.8214 (-3.76%)
  LINK: 8.5760 (+0.00%)
  XRP: 1.1353 (-0.53%)
==================================================
[2026-07-23 14:00:22] 
==================================================
📊 整点汇报 2026-07-23 14:00
恐惧贪婪指数: 31 (恐惧)
今日PnL: +0.00 USDT (+0.0%)
持仓数: 4/4
  🟢 LINK LONG @8.7180 现价:8.5740 PnL:-3.30U (-1.65%)
  🔴 BTC SHORT @66123.0000 现价:65650.0000 PnL:+1.42U (+0.72%)
  🔴 BNB SHORT @568.9800 现价:570.1100 PnL:-0.40U (-0.20%)
  🔴 DOT SHORT @0.8260 现价:0.8203 PnL:+1.38U (+0.69%)
  BTC: 65650.0000 (-0.47%)
  ETH: 1921.7800 (+0.11%)
  SOL: 77.4800 (+0.03%)
  BNB: 570.1100 (+0.08%)
  DOT: 0.8203 (-2.75%)
  LINK: 8.5740 (-0.72%)
  XRP: 1.1339 (+0.10%)
==================================================
[2026-07-23 15:00:11] 
==================================================
📊 整点汇报 2026-07-23 15:00
恐惧贪婪指数: 31 (恐惧)
今日PnL: +0.00 USDT (+0.0%)
持仓数: 4/4
  🟢 LINK LONG @8.7180 现价:8.5770 PnL:-3.23U (-1.62%)
  🔴 BTC SHORT @66123.0000 现价:65753.6000 PnL:+1.11U (+0.56%)
  🔴 BNB SHORT @568.9800 现价:570.5900 PnL:-0.56U (-0.28%)
  🔴 DOT SHORT @0.8260 现价:0.8223 PnL:+0.90U (+0.45%)
  BTC: 65753.6000 (-0.22%)
  ETH: 1924.4100 (+0.44%)
  SOL: 77.5000 (+0.38%)
  BNB: 570.5900 (+0.43%)
  DOT: 0.8223 (-2.11%)
  LINK: 8.5770 (-0.40%)
  XRP: 1.1361 (+0.43%)
==================================================
[2026-07-23 15:12:43] ❌ 平仓 LINK SL | 入场:8.7180 出场:8.5290 | PnL:-2.17% (-4.34USDT) | 平100%仓 | ✅ 平仓成功
[2026-07-23 15:13:26] 🔴 开空 ETH @1916.76 | 评分:85 | 状态:ranging | ✅ 下单成功
[2026-07-23 16:00:18] 
==================================================
📊 整点汇报 2026-07-23 16:00
恐惧贪婪指数: 31 (恐惧)
今日PnL: -4.39 USDT (-4.4%)
持仓数: 4/4
  🔴 DOT SHORT @0.8254 现价:0.8197 PnL:+1.38U (+0.69%)
  🔴 ETH SHORT @1917.9700 现价:1914.6500 PnL:+0.35U (+0.17%)
  🔴 BTC SHORT @66123.0000 现价:65421.3000 PnL:+2.11U (+1.06%)
  🔴 BNB SHORT @568.9800 现价:570.1300 PnL:-0.40U (-0.20%)
  BTC: 65421.3000 (-0.60%)
  ETH: 1914.6500 (+0.07%)
  SOL: 77.1200 (+0.16%)
  BNB: 570.1300 (+0.27%)
  DOT: 0.8197 (-2.39%)
  LINK: 8.5300 (-0.55%)
  XRP: 1.1336 (+0.28%)
==================================================
[2026-07-23 17:00:16] 
==================================================
📊 整点汇报 2026-07-23 17:00
恐惧贪婪指数: 31 (恐惧)
今日PnL: -4.39 USDT (-4.4%)
持仓数: 4/4
  🔴 DOT SHORT @0.8254 现价:0.8217 PnL:+0.90U (+0.45%)
  🔴 ETH SHORT @1917.9700 现价:1925.0000 PnL:-0.73U (-0.37%)
  🔴 BTC SHORT @66123.0000 现价:65581.0000 PnL:+1.63U (+0.82%)
  🔴 BNB SHORT @568.9800 现价:571.0600 PnL:-0.73U (-0.37%)
  BTC: 65581.0000 (-0.57%)
  ETH: 1925.0000 (+0.23%)
  SOL: 77.4300 (+0.04%)
  BNB: 571.0600 (+0.09%)
  DOT: 0.8217 (-2.46%)
  LINK: 8.5900 (-0.24%)
  XRP: 1.1356 (+0.09%)
==================================================
[2026-07-23 18:00:36] 
==================================================
📊 整点汇报 2026-07-23 18:00
恐惧贪婪指数: 31 (恐惧)
今日PnL: -4.39 USDT (-4.4%)
持仓数: 4/4
  🔴 DOT SHORT @0.8254 现价:0.8184 PnL:+1.70U (+0.85%)
  🔴 ETH SHORT @1917.9700 现价:1923.0100 PnL:-0.52U (-0.26%)
  🔴 BTC SHORT @66123.0000 现价:65600.0000 PnL:+1.57U (+0.79%)
  🔴 BNB SHORT @568.9800 现价:569.7300 PnL:-0.26U (-0.13%)
  BTC: 65600.0000 (-0.48%)
  ETH: 1923.0100 (+0.04%)
  SOL: 77.4400 (-0.08%)
  BNB: 569.7300 (-0.28%)
  DOT: 0.8184 (-2.26%)
  LINK: 8.6120 (-0.01%)
  XRP: 1.1320 (-0.22%)
==================================================
[2026-07-23 19:00:07] 
==================================================
📊 整点汇报 2026-07-23 19:00
恐惧贪婪指数: 31 (恐惧)
今日PnL: -4.39 USDT (-4.4%)
持仓数: 4/4
  🔴 DOT SHORT @0.8254 现价:0.8211 PnL:+1.04U (+0.52%)
  🔴 ETH SHORT @1917.9700 现价:1927.0400 PnL:-0.94U (-0.47%)
  🔴 BTC SHORT @66123.0000 现价:65693.6000 PnL:+1.29U (+0.65%)
  🔴 BNB SHORT @568.9800 现价:570.3200 PnL:-0.47U (-0.24%)
  BTC: 65693.6000 (-0.45%)
  ETH: 1927.0400 (-0.14%)
  SOL: 77.6900 (+0.12%)
  BNB: 570.3200 (-0.17%)
  DOT: 0.8211 (-2.21%)
  LINK: 8.6260 (-0.38%)
  XRP: 1.1343 (-0.33%)
==================================================
[2026-07-23 20:00:15] 
==================================================
📊 整点汇报 2026-07-23 20:00
恐惧贪婪指数: 31 (恐惧)
今日PnL: -4.39 USDT (-4.4%)
持仓数: 4/4
  🔴 DOT SHORT @0.8254 现价:0.8178 PnL:+1.84U (+0.92%)
  🔴 ETH SHORT @1917.9700 现价:1924.8400 PnL:-0.71U (-0.36%)
  🔴 BTC SHORT @66123.0000 现价:65555.6000 PnL:+1.70U (+0.86%)
  🔴 BNB SHORT @568.9800 现价:570.2700 PnL:-0.45U (-0.23%)
  BTC: 65555.6000 (-0.66%)
  ETH: 1924.8400 (-0.07%)
  SOL: 77.6100 (+0.12%)
  BNB: 570.2700 (-0.19%)
  DOT: 0.8178 (-2.44%)
  LINK: 8.6330 (-0.06%)
  XRP: 1.1320 (-0.54%)
==================================================
[2026-07-23 21:00:34] 
==================================================
📊 整点汇报 2026-07-23 21:00
恐惧贪婪指数: 31 (恐惧)
今日PnL: -4.39 USDT (-4.4%)
持仓数: 4/4
  🔴 DOT SHORT @0.8254 现价:0.8175 PnL:+1.91U (+0.96%)
  🔴 ETH SHORT @1917.9700 现价:1902.4800 PnL:+1.61U (+0.81%)
  🔴 BTC SHORT @66123.0000 现价:65116.9000 PnL:+3.02U (+1.52%)
  🔴 BNB SHORT @568.9800 现价:569.3100 PnL:-0.12U (-0.06%)
  BTC: 65116.9000 (-0.76%)
  ETH: 1902.4800 (-0.69%)
  SOL: 76.8900 (-0.39%)
  BNB: 569.3100 (-0.20%)
  DOT: 0.8175 (-2.23%)
  LINK: 8.5360 (-0.96%)
  XRP: 1.1213 (-1.33%)
==================================================
[2026-07-23 22:08:31] 
==================================================
📊 整点汇报 2026-07-23 22:06
恐惧贪婪指数: 31 (恐惧)
今日PnL: -4.39 USDT (-4.4%)
持仓数: 4/4
  🔴 DOT SHORT @0.8254 现价:0.8161 PnL:+2.25U (+1.13%)
  🔴 ETH SHORT @1917.9700 现价:1903.3500 PnL:+1.52U (+0.76%)
  🔴 BTC SHORT @66123.0000 现价:65099.6000 PnL:+3.07U (+1.55%)
  🔴 BNB SHORT @568.9800 现价:569.1400 PnL:-0.06U (-0.03%)
  BTC: 65099.6000 (-1.01%)
  ETH: 1903.3500 (-1.48%)
  SOL: 76.8900 (-1.02%)
  BNB: 569.1400 (-0.57%)
  DOT: 0.8161 (-2.69%)
  LINK: 8.5110 (-1.37%)
  XRP: 1.1141 (-2.12%)
==================================================
[2026-07-23 23:02:19] 
==================================================
📊 整点汇报 2026-07-23 23:00
恐惧贪婪指数: 50 (中性)
今日PnL: -4.39 USDT (-4.4%)
持仓数: 0/4
  BTC: 65099.6000 (-1.01%)
  ETH: 1903.3500 (-1.48%)
  SOL: 76.8900 (-1.02%)
  BNB: 569.1400 (-0.57%)
  DOT: 0.8161 (-2.69%)
  LINK: 8.5110 (-1.37%)
  XRP: 1.1141 (-2.12%)
==================================================
