[2026-07-28 00:04:14] 
==================================================
📊 整点汇报 2026-07-28 00:02
恐惧贪婪指数: 50 (中性)
今日PnL: +11.01 USDT (+11.0%)
持仓数: 0/4
  BTC: 64654.7000 (-0.05%)
  ETH: 1931.2300 (+1.74%)
  SOL: 75.4900 (+0.71%)
  BNB: 567.8500 (-0.89%)
  DOT: 0.7932 (-3.42%)
  LINK: 8.6050 (+1.39%)
  XRP: 1.0906 (-0.83%)
==================================================
[2026-07-28 01:02:44] 
==================================================
📊 整点汇报 2026-07-28 01:01
恐惧贪婪指数: 50 (中性)
今日PnL: +11.01 USDT (+11.0%)
持仓数: 0/4
  BTC: 64654.7000 (-0.05%)
  ETH: 1931.2300 (+1.74%)
  SOL: 75.4900 (+0.71%)
  BNB: 567.8500 (-0.89%)
  DOT: 0.7932 (-3.42%)
  LINK: 8.6050 (+1.39%)
  XRP: 1.0906 (-0.83%)
==================================================
[2026-07-28 02:01:39] 
==================================================
📊 整点汇报 2026-07-28 02:00
恐惧贪婪指数: 50 (中性)
今日PnL: +11.01 USDT (+11.0%)
持仓数: 0/4
  BTC: 64654.7000 (-0.05%)
  ETH: 1931.2300 (+1.74%)
  SOL: 75.4900 (+0.71%)
  BNB: 567.8500 (-0.89%)
  DOT: 0.7932 (-3.42%)
  LINK: 8.6050 (+1.39%)
  XRP: 1.0906 (-0.83%)
==================================================
[2026-07-28 03:01:26] 
==================================================
📊 整点汇报 2026-07-28 03:00
恐惧贪婪指数: 50 (中性)
今日PnL: +11.01 USDT (+11.0%)
持仓数: 0/4
  BTC: 64654.7000 (-0.05%)
  ETH: 1931.2300 (+1.74%)
  SOL: 75.4900 (+0.71%)
  BNB: 567.8500 (-0.89%)
  DOT: 0.7932 (-3.42%)
  LINK: 8.6050 (+1.39%)
  XRP: 1.0906 (-0.83%)
==================================================
[2026-07-28 04:05:23] 
==================================================
📊 整点汇报 2026-07-28 04:03
恐惧贪婪指数: 50 (中性)
今日PnL: +11.01 USDT (+11.0%)
持仓数: 0/4
  BTC: 64654.7000 (-0.05%)
  ETH: 1931.2300 (+1.74%)
  SOL: 75.4900 (+0.71%)
  BNB: 567.8500 (-0.89%)
  DOT: 0.7932 (-3.42%)
  LINK: 8.6050 (+1.39%)
  XRP: 1.0906 (-0.83%)
==================================================
[2026-07-28 05:04:22] 
==================================================
📊 整点汇报 2026-07-28 05:02
恐惧贪婪指数: 50 (中性)
今日PnL: +11.01 USDT (+11.0%)
持仓数: 0/4
  BTC: 64654.7000 (-0.05%)
  ETH: 1931.2300 (+1.74%)
  SOL: 75.4900 (+0.71%)
  BNB: 567.8500 (-0.89%)
  DOT: 0.7932 (-3.42%)
  LINK: 8.6050 (+1.39%)
  XRP: 1.0906 (-0.83%)
==================================================
[2026-07-28 06:03:24] 
==================================================
📊 整点汇报 2026-07-28 06:01
恐惧贪婪指数: 50 (中性)
今日PnL: +11.01 USDT (+11.0%)
持仓数: 0/4
  BTC: 64654.7000 (-0.05%)
  ETH: 1931.2300 (+1.74%)
  SOL: 75.4900 (+0.71%)
  BNB: 567.8500 (-0.89%)
  DOT: 0.7932 (-3.42%)
  LINK: 8.6050 (+1.39%)
  XRP: 1.0906 (-0.83%)
==================================================
[2026-07-28 07:01:33] 
==================================================
📊 整点汇报 2026-07-28 07:00
恐惧贪婪指数: 50 (中性)
今日PnL: +11.01 USDT (+11.0%)
持仓数: 0/4
  BTC: 64654.7000 (-0.05%)
  ETH: 1931.2300 (+1.74%)
  SOL: 75.4900 (+0.71%)
  BNB: 567.8500 (-0.89%)
  DOT: 0.7932 (-3.42%)
  LINK: 8.6050 (+1.39%)
  XRP: 1.0906 (-0.83%)
==================================================
[2026-07-28 07:27:44] ✅ 平仓 ETH 迷你仓修复 | 入场:1972.2500 出场:1972.2500 | PnL:0.00% (+0.00USDT) | 平100%仓 | ❌ 平仓失败
[2026-07-28 07:34:41] ✅ 平仓 ETH 迷你仓修复 | 入场:1972.2500 出场:1972.2500 | PnL:0.00% (+0.00USDT) | 平100%仓 | ❌ 平仓失败
[2026-07-28 07:41:39] ✅ 平仓 ETH 迷你仓修复 | 入场:1972.2500 出场:1972.2500 | PnL:0.00% (+0.00USDT) | 平100%仓 | ❌ 平仓失败
[2026-07-28 07:48:35] ✅ 平仓 ETH 迷你仓修复 | 入场:1972.2500 出场:1972.2500 | PnL:0.00% (+0.00USDT) | 平100%仓 | ❌ 平仓失败
[2026-07-28 07:55:33] ✅ 平仓 ETH 迷你仓修复 | 入场:1972.2500 出场:1972.2500 | PnL:0.00% (+0.00USDT) | 平100%仓 | ❌ 平仓失败
[2026-07-28 08:00:05] 
==================================================
📊 整点汇报 2026-07-28 08:00
恐惧贪婪指数: 30 (恐惧)
今日PnL: -3.21 USDT (-3.2%)
持仓数: 2/4
  🔴 LINK SHORT @8.6190 现价:8.3750 PnL:+5.66U (+2.83%)
  🔴 BNB SHORT @568.9800 现价:566.5600 PnL:+0.85U (+0.43%)
  BTC: 63722.4000 (-2.46%)
  ETH: 1891.3600 (-3.23%)
  SOL: 74.1600 (-3.31%)
  BNB: 566.5600 (-1.56%)
  DOT: 0.7581 (-8.40%)
  LINK: 8.3750 (-5.07%)
  XRP: 1.0654 (-4.19%)
==================================================
[2026-07-28 08:02:31] ✅ 平仓 ETH 迷你仓修复 | 入场:1972.2500 出场:1972.2500 | PnL:0.00% (+0.00USDT) | 平100%仓 | ❌ 平仓失败
[2026-07-28 08:09:37] ✅ 平仓 ETH 迷你仓修复 | 入场:1972.2500 出场:1972.2500 | PnL:0.00% (+0.00USDT) | 平100%仓 | ❌ 平仓失败
[2026-07-28 08:16:34] ✅ 平仓 ETH 迷你仓修复 | 入场:1972.2500 出场:1972.2500 | PnL:0.00% (+0.00USDT) | 平100%仓 | ❌ 平仓失败
[2026-07-28 08:23:29] ✅ 平仓 ETH 迷你仓修复 | 入场:1972.2500 出场:1972.2500 | PnL:0.00% (+0.00USDT) | 平100%仓 | ❌ 平仓失败
[2026-07-28 08:27:39] 🔴 开空 XRP @1.0612 | 评分:70 | 状态:ranging | AI:做多(65%) | ✅ 下单成功
[2026-07-28 08:30:34] ✅ 平仓 ETH 迷你仓修复 | 入场:1972.2500 出场:1972.2500 | PnL:0.00% (+0.00USDT) | 平100%仓 | ❌ 平仓失败
[2026-07-28 08:37:38] ✅ 平仓 ETH 迷你仓修复 | 入场:1972.2500 出场:1972.2500 | PnL:0.00% (+0.00USDT) | 平100%仓 | ❌ 平仓失败
[2026-07-28 08:44:44] ✅ 平仓 ETH 迷你仓修复 | 入场:1972.2500 出场:1972.2500 | PnL:0.00% (+0.00USDT) | 平100%仓 | ❌ 平仓失败
[2026-07-28 08:52:12] ✅ 平仓 ETH 迷你仓修复 | 入场:1972.2500 出场:1972.2500 | PnL:0.00% (+0.00USDT) | 平100%仓 | ❌ 平仓失败
[2026-07-28 08:59:18] ✅ 平仓 ETH 迷你仓修复 | 入场:1972.2500 出场:1972.2500 | PnL:0.00% (+0.00USDT) | 平100%仓 | ❌ 平仓失败
[2026-07-28 09:00:10] 
==================================================
📊 整点汇报 2026-07-28 09:00
恐惧贪婪指数: 29 (恐惧)
今日PnL: -3.21 USDT (-3.2%)
持仓数: 3/4
  🔴 XRP SHORT @1.0609 现价:1.0580 PnL:+0.55U (+0.27%)
  🔴 LINK SHORT @8.6190 现价:8.3550 PnL:+6.12U (+3.06%)
  🔴 BNB SHORT @568.9800 现价:565.9800 PnL:+1.05U (+0.53%)
  BTC: 63482.7000 (-2.46%)
  ETH: 1879.4100 (-3.19%)
  SOL: 73.6600 (-3.45%)
  BNB: 565.9800 (-1.21%)
  DOT: 0.7575 (-8.03%)
  LINK: 8.3550 (-4.63%)
  XRP: 1.0580 (-4.55%)
==================================================
[2026-07-28 09:06:57] ✅ 平仓 ETH 迷你仓修复 | 入场:1972.2500 出场:1972.2500 | PnL:0.00% (+0.00USDT) | 平100%仓 | ❌ 平仓失败
[2026-07-28 09:14:02] ✅ 平仓 ETH 迷你仓修复 | 入场:1972.2500 出场:1972.2500 | PnL:0.00% (+0.00USDT) | 平100%仓 | ❌ 平仓失败
[2026-07-28 09:21:01] ✅ 平仓 ETH 迷你仓修复 | 入场:1972.2500 出场:1972.2500 | PnL:0.00% (+0.00USDT) | 平100%仓 | ❌ 平仓失败
[2026-07-28 09:28:00] ✅ 平仓 ETH 迷你仓修复 | 入场:1972.2500 出场:1972.2500 | PnL:0.00% (+0.00USDT) | 平100%仓 | ❌ 平仓失败
[2026-07-28 09:35:02] ✅ 平仓 ETH 迷你仓修复 | 入场:1972.2500 出场:1972.2500 | PnL:0.00% (+0.00USDT) | 平100%仓 | ❌ 平仓失败
[2026-07-28 09:42:07] ✅ 平仓 ETH 迷你仓修复 | 入场:1972.2500 出场:1972.2500 | PnL:0.00% (+0.00USDT) | 平100%仓 | ❌ 平仓失败
[2026-07-28 09:49:13] ✅ 平仓 ETH 迷你仓修复 | 入场:1972.2500 出场:1972.2500 | PnL:0.00% (+0.00USDT) | 平100%仓 | ❌ 平仓失败
[2026-07-28 09:56:12] ✅ 平仓 ETH 迷你仓修复 | 入场:1972.2500 出场:1972.2500 | PnL:0.00% (+0.00USDT) | 平100%仓 | ❌ 平仓失败
[2026-07-28 10:00:08] 
==================================================
📊 整点汇报 2026-07-28 10:00
恐惧贪婪指数: 29 (恐惧)
今日PnL: -3.21 USDT (-3.2%)
持仓数: 3/4
  🔴 XRP SHORT @1.0609 现价:1.0570 PnL:+0.74U (+0.37%)
  🔴 LINK SHORT @8.6190 现价:8.3210 PnL:+6.91U (+3.46%)
  🔴 BNB SHORT @568.9800 现价:565.4200 PnL:+1.25U (+0.63%)
  BTC: 63221.4000 (-2.98%)
  ETH: 1875.4900 (-3.61%)
  SOL: 73.1500 (-4.23%)
  BNB: 565.4200 (-1.42%)
  DOT: 0.7592 (-7.36%)
  LINK: 8.3210 (-5.30%)
  XRP: 1.0570 (-4.55%)
==================================================
[2026-07-28 10:03:15] ✅ 平仓 ETH 迷你仓修复 | 入场:1972.2500 出场:1972.2500 | PnL:0.00% (+0.00USDT) | 平100%仓 | ❌ 平仓失败
[2026-07-28 10:10:26] ✅ 平仓 ETH 迷你仓修复 | 入场:1972.2500 出场:1972.2500 | PnL:0.00% (+0.00USDT) | 平100%仓 | ❌ 平仓失败
[2026-07-28 10:17:41] ✅ 平仓 ETH 迷你仓修复 | 入场:1972.2500 出场:1972.2500 | PnL:0.00% (+0.00USDT) | 平100%仓 | ❌ 平仓失败
[2026-07-28 10:24:58] ✅ 平仓 ETH 迷你仓修复 | 入场:1972.2500 出场:1972.2500 | PnL:0.00% (+0.00USDT) | 平100%仓 | ❌ 平仓失败
[2026-07-28 10:32:12] ✅ 平仓 ETH 迷你仓修复 | 入场:1972.2500 出场:1972.2500 | PnL:0.00% (+0.00USDT) | 平100%仓 | ❌ 平仓失败
[2026-07-28 10:39:26] ✅ 平仓 ETH 迷你仓修复 | 入场:1972.2500 出场:1972.2500 | PnL:0.00% (+0.00USDT) | 平100%仓 | ❌ 平仓失败
[2026-07-28 10:46:51] ✅ 平仓 ETH 迷你仓修复 | 入场:1972.2500 出场:1972.2500 | PnL:0.00% (+0.00USDT) | 平100%仓 | ❌ 平仓失败
[2026-07-28 10:54:19] ✅ 平仓 ETH 迷你仓修复 | 入场:1972.2500 出场:1972.2500 | PnL:0.00% (+0.00USDT) | 平100%仓 | ❌ 平仓失败
[2026-07-28 11:00:46] 
==================================================
📊 整点汇报 2026-07-28 11:00
恐惧贪婪指数: 29 (恐惧)
今日PnL: -3.21 USDT (-3.2%)
持仓数: 3/4
  🔴 XRP SHORT @1.0609 现价:1.0569 PnL:+0.75U (+0.38%)
  🔴 LINK SHORT @8.6190 现价:8.3210 PnL:+6.91U (+3.46%)
  🔴 BNB SHORT @568.9800 现价:565.6000 PnL:+1.18U (+0.59%)
  BTC: 63159.1000 (-3.06%)
  ETH: 1875.4600 (-3.45%)
  SOL: 73.3400 (-3.99%)
  BNB: 565.6000 (-1.34%)
  DOT: 0.7612 (-6.80%)
  LINK: 8.3210 (-4.74%)
  XRP: 1.0569 (-4.37%)
==================================================
[2026-07-28 11:01:49] ✅ 平仓 ETH 迷你仓修复 | 入场:1972.2500 出场:1972.2500 | PnL:0.00% (+0.00USDT) | 平100%仓 | ❌ 平仓失败
[2026-07-28 11:09:00] ✅ 平仓 ETH 迷你仓修复 | 入场:1972.2500 出场:1972.2500 | PnL:0.00% (+0.00USDT) | 平100%仓 | ❌ 平仓失败
[2026-07-28 11:16:32] ✅ 平仓 ETH 迷你仓修复 | 入场:1972.2500 出场:1972.2500 | PnL:0.00% (+0.00USDT) | 平100%仓 | ❌ 平仓失败
[2026-07-28 11:24:18] ✅ 平仓 ETH 迷你仓修复 | 入场:1972.2500 出场:1972.2500 | PnL:0.00% (+0.00USDT) | 平100%仓 | ❌ 平仓失败
[2026-07-28 11:31:46] ✅ 平仓 ETH 迷你仓修复 | 入场:1972.2500 出场:1972.2500 | PnL:0.00% (+0.00USDT) | 平100%仓 | ❌ 平仓失败
[2026-07-28 11:39:11] ✅ 平仓 ETH 迷你仓修复 | 入场:1972.2500 出场:1972.2500 | PnL:0.00% (+0.00USDT) | 平100%仓 | ❌ 平仓失败
[2026-07-28 11:49:09] ✅ 平仓 ETH 迷你仓修复 | 入场:1972.2500 出场:1972.2500 | PnL:0.00% (+0.00USDT) | 平100%仓 | ❌ 平仓失败
[2026-07-28 11:58:16] ✅ 平仓 ETH 迷你仓修复 | 入场:1972.2500 出场:1972.2500 | PnL:0.00% (+0.00USDT) | 平100%仓 | ❌ 平仓失败
[2026-07-28 12:00:19] 
==================================================
📊 整点汇报 2026-07-28 12:00
恐惧贪婪指数: 29 (恐惧)
今日PnL: -3.21 USDT (-3.2%)
持仓数: 3/4
  🔴 XRP SHORT @1.0609 现价:1.0573 PnL:+0.68U (+0.34%)
  🔴 LINK SHORT @8.6190 现价:8.3280 PnL:+6.75U (+3.38%)
  🔴 BNB SHORT @568.9800 现价:566.7200 PnL:+0.79U (+0.40%)
  BTC: 63295.1000 (-3.01%)
  ETH: 1879.7700 (-3.53%)
  SOL: 73.2000 (-4.15%)
  BNB: 566.7200 (-1.23%)
  DOT: 0.7605 (-6.88%)
  LINK: 8.3280 (-5.07%)
  XRP: 1.0573 (-4.52%)
==================================================
[2026-07-28 12:08:39] ✅ 平仓 ETH 迷你仓修复 | 入场:1972.2500 出场:1972.2500 | PnL:0.00% (+0.00USDT) | 平100%仓 | ❌ 平仓失败
[2026-07-28 12:16:42] ✅ 平仓 ETH 迷你仓修复 | 入场:1972.2500 出场:1972.2500 | PnL:0.00% (+0.00USDT) | 平100%仓 | ❌ 平仓失败
[2026-07-28 12:24:27] ✅ 平仓 ETH 迷你仓修复 | 入场:1972.2500 出场:1972.2500 | PnL:0.00% (+0.00USDT) | 平100%仓 | ❌ 平仓失败
[2026-07-28 12:32:21] ✅ 平仓 ETH 迷你仓修复 | 入场:1972.2500 出场:1972.2500 | PnL:0.00% (+0.00USDT) | 平100%仓 | ❌ 平仓失败
[2026-07-28 12:40:23] ✅ 平仓 ETH 迷你仓修复 | 入场:1972.2500 出场:1972.2500 | PnL:0.00% (+0.00USDT) | 平100%仓 | ❌ 平仓失败
[2026-07-28 12:48:30] ✅ 平仓 ETH 迷你仓修复 | 入场:1972.2500 出场:1972.2500 | PnL:0.00% (+0.00USDT) | 平100%仓 | ❌ 平仓失败
[2026-07-28 12:57:19] ✅ 平仓 ETH 迷你仓修复 | 入场:1972.2500 出场:1972.2500 | PnL:0.00% (+0.00USDT) | 平100%仓 | ❌ 平仓失败
[2026-07-28 13:00:42] 
==================================================
📊 整点汇报 2026-07-28 13:00
恐惧贪婪指数: 29 (恐惧)
今日PnL: -3.21 USDT (-3.2%)
持仓数: 3/4
  🔴 XRP SHORT @1.0609 现价:1.0558 PnL:+0.96U (+0.48%)
  🔴 LINK SHORT @8.6190 现价:8.3430 PnL:+6.40U (+3.20%)
  🔴 BNB SHORT @568.9800 现价:565.2800 PnL:+1.30U (+0.65%)
  BTC: 63307.7000 (-3.04%)
  ETH: 1878.0000 (-3.82%)
  SOL: 73.1400 (-4.12%)
  BNB: 565.2800 (-1.52%)
  DOT: 0.7612 (-6.57%)
  LINK: 8.3430 (-4.87%)
  XRP: 1.0558 (-4.52%)
==================================================
[2026-07-28 13:05:42] ✅ 平仓 ETH 迷你仓修复 | 入场:1972.2500 出场:1972.2500 | PnL:0.00% (+0.00USDT) | 平100%仓 | ❌ 平仓失败
[2026-07-28 13:14:50] ✅ 平仓 ETH 迷你仓修复 | 入场:1972.2500 出场:1972.2500 | PnL:0.00% (+0.00USDT) | 平100%仓 | ❌ 平仓失败
[2026-07-28 13:23:24] ✅ 平仓 ETH 迷你仓修复 | 入场:1972.2500 出场:1972.2500 | PnL:0.00% (+0.00USDT) | 平100%仓 | ❌ 平仓失败
[2026-07-28 13:32:17] ✅ 平仓 ETH 迷你仓修复 | 入场:1972.2500 出场:1972.2500 | PnL:0.00% (+0.00USDT) | 平100%仓 | ❌ 平仓失败
[2026-07-28 13:41:07] ✅ 平仓 ETH 迷你仓修复 | 入场:1972.2500 出场:1972.2500 | PnL:0.00% (+0.00USDT) | 平100%仓 | ❌ 平仓失败
[2026-07-28 13:50:52] ✅ 平仓 ETH 迷你仓修复 | 入场:1972.2500 出场:1972.2500 | PnL:0.00% (+0.00USDT) | 平100%仓 | ❌ 平仓失败
[2026-07-28 14:00:49] ✅ 平仓 ETH 迷你仓修复 | 入场:1972.2500 出场:1972.2500 | PnL:0.00% (+0.00USDT) | 平100%仓 | ❌ 平仓失败
[2026-07-28 14:01:41] 
==================================================
📊 整点汇报 2026-07-28 14:01
恐惧贪婪指数: 29 (恐惧)
今日PnL: -3.21 USDT (-3.2%)
持仓数: 3/4
  🔴 XRP SHORT @1.0609 现价:1.0573 PnL:+0.68U (+0.34%)
  🔴 LINK SHORT @8.6190 现价:8.3420 PnL:+6.43U (+3.21%)
  🔴 BNB SHORT @568.9800 现价:566.0900 PnL:+1.01U (+0.51%)
  BTC: 63447.4000 (-3.04%)
  ETH: 1882.8300 (-4.12%)
  SOL: 73.2900 (-4.25%)
  BNB: 566.0900 (-1.71%)
  DOT: 0.7695 (-5.71%)
  LINK: 8.3420 (-5.74%)
  XRP: 1.0573 (-4.71%)
==================================================
[2026-07-28 14:10:00] ✅ 平仓 ETH 迷你仓修复 | 入场:1972.2500 出场:1972.2500 | PnL:0.00% (+0.00USDT) | 平100%仓 | ❌ 平仓失败
[2026-07-28 14:19:31] ✅ 平仓 ETH 迷你仓修复 | 入场:1972.2500 出场:1972.2500 | PnL:0.00% (+0.00USDT) | 平100%仓 | ❌ 平仓失败
[2026-07-28 14:29:45] ✅ 平仓 ETH 迷你仓修复 | 入场:1972.2500 出场:1972.2500 | PnL:0.00% (+0.00USDT) | 平100%仓 | ❌ 平仓失败
[2026-07-28 14:38:51] ✅ 平仓 ETH 迷你仓修复 | 入场:1972.2500 出场:1972.2500 | PnL:0.00% (+0.00USDT) | 平100%仓 | ❌ 平仓失败
[2026-07-28 14:47:09] ✅ 平仓 ETH 迷你仓修复 | 入场:1972.2500 出场:1972.2500 | PnL:0.00% (+0.00USDT) | 平100%仓 | ❌ 平仓失败
[2026-07-28 14:55:13] ✅ 平仓 ETH 迷你仓修复 | 入场:1972.2500 出场:1972.2500 | PnL:0.00% (+0.00USDT) | 平100%仓 | ❌ 平仓失败
[2026-07-28 15:00:11] 
==================================================
📊 整点汇报 2026-07-28 15:00
恐惧贪婪指数: 29 (恐惧)
今日PnL: -3.21 USDT (-3.2%)
持仓数: 3/4
  🔴 XRP SHORT @1.0609 现价:1.0596 PnL:+0.25U (+0.12%)
  🔴 LINK SHORT @8.6190 现价:8.3440 PnL:+6.38U (+3.19%)
  🔴 BNB SHORT @568.9800 现价:565.6100 PnL:+1.18U (+0.59%)
  BTC: 63588.5000 (-2.78%)
  ETH: 1886.3700 (-4.18%)
  SOL: 73.3700 (-4.33%)
  BNB: 565.6100 (-1.70%)
  DOT: 0.7640 (-6.48%)
  LINK: 8.3440 (-5.70%)
  XRP: 1.0596 (-4.62%)
==================================================
[2026-07-28 15:03:30] ✅ 平仓 ETH 迷你仓修复 | 入场:1972.2500 出场:1972.2500 | PnL:0.00% (+0.00USDT) | 平100%仓 | ❌ 平仓失败
[2026-07-28 15:12:15] ✅ 平仓 ETH 迷你仓修复 | 入场:1972.2500 出场:1972.2500 | PnL:0.00% (+0.00USDT) | 平100%仓 | ❌ 平仓失败
[2026-07-28 15:20:35] ✅ 平仓 ETH 迷你仓修复 | 入场:1972.2500 出场:1972.2500 | PnL:0.00% (+0.00USDT) | 平100%仓 | ❌ 平仓失败
[2026-07-28 15:28:56] ✅ 平仓 ETH 迷你仓修复 | 入场:1972.2500 出场:1972.2500 | PnL:0.00% (+0.00USDT) | 平100%仓 | ❌ 平仓失败
[2026-07-28 15:37:30] ✅ 平仓 ETH 迷你仓修复 | 入场:1972.2500 出场:1972.2500 | PnL:0.00% (+0.00USDT) | 平100%仓 | ❌ 平仓失败
[2026-07-28 15:47:21] ✅ 平仓 ETH 迷你仓修复 | 入场:1972.2500 出场:1972.2500 | PnL:0.00% (+0.00USDT) | 平100%仓 | ❌ 平仓失败
[2026-07-28 15:55:39] ✅ 平仓 ETH 迷你仓修复 | 入场:1972.2500 出场:1972.2500 | PnL:0.00% (+0.00USDT) | 平100%仓 | ❌ 平仓失败
[2026-07-28 16:00:35] 
==================================================
📊 整点汇报 2026-07-28 16:00
恐惧贪婪指数: 29 (恐惧)
今日PnL: -3.21 USDT (-3.2%)
持仓数: 3/4
  🔴 XRP SHORT @1.0609 现价:1.0553 PnL:+1.06U (+0.53%)
  🔴 LINK SHORT @8.6190 现价:8.3130 PnL:+7.10U (+3.55%)
  🔴 BNB SHORT @568.9800 现价:565.9500 PnL:+1.06U (+0.53%)
  BTC: 63476.8000 (-2.69%)
  ETH: 1882.5900 (-4.15%)
  SOL: 73.2500 (-4.22%)
  BNB: 565.9500 (-1.55%)
  DOT: 0.7580 (-6.99%)
  LINK: 8.3130 (-5.67%)
  XRP: 1.0553 (-4.74%)
==================================================
[2026-07-28 16:03:59] ✅ 平仓 ETH 迷你仓修复 | 入场:1972.2500 出场:1972.2500 | PnL:0.00% (+0.00USDT) | 平100%仓 | ❌ 平仓失败
[2026-07-28 16:12:16] ✅ 平仓 ETH 迷你仓修复 | 入场:1972.2500 出场:1972.2500 | PnL:0.00% (+0.00USDT) | 平100%仓 | ❌ 平仓失败
[2026-07-28 16:20:38] ✅ 平仓 ETH 迷你仓修复 | 入场:1972.2500 出场:1972.2500 | PnL:0.00% (+0.00USDT) | 平100%仓 | ❌ 平仓失败
[2026-07-28 16:28:50] ✅ 平仓 ETH 迷你仓修复 | 入场:1972.2500 出场:1972.2500 | PnL:0.00% (+0.00USDT) | 平100%仓 | ❌ 平仓失败
[2026-07-28 16:37:04] ✅ 平仓 ETH 迷你仓修复 | 入场:1972.2500 出场:1972.2500 | PnL:0.00% (+0.00USDT) | 平100%仓 | ❌ 平仓失败
[2026-07-28 16:46:02] ✅ 平仓 ETH 迷你仓修复 | 入场:1972.2500 出场:1972.2500 | PnL:0.00% (+0.00USDT) | 平100%仓 | ❌ 平仓失败
[2026-07-28 16:54:26] ✅ 平仓 ETH 迷你仓修复 | 入场:1972.2500 出场:1972.2500 | PnL:0.00% (+0.00USDT) | 平100%仓 | ❌ 平仓失败
[2026-07-28 17:00:12] 
==================================================
📊 整点汇报 2026-07-28 17:00
恐惧贪婪指数: 29 (恐惧)
今日PnL: -3.21 USDT (-3.2%)
持仓数: 3/4
  🔴 XRP SHORT @1.0609 现价:1.0559 PnL:+0.94U (+0.47%)
  🔴 LINK SHORT @8.6190 现价:8.3180 PnL:+6.98U (+3.49%)
  🔴 BNB SHORT @568.9800 现价:565.7700 PnL:+1.12U (+0.56%)
  BTC: 63406.1000 (-2.70%)
  ETH: 1883.3200 (-4.18%)
  SOL: 73.3200 (-3.88%)
  BNB: 565.7700 (-1.43%)
  DOT: 0.7606 (-5.97%)
  LINK: 8.3180 (-5.50%)
  XRP: 1.0559 (-4.59%)
==================================================
[2026-07-28 17:03:08] ✅ 平仓 ETH 迷你仓修复 | 入场:1972.2500 出场:1972.2500 | PnL:0.00% (+0.00USDT) | 平100%仓 | ❌ 平仓失败
[2026-07-28 17:11:53] ✅ 平仓 ETH 迷你仓修复 | 入场:1972.2500 出场:1972.2500 | PnL:0.00% (+0.00USDT) | 平100%仓 | ❌ 平仓失败
[2026-07-28 17:23:45] ✅ 平仓 ETH 迷你仓修复 | 入场:1972.2500 出场:1972.2500 | PnL:0.00% (+0.00USDT) | 平100%仓 | ❌ 平仓失败
[2026-07-28 17:34:02] ✅ 平仓 ETH 迷你仓修复 | 入场:1972.2500 出场:1972.2500 | PnL:0.00% (+0.00USDT) | 平100%仓 | ❌ 平仓失败
[2026-07-28 17:42:39] ✅ 平仓 ETH 迷你仓修复 | 入场:1972.2500 出场:1972.2500 | PnL:0.00% (+0.00USDT) | 平100%仓 | ❌ 平仓失败
[2026-07-28 17:51:07] ✅ 平仓 ETH 迷你仓修复 | 入场:1972.2500 出场:1972.2500 | PnL:0.00% (+0.00USDT) | 平100%仓 | ❌ 平仓失败
[2026-07-28 17:58:42] ✅ 平仓 ETH 迷你仓修复 | 入场:1972.2500 出场:1972.2500 | PnL:0.00% (+0.00USDT) | 平100%仓 | ❌ 平仓失败
[2026-07-28 18:00:32] 
==================================================
📊 整点汇报 2026-07-28 18:00
恐惧贪婪指数: 29 (恐惧)
今日PnL: -3.21 USDT (-3.2%)
持仓数: 3/4
  🔴 XRP SHORT @1.0609 现价:1.0558 PnL:+0.96U (+0.48%)
  🔴 LINK SHORT @8.6190 现价:8.2990 PnL:+7.42U (+3.71%)
  🔴 BNB SHORT @568.9800 现价:566.2900 PnL:+0.94U (+0.47%)
  BTC: 63369.8000 (-2.88%)
  ETH: 1874.9100 (-4.56%)
  SOL: 73.2100 (-4.26%)
  BNB: 566.2900 (-1.15%)
  DOT: 0.7637 (-5.69%)
  LINK: 8.2990 (-5.64%)
  XRP: 1.0558 (-4.68%)
==================================================
[2026-07-28 18:06:25] ✅ 平仓 ETH 迷你仓修复 | 入场:1972.2500 出场:1972.2500 | PnL:0.00% (+0.00USDT) | 平100%仓 | ❌ 平仓失败
[2026-07-28 18:14:01] ✅ 平仓 ETH 迷你仓修复 | 入场:1972.2500 出场:1972.2500 | PnL:0.00% (+0.00USDT) | 平100%仓 | ❌ 平仓失败
[2026-07-28 18:21:46] ✅ 平仓 ETH 迷你仓修复 | 入场:1972.2500 出场:1972.2500 | PnL:0.00% (+0.00USDT) | 平100%仓 | ❌ 平仓失败
[2026-07-28 18:29:17] ✅ 平仓 ETH 迷你仓修复 | 入场:1972.2500 出场:1972.2500 | PnL:0.00% (+0.00USDT) | 平100%仓 | ❌ 平仓失败
[2026-07-28 18:36:55] ✅ 平仓 ETH 迷你仓修复 | 入场:1972.2500 出场:1972.2500 | PnL:0.00% (+0.00USDT) | 平100%仓 | ❌ 平仓失败
[2026-07-28 18:44:28] ✅ 平仓 ETH 迷你仓修复 | 入场:1972.2500 出场:1972.2500 | PnL:0.00% (+0.00USDT) | 平100%仓 | ❌ 平仓失败
[2026-07-28 18:51:58] ✅ 平仓 ETH 迷你仓修复 | 入场:1972.2500 出场:1972.2500 | PnL:0.00% (+0.00USDT) | 平100%仓 | ❌ 平仓失败
[2026-07-28 18:59:37] ✅ 平仓 ETH 迷你仓修复 | 入场:1972.2500 出场:1972.2500 | PnL:0.00% (+0.00USDT) | 平100%仓 | ❌ 平仓失败
[2026-07-28 19:00:17] 
==================================================
📊 整点汇报 2026-07-28 19:00
恐惧贪婪指数: 29 (恐惧)
今日PnL: -3.21 USDT (-3.2%)
持仓数: 3/4
  🔴 XRP SHORT @1.0609 现价:1.0556 PnL:+1.00U (+0.50%)
  🔴 LINK SHORT @8.6190 现价:8.3050 PnL:+7.28U (+3.64%)
  🔴 BNB SHORT @568.9800 现价:566.3300 PnL:+0.93U (+0.47%)
  BTC: 63474.7000 (-2.85%)
  ETH: 1878.7300 (-4.47%)
  SOL: 73.1600 (-4.45%)
  BNB: 566.3300 (-1.31%)
  DOT: 0.7613 (-6.16%)
  LINK: 8.3050 (-5.58%)
  XRP: 1.0556 (-4.69%)
==================================================
[2026-07-28 19:14:44] ✅ 平仓 ETH 迷你仓修复 | 入场:1972.2500 出场:1972.2500 | PnL:0.00% (+0.00USDT) | 平100%仓 | ❌ 平仓失败
[2026-07-28 19:22:33] ✅ 平仓 ETH 迷你仓修复 | 入场:1972.2500 出场:1972.2500 | PnL:0.00% (+0.00USDT) | 平100%仓 | ❌ 平仓失败
[2026-07-28 19:30:45] ✅ 平仓 ETH 迷你仓修复 | 入场:1972.2500 出场:1972.2500 | PnL:0.00% (+0.00USDT) | 平100%仓 | ❌ 平仓失败
[2026-07-28 19:38:51] ✅ 平仓 ETH 迷你仓修复 | 入场:1972.2500 出场:1972.2500 | PnL:0.00% (+0.00USDT) | 平100%仓 | ❌ 平仓失败
[2026-07-28 19:47:00] ✅ 平仓 ETH 迷你仓修复 | 入场:1972.2500 出场:1972.2500 | PnL:0.00% (+0.00USDT) | 平100%仓 | ❌ 平仓失败
[2026-07-28 19:54:46] ✅ 平仓 ETH 迷你仓修复 | 入场:1972.2500 出场:1972.2500 | PnL:0.00% (+0.00USDT) | 平100%仓 | ❌ 平仓失败
[2026-07-28 20:00:13] 
==================================================
📊 整点汇报 2026-07-28 20:00
恐惧贪婪指数: 29 (恐惧)
今日PnL: -3.21 USDT (-3.2%)
持仓数: 3/4
  🔴 XRP SHORT @1.0609 现价:1.0497 PnL:+2.11U (+1.06%)
  🔴 LINK SHORT @8.6190 现价:8.2900 PnL:+7.63U (+3.82%)
  🔴 BNB SHORT @568.9800 现价:567.3500 PnL:+0.57U (+0.29%)
  BTC: 63439.7000 (-2.55%)
  ETH: 1876.9600 (-4.19%)
  SOL: 73.1600 (-4.33%)
  BNB: 567.3500 (-1.02%)
  DOT: 0.7590 (-5.90%)
  LINK: 8.2900 (-5.28%)
  XRP: 1.0497 (-4.99%)
==================================================
[2026-07-28 20:02:20] ✅ 平仓 ETH 迷你仓修复 | 入场:1972.2500 出场:1972.2500 | PnL:0.00% (+0.00USDT) | 平100%仓 | ❌ 平仓失败
[2026-07-28 20:10:21] ✅ 平仓 ETH 迷你仓修复 | 入场:1972.2500 出场:1972.2500 | PnL:0.00% (+0.00USDT) | 平100%仓 | ❌ 平仓失败
[2026-07-28 20:18:19] ✅ 平仓 ETH 迷你仓修复 | 入场:1972.2500 出场:1972.2500 | PnL:0.00% (+0.00USDT) | 平100%仓 | ❌ 平仓失败
[2026-07-28 20:26:26] ✅ 平仓 ETH 迷你仓修复 | 入场:1972.2500 出场:1972.2500 | PnL:0.00% (+0.00USDT) | 平100%仓 | ❌ 平仓失败
[2026-07-28 20:34:53] ✅ 平仓 ETH 迷你仓修复 | 入场:1972.2500 出场:1972.2500 | PnL:0.00% (+0.00USDT) | 平100%仓 | ❌ 平仓失败
[2026-07-28 20:43:15] ✅ 平仓 ETH 迷你仓修复 | 入场:1972.2500 出场:1972.2500 | PnL:0.00% (+0.00USDT) | 平100%仓 | ❌ 平仓失败
[2026-07-28 20:51:34] ✅ 平仓 ETH 迷你仓修复 | 入场:1972.2500 出场:1972.2500 | PnL:0.00% (+0.00USDT) | 平100%仓 | ❌ 平仓失败
[2026-07-28 21:00:27] ✅ 平仓 ETH 迷你仓修复 | 入场:1972.2500 出场:1972.2500 | PnL:0.00% (+0.00USDT) | 平100%仓 | ❌ 平仓失败
[2026-07-28 21:01:05] 
==================================================
📊 整点汇报 2026-07-28 21:00
恐惧贪婪指数: 29 (恐惧)
今日PnL: -3.21 USDT (-3.2%)
持仓数: 3/4
  🔴 XRP SHORT @1.0609 现价:1.0536 PnL:+1.38U (+0.69%)
  🔴 LINK SHORT @8.6190 现价:8.3320 PnL:+6.66U (+3.33%)
  🔴 BNB SHORT @568.9800 现价:568.9400 PnL:+0.01U (+0.01%)
  BTC: 63530.0000 (-2.41%)
  ETH: 1891.4500 (-3.30%)
  SOL: 73.3700 (-4.53%)
  BNB: 568.9400 (-0.83%)
  DOT: 0.7624 (-5.61%)
  LINK: 8.3320 (-4.75%)
  XRP: 1.0536 (-4.59%)
==================================================
[2026-07-28 21:09:20] ✅ 平仓 ETH 迷你仓修复 | 入场:1972.2500 出场:1972.2500 | PnL:0.00% (+0.00USDT) | 平100%仓 | ❌ 平仓失败
[2026-07-28 21:18:43] ✅ 平仓 ETH 迷你仓修复 | 入场:1972.2500 出场:1972.2500 | PnL:0.00% (+0.00USDT) | 平100%仓 | ❌ 平仓失败
[2026-07-28 21:27:39] ✅ 平仓 ETH 迷你仓修复 | 入场:1972.2500 出场:1972.2500 | PnL:0.00% (+0.00USDT) | 平100%仓 | ❌ 平仓失败
[2026-07-28 21:36:46] ✅ 平仓 ETH 迷你仓修复 | 入场:1972.2500 出场:1972.2500 | PnL:0.00% (+0.00USDT) | 平100%仓 | ❌ 平仓失败
[2026-07-28 21:37:32] 🔴 开空 LINK @8.286 | 评分:85 | 状态:ranging | AI:做空(0.65%) | ✅ 下单成功
[2026-07-28 21:45:40] ✅ 平仓 ETH 迷你仓修复 | 入场:1972.2500 出场:1972.2500 | PnL:0.00% (+0.00USDT) | 平100%仓 | ❌ 平仓失败
[2026-07-28 21:54:34] ✅ 平仓 ETH 迷你仓修复 | 入场:1972.2500 出场:1972.2500 | PnL:0.00% (+0.00USDT) | 平100%仓 | ❌ 平仓失败
[2026-07-28 22:00:14] 
==================================================
📊 整点汇报 2026-07-28 22:00
恐惧贪婪指数: 29 (恐惧)
今日PnL: +3.26 USDT (+3.3%)
持仓数: 3/4
  🔴 XRP SHORT @1.0609 现价:1.0501 PnL:+2.04U (+1.02%)
  🔴 LINK SHORT @8.2660 现价:8.2320 PnL:+0.82U (+0.41%)
  🔴 BNB SHORT @568.9800 现价:565.7300 PnL:+1.14U (+0.57%)
  BTC: 63055.5000 (-3.42%)
  ETH: 1872.5500 (-4.52%)
  SOL: 72.6500 (-5.46%)
  BNB: 565.7300 (-1.64%)
  DOT: 0.7559 (-6.23%)
  LINK: 8.2320 (-6.04%)
  XRP: 1.0501 (-5.12%)
==================================================
[2026-07-28 22:03:41] ✅ 平仓 ETH 迷你仓修复 | 入场:1972.2500 出场:1972.2500 | PnL:0.00% (+0.00USDT) | 平100%仓 | ❌ 平仓失败
[2026-07-28 22:12:42] ✅ 平仓 ETH 迷你仓修复 | 入场:1972.2500 出场:1972.2500 | PnL:0.00% (+0.00USDT) | 平100%仓 | ❌ 平仓失败
[2026-07-28 22:21:47] ✅ 平仓 ETH 迷你仓修复 | 入场:1972.2500 出场:1972.2500 | PnL:0.00% (+0.00USDT) | 平100%仓 | ❌ 平仓失败
[2026-07-28 22:31:01] ✅ 平仓 ETH 迷你仓修复 | 入场:1972.2500 出场:1972.2500 | PnL:0.00% (+0.00USDT) | 平100%仓 | ❌ 平仓失败
[2026-07-28 22:40:00] ✅ 平仓 ETH 迷你仓修复 | 入场:1972.2500 出场:1972.2500 | PnL:0.00% (+0.00USDT) | 平100%仓 | ❌ 平仓失败
[2026-07-28 22:49:00] ✅ 平仓 ETH 迷你仓修复 | 入场:1972.2500 出场:1972.2500 | PnL:0.00% (+0.00USDT) | 平100%仓 | ❌ 平仓失败
[2026-07-28 22:58:16] ✅ 平仓 ETH 迷你仓修复 | 入场:1972.2500 出场:1972.2500 | PnL:0.00% (+0.00USDT) | 平100%仓 | ❌ 平仓失败
[2026-07-28 23:00:11] 
==================================================
📊 整点汇报 2026-07-28 23:00
恐惧贪婪指数: 29 (恐惧)
今日PnL: +3.26 USDT (+3.3%)
持仓数: 3/4
  🔴 XRP SHORT @1.0609 现价:1.0536 PnL:+1.38U (+0.69%)
  🔴 LINK SHORT @8.2660 现价:8.2900 PnL:-0.58U (-0.29%)
  🔴 BNB SHORT @568.9800 现价:568.8700 PnL:+0.04U (+0.02%)
  BTC: 63404.5000 (-1.94%)
  ETH: 1887.6500 (-2.22%)
  SOL: 73.3600 (-2.73%)
  BNB: 568.8700 (+0.18%)
  DOT: 0.7552 (-4.72%)
  LINK: 8.2900 (-3.53%)
  XRP: 1.0536 (-3.27%)
==================================================
[2026-07-28 23:07:36] ✅ 平仓 ETH 迷你仓修复 | 入场:1972.2500 出场:1972.2500 | PnL:0.00% (+0.00USDT) | 平100%仓 | ❌ 平仓失败
[2026-07-28 23:17:04] ✅ 平仓 ETH 迷你仓修复 | 入场:1972.2500 出场:1972.2500 | PnL:0.00% (+0.00USDT) | 平100%仓 | ❌ 平仓失败
[2026-07-28 23:26:18] ✅ 平仓 ETH 迷你仓修复 | 入场:1972.2500 出场:1972.2500 | PnL:0.00% (+0.00USDT) | 平100%仓 | ❌ 平仓失败
[2026-07-28 23:36:07] ✅ 平仓 ETH 迷你仓修复 | 入场:1972.2500 出场:1972.2500 | PnL:0.00% (+0.00USDT) | 平100%仓 | ❌ 平仓失败
[2026-07-28 23:46:18] ✅ 平仓 ETH 迷你仓修复 | 入场:1972.2500 出场:1972.2500 | PnL:0.00% (+0.00USDT) | 平100%仓 | ❌ 平仓失败
[2026-07-28 23:57:43] ✅ 平仓 ETH 迷你仓修复 | 入场:1972.2500 出场:1972.2500 | PnL:0.00% (+0.00USDT) | 平100%仓 | ❌ 平仓失败
