[2026-06-11 00:01:23] 
==================================================
📊 整点汇报 2026-06-11 00:00
恐惧贪婪指数: 9 (极度恐惧)
今日PnL: +0.00 USDT (+0.0%)
持仓数: 3/4
  🟢 SOL LONG @65.0900 现价:65.3600 PnL:+0.83U (+0.41%)
  🔴 LINK SHORT @7.7605 现价:7.8010 PnL:-1.04U (-0.52%)
  🔴 BTC SHORT @61678.7000 现价:62649.7000 PnL:-2.91U (-1.57%)
  BTC: 62649.7000 (+2.46%)
  ETH: 1655.8500 (+1.22%)
  SOL: 65.3600 (+1.41%)
  BNB: 596.9800 (+1.72%)
  DOT: 0.9500 (+0.85%)
  LINK: 7.8010 (+0.83%)
  XRP: 1.1273 (+0.04%)
==================================================
[2026-06-11 01:05:17] 
==================================================
📊 整点汇报 2026-06-11 01:03
恐惧贪婪指数: 50 (中性)
今日PnL: +0.00 USDT (+0.0%)
持仓数: 0/4
  BTC: 62407.9000 (+2.18%)
  ETH: 1651.9100 (+1.34%)
  SOL: 65.1500 (+1.69%)
  BNB: 595.3900 (+1.46%)
  DOT: 0.9460 (+0.64%)
  LINK: 7.7740 (+0.94%)
  XRP: 1.1237 (+0.00%)
==================================================
[2026-06-11 02:04:22] 
==================================================
📊 整点汇报 2026-06-11 02:02
恐惧贪婪指数: 50 (中性)
今日PnL: +0.00 USDT (+0.0%)
持仓数: 0/4
  BTC: 62407.9000 (+2.18%)
  ETH: 1651.9100 (+1.34%)
  SOL: 65.1500 (+1.69%)
  BNB: 595.3900 (+1.46%)
  DOT: 0.9460 (+0.64%)
  LINK: 7.7740 (+0.94%)
  XRP: 1.1237 (+0.00%)
==================================================
[2026-06-11 03:02:48] 
==================================================
📊 整点汇报 2026-06-11 03:01
恐惧贪婪指数: 50 (中性)
今日PnL: +0.00 USDT (+0.0%)
持仓数: 0/4
  BTC: 62407.9000 (+2.18%)
  ETH: 1651.9100 (+1.34%)
  SOL: 65.1500 (+1.69%)
  BNB: 595.3900 (+1.46%)
  DOT: 0.9460 (+0.64%)
  LINK: 7.7740 (+0.94%)
  XRP: 1.1237 (+0.00%)
==================================================
[2026-06-11 04:01:33] 
==================================================
📊 整点汇报 2026-06-11 04:00
恐惧贪婪指数: 50 (中性)
今日PnL: +0.00 USDT (+0.0%)
持仓数: 0/4
  BTC: 62407.9000 (+2.18%)
  ETH: 1651.9100 (+1.34%)
  SOL: 65.1500 (+1.69%)
  BNB: 595.3900 (+1.46%)
  DOT: 0.9460 (+0.64%)
  LINK: 7.7740 (+0.94%)
  XRP: 1.1237 (+0.00%)
==================================================
[2026-06-11 05:06:03] 
==================================================
📊 整点汇报 2026-06-11 05:04
恐惧贪婪指数: 50 (中性)
今日PnL: +0.00 USDT (+0.0%)
持仓数: 0/4
  BTC: 62407.9000 (+2.18%)
  ETH: 1651.9100 (+1.34%)
  SOL: 65.1500 (+1.69%)
  BNB: 595.3900 (+1.46%)
  DOT: 0.9460 (+0.64%)
  LINK: 7.7740 (+0.94%)
  XRP: 1.1237 (+0.00%)
==================================================
[2026-06-11 06:04:59] 
==================================================
📊 整点汇报 2026-06-11 06:03
恐惧贪婪指数: 50 (中性)
今日PnL: +0.00 USDT (+0.0%)
持仓数: 0/4
  BTC: 62407.9000 (+2.18%)
  ETH: 1651.9100 (+1.34%)
  SOL: 65.1500 (+1.69%)
  BNB: 595.3900 (+1.46%)
  DOT: 0.9460 (+0.64%)
  LINK: 7.7740 (+0.94%)
  XRP: 1.1237 (+0.00%)
==================================================
[2026-06-11 07:04:05] 
==================================================
📊 整点汇报 2026-06-11 07:02
恐惧贪婪指数: 50 (中性)
今日PnL: +0.00 USDT (+0.0%)
持仓数: 0/4
  BTC: 62407.9000 (+2.18%)
  ETH: 1651.9100 (+1.34%)
  SOL: 65.1500 (+1.69%)
  BNB: 595.3900 (+1.46%)
  DOT: 0.9460 (+0.64%)
  LINK: 7.7740 (+0.94%)
  XRP: 1.1237 (+0.00%)
==================================================
[2026-06-11 07:48:16] ✅ 平仓 SOL 迷你仓修复 | 入场:65.0900 出场:65.0900 | PnL:0.00% (+0.00USDT) | 平100%仓 | ✅ 平仓成功
[2026-06-11 07:48:38] ❌ 平仓 SOL SL | 入场:65.0900 出场:63.1100 | PnL:-3.04% (-6.08USDT) | 平100%仓 | ✅ 平仓成功
[2026-06-11 07:49:05] ❌ 平仓 SOL SL | 入场:63.1300 出场:63.1100 | PnL:-0.03% (-0.05USDT) | 平100%仓 | ✅ 平仓成功
[2026-06-11 08:00:17] 
==================================================
📊 整点汇报 2026-06-11 08:00
恐惧贪婪指数: 9 (极度恐惧)
今日PnL: -5.56 USDT (-5.6%)
持仓数: 2/4
  🔴 LINK SHORT @7.7605 现价:7.5620 PnL:+5.12U (+2.56%)
  🔴 BTC SHORT @61678.7000 现价:61526.2000 PnL:+0.46U (+0.25%)
  BTC: 61526.2000 (-0.25%)
  ETH: 1620.8400 (-1.05%)
  SOL: 63.1700 (-2.56%)
  BNB: 586.9500 (-1.12%)
  DOT: 0.9160 (-4.28%)
  LINK: 7.5620 (-3.47%)
  XRP: 1.0971 (-3.49%)
==================================================
[2026-06-11 09:00:18] 
==================================================
📊 整点汇报 2026-06-11 09:00
恐惧贪婪指数: 12 (极度恐惧)
今日PnL: -1.56 USDT (-1.6%)
持仓数: 1/4
  🔴 BTC SHORT @61678.7000 现价:61830.2000 PnL:-0.45U (-0.25%)
  BTC: 61830.2000 (+0.04%)
  ETH: 1628.8800 (-0.88%)
  SOL: 63.6700 (-2.05%)
  BNB: 589.4800 (-0.67%)
  DOT: 0.9230 (-3.75%)
  LINK: 7.6160 (-3.03%)
  XRP: 1.1024 (-2.89%)
==================================================
[2026-06-11 09:29:21] 🟢 开多 LINK @7.669 | 评分:85 | 状态:trending | AI:做空(0.8%) | ✅ 下单成功
[2026-06-11 10:00:15] 
==================================================
📊 整点汇报 2026-06-11 10:00
恐惧贪婪指数: 12 (极度恐惧)
今日PnL: -1.56 USDT (-1.6%)
持仓数: 2/4
  🔴 BTC SHORT @61678.7000 现价:62201.7000 PnL:-1.57U (-0.85%)
  🟢 LINK LONG @7.6690 现价:7.6970 PnL:+0.73U (+0.37%)
  BTC: 62201.7000 (+0.81%)
  ETH: 1641.9000 (+0.27%)
  SOL: 64.8300 (-0.08%)
  BNB: 593.2500 (+0.20%)
  DOT: 0.9340 (-2.50%)
  LINK: 7.6970 (-1.31%)
  XRP: 1.1154 (-1.18%)
==================================================
[2026-06-11 11:00:08] 
==================================================
📊 整点汇报 2026-06-11 11:00
恐惧贪婪指数: 12 (极度恐惧)
今日PnL: -1.56 USDT (-1.6%)
持仓数: 2/4
  🔴 BTC SHORT @61678.7000 现价:62047.9000 PnL:-1.11U (-0.60%)
  🟢 LINK LONG @7.6690 现价:7.6470 PnL:-0.57U (-0.29%)
  BTC: 62047.9000 (+1.21%)
  ETH: 1640.8900 (+1.06%)
  SOL: 64.5300 (+0.37%)
  BNB: 592.0500 (+0.74%)
  DOT: 0.9280 (-1.90%)
  LINK: 7.6470 (-1.03%)
  XRP: 1.1091 (-0.78%)
==================================================
[2026-06-11 12:00:11] 
==================================================
📊 整点汇报 2026-06-11 12:00
恐惧贪婪指数: 12 (极度恐惧)
今日PnL: -1.56 USDT (-1.6%)
持仓数: 2/4
  🔴 BTC SHORT @61678.7000 现价:62667.9000 PnL:-2.97U (-1.60%)
  🟢 LINK LONG @7.6690 现价:7.8070 PnL:+3.60U (+1.80%)
  BTC: 62667.9000 (+1.88%)
  ETH: 1655.9300 (+1.65%)
  SOL: 65.3200 (+1.30%)
  BNB: 597.1100 (+1.51%)
  DOT: 0.9480 (-0.21%)
  LINK: 7.8070 (+0.79%)
  XRP: 1.1205 (+0.16%)
==================================================
[2026-06-11 13:00:47] 
==================================================
📊 整点汇报 2026-06-11 13:00
恐惧贪婪指数: 12 (极度恐惧)
今日PnL: -1.56 USDT (-1.6%)
持仓数: 2/4
  🔴 BTC SHORT @61678.7000 现价:62697.5000 PnL:-3.06U (-1.65%)
  🟢 LINK LONG @7.6690 现价:7.7880 PnL:+3.10U (+1.55%)
  BTC: 62697.5000 (+2.33%)
  ETH: 1655.8100 (+1.91%)
  SOL: 65.1300 (+1.40%)
  BNB: 595.2500 (+1.66%)
  DOT: 0.9480 (+0.53%)
  LINK: 7.7880 (+1.05%)
  XRP: 1.1188 (+0.33%)
==================================================
[2026-06-11 14:00:15] 
==================================================
📊 整点汇报 2026-06-11 14:00
恐惧贪婪指数: 12 (极度恐惧)
今日PnL: -1.56 USDT (-1.6%)
持仓数: 2/4
  🔴 BTC SHORT @61678.7000 现价:62595.4000 PnL:-2.75U (-1.49%)
  🟢 LINK LONG @7.6690 现价:7.7590 PnL:+2.35U (+1.17%)
  BTC: 62595.4000 (+2.13%)
  ETH: 1647.3600 (+1.23%)
  SOL: 64.9300 (+1.33%)
  BNB: 594.7000 (+1.44%)
  DOT: 0.9440 (+0.43%)
  LINK: 7.7590 (+0.84%)
  XRP: 1.1141 (+0.25%)
==================================================
[2026-06-11 14:40:11] ❌ 平仓 BTC SL | 入场:61678.7000 出场:62934.2000 | PnL:-2.04% (-3.77USDT) | 平100%仓 | ✅ 平仓成功
[2026-06-11 15:00:45] 
==================================================
📊 整点汇报 2026-06-11 15:00
恐惧贪婪指数: 12 (极度恐惧)
今日PnL: -5.34 USDT (-5.3%)
持仓数: 1/4
  🟢 LINK LONG @7.6690 现价:7.7610 PnL:+2.40U (+1.20%)
  BTC: 62737.0000 (+2.11%)
  ETH: 1653.9700 (+1.37%)
  SOL: 65.2400 (+1.42%)
  BNB: 596.5000 (+1.71%)
  DOT: 0.9450 (+0.32%)
  LINK: 7.7610 (+0.58%)
  XRP: 1.1140 (+0.23%)
==================================================
[2026-06-11 16:00:18] 
==================================================
📊 整点汇报 2026-06-11 16:00
恐惧贪婪指数: 12 (极度恐惧)
今日PnL: -5.34 USDT (-5.3%)
持仓数: 1/4
  🟢 LINK LONG @7.6690 现价:7.7680 PnL:+2.58U (+1.29%)
  BTC: 62691.8000 (+1.67%)
  ETH: 1654.0300 (+0.91%)
  SOL: 64.9900 (+0.49%)
  BNB: 598.3700 (+1.59%)
  DOT: 0.9480 (+0.00%)
  LINK: 7.7680 (-0.12%)
  XRP: 1.1147 (-0.14%)
==================================================
[2026-06-11 17:00:48] 
==================================================
📊 整点汇报 2026-06-11 17:00
恐惧贪婪指数: 12 (极度恐惧)
今日PnL: -5.34 USDT (-5.3%)
持仓数: 1/4
  🟢 LINK LONG @7.6690 现价:7.8250 PnL:+4.07U (+2.03%)
  BTC: 62909.9000 (+2.74%)
  ETH: 1658.8900 (+2.37%)
  SOL: 65.3000 (+2.71%)
  BNB: 601.4800 (+2.82%)
  DOT: 0.9540 (+1.92%)
  LINK: 7.8250 (+2.03%)
  XRP: 1.1209 (+0.00%)
==================================================
[2026-06-11 18:00:17] 
==================================================
📊 整点汇报 2026-06-11 18:00
恐惧贪婪指数: 12 (极度恐惧)
今日PnL: -5.34 USDT (-5.3%)
持仓数: 1/4
  🟢 LINK LONG @7.6690 现价:7.8000 PnL:+3.42U (+1.71%)
  BTC: 62889.9000 (+2.57%)
  ETH: 1658.4700 (+2.19%)
  SOL: 65.3700 (+2.77%)
  BNB: 600.8300 (+2.67%)
  DOT: 0.9460 (+0.96%)
  LINK: 7.8000 (+1.84%)
  XRP: 1.1170 (+0.74%)
==================================================
[2026-06-11 19:00:44] 
==================================================
📊 整点汇报 2026-06-11 19:00
恐惧贪婪指数: 12 (极度恐惧)
今日PnL: -5.34 USDT (-5.3%)
持仓数: 1/4
  🟢 LINK LONG @7.6690 现价:7.8200 PnL:+3.94U (+1.97%)
  BTC: 63171.4000 (+2.96%)
  ETH: 1658.5300 (+1.91%)
  SOL: 65.4600 (+2.86%)
  BNB: 600.1200 (+2.58%)
  DOT: 0.9480 (+1.07%)
  LINK: 7.8200 (+1.66%)
  XRP: 1.1210 (+0.96%)
==================================================
[2026-06-11 20:00:17] 
==================================================
📊 整点汇报 2026-06-11 20:00
恐惧贪婪指数: 12 (极度恐惧)
今日PnL: -5.34 USDT (-5.3%)
持仓数: 1/4
  🟢 LINK LONG @7.6690 现价:7.8530 PnL:+4.80U (+2.40%)
  BTC: 63091.7000 (+3.40%)
  ETH: 1665.8300 (+2.88%)
  SOL: 65.8300 (+3.69%)
  BNB: 601.2200 (+3.08%)
  DOT: 0.9540 (+2.69%)
  LINK: 7.8530 (+2.73%)
  XRP: 1.1223 (+1.63%)
==================================================
[2026-06-11 20:23:28] ✅ 平仓 LINK SL | 入场:7.6690 出场:7.7600 | PnL:1.19% (+2.37USDT) | 平100%仓 | ✅ 平仓成功
