[2026-07-17 00:00:35] 
==================================================
📊 整点汇报 2026-07-17 00:00
恐惧贪婪指数: 25 (恐惧)
今日PnL: +0.00 USDT (+0.0%)
持仓数: 4/4
  🟢 XRP LONG @1.1088 现价:1.1142 PnL:+0.97U (+0.49%)
  🔴 SOL SHORT @77.0822 现价:76.5800 PnL:+1.30U (+0.65%)
  🟢 BNB LONG @581.5100 现价:579.9600 PnL:-0.53U (-0.27%)
  🔴 LINK SHORT @8.4830 现价:8.4380 PnL:+1.06U (+0.53%)
  BTC: 64687.6000 (-1.08%)
  ETH: 1881.1200 (-2.60%)
  SOL: 76.5800 (-1.81%)
  BNB: 579.9600 (-0.30%)
  DOT: 0.8540 (-0.23%)
  LINK: 8.4380 (-1.30%)
  XRP: 1.1142 (-1.01%)
==================================================
[2026-07-17 01:03:37] 
==================================================
📊 整点汇报 2026-07-17 01:02
恐惧贪婪指数: 50 (中性)
今日PnL: +0.00 USDT (+0.0%)
持仓数: 0/4
  BTC: 64537.1000 (-0.91%)
  ETH: 1876.0900 (-2.25%)
  SOL: 76.2400 (-1.75%)
  BNB: 578.9300 (-0.11%)
  DOT: 0.8460 (-0.47%)
  LINK: 8.3930 (-1.25%)
  XRP: 1.1112 (-0.72%)
==================================================
[2026-07-17 02:02:58] 
==================================================
📊 整点汇报 2026-07-17 02:01
恐惧贪婪指数: 50 (中性)
今日PnL: +0.00 USDT (+0.0%)
持仓数: 0/4
  BTC: 64537.1000 (-0.91%)
  ETH: 1876.0900 (-2.25%)
  SOL: 76.2400 (-1.75%)
  BNB: 578.9300 (-0.11%)
  DOT: 0.8460 (-0.47%)
  LINK: 8.3930 (-1.25%)
  XRP: 1.1112 (-0.72%)
==================================================
[2026-07-17 03:01:35] 
==================================================
📊 整点汇报 2026-07-17 03:00
恐惧贪婪指数: 50 (中性)
今日PnL: +0.00 USDT (+0.0%)
持仓数: 0/4
  BTC: 64537.1000 (-0.91%)
  ETH: 1876.0900 (-2.25%)
  SOL: 76.2400 (-1.75%)
  BNB: 578.9300 (-0.11%)
  DOT: 0.8460 (-0.47%)
  LINK: 8.3930 (-1.25%)
  XRP: 1.1112 (-0.72%)
==================================================
[2026-07-17 04:05:41] 
==================================================
📊 整点汇报 2026-07-17 04:04
恐惧贪婪指数: 50 (中性)
今日PnL: +0.00 USDT (+0.0%)
持仓数: 0/4
  BTC: 64537.1000 (-0.91%)
  ETH: 1876.0900 (-2.25%)
  SOL: 76.2400 (-1.75%)
  BNB: 578.9300 (-0.11%)
  DOT: 0.8460 (-0.47%)
  LINK: 8.3930 (-1.25%)
  XRP: 1.1112 (-0.72%)
==================================================
[2026-07-17 05:04:38] 
==================================================
📊 整点汇报 2026-07-17 05:03
恐惧贪婪指数: 50 (中性)
今日PnL: +0.00 USDT (+0.0%)
持仓数: 0/4
  BTC: 64537.1000 (-0.91%)
  ETH: 1876.0900 (-2.25%)
  SOL: 76.2400 (-1.75%)
  BNB: 578.9300 (-0.11%)
  DOT: 0.8460 (-0.47%)
  LINK: 8.3930 (-1.25%)
  XRP: 1.1112 (-0.72%)
==================================================
[2026-07-17 06:03:25] 
==================================================
📊 整点汇报 2026-07-17 06:01
恐惧贪婪指数: 50 (中性)
今日PnL: +0.00 USDT (+0.0%)
持仓数: 0/4
  BTC: 64537.1000 (-0.91%)
  ETH: 1876.0900 (-2.25%)
  SOL: 76.2400 (-1.75%)
  BNB: 578.9300 (-0.11%)
  DOT: 0.8460 (-0.47%)
  LINK: 8.3930 (-1.25%)
  XRP: 1.1112 (-0.72%)
==================================================
[2026-07-17 07:02:35] 
==================================================
📊 整点汇报 2026-07-17 07:01
恐惧贪婪指数: 50 (中性)
今日PnL: +0.00 USDT (+0.0%)
持仓数: 0/4
  BTC: 64537.1000 (-0.91%)
  ETH: 1876.0900 (-2.25%)
  SOL: 76.2400 (-1.75%)
  BNB: 578.9300 (-0.11%)
  DOT: 0.8460 (-0.47%)
  LINK: 8.3930 (-1.25%)
  XRP: 1.1112 (-0.72%)
==================================================
[2026-07-17 08:00:05] 
==================================================
📊 整点汇报 2026-07-17 08:00
恐惧贪婪指数: 25 (恐惧)
今日PnL: -3.90 USDT (-3.9%)
持仓数: 3/4
  🔴 LINK SHORT @8.4810 现价:8.3370 PnL:+3.40U (+1.70%)
  🔴 SOL SHORT @77.0822 现价:75.2800 PnL:+4.67U (+2.34%)
  🟢 BNB LONG @581.5100 现价:572.8400 PnL:-2.95U (-1.49%)
  BTC: 63811.4000 (-1.43%)
  ETH: 1863.5200 (-2.79%)
  SOL: 75.2800 (-2.54%)
  BNB: 572.8400 (-1.39%)
  DOT: 0.8580 (+1.30%)
  LINK: 8.3370 (-2.35%)
  XRP: 1.0865 (-2.35%)
==================================================
[2026-07-17 08:36:19] 🔴 开空 BTC @63716.0 | 评分:85 | 状态:ranging | AI:做空(85%) | ✅ 下单成功
[2026-07-17 08:59:28] ✅ 平仓 LINK SL | 入场:8.4810 出场:8.3290 | PnL:1.79% (+3.58USDT) | 平100%仓 | ✅ 平仓成功
[2026-07-17 08:59:46] ❌ 平仓 LINK TP1 | 入场:8.3317 出场:8.3290 | PnL:-0.03% (-0.06USDT) | 平100%仓 | ✅ 平仓成功
[2026-07-17 09:00:10] 
==================================================
📊 整点汇报 2026-07-17 09:00
恐惧贪婪指数: 27 (恐惧)
今日PnL: -0.21 USDT (-0.2%)
持仓数: 3/4
  🔴 SOL SHORT @77.0822 现价:75.5100 PnL:+4.07U (+2.04%)
  🟢 BNB LONG @581.5100 现价:573.8300 PnL:-2.61U (-1.32%)
  🔴 BTC SHORT @63716.0000 现价:63837.8000 PnL:-0.37U (-0.19%)
  BTC: 63837.8000 (-1.11%)
  ETH: 1864.5500 (-2.60%)
  SOL: 75.5100 (-1.78%)
  BNB: 573.8300 (-1.07%)
  DOT: 0.8650 (+2.61%)
  LINK: 8.3350 (-1.73%)
  XRP: 1.0913 (-1.69%)
==================================================
[2026-07-17 09:05:49] 🔴 开空 LINK @8.354 | 评分:65 | 状态:ranging | AI:做空(0.7%) | ✅ 下单成功
[2026-07-17 10:00:30] 
==================================================
📊 整点汇报 2026-07-17 10:00
恐惧贪婪指数: 27 (恐惧)
今日PnL: +3.55 USDT (+3.6%)
持仓数: 4/4
  🔴 LINK SHORT @8.3540 现价:8.2660 PnL:+2.11U (+1.05%)
  🔴 BTC SHORT @63716.0000 现价:63520.3000 PnL:+0.59U (+0.31%)
  🟢 SOL LONG @75.6400 现价:75.0400 PnL:-1.58U (-0.79%)
  🟢 BNB LONG @581.5100 现价:571.9200 PnL:-3.26U (-1.65%)
  BTC: 63520.3000 (-1.83%)
  ETH: 1850.4400 (-3.71%)
  SOL: 75.0400 (-2.61%)
  BNB: 571.9200 (-1.47%)
  DOT: 0.8620 (+2.13%)
  LINK: 8.2660 (-2.89%)
  XRP: 1.0870 (-2.36%)
==================================================
[2026-07-17 11:00:18] 
==================================================
📊 整点汇报 2026-07-17 11:00
恐惧贪婪指数: 27 (恐惧)
今日PnL: +3.55 USDT (+3.6%)
持仓数: 4/4
  🔴 LINK SHORT @8.3540 现价:8.2640 PnL:+2.15U (+1.08%)
  🔴 BTC SHORT @63716.0000 现价:63458.1000 PnL:+0.77U (+0.40%)
  🟢 SOL LONG @75.6400 现价:74.8700 PnL:-2.03U (-1.02%)
  🟢 BNB LONG @581.5100 现价:571.2800 PnL:-3.48U (-1.76%)
  BTC: 63458.1000 (-1.78%)
  ETH: 1847.4600 (-3.95%)
  SOL: 74.8700 (-2.84%)
  BNB: 571.2800 (-1.61%)
  DOT: 0.8550 (+0.82%)
  LINK: 8.2640 (-3.02%)
  XRP: 1.0874 (-2.56%)
==================================================
[2026-07-17 12:00:12] 
==================================================
📊 整点汇报 2026-07-17 12:00
恐惧贪婪指数: 27 (恐惧)
今日PnL: +3.55 USDT (+3.6%)
持仓数: 4/4
  🔴 LINK SHORT @8.3540 现价:8.2790 PnL:+1.80U (+0.90%)
  🔴 BTC SHORT @63716.0000 现价:63538.0000 PnL:+0.53U (+0.28%)
  🟢 SOL LONG @75.6400 现价:75.1800 PnL:-1.21U (-0.61%)
  🟢 BNB LONG @581.5100 现价:572.7500 PnL:-2.98U (-1.51%)
  BTC: 63538.0000 (-1.61%)
  ETH: 1853.0300 (-3.39%)
  SOL: 75.1800 (-2.21%)
  BNB: 572.7500 (-1.54%)
  DOT: 0.8610 (+1.53%)
  LINK: 8.2790 (-2.94%)
  XRP: 1.0918 (-1.82%)
==================================================
[2026-07-17 13:00:27] 
==================================================
📊 整点汇报 2026-07-17 13:00
恐惧贪婪指数: 27 (恐惧)
今日PnL: +3.55 USDT (+3.6%)
持仓数: 4/4
  🔴 LINK SHORT @8.3540 现价:8.2830 PnL:+1.70U (+0.85%)
  🔴 BTC SHORT @63716.0000 现价:63466.1000 PnL:+0.75U (+0.39%)
  🟢 SOL LONG @75.6400 现价:75.2000 PnL:-1.16U (-0.58%)
  🟢 BNB LONG @581.5100 现价:572.4600 PnL:-3.08U (-1.56%)
  BTC: 63466.1000 (-1.75%)
  ETH: 1849.6300 (-3.52%)
  SOL: 75.2000 (-1.99%)
  BNB: 572.4600 (-1.50%)
  DOT: 0.8590 (+2.14%)
  LINK: 8.2830 (-3.07%)
  XRP: 1.0899 (-2.11%)
==================================================
[2026-07-17 13:41:30] ❌ 平仓 BNB SL | 入场:581.5100 出场:569.7600 | PnL:-2.02% (-4.00USDT) | 平100%仓 | ✅ 平仓成功
[2026-07-17 13:41:43] ❌ 平仓 BNB TP1 | 入场:569.6000 出场:569.7600 | PnL:-0.03% (-0.05USDT) | 平100%仓 | ✅ 平仓成功
[2026-07-17 13:45:12] 🔴 开空 BNB @569.11 | 评分:70 | 状态:trending | AI:做空(65%) | ✅ 下单成功
[2026-07-17 14:00:12] 
==================================================
📊 整点汇报 2026-07-17 14:00
恐惧贪婪指数: 27 (恐惧)
今日PnL: -0.36 USDT (-0.4%)
持仓数: 4/4
  🔴 LINK SHORT @8.3540 现价:8.1770 PnL:+4.24U (+2.12%)
  🔴 BTC SHORT @63716.0000 现价:62810.0000 PnL:+2.72U (+1.42%)
  🟢 SOL LONG @75.6400 现价:74.3300 PnL:-3.46U (-1.73%)
  🔴 BNB SHORT @569.1100 现价:567.8400 PnL:+0.44U (+0.22%)
  BTC: 62810.0000 (-3.21%)
  ETH: 1825.6600 (-5.11%)
  SOL: 74.3300 (-4.02%)
  BNB: 567.8400 (-2.79%)
  DOT: 0.8450 (+0.12%)
  LINK: 8.1770 (-4.18%)
  XRP: 1.0800 (-3.23%)
==================================================
[2026-07-17 15:00:28] 
==================================================
📊 整点汇报 2026-07-17 15:00
恐惧贪婪指数: 27 (恐惧)
今日PnL: -0.36 USDT (-0.4%)
持仓数: 4/4
  🔴 LINK SHORT @8.3540 现价:8.1760 PnL:+4.26U (+2.13%)
  🔴 BTC SHORT @63716.0000 现价:62876.6000 PnL:+2.52U (+1.32%)
  🟢 SOL LONG @75.6400 现价:74.5400 PnL:-2.90U (-1.45%)
  🔴 BNB SHORT @569.1100 现价:570.1500 PnL:-0.36U (-0.18%)
  BTC: 62876.6000 (-2.90%)
  ETH: 1830.9900 (+0.00%)
  SOL: 74.5400 (-3.57%)
  BNB: 570.1500 (-2.27%)
  DOT: 0.8510 (+1.31%)
  LINK: 8.1760 (-4.07%)
  XRP: 1.0862 (-2.47%)
==================================================
[2026-07-17 16:00:42] 
==================================================
📊 整点汇报 2026-07-17 16:00
恐惧贪婪指数: 27 (恐惧)
今日PnL: -0.36 USDT (-0.4%)
持仓数: 4/4
  🔴 LINK SHORT @8.3540 现价:8.1660 PnL:+4.50U (+2.25%)
  🔴 BTC SHORT @63716.0000 现价:62792.8000 PnL:+2.77U (+1.45%)
  🟢 SOL LONG @75.6400 现价:74.5600 PnL:-2.85U (-1.43%)
  🔴 BNB SHORT @569.1100 现价:566.3700 PnL:+0.96U (+0.48%)
  BTC: 62792.8000 (-2.19%)
  ETH: 1826.9800 (-4.30%)
  SOL: 74.5600 (-2.22%)
  BNB: 566.3700 (-2.39%)
  DOT: 0.8500 (+1.68%)
  LINK: 8.1660 (-4.05%)
  XRP: 1.0831 (-2.04%)
==================================================
[2026-07-17 17:00:12] 
==================================================
📊 整点汇报 2026-07-17 17:00
恐惧贪婪指数: 27 (恐惧)
今日PnL: -0.36 USDT (-0.4%)
持仓数: 4/4
  🔴 LINK SHORT @8.3540 现价:8.1720 PnL:+4.36U (+2.18%)
  🔴 BTC SHORT @63716.0000 现价:62884.4000 PnL:+2.49U (+1.31%)
  🟢 SOL LONG @75.6400 现价:74.5000 PnL:-3.01U (-1.51%)
  🔴 BNB SHORT @569.1100 现价:565.0300 PnL:+1.43U (+0.72%)
  BTC: 62884.4000 (-1.87%)
  ETH: 1829.1800 (-2.93%)
  SOL: 74.5000 (-2.04%)
  BNB: 565.0300 (-2.07%)
  DOT: 0.8500 (+2.04%)
  LINK: 8.1720 (-3.07%)
  XRP: 1.0842 (-1.98%)
==================================================
[2026-07-17 18:07:27] 
==================================================
📊 整点汇报 2026-07-17 18:05
恐惧贪婪指数: 50 (中性)
今日PnL: -0.36 USDT (-0.4%)
持仓数: 0/4
  BTC: 62891.5000 (-1.93%)
  ETH: 1828.8100 (-3.13%)
  SOL: 74.4500 (-2.23%)
  BNB: 565.0100 (-2.19%)
  DOT: 0.8500 (+1.92%)
  LINK: 8.1700 (-3.11%)
  XRP: 1.0842 (-2.02%)
==================================================
[2026-07-17 19:08:03] 
==================================================
📊 整点汇报 2026-07-17 19:05
恐惧贪婪指数: 50 (中性)
今日PnL: -0.36 USDT (-0.4%)
持仓数: 0/4
  BTC: 62891.5000 (-1.93%)
  ETH: 1828.8100 (-3.13%)
  SOL: 74.4500 (-2.23%)
  BNB: 565.0100 (-2.19%)
  DOT: 0.8500 (+1.92%)
  LINK: 8.1700 (-3.11%)
  XRP: 1.0842 (-2.02%)
==================================================
[2026-07-17 20:09:37] 
==================================================
📊 整点汇报 2026-07-17 20:07
恐惧贪婪指数: 50 (中性)
今日PnL: -0.36 USDT (-0.4%)
持仓数: 0/4
  BTC: 62891.5000 (-1.93%)
  ETH: 1828.8100 (-3.13%)
  SOL: 74.4500 (-2.23%)
  BNB: 565.0100 (-2.19%)
  DOT: 0.8500 (+1.92%)
  LINK: 8.1700 (-3.11%)
  XRP: 1.0842 (-2.02%)
==================================================
[2026-07-17 21:02:56] 
==================================================
📊 整点汇报 2026-07-17 21:00
恐惧贪婪指数: 50 (中性)
今日PnL: -0.36 USDT (-0.4%)
持仓数: 0/4
  BTC: 62891.5000 (-1.93%)
  ETH: 1828.8100 (-3.13%)
  SOL: 74.4500 (-2.23%)
  BNB: 565.0100 (-2.19%)
  DOT: 0.8500 (+1.92%)
  LINK: 8.1700 (-3.11%)
  XRP: 1.0842 (-2.02%)
==================================================
[2026-07-17 22:02:23] 
==================================================
📊 整点汇报 2026-07-17 22:00
恐惧贪婪指数: 50 (中性)
今日PnL: -0.36 USDT (-0.4%)
持仓数: 0/4
  BTC: 62891.5000 (-1.93%)
  ETH: 1828.8100 (-3.13%)
  SOL: 74.4500 (-2.23%)
  BNB: 565.0100 (-2.19%)
  DOT: 0.8500 (+1.92%)
  LINK: 8.1700 (-3.11%)
  XRP: 1.0842 (-2.02%)
==================================================
[2026-07-17 23:03:00] 
==================================================
📊 整点汇报 2026-07-17 23:00
恐惧贪婪指数: 50 (中性)
今日PnL: -0.36 USDT (-0.4%)
持仓数: 0/4
  BTC: 62891.5000 (-1.93%)
  ETH: 1828.8100 (-3.13%)
  SOL: 74.4500 (-2.23%)
  BNB: 565.0100 (-2.19%)
  DOT: 0.8500 (+1.92%)
  LINK: 8.1700 (-3.11%)
  XRP: 1.0842 (-2.02%)
==================================================
