[2026-07-09 00:03:04] 🔴 开空 LINK @7.55 | 评分:70 | 状态:trending | ❌ 下单失败：请求异常：HTTPSConnectionPool(host='testnet.binancefuture.com', port=443): Max retries exceeded with url: /fapi/v1/order?symbol=LINKUSDT&side=SELL&type=MARKET&quantity=26.49&reduceOnly=false&timestamp=1783526560130&recvWindow=30000&newClientOrderId=oc_1783526560_e7aa9dc1d3&signature=9924ed13b170ae7811f6bb6fb8706626fbe71a90bf002f72b957067365dbc4e3 (Caused by SSLError(SSLEOFError(8, '[SSL: UNEXPECTED_EOF_WHILE_READING] EOF occurred in violation of protocol (_ssl.c:1033)')))
[2026-07-09 00:04:27] 
==================================================
📊 整点汇报 2026-07-09 00:03
恐惧贪婪指数: 50 (中性)
今日PnL: -0.82 USDT (-0.8%)
持仓数: 0/4
  BTC: 61709.7000 (-2.84%)
  ETH: 1722.1000 (-3.62%)
  SOL: 76.7900 (-5.81%)
  BNB: 562.2100 (+0.00%)
  DOT: 0.8180 (-5.54%)
  LINK: 7.5500 (-4.72%)
  XRP: 1.0730 (-4.27%)
==================================================
[2026-07-09 00:15:38] 🔴 开空 LINK @7.55 | 评分:70 | 状态:trending | ❌ 下单失败：请求异常：HTTPSConnectionPool(host='testnet.binancefuture.com', port=443): Max retries exceeded with url: /fapi/v1/order?symbol=LINKUSDT&side=SELL&type=MARKET&quantity=26.49&reduceOnly=false&timestamp=1783527314892&recvWindow=30000&newClientOrderId=oc_1783527314_a371374b96&signature=9e390c1fff33327c6f5c6450bd82bc1e30f215f0ba107cc0f4f6db93230b36f3 (Caused by SSLError(SSLEOFError(8, '[SSL: UNEXPECTED_EOF_WHILE_READING] EOF occurred in violation of protocol (_ssl.c:1033)')))
[2026-07-09 00:23:16] 🔴 开空 LINK @7.55 | 评分:70 | 状态:trending | ❌ 下单失败：请求异常：HTTPSConnectionPool(host='testnet.binancefuture.com', port=443): Max retries exceeded with url: /fapi/v1/order?symbol=LINKUSDT&side=SELL&type=MARKET&quantity=26.49&reduceOnly=false&timestamp=1783527773431&recvWindow=30000&newClientOrderId=oc_1783527773_e4e8159221&signature=ba12bddea1fad1b77f92c911ae4f29314d134440bd977b5ade488b13ba9c556e (Caused by SSLError(SSLEOFError(8, '[SSL: UNEXPECTED_EOF_WHILE_READING] EOF occurred in violation of protocol (_ssl.c:1033)')))
[2026-07-09 00:30:16] 🔴 开空 LINK @7.55 | 评分:70 | 状态:trending | ❌ 下单失败：请求异常：HTTPSConnectionPool(host='testnet.binancefuture.com', port=443): Max retries exceeded with url: /fapi/v1/order?symbol=LINKUSDT&side=SELL&type=MARKET&quantity=26.49&reduceOnly=false&timestamp=1783528195147&recvWindow=30000&newClientOrderId=oc_1783528195_8ab6acc2df&signature=40b6eab7912a7683a357de1dbd87d1f242ee48198d0d13d6a8492168e39777e2 (Caused by SSLError(SSLEOFError(8, '[SSL: UNEXPECTED_EOF_WHILE_READING] EOF occurred in violation of protocol (_ssl.c:1033)')))
[2026-07-09 00:37:24] 🔴 开空 LINK @7.55 | 评分:70 | 状态:trending | ❌ 下单失败：请求异常：HTTPSConnectionPool(host='testnet.binancefuture.com', port=443): Max retries exceeded with url: /fapi/v1/order?symbol=LINKUSDT&side=SELL&type=MARKET&quantity=26.49&reduceOnly=false&timestamp=1783528621270&recvWindow=30000&newClientOrderId=oc_1783528621_6384cfadac&signature=6bbb4bc3d5b7cb475ca108a781b72f6a3dc2f46455d6e04e3b496ceb0fff8604 (Caused by SSLError(SSLEOFError(8, '[SSL: UNEXPECTED_EOF_WHILE_READING] EOF occurred in violation of protocol (_ssl.c:1033)')))
[2026-07-09 00:44:22] 🔴 开空 LINK @7.55 | 评分:70 | 状态:trending | ❌ 下单失败：请求异常：HTTPSConnectionPool(host='testnet.binancefuture.com', port=443): Max retries exceeded with url: /fapi/v1/order?symbol=LINKUSDT&side=SELL&type=MARKET&quantity=26.49&reduceOnly=false&timestamp=1783529038678&recvWindow=30000&newClientOrderId=oc_1783529038_bf71240b64&signature=da233c490a0ab05e29d59b3100b6ceaa07401877418bb80f45aa32932f52b514 (Caused by SSLError(SSLEOFError(8, '[SSL: UNEXPECTED_EOF_WHILE_READING] EOF occurred in violation of protocol (_ssl.c:1033)')))
[2026-07-09 00:51:24] 🔴 开空 LINK @7.55 | 评分:70 | 状态:trending | ❌ 下单失败：请求异常：HTTPSConnectionPool(host='testnet.binancefuture.com', port=443): Max retries exceeded with url: /fapi/v1/order?symbol=LINKUSDT&side=SELL&type=MARKET&quantity=26.49&reduceOnly=false&timestamp=1783529458943&recvWindow=30000&newClientOrderId=oc_1783529458_cf423dc871&signature=fe4dbb88e3915ebf7a1634912fed33e5bf5954eca07a4779c6a1c5eb2c062738 (Caused by SSLError(SSLEOFError(8, '[SSL: UNEXPECTED_EOF_WHILE_READING] EOF occurred in violation of protocol (_ssl.c:1033)')))
[2026-07-09 00:58:46] 🔴 开空 LINK @7.55 | 评分:70 | 状态:trending | ❌ 下单失败：请求异常：HTTPSConnectionPool(host='testnet.binancefuture.com', port=443): Max retries exceeded with url: /fapi/v1/order?symbol=LINKUSDT&side=SELL&type=MARKET&quantity=26.49&reduceOnly=false&timestamp=1783529904477&recvWindow=30000&newClientOrderId=oc_1783529904_60bd504644&signature=8a2f877cb29fda13166f458ef56122336852834eaf33370d28e85f26450789cf (Caused by SSLError(SSLEOFError(8, '[SSL: UNEXPECTED_EOF_WHILE_READING] EOF occurred in violation of protocol (_ssl.c:1033)')))
[2026-07-09 01:05:56] 🔴 开空 LINK @7.55 | 评分:70 | 状态:trending | ❌ 下单失败：请求异常：HTTPSConnectionPool(host='testnet.binancefuture.com', port=443): Max retries exceeded with url: /fapi/v1/order?symbol=LINKUSDT&side=SELL&type=MARKET&quantity=26.49&reduceOnly=false&timestamp=1783530331557&recvWindow=30000&newClientOrderId=oc_1783530331_bc00f3befd&signature=a894e2791d1e701b295b90f250747153579d30f1f81c719fbfa36d2ea89ae7dc (Caused by SSLError(SSLEOFError(8, '[SSL: UNEXPECTED_EOF_WHILE_READING] EOF occurred in violation of protocol (_ssl.c:1033)')))
[2026-07-09 01:07:22] 
==================================================
📊 整点汇报 2026-07-09 01:05
恐惧贪婪指数: 50 (中性)
今日PnL: -0.82 USDT (-0.8%)
持仓数: 0/4
  BTC: 61709.7000 (-2.84%)
  ETH: 1722.1000 (-3.62%)
  SOL: 76.7900 (-5.81%)
  BNB: 562.2100 (+0.00%)
  DOT: 0.8180 (-5.54%)
  LINK: 7.5500 (-4.72%)
  XRP: 1.0730 (-4.27%)
==================================================
[2026-07-09 01:18:37] 🔴 开空 LINK @7.55 | 评分:70 | 状态:trending | ❌ 下单失败：请求异常：HTTPSConnectionPool(host='testnet.binancefuture.com', port=443): Max retries exceeded with url: /fapi/v1/order?symbol=LINKUSDT&side=SELL&type=MARKET&quantity=26.49&reduceOnly=false&timestamp=1783531093481&recvWindow=30000&newClientOrderId=oc_1783531093_0221983e59&signature=8e2bee8134dde7cb93909ac545e08860122b6856fcd0d50e5d0d7470d0e428c8 (Caused by SSLError(SSLEOFError(8, '[SSL: UNEXPECTED_EOF_WHILE_READING] EOF occurred in violation of protocol (_ssl.c:1033)')))
[2026-07-09 01:25:43] 🔴 开空 LINK @7.55 | 评分:70 | 状态:trending | ❌ 下单失败：请求异常：HTTPSConnectionPool(host='testnet.binancefuture.com', port=443): Max retries exceeded with url: /fapi/v1/order?symbol=LINKUSDT&side=SELL&type=MARKET&quantity=26.49&reduceOnly=false&timestamp=1783531522919&recvWindow=30000&newClientOrderId=oc_1783531522_927bdc8429&signature=ab7592e458c2e3a994370bd67fbdf0ea10c0aca117d05774e8320768c170f47e (Caused by SSLError(SSLEOFError(8, '[SSL: UNEXPECTED_EOF_WHILE_READING] EOF occurred in violation of protocol (_ssl.c:1033)')))
[2026-07-09 01:32:43] 🔴 开空 LINK @7.55 | 评分:70 | 状态:trending | ❌ 下单失败：请求异常：HTTPSConnectionPool(host='testnet.binancefuture.com', port=443): Max retries exceeded with url: /fapi/v1/order?symbol=LINKUSDT&side=SELL&type=MARKET&quantity=26.49&reduceOnly=false&timestamp=1783531940923&recvWindow=30000&newClientOrderId=oc_1783531940_2c98f0034d&signature=d83a82ea4bf2bbea66ce205892e4b353fdeae064d427aaf17ee95448cb7c7be0 (Caused by SSLError(SSLEOFError(8, '[SSL: UNEXPECTED_EOF_WHILE_READING] EOF occurred in violation of protocol (_ssl.c:1033)')))
[2026-07-09 01:40:11] 🔴 开空 LINK @7.55 | 评分:70 | 状态:trending | ❌ 下单失败：请求异常：HTTPSConnectionPool(host='testnet.binancefuture.com', port=443): Max retries exceeded with url: /fapi/v1/order?symbol=LINKUSDT&side=SELL&type=MARKET&quantity=26.49&reduceOnly=false&timestamp=1783532388640&recvWindow=30000&newClientOrderId=oc_1783532388_12ea407dfa&signature=9e9ee0baf3c98cdeafc841fb6efcd7b57745a0b2418ea5edbb3dde2e2d9da916 (Caused by SSLError(SSLEOFError(8, '[SSL: UNEXPECTED_EOF_WHILE_READING] EOF occurred in violation of protocol (_ssl.c:1033)')))
[2026-07-09 01:47:11] 🔴 开空 LINK @7.55 | 评分:70 | 状态:trending | ❌ 下单失败：请求异常：HTTPSConnectionPool(host='testnet.binancefuture.com', port=443): Max retries exceeded with url: /fapi/v1/order?symbol=LINKUSDT&side=SELL&type=MARKET&quantity=26.49&reduceOnly=false&timestamp=1783532807823&recvWindow=30000&newClientOrderId=oc_1783532807_399f1c68e5&signature=c839d0f7e531364ba4b77ea3d9b8864b3fed403ff3a72de66bcc48ff3f897a14 (Caused by SSLError(SSLEOFError(8, '[SSL: UNEXPECTED_EOF_WHILE_READING] EOF occurred in violation of protocol (_ssl.c:1033)')))
[2026-07-09 01:54:04] 🔴 开空 LINK @7.55 | 评分:70 | 状态:trending | ❌ 下单失败：请求异常：HTTPSConnectionPool(host='testnet.binancefuture.com', port=443): Max retries exceeded with url: /fapi/v1/order?symbol=LINKUSDT&side=SELL&type=MARKET&quantity=26.49&reduceOnly=false&timestamp=1783533221054&recvWindow=30000&newClientOrderId=oc_1783533221_0bbe93f002&signature=e643eea035f56d8946198d782ecc8b908d6ba453c52b15109bf026b2d5bc76a8 (Caused by SSLError(SSLEOFError(8, '[SSL: UNEXPECTED_EOF_WHILE_READING] EOF occurred in violation of protocol (_ssl.c:1033)')))
[2026-07-09 02:01:03] 🔴 开空 LINK @7.55 | 评分:70 | 状态:trending | ❌ 下单失败：请求异常：HTTPSConnectionPool(host='testnet.binancefuture.com', port=443): Max retries exceeded with url: /fapi/v1/order?symbol=LINKUSDT&side=SELL&type=MARKET&quantity=26.49&reduceOnly=false&timestamp=1783533639297&recvWindow=30000&newClientOrderId=oc_1783533639_b5f524c12c&signature=dee1c53baef4aa384d7417e34b3bea45eeaa0f60b45b1cd894fc621dca0f988f (Caused by SSLError(SSLEOFError(8, '[SSL: UNEXPECTED_EOF_WHILE_READING] EOF occurred in violation of protocol (_ssl.c:1033)')))
[2026-07-09 02:02:30] 
==================================================
📊 整点汇报 2026-07-09 02:01
恐惧贪婪指数: 50 (中性)
今日PnL: -0.82 USDT (-0.8%)
持仓数: 0/4
  BTC: 61709.7000 (-2.84%)
  ETH: 1722.1000 (-3.62%)
  SOL: 76.7900 (-5.81%)
  BNB: 562.2100 (+0.00%)
  DOT: 0.8180 (-5.54%)
  LINK: 7.5500 (-4.72%)
  XRP: 1.0730 (-4.27%)
==================================================
[2026-07-09 02:13:54] 🔴 开空 LINK @7.55 | 评分:70 | 状态:trending | ❌ 下单失败：请求异常：HTTPSConnectionPool(host='testnet.binancefuture.com', port=443): Max retries exceeded with url: /fapi/v1/order?symbol=LINKUSDT&side=SELL&type=MARKET&quantity=26.49&reduceOnly=false&timestamp=1783534409737&recvWindow=30000&newClientOrderId=oc_1783534409_ad56217105&signature=b91d375ac16c10f9d020b7b7e4751316d61527e90e570a98453225a5fe5cd547 (Caused by SSLError(SSLEOFError(8, '[SSL: UNEXPECTED_EOF_WHILE_READING] EOF occurred in violation of protocol (_ssl.c:1033)')))
[2026-07-09 02:21:25] 🔴 开空 LINK @7.55 | 评分:70 | 状态:trending | ❌ 下单失败：请求异常：HTTPSConnectionPool(host='testnet.binancefuture.com', port=443): Max retries exceeded with url: /fapi/v1/order?symbol=LINKUSDT&side=SELL&type=MARKET&quantity=26.49&reduceOnly=false&timestamp=1783534859325&recvWindow=30000&newClientOrderId=oc_1783534859_55cbb36ea4&signature=cfd2e231bfe7f84bbe752f201423069f3a199240dffdceb2d0a0086d4b7c61ad (Caused by SSLError(SSLEOFError(8, '[SSL: UNEXPECTED_EOF_WHILE_READING] EOF occurred in violation of protocol (_ssl.c:1033)')))
[2026-07-09 02:28:32] 🔴 开空 LINK @7.55 | 评分:70 | 状态:trending | ❌ 下单失败：请求异常：HTTPSConnectionPool(host='testnet.binancefuture.com', port=443): Max retries exceeded with url: /fapi/v1/order?symbol=LINKUSDT&side=SELL&type=MARKET&quantity=26.49&reduceOnly=false&timestamp=1783535290397&recvWindow=30000&newClientOrderId=oc_1783535290_4a7c7f2749&signature=77ba3a304f5cbfd06c997a103745f002b29792808edb8ebb02c48a44e85d3ff8 (Caused by SSLError(SSLEOFError(8, '[SSL: UNEXPECTED_EOF_WHILE_READING] EOF occurred in violation of protocol (_ssl.c:1033)')))
[2026-07-09 02:35:20] 🔴 开空 LINK @7.55 | 评分:70 | 状态:trending | ❌ 下单失败：请求异常：HTTPSConnectionPool(host='testnet.binancefuture.com', port=443): Max retries exceeded with url: /fapi/v1/order?symbol=LINKUSDT&side=SELL&type=MARKET&quantity=26.49&reduceOnly=false&timestamp=1783535698801&recvWindow=30000&newClientOrderId=oc_1783535698_60feb0dcfb&signature=d1a62b412107561386e46574cfa7a58e27503e184c088ecce276e6faaa8fa01e (Caused by SSLError(SSLEOFError(8, '[SSL: UNEXPECTED_EOF_WHILE_READING] EOF occurred in violation of protocol (_ssl.c:1033)')))
[2026-07-09 02:42:27] 🔴 开空 LINK @7.55 | 评分:70 | 状态:trending | ❌ 下单失败：请求异常：HTTPSConnectionPool(host='testnet.binancefuture.com', port=443): Max retries exceeded with url: /fapi/v1/order?symbol=LINKUSDT&side=SELL&type=MARKET&quantity=26.49&reduceOnly=false&timestamp=1783536122428&recvWindow=30000&newClientOrderId=oc_1783536122_9379b594dd&signature=888af17a31c079ad0ffcdaca1a4b5cb0a1ba810fea0d098c605a1b25dbbe5eb5 (Caused by SSLError(SSLEOFError(8, '[SSL: UNEXPECTED_EOF_WHILE_READING] EOF occurred in violation of protocol (_ssl.c:1033)')))
[2026-07-09 02:49:42] 🔴 开空 LINK @7.55 | 评分:70 | 状态:trending | ❌ 下单失败：请求异常：HTTPSConnectionPool(host='testnet.binancefuture.com', port=443): Max retries exceeded with url: /fapi/v1/order?symbol=LINKUSDT&side=SELL&type=MARKET&quantity=26.49&reduceOnly=false&timestamp=1783536556547&recvWindow=30000&newClientOrderId=oc_1783536556_0dab8af45b&signature=704d527e73a7e042efed6026a4b27751b36ed07aeef9d0abfe7e284a3b78c61e (Caused by SSLError(SSLEOFError(8, '[SSL: UNEXPECTED_EOF_WHILE_READING] EOF occurred in violation of protocol (_ssl.c:1033)')))
[2026-07-09 02:57:24] 🔴 开空 LINK @7.55 | 评分:70 | 状态:trending | ❌ 下单失败：请求异常：HTTPSConnectionPool(host='testnet.binancefuture.com', port=443): Max retries exceeded with url: /fapi/v1/order?symbol=LINKUSDT&side=SELL&type=MARKET&quantity=26.49&reduceOnly=false&timestamp=1783537021275&recvWindow=30000&newClientOrderId=oc_1783537021_2b1002af04&signature=055ba6ad89dc89ad1b4209df139697adb43c4ce9392169afcfdec0c0faaefd5f (Caused by SSLError(SSLEOFError(8, '[SSL: UNEXPECTED_EOF_WHILE_READING] EOF occurred in violation of protocol (_ssl.c:1033)')))
[2026-07-09 03:04:10] 🔴 开空 LINK @7.55 | 评分:70 | 状态:trending | ❌ 下单失败：请求异常：HTTPSConnectionPool(host='testnet.binancefuture.com', port=443): Max retries exceeded with url: /fapi/v1/order?symbol=LINKUSDT&side=SELL&type=MARKET&quantity=26.49&reduceOnly=false&timestamp=1783537431178&recvWindow=30000&newClientOrderId=oc_1783537431_b8352fc83f&signature=5a5fd1dce6ee245e763bf127a7f50578b3f894544251a1fdf3bffbbab1bd779a (Caused by SSLError(SSLEOFError(8, '[SSL: UNEXPECTED_EOF_WHILE_READING] EOF occurred in violation of protocol (_ssl.c:1033)')))
[2026-07-09 03:05:38] 
==================================================
📊 整点汇报 2026-07-09 03:04
恐惧贪婪指数: 50 (中性)
今日PnL: -0.82 USDT (-0.8%)
持仓数: 0/4
  BTC: 61709.7000 (-2.84%)
  ETH: 1722.1000 (-3.62%)
  SOL: 76.7900 (-5.81%)
  BNB: 562.2100 (+0.00%)
  DOT: 0.8180 (-5.54%)
  LINK: 7.5500 (-4.72%)
  XRP: 1.0730 (-4.27%)
==================================================
[2026-07-09 03:16:43] 🔴 开空 LINK @7.55 | 评分:70 | 状态:trending | ❌ 下单失败：请求异常：HTTPSConnectionPool(host='testnet.binancefuture.com', port=443): Max retries exceeded with url: /fapi/v1/order?symbol=LINKUSDT&side=SELL&type=MARKET&quantity=26.49&reduceOnly=false&timestamp=1783538181566&recvWindow=30000&newClientOrderId=oc_1783538181_a068ad664e&signature=f060c373331b13f09242f5d68b73590e35dbd4f439fe795171e988062a1d1361 (Caused by SSLError(SSLEOFError(8, '[SSL: UNEXPECTED_EOF_WHILE_READING] EOF occurred in violation of protocol (_ssl.c:1033)')))
[2026-07-09 03:23:41] 🔴 开空 LINK @7.55 | 评分:70 | 状态:trending | ❌ 下单失败：请求异常：HTTPSConnectionPool(host='testnet.binancefuture.com', port=443): Max retries exceeded with url: /fapi/v1/order?symbol=LINKUSDT&side=SELL&type=MARKET&quantity=26.49&reduceOnly=false&timestamp=1783538601504&recvWindow=30000&newClientOrderId=oc_1783538601_63fbf39122&signature=49b03ce55adce286505fff9bfc0adf70bcfece60814c2827f098242d51193e37 (Caused by SSLError(SSLEOFError(8, '[SSL: UNEXPECTED_EOF_WHILE_READING] EOF occurred in violation of protocol (_ssl.c:1033)')))
[2026-07-09 03:30:52] 🔴 开空 LINK @7.55 | 评分:70 | 状态:trending | ❌ 下单失败：请求异常：HTTPSConnectionPool(host='testnet.binancefuture.com', port=443): Max retries exceeded with url: /fapi/v1/order?symbol=LINKUSDT&side=SELL&type=MARKET&quantity=26.49&reduceOnly=false&timestamp=1783539028370&recvWindow=30000&newClientOrderId=oc_1783539028_67641dc13e&signature=be6f58e06ef8c07e18d784067c4b3d1aea84b87937bfec0cc7a9e164f0c22079 (Caused by SSLError(SSLEOFError(8, '[SSL: UNEXPECTED_EOF_WHILE_READING] EOF occurred in violation of protocol (_ssl.c:1033)')))
[2026-07-09 03:38:24] 🔴 开空 LINK @7.55 | 评分:70 | 状态:trending | ❌ 下单失败：请求异常：HTTPSConnectionPool(host='testnet.binancefuture.com', port=443): Max retries exceeded with url: /fapi/v1/order?symbol=LINKUSDT&side=SELL&type=MARKET&quantity=26.49&reduceOnly=false&timestamp=1783539478627&recvWindow=30000&newClientOrderId=oc_1783539478_a2fbbb6deb&signature=11c44db9f67ce3dceee792c2c91e815ba59223e0b563456e2babc25bddc54cdb (Caused by SSLError(SSLEOFError(8, '[SSL: UNEXPECTED_EOF_WHILE_READING] EOF occurred in violation of protocol (_ssl.c:1033)')))
[2026-07-09 03:45:24] 🔴 开空 LINK @7.55 | 评分:70 | 状态:trending | ❌ 下单失败：请求异常：HTTPSConnectionPool(host='testnet.binancefuture.com', port=443): Max retries exceeded with url: /fapi/v1/order?symbol=LINKUSDT&side=SELL&type=MARKET&quantity=26.49&reduceOnly=false&timestamp=1783539902245&recvWindow=30000&newClientOrderId=oc_1783539902_b7464ad5ed&signature=4d519b67d83bd4a7ff23a4bd8055f122427fae2f0eb971df7c4b149e97e2c29b (Caused by SSLError(SSLEOFError(8, '[SSL: UNEXPECTED_EOF_WHILE_READING] EOF occurred in violation of protocol (_ssl.c:1033)')))
[2026-07-09 03:52:18] 🔴 开空 LINK @7.55 | 评分:70 | 状态:trending | ❌ 下单失败：请求异常：HTTPSConnectionPool(host='testnet.binancefuture.com', port=443): Max retries exceeded with url: /fapi/v1/order?symbol=LINKUSDT&side=SELL&type=MARKET&quantity=26.49&reduceOnly=false&timestamp=1783540314838&recvWindow=30000&newClientOrderId=oc_1783540314_f18b3fa493&signature=eaa14d74e8389f6c5a8c7bd118b580c40aaec2056680c44c032a2a71e8be213a (Caused by SSLError(SSLEOFError(8, '[SSL: UNEXPECTED_EOF_WHILE_READING] EOF occurred in violation of protocol (_ssl.c:1033)')))
[2026-07-09 03:59:29] 🔴 开空 LINK @7.55 | 评分:70 | 状态:trending | ❌ 下单失败：请求异常：HTTPSConnectionPool(host='testnet.binancefuture.com', port=443): Max retries exceeded with url: /fapi/v1/order?symbol=LINKUSDT&side=SELL&type=MARKET&quantity=26.49&reduceOnly=false&timestamp=1783540745079&recvWindow=30000&newClientOrderId=oc_1783540745_e7b535dd24&signature=a8a8b2ed81827040fce531120e6b79d151046804292de520c7a9b28982e5700b (Caused by SSLError(SSLEOFError(8, '[SSL: UNEXPECTED_EOF_WHILE_READING] EOF occurred in violation of protocol (_ssl.c:1033)')))
[2026-07-09 04:01:34] 
==================================================
📊 整点汇报 2026-07-09 04:00
恐惧贪婪指数: 50 (中性)
今日PnL: -0.82 USDT (-0.8%)
持仓数: 0/4
  BTC: 61709.7000 (-2.84%)
  ETH: 1722.1000 (-3.62%)
  SOL: 76.7900 (-5.81%)
  BNB: 562.2100 (+0.00%)
  DOT: 0.8180 (-5.54%)
  LINK: 7.5500 (-4.72%)
  XRP: 1.0730 (-4.27%)
==================================================
[2026-07-09 04:12:02] 🔴 开空 LINK @7.55 | 评分:70 | 状态:trending | ❌ 下单失败：请求异常：HTTPSConnectionPool(host='testnet.binancefuture.com', port=443): Max retries exceeded with url: /fapi/v1/order?symbol=LINKUSDT&side=SELL&type=MARKET&quantity=26.49&reduceOnly=false&timestamp=1783541499038&recvWindow=30000&newClientOrderId=oc_1783541499_a29f0456af&signature=a2cf2eb448357cc3c2f27b6e957f648b671c702af35e9bd62e82ee28c4281212 (Caused by SSLError(SSLEOFError(8, '[SSL: UNEXPECTED_EOF_WHILE_READING] EOF occurred in violation of protocol (_ssl.c:1033)')))
[2026-07-09 04:19:23] 🔴 开空 LINK @7.55 | 评分:70 | 状态:trending | ❌ 下单失败：请求异常：HTTPSConnectionPool(host='testnet.binancefuture.com', port=443): Max retries exceeded with url: /fapi/v1/order?symbol=LINKUSDT&side=SELL&type=MARKET&quantity=26.49&reduceOnly=false&timestamp=1783541941159&recvWindow=30000&newClientOrderId=oc_1783541941_dfa7254a56&signature=67d2cffe8ac1ad3b0f114d53b0e894cc71606fe290e49199644a99436901298d (Caused by SSLError(SSLEOFError(8, '[SSL: UNEXPECTED_EOF_WHILE_READING] EOF occurred in violation of protocol (_ssl.c:1033)')))
[2026-07-09 04:26:26] 🔴 开空 LINK @7.55 | 评分:70 | 状态:trending | ❌ 下单失败：请求异常：HTTPSConnectionPool(host='testnet.binancefuture.com', port=443): Max retries exceeded with url: /fapi/v1/order?symbol=LINKUSDT&side=SELL&type=MARKET&quantity=26.49&reduceOnly=false&timestamp=1783542363509&recvWindow=30000&newClientOrderId=oc_1783542363_5397b39ef5&signature=378dc52cffc2b6a611707ae6d6a31fb78ffafb95300a801086a5636f689368e5 (Caused by SSLError(SSLEOFError(8, '[SSL: UNEXPECTED_EOF_WHILE_READING] EOF occurred in violation of protocol (_ssl.c:1033)')))
[2026-07-09 04:33:22] 🔴 开空 LINK @7.55 | 评分:70 | 状态:trending | ❌ 下单失败：请求异常：HTTPSConnectionPool(host='testnet.binancefuture.com', port=443): Max retries exceeded with url: /fapi/v1/order?symbol=LINKUSDT&side=SELL&type=MARKET&quantity=26.49&reduceOnly=false&timestamp=1783542778247&recvWindow=30000&newClientOrderId=oc_1783542778_78a41a8a83&signature=846a35b8718de8dd13b5e4127d8c57886ddb0b46cc120c8c1c35a27b6758a672 (Caused by SSLError(SSLEOFError(8, '[SSL: UNEXPECTED_EOF_WHILE_READING] EOF occurred in violation of protocol (_ssl.c:1033)')))
[2026-07-09 04:40:30] 🔴 开空 LINK @7.55 | 评分:70 | 状态:trending | ❌ 下单失败：请求异常：HTTPSConnectionPool(host='testnet.binancefuture.com', port=443): Max retries exceeded with url: /fapi/v1/order?symbol=LINKUSDT&side=SELL&type=MARKET&quantity=26.49&reduceOnly=false&timestamp=1783543208069&recvWindow=30000&newClientOrderId=oc_1783543208_2d6c8338a2&signature=9b96639109b1c9751615001567d834f9fcf1c92ea17617fa0fb0c219612d7979 (Caused by SSLError(SSLEOFError(8, '[SSL: UNEXPECTED_EOF_WHILE_READING] EOF occurred in violation of protocol (_ssl.c:1033)')))
[2026-07-09 04:47:23] 🔴 开空 LINK @7.55 | 评分:70 | 状态:trending | ❌ 下单失败：请求异常：HTTPSConnectionPool(host='testnet.binancefuture.com', port=443): Max retries exceeded with url: /fapi/v1/order?symbol=LINKUSDT&side=SELL&type=MARKET&quantity=26.49&reduceOnly=false&timestamp=1783543618523&recvWindow=30000&newClientOrderId=oc_1783543618_6922c0ff0d&signature=1445bde3660f99dde561ff08cc1f862aa1ed919ac36e0c96f2c4a1246baaa409 (Caused by SSLError(SSLEOFError(8, '[SSL: UNEXPECTED_EOF_WHILE_READING] EOF occurred in violation of protocol (_ssl.c:1033)')))
[2026-07-09 04:55:12] 🔴 开空 LINK @7.55 | 评分:70 | 状态:trending | ❌ 下单失败：请求异常：HTTPSConnectionPool(host='testnet.binancefuture.com', port=443): Max retries exceeded with url: /fapi/v1/order?symbol=LINKUSDT&side=SELL&type=MARKET&quantity=26.49&reduceOnly=false&timestamp=1783544090120&recvWindow=30000&newClientOrderId=oc_1783544090_3de0aa77a6&signature=74b8fab1f47e1a97cf25fe1a641d34c6cd832547d26cb6f3c87ffb7e96a86d14 (Caused by SSLError(SSLEOFError(8, '[SSL: UNEXPECTED_EOF_WHILE_READING] EOF occurred in violation of protocol (_ssl.c:1033)')))
[2026-07-09 05:02:09] 🔴 开空 LINK @7.55 | 评分:70 | 状态:trending | ❌ 下单失败：请求异常：HTTPSConnectionPool(host='testnet.binancefuture.com', port=443): Max retries exceeded with url: /fapi/v1/order?symbol=LINKUSDT&side=SELL&type=MARKET&quantity=26.49&reduceOnly=false&timestamp=1783544506466&recvWindow=30000&newClientOrderId=oc_1783544506_baed580128&signature=92ea82f2333b1db633a3ae6d3135a2a753df6e1b8b5991025b1001b21a8bb6a9 (Caused by SSLError(SSLEOFError(8, '[SSL: UNEXPECTED_EOF_WHILE_READING] EOF occurred in violation of protocol (_ssl.c:1033)')))
[2026-07-09 05:03:33] 
==================================================
📊 整点汇报 2026-07-09 05:02
恐惧贪婪指数: 50 (中性)
今日PnL: -0.82 USDT (-0.8%)
持仓数: 0/4
  BTC: 61709.7000 (-2.84%)
  ETH: 1722.1000 (-3.62%)
  SOL: 76.7900 (-5.81%)
  BNB: 562.2100 (+0.00%)
  DOT: 0.8180 (-5.54%)
  LINK: 7.5500 (-4.72%)
  XRP: 1.0730 (-4.27%)
==================================================
[2026-07-09 05:14:47] 🔴 开空 LINK @7.55 | 评分:70 | 状态:trending | ❌ 下单失败：请求异常：HTTPSConnectionPool(host='testnet.binancefuture.com', port=443): Max retries exceeded with url: /fapi/v1/order?symbol=LINKUSDT&side=SELL&type=MARKET&quantity=26.49&reduceOnly=false&timestamp=1783545264142&recvWindow=30000&newClientOrderId=oc_1783545264_084172279e&signature=a45d27099bddfcf87b2c3db698ddf6ccdc82fd4315784355df76ba274b6a3234 (Caused by SSLError(SSLEOFError(8, '[SSL: UNEXPECTED_EOF_WHILE_READING] EOF occurred in violation of protocol (_ssl.c:1033)')))
[2026-07-09 05:21:47] 🔴 开空 LINK @7.55 | 评分:70 | 状态:trending | ❌ 下单失败：请求异常：HTTPSConnectionPool(host='testnet.binancefuture.com', port=443): Max retries exceeded with url: /fapi/v1/order?symbol=LINKUSDT&side=SELL&type=MARKET&quantity=26.49&reduceOnly=false&timestamp=1783545682466&recvWindow=30000&newClientOrderId=oc_1783545682_2ae327a8d4&signature=6bac0aeeb1f48add94cf6a0dd5a05ea396fb91cb676fc7a0dddf3dc705d80747 (Caused by SSLError(SSLEOFError(8, '[SSL: UNEXPECTED_EOF_WHILE_READING] EOF occurred in violation of protocol (_ssl.c:1033)')))
[2026-07-09 05:28:50] 🔴 开空 LINK @7.55 | 评分:70 | 状态:trending | ❌ 下单失败：请求异常：HTTPSConnectionPool(host='testnet.binancefuture.com', port=443): Max retries exceeded with url: /fapi/v1/order?symbol=LINKUSDT&side=SELL&type=MARKET&quantity=26.49&reduceOnly=false&timestamp=1783546106068&recvWindow=30000&newClientOrderId=oc_1783546106_63b6033544&signature=ecf9de4a109fb28637d2464a0158327291a64c210e212267f4459130f46c97f2 (Caused by SSLError(SSLEOFError(8, '[SSL: UNEXPECTED_EOF_WHILE_READING] EOF occurred in violation of protocol (_ssl.c:1033)')))
[2026-07-09 05:36:28] 🔴 开空 LINK @7.55 | 评分:70 | 状态:trending | ❌ 下单失败：请求异常：HTTPSConnectionPool(host='testnet.binancefuture.com', port=443): Max retries exceeded with url: /fapi/v1/order?symbol=LINKUSDT&side=SELL&type=MARKET&quantity=26.49&reduceOnly=false&timestamp=1783546566004&recvWindow=30000&newClientOrderId=oc_1783546566_6da3309851&signature=f4b94f35a4e695645edde2d9904b3885f4f3ab89e185d269d0adcbbcdc0498df (Caused by SSLError(SSLEOFError(8, '[SSL: UNEXPECTED_EOF_WHILE_READING] EOF occurred in violation of protocol (_ssl.c:1033)')))
[2026-07-09 05:43:23] 🔴 开空 LINK @7.55 | 评分:70 | 状态:trending | ❌ 下单失败：请求异常：HTTPSConnectionPool(host='testnet.binancefuture.com', port=443): Max retries exceeded with url: /fapi/v1/order?symbol=LINKUSDT&side=SELL&type=MARKET&quantity=26.49&reduceOnly=false&timestamp=1783546982531&recvWindow=30000&newClientOrderId=oc_1783546982_e700539284&signature=a769a296a5ca8cabb6ff6a5d198e510e4fa658b7d5053f145de2fa1f175e78e6 (Caused by SSLError(SSLEOFError(8, '[SSL: UNEXPECTED_EOF_WHILE_READING] EOF occurred in violation of protocol (_ssl.c:1033)')))
[2026-07-09 05:50:19] 🔴 开空 LINK @7.55 | 评分:70 | 状态:trending | ❌ 下单失败：请求异常：HTTPSConnectionPool(host='testnet.binancefuture.com', port=443): Max retries exceeded with url: /fapi/v1/order?symbol=LINKUSDT&side=SELL&type=MARKET&quantity=26.49&reduceOnly=false&timestamp=1783547394660&recvWindow=30000&newClientOrderId=oc_1783547394_571d366706&signature=938897ae7d935478c87e847edc31f1ef0bfd23522ca4f34a845790fc425b01e5 (Caused by SSLError(SSLEOFError(8, '[SSL: UNEXPECTED_EOF_WHILE_READING] EOF occurred in violation of protocol (_ssl.c:1033)')))
[2026-07-09 05:57:10] 🔴 开空 LINK @7.55 | 评分:70 | 状态:trending | ❌ 下单失败：请求异常：HTTPSConnectionPool(host='testnet.binancefuture.com', port=443): Max retries exceeded with url: /fapi/v1/order?symbol=LINKUSDT&side=SELL&type=MARKET&quantity=26.49&reduceOnly=false&timestamp=1783547809158&recvWindow=30000&newClientOrderId=oc_1783547809_c7ff42c428&signature=05eff204fd9a5cdcca0ab1a09765730f7dcdec2a1e6f62d2c72162eb0658e9c5 (Caused by SSLError(SSLEOFError(8, '[SSL: UNEXPECTED_EOF_WHILE_READING] EOF occurred in violation of protocol (_ssl.c:1033)')))
[2026-07-09 06:04:07] 🔴 开空 LINK @7.55 | 评分:70 | 状态:trending | ❌ 下单失败：请求异常：HTTPSConnectionPool(host='testnet.binancefuture.com', port=443): Max retries exceeded with url: /fapi/v1/order?symbol=LINKUSDT&side=SELL&type=MARKET&quantity=26.49&reduceOnly=false&timestamp=1783548222452&recvWindow=30000&newClientOrderId=oc_1783548222_5b688abade&signature=e1330a026bbe0faec569be29ee3da852c04e4aebec467a66646d8e4fb72a4d38 (Caused by SSLError(SSLEOFError(8, '[SSL: UNEXPECTED_EOF_WHILE_READING] EOF occurred in violation of protocol (_ssl.c:1033)')))
[2026-07-09 06:05:30] 
==================================================
📊 整点汇报 2026-07-09 06:04
恐惧贪婪指数: 50 (中性)
今日PnL: -0.82 USDT (-0.8%)
持仓数: 0/4
  BTC: 61709.7000 (-2.84%)
  ETH: 1722.1000 (-3.62%)
  SOL: 76.7900 (-5.81%)
  BNB: 562.2100 (+0.00%)
  DOT: 0.8180 (-5.54%)
  LINK: 7.5500 (-4.72%)
  XRP: 1.0730 (-4.27%)
==================================================
[2026-07-09 06:17:27] 🔴 开空 LINK @7.55 | 评分:70 | 状态:trending | ❌ 下单失败：请求异常：HTTPSConnectionPool(host='testnet.binancefuture.com', port=443): Max retries exceeded with url: /fapi/v1/order?symbol=LINKUSDT&side=SELL&type=MARKET&quantity=26.49&reduceOnly=false&timestamp=1783549028088&recvWindow=30000&newClientOrderId=oc_1783549028_d1612f35cf&signature=f07bdc243f3b3d832ab80977e9239f19bfb64bece2f1c075b764972ad979f6f7 (Caused by SSLError(SSLEOFError(8, '[SSL: UNEXPECTED_EOF_WHILE_READING] EOF occurred in violation of protocol (_ssl.c:1033)')))
[2026-07-09 06:24:28] 🔴 开空 LINK @7.55 | 评分:70 | 状态:trending | ❌ 下单失败：请求异常：HTTPSConnectionPool(host='testnet.binancefuture.com', port=443): Max retries exceeded with url: /fapi/v1/order?symbol=LINKUSDT&side=SELL&type=MARKET&quantity=26.49&reduceOnly=false&timestamp=1783549444052&recvWindow=30000&newClientOrderId=oc_1783549444_b17cde5811&signature=8b89b67b2912decf066083166b02cc0bd4cdaf98c58d09842214ebfa90879e2c (Caused by SSLError(SSLEOFError(8, '[SSL: UNEXPECTED_EOF_WHILE_READING] EOF occurred in violation of protocol (_ssl.c:1033)')))
[2026-07-09 06:31:24] 🔴 开空 LINK @7.55 | 评分:70 | 状态:trending | ❌ 下单失败：请求异常：HTTPSConnectionPool(host='testnet.binancefuture.com', port=443): Max retries exceeded with url: /fapi/v1/order?symbol=LINKUSDT&side=SELL&type=MARKET&quantity=26.49&reduceOnly=false&timestamp=1783549861237&recvWindow=30000&newClientOrderId=oc_1783549861_e6ad345421&signature=88e831e7814dfb343308afc2f16fb10afa432ccd3b0eec45e959f9277ece6d77 (Caused by SSLError(SSLEOFError(8, '[SSL: UNEXPECTED_EOF_WHILE_READING] EOF occurred in violation of protocol (_ssl.c:1033)')))
[2026-07-09 06:38:23] 🔴 开空 LINK @7.55 | 评分:70 | 状态:trending | ❌ 下单失败：请求异常：HTTPSConnectionPool(host='testnet.binancefuture.com', port=443): Max retries exceeded with url: /fapi/v1/order?symbol=LINKUSDT&side=SELL&type=MARKET&quantity=26.49&reduceOnly=false&timestamp=1783550278308&recvWindow=30000&newClientOrderId=oc_1783550278_1e372831c2&signature=b53636af452a606164c6d277d81f0de19aa471311173895bb45c1fc67066ee31 (Caused by SSLError(SSLEOFError(8, '[SSL: UNEXPECTED_EOF_WHILE_READING] EOF occurred in violation of protocol (_ssl.c:1033)')))
[2026-07-09 06:45:18] 🔴 开空 LINK @7.55 | 评分:70 | 状态:trending | ❌ 下单失败：请求异常：HTTPSConnectionPool(host='testnet.binancefuture.com', port=443): Max retries exceeded with url: /fapi/v1/order?symbol=LINKUSDT&side=SELL&type=MARKET&quantity=26.49&reduceOnly=false&timestamp=1783550696047&recvWindow=30000&newClientOrderId=oc_1783550696_bab03b76d8&signature=c3dd953ed385afc7e0bbdcb384ab59ce21ce774c230937d3ab3baa0daf9ffbbf (Caused by SSLError(SSLEOFError(8, '[SSL: UNEXPECTED_EOF_WHILE_READING] EOF occurred in violation of protocol (_ssl.c:1033)')))
[2026-07-09 06:52:56] 🔴 开空 LINK @7.55 | 评分:70 | 状态:trending | ❌ 下单失败：请求异常：HTTPSConnectionPool(host='testnet.binancefuture.com', port=443): Max retries exceeded with url: /fapi/v1/order?symbol=LINKUSDT&side=SELL&type=MARKET&quantity=26.49&reduceOnly=false&timestamp=1783551154166&recvWindow=30000&newClientOrderId=oc_1783551154_1bd113fe5f&signature=d5bd9945b8a502ccad475ac383c5a8da6da07ed882c99b14d4a553644631310e (Caused by SSLError(SSLEOFError(8, '[SSL: UNEXPECTED_EOF_WHILE_READING] EOF occurred in violation of protocol (_ssl.c:1033)')))
[2026-07-09 06:59:57] 🔴 开空 LINK @7.55 | 评分:70 | 状态:trending | ❌ 下单失败：请求异常：HTTPSConnectionPool(host='testnet.binancefuture.com', port=443): Max retries exceeded with url: /fapi/v1/order?symbol=LINKUSDT&side=SELL&type=MARKET&quantity=26.49&reduceOnly=false&timestamp=1783551572349&recvWindow=30000&newClientOrderId=oc_1783551572_ff951a73ae&signature=8253b77d78eea1cf03de6435802c46009f59b2d69222a8da601242dbafde2225 (Caused by SSLError(SSLEOFError(8, '[SSL: UNEXPECTED_EOF_WHILE_READING] EOF occurred in violation of protocol (_ssl.c:1033)')))
[2026-07-09 07:01:38] 
==================================================
📊 整点汇报 2026-07-09 07:00
恐惧贪婪指数: 50 (中性)
今日PnL: -0.82 USDT (-0.8%)
持仓数: 0/4
  BTC: 61709.7000 (-2.84%)
  ETH: 1722.1000 (-3.62%)
  SOL: 76.7900 (-5.81%)
  BNB: 562.2100 (+0.00%)
  DOT: 0.8180 (-5.54%)
  LINK: 7.5500 (-4.72%)
  XRP: 1.0730 (-4.27%)
==================================================
[2026-07-09 07:12:13] 🔴 开空 LINK @7.55 | 评分:70 | 状态:trending | ❌ 下单失败：请求异常：HTTPSConnectionPool(host='testnet.binancefuture.com', port=443): Max retries exceeded with url: /fapi/v1/order?symbol=LINKUSDT&side=SELL&type=MARKET&quantity=26.49&reduceOnly=false&timestamp=1783552310452&recvWindow=30000&newClientOrderId=oc_1783552310_778d54e3e6&signature=9d8f2f0fec7813cd93c7900ed41d48283d1f4e6a83816771109202fab644efb9 (Caused by SSLError(SSLEOFError(8, '[SSL: UNEXPECTED_EOF_WHILE_READING] EOF occurred in violation of protocol (_ssl.c:1033)')))
[2026-07-09 07:19:16] 🔴 开空 LINK @7.55 | 评分:70 | 状态:trending | ❌ 下单失败：请求异常：HTTPSConnectionPool(host='testnet.binancefuture.com', port=443): Max retries exceeded with url: /fapi/v1/order?symbol=LINKUSDT&side=SELL&type=MARKET&quantity=26.49&reduceOnly=false&timestamp=1783552733521&recvWindow=30000&newClientOrderId=oc_1783552733_ac0a1d0dc8&signature=7a6b20bb08942e8338ebd6484b8f4b0a5d9bbea38598cb9cbeb42857498954e3 (Caused by SSLError(SSLEOFError(8, '[SSL: UNEXPECTED_EOF_WHILE_READING] EOF occurred in violation of protocol (_ssl.c:1033)')))
[2026-07-09 07:26:18] 🔴 开空 LINK @7.55 | 评分:70 | 状态:trending | ❌ 下单失败：请求异常：HTTPSConnectionPool(host='testnet.binancefuture.com', port=443): Max retries exceeded with url: /fapi/v1/order?symbol=LINKUSDT&side=SELL&type=MARKET&quantity=26.49&reduceOnly=false&timestamp=1783553155891&recvWindow=30000&newClientOrderId=oc_1783553155_4c8c2170a9&signature=add1271a16a98697b190606491bab5dee3fed695945f57d17977450dd94a46b0 (Caused by SSLError(SSLEOFError(8, '[SSL: UNEXPECTED_EOF_WHILE_READING] EOF occurred in violation of protocol (_ssl.c:1033)')))
[2026-07-09 07:33:59] 🔴 开空 LINK @7.55 | 评分:70 | 状态:trending | ❌ 下单失败：请求异常：HTTPSConnectionPool(host='testnet.binancefuture.com', port=443): Max retries exceeded with url: /fapi/v1/order?symbol=LINKUSDT&side=SELL&type=MARKET&quantity=26.49&reduceOnly=false&timestamp=1783553616677&recvWindow=30000&newClientOrderId=oc_1783553616_f5fb7751ee&signature=b0b2dd7dd204be71494967abe39c4f5ff4f286c3e5ceb666c47247ed588ad668 (Caused by SSLError(SSLEOFError(8, '[SSL: UNEXPECTED_EOF_WHILE_READING] EOF occurred in violation of protocol (_ssl.c:1033)')))
[2026-07-09 07:41:09] 🔴 开空 LINK @7.55 | 评分:70 | 状态:trending | ❌ 下单失败：请求异常：HTTPSConnectionPool(host='testnet.binancefuture.com', port=443): Max retries exceeded with url: /fapi/v1/order?symbol=LINKUSDT&side=SELL&type=MARKET&quantity=26.49&reduceOnly=false&timestamp=1783554048248&recvWindow=30000&newClientOrderId=oc_1783554048_aa74122df6&signature=a7e1d6accdf0b54dd4716ed982d431a65f88eb202e070c419f51d3b3eefef47b (Caused by SSLError(SSLEOFError(8, '[SSL: UNEXPECTED_EOF_WHILE_READING] EOF occurred in violation of protocol (_ssl.c:1033)')))
[2026-07-09 07:48:07] 🔴 开空 LINK @7.55 | 评分:70 | 状态:trending | ❌ 下单失败：请求异常：HTTPSConnectionPool(host='testnet.binancefuture.com', port=443): Max retries exceeded with url: /fapi/v1/order?symbol=LINKUSDT&side=SELL&type=MARKET&quantity=26.49&reduceOnly=false&timestamp=1783554463169&recvWindow=30000&newClientOrderId=oc_1783554463_92fe957223&signature=d836a6ab2dadfa050e01fb290647ef30f87e1ece921b2205143b6fc23429aeb4 (Caused by SSLError(SSLEOFError(8, '[SSL: UNEXPECTED_EOF_WHILE_READING] EOF occurred in violation of protocol (_ssl.c:1033)')))
[2026-07-09 07:55:02] 🔴 开空 LINK @7.55 | 评分:70 | 状态:trending | ❌ 下单失败：请求异常：HTTPSConnectionPool(host='testnet.binancefuture.com', port=443): Max retries exceeded with url: /fapi/v1/order?symbol=LINKUSDT&side=SELL&type=MARKET&quantity=26.49&reduceOnly=false&timestamp=1783554876968&recvWindow=30000&newClientOrderId=oc_1783554876_907b12466d&signature=d2d1543f4d4542c3ca354a928e3efaee4293344bb71b83fef2553b98ed2efd69 (Caused by SSLError(SSLEOFError(8, '[SSL: UNEXPECTED_EOF_WHILE_READING] EOF occurred in violation of protocol (_ssl.c:1033)')))
[2026-07-09 08:02:11] 🔴 开空 LINK @7.55 | 评分:70 | 状态:trending | ❌ 下单失败：请求异常：HTTPSConnectionPool(host='testnet.binancefuture.com', port=443): Max retries exceeded with url: /fapi/v1/order?symbol=LINKUSDT&side=SELL&type=MARKET&quantity=26.49&reduceOnly=false&timestamp=1783555308347&recvWindow=30000&newClientOrderId=oc_1783555308_6ce4a289d4&signature=7b6b0229b27f5ca209847597bb9e6847293a6a3b5bbecf2a797793023e4b585b (Caused by SSLError(SSLEOFError(8, '[SSL: UNEXPECTED_EOF_WHILE_READING] EOF occurred in violation of protocol (_ssl.c:1033)')))
[2026-07-09 08:03:36] 
==================================================
📊 整点汇报 2026-07-09 08:02
恐惧贪婪指数: 50 (中性)
今日PnL: -0.82 USDT (-0.8%)
持仓数: 0/4
  BTC: 61709.7000 (-2.84%)
  ETH: 1722.1000 (-3.62%)
  SOL: 76.7900 (-5.81%)
  BNB: 562.2100 (+0.00%)
  DOT: 0.8180 (-5.54%)
  LINK: 7.5500 (-4.72%)
  XRP: 1.0730 (-4.27%)
==================================================
[2026-07-09 08:15:39] 🔴 开空 LINK @7.55 | 评分:70 | 状态:trending | ❌ 下单失败：请求异常：HTTPSConnectionPool(host='testnet.binancefuture.com', port=443): Max retries exceeded with url: /fapi/v1/order?symbol=LINKUSDT&side=SELL&type=MARKET&quantity=26.49&reduceOnly=false&timestamp=1783556113779&recvWindow=30000&newClientOrderId=oc_1783556113_a4386e18de&signature=8a7483e3b4a75a4e37b9a6410fdfa6d08c19cd0f840fa7ae171de39244aa6d03 (Caused by SSLError(SSLEOFError(8, '[SSL: UNEXPECTED_EOF_WHILE_READING] EOF occurred in violation of protocol (_ssl.c:1033)')))
[2026-07-09 08:22:32] 🔴 开空 LINK @7.55 | 评分:70 | 状态:trending | ❌ 下单失败：请求异常：HTTPSConnectionPool(host='testnet.binancefuture.com', port=443): Max retries exceeded with url: /fapi/v1/order?symbol=LINKUSDT&side=SELL&type=MARKET&quantity=26.49&reduceOnly=false&timestamp=1783556526820&recvWindow=30000&newClientOrderId=oc_1783556526_c41dd4e4ab&signature=b112d47bb6d30fed2ccf6d06b56fd96bf77eed5c40cda9aa1bbcc8a48c69d0bb (Caused by SSLError(SSLEOFError(8, '[SSL: UNEXPECTED_EOF_WHILE_READING] EOF occurred in violation of protocol (_ssl.c:1033)')))
[2026-07-09 08:29:36] 🔴 开空 LINK @7.55 | 评分:70 | 状态:trending | ❌ 下单失败：请求异常：HTTPSConnectionPool(host='testnet.binancefuture.com', port=443): Max retries exceeded with url: /fapi/v1/order?symbol=LINKUSDT&side=SELL&type=MARKET&quantity=26.49&reduceOnly=false&timestamp=1783556952463&recvWindow=30000&newClientOrderId=oc_1783556952_3a92ab2ce5&signature=5d606e4d314559be638e92f37f3ba471b574d296729e0f0b60637a137979f67d (Caused by SSLError(SSLEOFError(8, '[SSL: UNEXPECTED_EOF_WHILE_READING] EOF occurred in violation of protocol (_ssl.c:1033)')))
[2026-07-09 08:36:27] 🔴 开空 LINK @7.55 | 评分:70 | 状态:trending | ❌ 下单失败：请求异常：HTTPSConnectionPool(host='testnet.binancefuture.com', port=443): Max retries exceeded with url: /fapi/v1/order?symbol=LINKUSDT&side=SELL&type=MARKET&quantity=26.49&reduceOnly=false&timestamp=1783557365204&recvWindow=30000&newClientOrderId=oc_1783557365_6e4c4e602b&signature=e216ced371b783ea8cb86ee9d11ab426809a7f8b429c738c137756d887019dea (Caused by SSLError(SSLEOFError(8, '[SSL: UNEXPECTED_EOF_WHILE_READING] EOF occurred in violation of protocol (_ssl.c:1033)')))
[2026-07-09 08:43:23] 🔴 开空 LINK @7.55 | 评分:70 | 状态:trending | ❌ 下单失败：请求异常：HTTPSConnectionPool(host='testnet.binancefuture.com', port=443): Max retries exceeded with url: /fapi/v1/order?symbol=LINKUSDT&side=SELL&type=MARKET&quantity=26.49&reduceOnly=false&timestamp=1783557779949&recvWindow=30000&newClientOrderId=oc_1783557779_41bd523e21&signature=4aa14340882b3a0639936550e1cac6e01588b5c7cba1d48157e90ec6e1059cb2 (Caused by SSLError(SSLEOFError(8, '[SSL: UNEXPECTED_EOF_WHILE_READING] EOF occurred in violation of protocol (_ssl.c:1033)')))
[2026-07-09 08:50:57] 🔴 开空 LINK @7.55 | 评分:70 | 状态:trending | ❌ 下单失败：请求异常：HTTPSConnectionPool(host='testnet.binancefuture.com', port=443): Max retries exceeded with url: /fapi/v1/order?symbol=LINKUSDT&side=SELL&type=MARKET&quantity=26.49&reduceOnly=false&timestamp=1783558236506&recvWindow=30000&newClientOrderId=oc_1783558236_35a4373bd2&signature=7d47fe46ca063f62863e6b16460210cbe14b28acbcd3825d76bf469b9c0ca309 (Caused by SSLError(SSLEOFError(8, '[SSL: UNEXPECTED_EOF_WHILE_READING] EOF occurred in violation of protocol (_ssl.c:1033)')))
[2026-07-09 08:58:00] 🔴 开空 LINK @7.55 | 评分:70 | 状态:trending | ❌ 下单失败：请求异常：HTTPSConnectionPool(host='testnet.binancefuture.com', port=443): Max retries exceeded with url: /fapi/v1/order?symbol=LINKUSDT&side=SELL&type=MARKET&quantity=26.49&reduceOnly=false&timestamp=1783558659308&recvWindow=30000&newClientOrderId=oc_1783558659_e775699384&signature=458579a4808708f48e96572c0a593a0ff0750cac79ad68fbf50a5c1f663c9aad (Caused by SSLError(SSLEOFError(8, '[SSL: UNEXPECTED_EOF_WHILE_READING] EOF occurred in violation of protocol (_ssl.c:1033)')))
[2026-07-09 09:04:57] 🔴 开空 LINK @7.55 | 评分:70 | 状态:trending | ❌ 下单失败：请求异常：HTTPSConnectionPool(host='testnet.binancefuture.com', port=443): Max retries exceeded with url: /fapi/v1/order?symbol=LINKUSDT&side=SELL&type=MARKET&quantity=26.49&reduceOnly=false&timestamp=1783559074772&recvWindow=30000&newClientOrderId=oc_1783559074_3aa02ea5c7&signature=cd3a7a86c7fa565897a10472c6944ac28f8a54f2a02ec1535051379c10e241e8 (Caused by SSLError(SSLEOFError(8, '[SSL: UNEXPECTED_EOF_WHILE_READING] EOF occurred in violation of protocol (_ssl.c:1033)')))
[2026-07-09 09:06:24] 
==================================================
📊 整点汇报 2026-07-09 09:04
恐惧贪婪指数: 50 (中性)
今日PnL: -0.82 USDT (-0.8%)
持仓数: 0/4
  BTC: 61709.7000 (-2.84%)
  ETH: 1722.1000 (-3.62%)
  SOL: 76.7900 (-5.81%)
  BNB: 562.2100 (+0.00%)
  DOT: 0.8180 (-5.54%)
  LINK: 7.5500 (-4.72%)
  XRP: 1.0730 (-4.27%)
==================================================
[2026-07-09 09:17:35] 🔴 开空 LINK @7.55 | 评分:70 | 状态:trending | ❌ 下单失败：请求异常：HTTPSConnectionPool(host='testnet.binancefuture.com', port=443): Max retries exceeded with url: /fapi/v1/order?symbol=LINKUSDT&side=SELL&type=MARKET&quantity=26.49&reduceOnly=false&timestamp=1783559833880&recvWindow=30000&newClientOrderId=oc_1783559833_d8fc8dd46b&signature=1821c83bedbb040bbdfcfdaea21532eadb3779ebc52d4b2653f66ea21d3f3f7e (Caused by SSLError(SSLEOFError(8, '[SSL: UNEXPECTED_EOF_WHILE_READING] EOF occurred in violation of protocol (_ssl.c:1033)')))
[2026-07-09 09:24:26] 🔴 开空 LINK @7.55 | 评分:70 | 状态:trending | ❌ 下单失败：请求异常：HTTPSConnectionPool(host='testnet.binancefuture.com', port=443): Max retries exceeded with url: /fapi/v1/order?symbol=LINKUSDT&side=SELL&type=MARKET&quantity=26.49&reduceOnly=false&timestamp=1783560242825&recvWindow=30000&newClientOrderId=oc_1783560242_bcef3ae6d8&signature=4300f1d2d7c6bb2f08fa4897f7ee6b008f2bcfa1a0efc5c91ac8589903d0b1bd (Caused by SSLError(SSLEOFError(8, '[SSL: UNEXPECTED_EOF_WHILE_READING] EOF occurred in violation of protocol (_ssl.c:1033)')))
[2026-07-09 09:31:49] 🔴 开空 LINK @7.55 | 评分:70 | 状态:trending | ❌ 下单失败：请求异常：HTTPSConnectionPool(host='testnet.binancefuture.com', port=443): Max retries exceeded with url: /fapi/v1/order?symbol=LINKUSDT&side=SELL&type=MARKET&quantity=26.49&reduceOnly=false&timestamp=1783560685027&recvWindow=30000&newClientOrderId=oc_1783560685_e572c26b9b&signature=6edfc6aeec7c0f4e8a5c6e7d8b3af00273507ad165b48c6597503981e1850317 (Caused by SSLError(SSLEOFError(8, '[SSL: UNEXPECTED_EOF_WHILE_READING] EOF occurred in violation of protocol (_ssl.c:1033)')))
[2026-07-09 09:42:16] ✅ 平仓 ETH 迷你仓修复 | 入场:1798.7500 出场:1798.7500 | PnL:0.00% (+0.00USDT) | 平100%仓 | ❌ 平仓失败
[2026-07-09 09:54:34] ✅ 平仓 ETH 迷你仓修复 | 入场:1798.7500 出场:1798.7500 | PnL:0.00% (+0.00USDT) | 平100%仓 | ❌ 平仓失败
[2026-07-09 10:00:29] 
==================================================
📊 整点汇报 2026-07-09 10:00
恐惧贪婪指数: 22 (极度恐惧)
今日PnL: +0.00 USDT (+0.0%)
持仓数: 3/4
  🔴 DOT SHORT @0.8220 现价:0.8270 PnL:-1.22U (-0.61%)
  🔴 LINK SHORT @7.5510 现价:7.5900 PnL:-1.03U (-0.52%)
  🔴 BNB SHORT @572.3300 现价:567.6100 PnL:+1.65U (+0.82%)
  BTC: 61867.2000 (-1.86%)
  ETH: 1730.7900 (-1.45%)
  SOL: 77.3300 (-2.19%)
  BNB: 567.6100 (-0.84%)
  DOT: 0.8270 (-1.67%)
  LINK: 7.5900 (-2.03%)
  XRP: 1.0829 (-1.46%)
==================================================
[2026-07-09 10:06:02] ✅ 平仓 ETH 迷你仓修复 | 入场:1798.7500 出场:1798.7500 | PnL:0.00% (+0.00USDT) | 平100%仓 | ❌ 平仓失败
[2026-07-09 10:17:53] ✅ 平仓 ETH 迷你仓修复 | 入场:1798.7500 出场:1798.7500 | PnL:0.00% (+0.00USDT) | 平100%仓 | ❌ 平仓失败
[2026-07-09 10:28:51] ✅ 平仓 ETH 迷你仓修复 | 入场:1798.7500 出场:1798.7500 | PnL:0.00% (+0.00USDT) | 平100%仓 | ❌ 平仓失败
[2026-07-09 10:40:58] ✅ 平仓 ETH 迷你仓修复 | 入场:1798.7500 出场:1798.7500 | PnL:0.00% (+0.00USDT) | 平100%仓 | ❌ 平仓失败
[2026-07-09 10:53:28] ✅ 平仓 ETH 迷你仓修复 | 入场:1798.7500 出场:1798.7500 | PnL:0.00% (+0.00USDT) | 平100%仓 | ❌ 平仓失败
[2026-07-09 11:00:54] 
==================================================
📊 整点汇报 2026-07-09 11:00
恐惧贪婪指数: 22 (极度恐惧)
今日PnL: +0.00 USDT (+0.0%)
持仓数: 3/4
  🔴 DOT SHORT @0.8220 现价:0.8240 PnL:-0.49U (-0.24%)
  🔴 LINK SHORT @7.5510 现价:7.5850 PnL:-0.90U (-0.45%)
  🔴 BNB SHORT @572.3300 现价:566.4700 PnL:+2.05U (+1.02%)
  BTC: 61769.7000 (-1.78%)
  ETH: 1726.7800 (-1.77%)
  SOL: 77.2900 (-2.30%)
  BNB: 566.4700 (-0.83%)
  DOT: 0.8240 (-1.32%)
  LINK: 7.5850 (-1.85%)
  XRP: 1.0841 (-1.38%)
==================================================
[2026-07-09 12:01:34] 
==================================================
📊 整点汇报 2026-07-09 12:00
恐惧贪婪指数: 50 (中性)
今日PnL: +0.00 USDT (+0.0%)
持仓数: 0/4
  BTC: 61774.8000 (-1.85%)
  ETH: 1726.7600 (-1.77%)
  SOL: 77.2700 (-2.30%)
  BNB: 566.5200 (-0.85%)
  DOT: 0.8230 (-1.44%)
  LINK: 7.5830 (-1.19%)
  XRP: 1.0840 (-1.44%)
==================================================
[2026-07-09 12:58:38] ✅ 平仓 ETH 迷你仓修复 | 入场:1798.7500 出场:1798.7500 | PnL:0.00% (+0.00USDT) | 平100%仓 | ❌ 平仓失败
[2026-07-09 13:00:22] 
==================================================
📊 整点汇报 2026-07-09 13:00
恐惧贪婪指数: 22 (极度恐惧)
今日PnL: +0.00 USDT (+0.0%)
持仓数: 3/4
  🔴 DOT SHORT @0.8220 现价:0.8330 PnL:-2.68U (-1.34%)
  🔴 LINK SHORT @7.5510 现价:7.6670 PnL:-3.07U (-1.54%)
  🔴 BNB SHORT @572.3300 现价:570.6000 PnL:+0.61U (+0.30%)
  BTC: 62359.0000 (+0.00%)
  ETH: 1739.6600 (-0.75%)
  SOL: 77.8800 (-0.73%)
  BNB: 570.6000 (+0.27%)
  DOT: 0.8330 (+0.00%)
  LINK: 7.6670 (-0.34%)
  XRP: 1.0933 (+0.11%)
==================================================
[2026-07-09 13:12:44] ✅ 平仓 ETH 迷你仓修复 | 入场:1798.7500 出场:1798.7500 | PnL:0.00% (+0.00USDT) | 平100%仓 | ❌ 平仓失败
[2026-07-09 13:25:45] ✅ 平仓 ETH 迷你仓修复 | 入场:1798.7500 出场:1798.7500 | PnL:0.00% (+0.00USDT) | 平100%仓 | ❌ 平仓失败
[2026-07-09 13:39:37] ✅ 平仓 ETH 迷你仓修复 | 入场:1798.7500 出场:1798.7500 | PnL:0.00% (+0.00USDT) | 平100%仓 | ❌ 平仓失败
[2026-07-09 13:52:09] ✅ 平仓 ETH 迷你仓修复 | 入场:1798.7500 出场:1798.7500 | PnL:0.00% (+0.00USDT) | 平100%仓 | ❌ 平仓失败
[2026-07-09 13:53:31] ❌ 平仓 LINK SL | 入场:7.5510 出场:7.7070 | PnL:-2.07% (-4.13USDT) | 平100%仓 | ✅ 平仓成功
[2026-07-09 13:53:51] ❌ 平仓 LINK TP1 | 入场:7.7080 出场:7.7070 | PnL:-0.01% (-0.02USDT) | 平100%仓 | ✅ 平仓成功
[2026-07-09 14:00:42] 
==================================================
📊 整点汇报 2026-07-09 14:00
恐惧贪婪指数: 22 (极度恐惧)
今日PnL: -7.89 USDT (-7.9%)
持仓数: 2/4
  🔴 DOT SHORT @0.8220 现价:0.8370 PnL:-3.65U (-1.82%)
  🔴 BNB SHORT @572.3300 现价:574.0800 PnL:-0.61U (-0.31%)
  BTC: 62511.4000 (+0.00%)
  ETH: 1748.4800 (-0.26%)
  SOL: 78.3500 (-0.04%)
  BNB: 574.0800 (+0.96%)
  DOT: 0.8370 (+0.36%)
  LINK: 7.7180 (+0.46%)
  XRP: 1.0989 (+0.73%)
==================================================
[2026-07-09 14:04:01] ✅ 平仓 ETH 迷你仓修复 | 入场:1798.7500 出场:1798.7500 | PnL:0.00% (+0.00USDT) | 平100%仓 | ❌ 平仓失败
[2026-07-09 14:15:52] ✅ 平仓 ETH 迷你仓修复 | 入场:1798.7500 出场:1798.7500 | PnL:0.00% (+0.00USDT) | 平100%仓 | ❌ 平仓失败
[2026-07-09 15:05:42] 
==================================================
📊 整点汇报 2026-07-09 15:04
恐惧贪婪指数: 50 (中性)
今日PnL: -7.89 USDT (-7.9%)
持仓数: 0/4
  BTC: 62485.2000 (-0.15%)
  ETH: 1746.7400 (-0.19%)
  SOL: 78.1600 (-0.12%)
  BNB: 573.4100 (+0.96%)
  DOT: 0.8350 (+0.24%)
  LINK: 7.7320 (+0.76%)
  XRP: 1.0971 (+0.73%)
==================================================
[2026-07-09 16:05:13] 
==================================================
📊 整点汇报 2026-07-09 16:03
恐惧贪婪指数: 50 (中性)
今日PnL: -7.89 USDT (-7.9%)
持仓数: 0/4
  BTC: 62485.2000 (-0.15%)
  ETH: 1746.7400 (-0.19%)
  SOL: 78.1600 (-0.12%)
  BNB: 573.4100 (+0.96%)
  DOT: 0.8350 (+0.24%)
  LINK: 7.7320 (+0.76%)
  XRP: 1.0971 (+0.73%)
==================================================
[2026-07-09 17:04:37] 
==================================================
📊 整点汇报 2026-07-09 17:03
恐惧贪婪指数: 50 (中性)
今日PnL: -7.89 USDT (-7.9%)
持仓数: 0/4
  BTC: 62485.2000 (-0.15%)
  ETH: 1746.7400 (-0.19%)
  SOL: 78.1600 (-0.12%)
  BNB: 573.4100 (+0.96%)
  DOT: 0.8350 (+0.24%)
  LINK: 7.7320 (+0.76%)
  XRP: 1.0971 (+0.73%)
==================================================
[2026-07-09 18:03:40] 
==================================================
📊 整点汇报 2026-07-09 18:02
恐惧贪婪指数: 50 (中性)
今日PnL: -7.89 USDT (-7.9%)
持仓数: 0/4
  BTC: 62485.2000 (-0.15%)
  ETH: 1746.7400 (-0.19%)
  SOL: 78.1600 (-0.12%)
  BNB: 573.4100 (+0.96%)
  DOT: 0.8350 (+0.24%)
  LINK: 7.7320 (+0.76%)
  XRP: 1.0971 (+0.73%)
==================================================
[2026-07-09 18:14:19] ✅ 平仓 ETH 迷你仓修复 | 入场:1798.7500 出场:1798.7500 | PnL:0.00% (+0.00USDT) | 平100%仓 | ❌ 平仓失败
[2026-07-09 18:26:22] ✅ 平仓 ETH 迷你仓修复 | 入场:1798.7500 出场:1798.7500 | PnL:0.00% (+0.00USDT) | 平100%仓 | ❌ 平仓失败
[2026-07-09 18:39:19] ✅ 平仓 ETH 迷你仓修复 | 入场:1798.7500 出场:1798.7500 | PnL:0.00% (+0.00USDT) | 平100%仓 | ❌ 平仓失败
[2026-07-09 18:51:17] ✅ 平仓 ETH 迷你仓修复 | 入场:1798.7500 出场:1798.7500 | PnL:0.00% (+0.00USDT) | 平100%仓 | ❌ 平仓失败
[2026-07-09 19:00:24] 
==================================================
📊 整点汇报 2026-07-09 19:00
恐惧贪婪指数: 22 (极度恐惧)
今日PnL: -7.89 USDT (-7.9%)
持仓数: 1/4
  🔴 BNB SHORT @572.3300 现价:570.3900 PnL:+0.68U (+0.34%)
  BTC: 62789.5000 (+1.07%)
  ETH: 1745.4500 (+0.43%)
  SOL: 77.6300 (+0.47%)
  BNB: 570.3900 (+1.29%)
  DOT: 0.8280 (-0.48%)
  LINK: 7.7390 (+1.79%)
  XRP: 1.0917 (+0.83%)
==================================================
[2026-07-09 19:03:07] ✅ 平仓 ETH 迷你仓修复 | 入场:1798.7500 出场:1798.7500 | PnL:0.00% (+0.00USDT) | 平100%仓 | ❌ 平仓失败
[2026-07-09 19:16:33] ✅ 平仓 ETH 迷你仓修复 | 入场:1798.7500 出场:1798.7500 | PnL:0.00% (+0.00USDT) | 平100%仓 | ❌ 平仓失败
[2026-07-09 19:23:45] ✅ 平仓 ETH 迷你仓修复 | 入场:1798.7500 出场:1798.7500 | PnL:0.00% (+0.00USDT) | 平100%仓 | ❌ 平仓失败
[2026-07-09 19:31:05] ✅ 平仓 ETH 迷你仓修复 | 入场:1798.7500 出场:1798.7500 | PnL:0.00% (+0.00USDT) | 平100%仓 | ❌ 平仓失败
[2026-07-09 19:38:52] ✅ 平仓 ETH 迷你仓修复 | 入场:1798.7500 出场:1798.7500 | PnL:0.00% (+0.00USDT) | 平100%仓 | ❌ 平仓失败
[2026-07-09 19:46:17] ✅ 平仓 ETH 迷你仓修复 | 入场:1798.7500 出场:1798.7500 | PnL:0.00% (+0.00USDT) | 平100%仓 | ❌ 平仓失败
[2026-07-09 19:54:04] ✅ 平仓 ETH 迷你仓修复 | 入场:1798.7500 出场:1798.7500 | PnL:0.00% (+0.00USDT) | 平100%仓 | ❌ 平仓失败
[2026-07-09 20:00:30] 
==================================================
📊 整点汇报 2026-07-09 20:00
恐惧贪婪指数: 22 (极度恐惧)
今日PnL: -7.89 USDT (-7.9%)
持仓数: 1/4
  🔴 BNB SHORT @572.3300 现价:570.0900 PnL:+0.78U (+0.39%)
  BTC: 62709.2000 (+0.71%)
  ETH: 1744.1000 (-0.18%)
  SOL: 77.5800 (+0.09%)
  BNB: 570.0900 (+0.66%)
  DOT: 0.8330 (+0.00%)
  LINK: 7.7340 (+1.35%)
  XRP: 1.0927 (+0.62%)
==================================================
[2026-07-09 20:03:08] ✅ 平仓 ETH 迷你仓修复 | 入场:1798.7500 出场:1798.7500 | PnL:0.00% (+0.00USDT) | 平100%仓 | ❌ 平仓失败
[2026-07-09 20:11:36] ✅ 平仓 ETH 迷你仓修复 | 入场:1798.7500 出场:1798.7500 | PnL:0.00% (+0.00USDT) | 平100%仓 | ❌ 平仓失败
[2026-07-09 20:19:57] ✅ 平仓 ETH 迷你仓修复 | 入场:1798.7500 出场:1798.7500 | PnL:0.00% (+0.00USDT) | 平100%仓 | ❌ 平仓失败
[2026-07-09 20:28:42] ✅ 平仓 ETH 迷你仓修复 | 入场:1798.7500 出场:1798.7500 | PnL:0.00% (+0.00USDT) | 平100%仓 | ❌ 平仓失败
[2026-07-09 20:36:19] ✅ 平仓 ETH 迷你仓修复 | 入场:1798.7500 出场:1798.7500 | PnL:0.00% (+0.00USDT) | 平100%仓 | ❌ 平仓失败
[2026-07-09 20:44:23] ✅ 平仓 ETH 迷你仓修复 | 入场:1798.7500 出场:1798.7500 | PnL:0.00% (+0.00USDT) | 平100%仓 | ❌ 平仓失败
[2026-07-09 20:52:41] ✅ 平仓 ETH 迷你仓修复 | 入场:1798.7500 出场:1798.7500 | PnL:0.00% (+0.00USDT) | 平100%仓 | ❌ 平仓失败
[2026-07-09 21:00:28] ✅ 平仓 ETH 迷你仓修复 | 入场:1798.7500 出场:1798.7500 | PnL:0.00% (+0.00USDT) | 平100%仓 | ❌ 平仓失败
[2026-07-09 21:00:53] 
==================================================
📊 整点汇报 2026-07-09 21:00
恐惧贪婪指数: 22 (极度恐惧)
今日PnL: -7.89 USDT (-7.9%)
持仓数: 1/4
  🔴 BNB SHORT @572.3300 现价:569.6500 PnL:+0.94U (+0.47%)
  BTC: 62732.6000 (+1.11%)
  ETH: 1741.2800 (+0.12%)
  SOL: 77.6900 (+0.57%)
  BNB: 569.6500 (+0.96%)
  DOT: 0.8300 (+0.12%)
  LINK: 7.7140 (+1.53%)
  XRP: 1.0949 (+1.19%)
==================================================
[2026-07-09 21:09:47] ✅ 平仓 ETH 迷你仓修复 | 入场:1798.7500 出场:1798.7500 | PnL:0.00% (+0.00USDT) | 平100%仓 | ❌ 平仓失败
[2026-07-09 21:18:42] ✅ 平仓 ETH 迷你仓修复 | 入场:1798.7500 出场:1798.7500 | PnL:0.00% (+0.00USDT) | 平100%仓 | ❌ 平仓失败
[2026-07-09 21:27:55] ✅ 平仓 ETH 迷你仓修复 | 入场:1798.7500 出场:1798.7500 | PnL:0.00% (+0.00USDT) | 平100%仓 | ❌ 平仓失败
[2026-07-09 21:36:59] ✅ 平仓 ETH 迷你仓修复 | 入场:1798.7500 出场:1798.7500 | PnL:0.00% (+0.00USDT) | 平100%仓 | ❌ 平仓失败
[2026-07-09 21:48:26] ✅ 平仓 ETH 迷你仓修复 | 入场:1798.7500 出场:1798.7500 | PnL:0.00% (+0.00USDT) | 平100%仓 | ❌ 平仓失败
[2026-07-09 21:59:53] ✅ 平仓 ETH 迷你仓修复 | 入场:1798.7500 出场:1798.7500 | PnL:0.00% (+0.00USDT) | 平100%仓 | ❌ 平仓失败
[2026-07-09 22:00:50] 
==================================================
📊 整点汇报 2026-07-09 22:00
恐惧贪婪指数: 22 (极度恐惧)
今日PnL: -7.89 USDT (-7.9%)
持仓数: 1/4
  🔴 BNB SHORT @572.3300 现价:571.3000 PnL:+0.36U (+0.18%)
  BTC: 62898.7000 (+1.91%)
  ETH: 1745.7200 (+0.53%)
  SOL: 78.1400 (+1.49%)
  BNB: 571.3000 (+1.26%)
  DOT: 0.8330 (+0.85%)
  LINK: 7.7490 (+1.93%)
  XRP: 1.0978 (+1.81%)
==================================================
[2026-07-09 22:12:39] ✅ 平仓 ETH 迷你仓修复 | 入场:1798.7500 出场:1798.7500 | PnL:0.00% (+0.00USDT) | 平100%仓 | ❌ 平仓失败
[2026-07-09 22:24:43] ✅ 平仓 ETH 迷你仓修复 | 入场:1798.7500 出场:1798.7500 | PnL:0.00% (+0.00USDT) | 平100%仓 | ❌ 平仓失败
[2026-07-09 22:37:05] ✅ 平仓 ETH 迷你仓修复 | 入场:1798.7500 出场:1798.7500 | PnL:0.00% (+0.00USDT) | 平100%仓 | ❌ 平仓失败
[2026-07-09 22:49:26] ✅ 平仓 ETH 迷你仓修复 | 入场:1798.7500 出场:1798.7500 | PnL:0.00% (+0.00USDT) | 平100%仓 | ❌ 平仓失败
[2026-07-09 23:02:18] ✅ 平仓 ETH 迷你仓修复 | 入场:1798.7500 出场:1798.7500 | PnL:0.00% (+0.00USDT) | 平100%仓 | ❌ 平仓失败
[2026-07-09 23:03:22] 
==================================================
📊 整点汇报 2026-07-09 23:03
恐惧贪婪指数: 50 (中性)
今日PnL: -7.89 USDT (-7.9%)
持仓数: 1/4
  🔴 BNB SHORT @572.3300 现价:572.1600 PnL:+0.06U (+0.03%)
  BTC: 62854.2000 (+1.57%)
  ETH: 1738.4800 (+0.57%)
  SOL: 77.8300 (+0.00%)
  BNB: 572.1600 (+0.00%)
  DOT: 0.8320 (+1.34%)
  LINK: 7.7130 (+1.78%)
  XRP: 1.0933 (+1.50%)
==================================================
[2026-07-09 23:16:37] ✅ 平仓 ETH 迷你仓修复 | 入场:1798.7500 出场:1798.7500 | PnL:0.00% (+0.00USDT) | 平100%仓 | ❌ 平仓失败
