[2026-07-27 00:00:52] 
==================================================
📊 整点汇报 2026-07-27 00:00
恐惧贪婪指数: 26 (恐惧)
今日PnL: +0.00 USDT (+0.0%)
持仓数: 4/4
  🔴 BTC SHORT @64066.3000 现价:64749.9000 PnL:-2.05U (-1.07%)
  🟢 SOL LONG @73.9700 现价:75.4500 PnL:+4.00U (+2.00%)
  🔴 BNB SHORT @568.9800 现价:574.3600 PnL:-1.88U (-0.95%)
  🟢 ETH LONG @1889.7000 现价:1915.1700 PnL:+2.70U (+1.35%)
  BTC: 64749.9000 (+0.94%)
  ETH: 1915.1700 (+2.58%)
  SOL: 75.4500 (+1.77%)
  BNB: 574.3600 (+1.23%)
  DOT: 0.8242 (+0.34%)
  LINK: 8.5950 (+2.55%)
  XRP: 1.1040 (+0.56%)
==================================================
[2026-07-27 01:00:35] 
==================================================
📊 整点汇报 2026-07-27 01:00
恐惧贪婪指数: 26 (恐惧)
今日PnL: +0.00 USDT (+0.0%)
持仓数: 4/4
  🔴 BTC SHORT @64066.3000 现价:64713.2000 PnL:-1.94U (-1.01%)
  🟢 SOL LONG @73.9700 现价:75.5100 PnL:+4.16U (+2.08%)
  🔴 BNB SHORT @568.9800 现价:574.0200 PnL:-1.76U (-0.89%)
  🟢 ETH LONG @1889.7000 现价:1915.9000 PnL:+2.78U (+1.39%)
  BTC: 64713.2000 (+0.83%)
  ETH: 1915.9000 (+2.60%)
  SOL: 75.5100 (+1.64%)
  BNB: 574.0200 (+1.05%)
  DOT: 0.8235 (+0.15%)
  LINK: 8.6450 (+0.00%)
  XRP: 1.1028 (+0.09%)
==================================================
[2026-07-27 02:02:36] 
==================================================
📊 整点汇报 2026-07-27 02:01
恐惧贪婪指数: 50 (中性)
今日PnL: +0.00 USDT (+0.0%)
持仓数: 0/4
  BTC: 64684.6000 (+0.81%)
  ETH: 1916.5000 (+2.57%)
  SOL: 75.5200 (+0.00%)
  BNB: 573.8000 (+1.14%)
  DOT: 0.8244 (+0.50%)
  LINK: 8.5980 (+2.42%)
  XRP: 1.1020 (+0.11%)
==================================================
[2026-07-27 03:01:45] 
==================================================
📊 整点汇报 2026-07-27 03:00
恐惧贪婪指数: 50 (中性)
今日PnL: +0.00 USDT (+0.0%)
持仓数: 0/4
  BTC: 64684.6000 (+0.81%)
  ETH: 1916.5000 (+2.57%)
  SOL: 75.5200 (+0.00%)
  BNB: 573.8000 (+1.14%)
  DOT: 0.8244 (+0.50%)
  LINK: 8.5980 (+2.42%)
  XRP: 1.1020 (+0.11%)
==================================================
[2026-07-27 04:05:43] 
==================================================
📊 整点汇报 2026-07-27 04:04
恐惧贪婪指数: 50 (中性)
今日PnL: +0.00 USDT (+0.0%)
持仓数: 0/4
  BTC: 64684.6000 (+0.81%)
  ETH: 1916.5000 (+2.57%)
  SOL: 75.5200 (+0.00%)
  BNB: 573.8000 (+1.14%)
  DOT: 0.8244 (+0.50%)
  LINK: 8.5980 (+2.42%)
  XRP: 1.1020 (+0.11%)
==================================================
[2026-07-27 05:04:35] 
==================================================
📊 整点汇报 2026-07-27 05:03
恐惧贪婪指数: 50 (中性)
今日PnL: +0.00 USDT (+0.0%)
持仓数: 0/4
  BTC: 64684.6000 (+0.81%)
  ETH: 1916.5000 (+2.57%)
  SOL: 75.5200 (+0.00%)
  BNB: 573.8000 (+1.14%)
  DOT: 0.8244 (+0.50%)
  LINK: 8.5980 (+2.42%)
  XRP: 1.1020 (+0.11%)
==================================================
[2026-07-27 06:03:26] 
==================================================
📊 整点汇报 2026-07-27 06:02
恐惧贪婪指数: 50 (中性)
今日PnL: +0.00 USDT (+0.0%)
持仓数: 0/4
  BTC: 64684.6000 (+0.81%)
  ETH: 1916.5000 (+2.57%)
  SOL: 75.5200 (+0.00%)
  BNB: 573.8000 (+1.14%)
  DOT: 0.8244 (+0.50%)
  LINK: 8.5980 (+2.42%)
  XRP: 1.1020 (+0.11%)
==================================================
[2026-07-27 07:02:32] 
==================================================
📊 整点汇报 2026-07-27 07:01
恐惧贪婪指数: 50 (中性)
今日PnL: +0.00 USDT (+0.0%)
持仓数: 0/4
  BTC: 64684.6000 (+0.81%)
  ETH: 1916.5000 (+2.57%)
  SOL: 75.5200 (+0.00%)
  BNB: 573.8000 (+1.14%)
  DOT: 0.8244 (+0.50%)
  LINK: 8.5980 (+2.42%)
  XRP: 1.1020 (+0.11%)
==================================================
[2026-07-27 08:00:32] 
==================================================
📊 整点汇报 2026-07-27 08:00
恐惧贪婪指数: 50 (中性)
今日PnL: +0.00 USDT (+0.0%)
持仓数: 4/4
  🟢 ETH LONG @1888.8400 现价:1916.5000 PnL:+2.93U (+1.46%)
  🔴 BTC SHORT @64066.3000 现价:64684.6000 PnL:-1.85U (-0.97%)
  🟢 SOL LONG @73.9700 现价:75.5200 PnL:+3.69U (+2.10%)
  🔴 BNB SHORT @568.9800 现价:573.8000 PnL:-1.69U (-0.85%)
  BTC: 64684.6000 (+0.81%)
  ETH: 1916.5000 (+2.57%)
  SOL: 75.5200 (+0.00%)
  BNB: 573.8000 (+1.14%)
  DOT: 0.8244 (+0.50%)
  LINK: 8.5980 (+2.42%)
  XRP: 1.1020 (+0.11%)
==================================================
[2026-07-27 09:00:39] 
==================================================
📊 整点汇报 2026-07-27 09:00
恐惧贪婪指数: 30 (恐惧)
今日PnL: +0.00 USDT (+0.0%)
持仓数: 4/4
  🟢 ETH LONG @1888.8400 现价:1941.3400 PnL:+5.56U (+2.78%)
  🔴 BTC SHORT @64066.3000 现价:65088.1000 PnL:-3.07U (-1.59%)
  🟢 SOL LONG @73.9700 现价:76.2300 PnL:+6.10U (+3.06%)
  🔴 BNB SHORT @568.9800 现价:572.8700 PnL:-1.36U (-0.68%)
  BTC: 65088.1000 (+0.88%)
  ETH: 1941.3400 (+3.26%)
  SOL: 76.2300 (+1.99%)
  BNB: 572.8700 (+0.39%)
  DOT: 0.8238 (+0.91%)
  LINK: 8.7570 (+4.30%)
  XRP: 1.1084 (+0.84%)
==================================================
[2026-07-27 10:00:31] 
==================================================
📊 整点汇报 2026-07-27 10:00
恐惧贪婪指数: 30 (恐惧)
今日PnL: +0.00 USDT (+0.0%)
持仓数: 4/4
  🟢 ETH LONG @1888.8400 现价:1947.3000 PnL:+6.20U (+3.10%)
  🔴 BTC SHORT @64066.3000 现价:65161.5000 PnL:-3.29U (-1.71%)
  🟢 SOL LONG @73.9700 现价:76.4700 PnL:+6.75U (+3.38%)
  🔴 BNB SHORT @568.9800 现价:573.5400 PnL:-1.60U (-0.80%)
  BTC: 65161.5000 (+1.08%)
  ETH: 1947.3000 (+3.74%)
  SOL: 76.4700 (+2.23%)
  BNB: 573.5400 (+0.54%)
  DOT: 0.8199 (+0.55%)
  LINK: 8.7840 (+4.70%)
  XRP: 1.1075 (+0.76%)
==================================================
[2026-07-27 11:00:26] 
==================================================
📊 整点汇报 2026-07-27 11:00
恐惧贪婪指数: 30 (恐惧)
今日PnL: +0.00 USDT (+0.0%)
持仓数: 4/4
  🟢 ETH LONG @1888.8400 现价:1941.3400 PnL:+5.56U (+2.78%)
  🔴 BTC SHORT @64066.3000 现价:65151.4000 PnL:-3.26U (-1.69%)
  🟢 SOL LONG @73.9700 现价:76.4100 PnL:+6.59U (+3.30%)
  🔴 BNB SHORT @568.9800 现价:573.2600 PnL:-1.50U (-0.75%)
  BTC: 65151.4000 (+0.90%)
  ETH: 1941.3400 (+3.25%)
  SOL: 76.4100 (+2.02%)
  BNB: 573.2600 (+0.48%)
  DOT: 0.8167 (-0.37%)
  LINK: 8.7360 (+3.83%)
  XRP: 1.1053 (+0.45%)
==================================================
[2026-07-27 12:00:11] 
==================================================
📊 整点汇报 2026-07-27 12:00
恐惧贪婪指数: 30 (恐惧)
今日PnL: +0.00 USDT (+0.0%)
持仓数: 4/4
  🟢 ETH LONG @1888.8400 现价:1948.5100 PnL:+6.33U (+3.16%)
  🔴 BTC SHORT @64066.3000 现价:65248.6000 PnL:-3.55U (-1.85%)
  🟢 SOL LONG @73.9700 现价:76.3700 PnL:+6.48U (+3.24%)
  🔴 BNB SHORT @568.9800 现价:573.8800 PnL:-1.71U (-0.86%)
  BTC: 65248.6000 (+1.16%)
  ETH: 1948.5100 (+3.59%)
  SOL: 76.3700 (+1.88%)
  BNB: 573.8800 (+0.57%)
  DOT: 0.8167 (-0.21%)
  LINK: 8.7740 (+4.20%)
  XRP: 1.1069 (+0.59%)
==================================================
[2026-07-27 12:20:52] ❌ 平仓 BTC SL | 入场:64066.3000 出场:65368.0000 | PnL:-2.03% (-3.91USDT) | 平100%仓 | ✅ 平仓成功
[2026-07-27 13:00:17] 
==================================================
📊 整点汇报 2026-07-27 13:00
恐惧贪婪指数: 30 (恐惧)
今日PnL: -3.97 USDT (-4.0%)
持仓数: 3/4
  🟢 ETH LONG @1888.8400 现价:1952.6600 PnL:+6.76U (+3.38%)
  🟢 SOL LONG @73.9700 现价:76.2800 PnL:+6.24U (+3.12%)
  🔴 BNB SHORT @568.9800 现价:574.0800 PnL:-1.79U (-0.90%)
  BTC: 65290.3000 (+1.17%)
  ETH: 1952.6600 (+3.60%)
  SOL: 76.2800 (+1.69%)
  BNB: 574.0800 (+0.52%)
  DOT: 0.8147 (-1.00%)
  LINK: 8.7700 (+3.80%)
  XRP: 1.1059 (+0.44%)
==================================================
[2026-07-27 13:59:40] ✅ 平仓 ETH TP1 | 入场:1888.8400 出场:1964.9300 | PnL:4.03% (+8.07USDT) | 平100%仓 | ❌ 平仓失败
[2026-07-27 14:00:23] 
==================================================
📊 整点汇报 2026-07-27 14:00
恐惧贪婪指数: 30 (恐惧)
今日PnL: +3.36 USDT (+3.4%)
持仓数: 2/4
  🟢 SOL LONG @73.9700 现价:76.5200 PnL:+6.88U (+3.45%)
  🔴 BNB SHORT @568.9800 现价:575.8400 PnL:-2.40U (-1.21%)
  BTC: 65443.4000 (+1.62%)
  ETH: 1964.8700 (+4.35%)
  SOL: 76.5200 (+2.04%)
  BNB: 575.8400 (+0.74%)
  DOT: 0.8158 (-1.02%)
  LINK: 8.8520 (+4.92%)
  XRP: 1.1099 (+0.99%)
==================================================
[2026-07-27 14:07:10] ✅ 平仓 ETH 迷你仓修复 | 入场:1888.8400 出场:1888.8400 | PnL:0.00% (+0.00USDT) | 平100%仓 | ✅ 平仓成功
[2026-07-27 14:07:29] ✅ 平仓 ETH TP1 | 入场:1888.8400 出场:1967.3400 | PnL:4.16% (+8.32USDT) | 平100%仓 | ✅ 平仓成功
[2026-07-27 14:11:08] 🟢 开多 BTC @65554.2 | 评分:65 | 状态:ranging | AI:做空(0.85%) | ✅ 下单成功
[2026-07-27 14:16:13] ✅ 平仓 ETH 迷你仓修复 | 入场:1972.2500 出场:1972.2500 | PnL:0.00% (+0.00USDT) | 平100%仓 | ❌ 平仓失败
[2026-07-27 14:24:53] ✅ 平仓 ETH 迷你仓修复 | 入场:1972.2500 出场:1972.2500 | PnL:0.00% (+0.00USDT) | 平100%仓 | ❌ 平仓失败
[2026-07-27 14:34:12] ✅ 平仓 ETH 迷你仓修复 | 入场:1972.2500 出场:1972.2500 | PnL:0.00% (+0.00USDT) | 平100%仓 | ❌ 平仓失败
[2026-07-27 14:43:04] ✅ 平仓 ETH 迷你仓修复 | 入场:1972.2500 出场:1972.2500 | PnL:0.00% (+0.00USDT) | 平100%仓 | ❌ 平仓失败
[2026-07-27 14:50:58] ✅ 平仓 ETH 迷你仓修复 | 入场:1972.2500 出场:1972.2500 | PnL:0.00% (+0.00USDT) | 平100%仓 | ❌ 平仓失败
[2026-07-27 14:58:45] ✅ 平仓 ETH 迷你仓修复 | 入场:1972.2500 出场:1972.2500 | PnL:0.00% (+0.00USDT) | 平100%仓 | ❌ 平仓失败
[2026-07-27 15:00:18] 
==================================================
📊 整点汇报 2026-07-27 15:00
恐惧贪婪指数: 30 (恐惧)
今日PnL: +3.92 USDT (+3.9%)
持仓数: 3/4
  🟢 BTC LONG @65581.5000 现价:65389.2000 PnL:-0.58U (-0.29%)
  🟢 SOL LONG @73.9700 现价:76.6900 PnL:+7.34U (+3.68%)
  🔴 BNB SHORT @568.9800 现价:575.4000 PnL:-2.25U (-1.13%)
  BTC: 65389.2000 (+1.53%)
  ETH: 1967.5300 (+4.42%)
  SOL: 76.6900 (+2.14%)
  BNB: 575.4000 (+0.51%)
  DOT: 0.8168 (-1.03%)
  LINK: 8.8490 (+4.86%)
  XRP: 1.1103 (+0.93%)
==================================================
[2026-07-27 15:06:26] ✅ 平仓 ETH 迷你仓修复 | 入场:1972.2500 出场:1972.2500 | PnL:0.00% (+0.00USDT) | 平100%仓 | ❌ 平仓失败
[2026-07-27 15:14:12] ✅ 平仓 ETH 迷你仓修复 | 入场:1972.2500 出场:1972.2500 | PnL:0.00% (+0.00USDT) | 平100%仓 | ❌ 平仓失败
[2026-07-27 15:21:43] ✅ 平仓 ETH 迷你仓修复 | 入场:1972.2500 出场:1972.2500 | PnL:0.00% (+0.00USDT) | 平100%仓 | ❌ 平仓失败
[2026-07-27 15:29:35] ✅ 平仓 ETH 迷你仓修复 | 入场:1972.2500 出场:1972.2500 | PnL:0.00% (+0.00USDT) | 平100%仓 | ❌ 平仓失败
[2026-07-27 15:37:29] ✅ 平仓 ETH 迷你仓修复 | 入场:1972.2500 出场:1972.2500 | PnL:0.00% (+0.00USDT) | 平100%仓 | ❌ 平仓失败
[2026-07-27 15:45:12] ✅ 平仓 ETH 迷你仓修复 | 入场:1972.2500 出场:1972.2500 | PnL:0.00% (+0.00USDT) | 平100%仓 | ❌ 平仓失败
[2026-07-27 15:52:59] ✅ 平仓 ETH 迷你仓修复 | 入场:1972.2500 出场:1972.2500 | PnL:0.00% (+0.00USDT) | 平100%仓 | ❌ 平仓失败
[2026-07-27 16:00:46] ✅ 平仓 ETH 迷你仓修复 | 入场:1972.2500 出场:1972.2500 | PnL:0.00% (+0.00USDT) | 平100%仓 | ❌ 平仓失败
[2026-07-27 16:01:33] 
==================================================
📊 整点汇报 2026-07-27 16:01
恐惧贪婪指数: 30 (恐惧)
今日PnL: +3.92 USDT (+3.9%)
持仓数: 3/4
  🟢 BTC LONG @65581.5000 现价:65226.5000 PnL:-1.06U (-0.54%)
  🟢 SOL LONG @73.9700 现价:76.4500 PnL:+6.70U (+3.35%)
  🔴 BNB SHORT @568.9800 现价:574.9400 PnL:-2.09U (-1.05%)
  BTC: 65226.5000 (+1.38%)
  ETH: 1963.9800 (+4.45%)
  SOL: 76.4500 (+2.18%)
  BNB: 574.9400 (+0.53%)
  DOT: 0.8146 (-1.33%)
  LINK: 8.8130 (+4.69%)
  XRP: 1.1077 (+0.87%)
==================================================
[2026-07-27 16:09:00] ✅ 平仓 ETH 迷你仓修复 | 入场:1972.2500 出场:1972.2500 | PnL:0.00% (+0.00USDT) | 平100%仓 | ❌ 平仓失败
[2026-07-27 16:16:42] ✅ 平仓 ETH 迷你仓修复 | 入场:1972.2500 出场:1972.2500 | PnL:0.00% (+0.00USDT) | 平100%仓 | ❌ 平仓失败
[2026-07-27 16:24:06] ✅ 平仓 ETH 迷你仓修复 | 入场:1972.2500 出场:1972.2500 | PnL:0.00% (+0.00USDT) | 平100%仓 | ❌ 平仓失败
[2026-07-27 16:31:57] ✅ 平仓 ETH 迷你仓修复 | 入场:1972.2500 出场:1972.2500 | PnL:0.00% (+0.00USDT) | 平100%仓 | ❌ 平仓失败
[2026-07-27 16:39:39] ✅ 平仓 ETH 迷你仓修复 | 入场:1972.2500 出场:1972.2500 | PnL:0.00% (+0.00USDT) | 平100%仓 | ❌ 平仓失败
[2026-07-27 16:47:48] ✅ 平仓 ETH 迷你仓修复 | 入场:1972.2500 出场:1972.2500 | PnL:0.00% (+0.00USDT) | 平100%仓 | ❌ 平仓失败
[2026-07-27 16:55:58] ✅ 平仓 ETH 迷你仓修复 | 入场:1972.2500 出场:1972.2500 | PnL:0.00% (+0.00USDT) | 平100%仓 | ❌ 平仓失败
[2026-07-27 17:00:21] 
==================================================
📊 整点汇报 2026-07-27 17:00
恐惧贪婪指数: 30 (恐惧)
今日PnL: +3.92 USDT (+3.9%)
持仓数: 3/4
  🟢 BTC LONG @65581.5000 现价:65160.4000 PnL:-1.26U (-0.64%)
  🟢 SOL LONG @73.9700 现价:76.2800 PnL:+6.24U (+3.12%)
  🔴 BNB SHORT @568.9800 现价:573.9400 PnL:-1.74U (-0.87%)
  BTC: 65160.4000 (+1.08%)
  ETH: 1964.0600 (+4.44%)
  SOL: 76.2800 (+1.69%)
  BNB: 573.9400 (+0.32%)
  DOT: 0.8086 (-2.01%)
  LINK: 8.7980 (+4.65%)
  XRP: 1.1064 (+0.67%)
==================================================
[2026-07-27 17:03:50] ✅ 平仓 ETH 迷你仓修复 | 入场:1972.2500 出场:1972.2500 | PnL:0.00% (+0.00USDT) | 平100%仓 | ❌ 平仓失败
[2026-07-27 17:11:33] ✅ 平仓 ETH 迷你仓修复 | 入场:1972.2500 出场:1972.2500 | PnL:0.00% (+0.00USDT) | 平100%仓 | ❌ 平仓失败
[2026-07-27 17:19:04] ✅ 平仓 ETH 迷你仓修复 | 入场:1972.2500 出场:1972.2500 | PnL:0.00% (+0.00USDT) | 平100%仓 | ❌ 平仓失败
[2026-07-27 17:26:35] ✅ 平仓 ETH 迷你仓修复 | 入场:1972.2500 出场:1972.2500 | PnL:0.00% (+0.00USDT) | 平100%仓 | ❌ 平仓失败
[2026-07-27 17:34:17] ✅ 平仓 ETH 迷你仓修复 | 入场:1972.2500 出场:1972.2500 | PnL:0.00% (+0.00USDT) | 平100%仓 | ❌ 平仓失败
[2026-07-27 17:41:59] ✅ 平仓 ETH 迷你仓修复 | 入场:1972.2500 出场:1972.2500 | PnL:0.00% (+0.00USDT) | 平100%仓 | ❌ 平仓失败
[2026-07-27 17:49:10] ✅ 平仓 ETH 迷你仓修复 | 入场:1972.2500 出场:1972.2500 | PnL:0.00% (+0.00USDT) | 平100%仓 | ❌ 平仓失败
[2026-07-27 17:56:25] ✅ 平仓 ETH 迷你仓修复 | 入场:1972.2500 出场:1972.2500 | PnL:0.00% (+0.00USDT) | 平100%仓 | ❌ 平仓失败
[2026-07-27 18:00:29] 
==================================================
📊 整点汇报 2026-07-27 18:00
恐惧贪婪指数: 30 (恐惧)
今日PnL: +3.92 USDT (+3.9%)
持仓数: 3/4
  🟢 BTC LONG @65581.5000 现价:65241.9000 PnL:-1.02U (-0.52%)
  🟢 SOL LONG @73.9700 现价:76.4500 PnL:+6.70U (+3.35%)
  🔴 BNB SHORT @568.9800 现价:572.8800 PnL:-1.36U (-0.69%)
  BTC: 65241.9000 (+1.13%)
  ETH: 1964.3400 (+4.34%)
  SOL: 76.4500 (+1.73%)
  BNB: 572.8800 (+0.20%)
  DOT: 0.8097 (-2.19%)
  LINK: 8.7900 (+4.51%)
  XRP: 1.1075 (+0.75%)
==================================================
[2026-07-27 18:03:30] ✅ 平仓 ETH 迷你仓修复 | 入场:1972.2500 出场:1972.2500 | PnL:0.00% (+0.00USDT) | 平100%仓 | ❌ 平仓失败
[2026-07-27 18:10:29] ✅ 平仓 ETH 迷你仓修复 | 入场:1972.2500 出场:1972.2500 | PnL:0.00% (+0.00USDT) | 平100%仓 | ❌ 平仓失败
[2026-07-27 18:17:37] ✅ 平仓 ETH 迷你仓修复 | 入场:1972.2500 出场:1972.2500 | PnL:0.00% (+0.00USDT) | 平100%仓 | ❌ 平仓失败
[2026-07-27 18:24:37] ✅ 平仓 ETH 迷你仓修复 | 入场:1972.2500 出场:1972.2500 | PnL:0.00% (+0.00USDT) | 平100%仓 | ❌ 平仓失败
[2026-07-27 18:31:38] ✅ 平仓 ETH 迷你仓修复 | 入场:1972.2500 出场:1972.2500 | PnL:0.00% (+0.00USDT) | 平100%仓 | ❌ 平仓失败
[2026-07-27 18:38:35] ✅ 平仓 ETH 迷你仓修复 | 入场:1972.2500 出场:1972.2500 | PnL:0.00% (+0.00USDT) | 平100%仓 | ❌ 平仓失败
[2026-07-27 18:45:53] ✅ 平仓 ETH 迷你仓修复 | 入场:1972.2500 出场:1972.2500 | PnL:0.00% (+0.00USDT) | 平100%仓 | ❌ 平仓失败
[2026-07-27 18:53:31] ✅ 平仓 ETH 迷你仓修复 | 入场:1972.2500 出场:1972.2500 | PnL:0.00% (+0.00USDT) | 平100%仓 | ❌ 平仓失败
[2026-07-27 19:00:54] ✅ 平仓 ETH 迷你仓修复 | 入场:1972.2500 出场:1972.2500 | PnL:0.00% (+0.00USDT) | 平100%仓 | ❌ 平仓失败
[2026-07-27 19:01:27] 
==================================================
📊 整点汇报 2026-07-27 19:01
恐惧贪婪指数: 30 (恐惧)
今日PnL: +3.92 USDT (+3.9%)
持仓数: 3/4
  🟢 BTC LONG @65581.5000 现价:65334.8000 PnL:-0.74U (-0.38%)
  🟢 SOL LONG @73.9700 现价:76.5600 PnL:+6.99U (+3.50%)
  🔴 BNB SHORT @568.9800 现价:573.9600 PnL:-1.74U (-0.88%)
  BTC: 65334.8000 (+1.29%)
  ETH: 1966.1600 (+4.31%)
  SOL: 76.5600 (+1.96%)
  BNB: 573.9600 (+0.46%)
  DOT: 0.8112 (-1.66%)
  LINK: 8.7930 (+4.38%)
  XRP: 1.1071 (+0.64%)
==================================================
[2026-07-27 19:08:28] ✅ 平仓 ETH 迷你仓修复 | 入场:1972.2500 出场:1972.2500 | PnL:0.00% (+0.00USDT) | 平100%仓 | ❌ 平仓失败
[2026-07-27 19:15:34] ✅ 平仓 ETH 迷你仓修复 | 入场:1972.2500 出场:1972.2500 | PnL:0.00% (+0.00USDT) | 平100%仓 | ❌ 平仓失败
[2026-07-27 19:22:45] ✅ 平仓 ETH 迷你仓修复 | 入场:1972.2500 出场:1972.2500 | PnL:0.00% (+0.00USDT) | 平100%仓 | ❌ 平仓失败
[2026-07-27 19:29:54] ✅ 平仓 ETH 迷你仓修复 | 入场:1972.2500 出场:1972.2500 | PnL:0.00% (+0.00USDT) | 平100%仓 | ❌ 平仓失败
[2026-07-27 19:37:18] ✅ 平仓 ETH 迷你仓修复 | 入场:1972.2500 出场:1972.2500 | PnL:0.00% (+0.00USDT) | 平100%仓 | ❌ 平仓失败
[2026-07-27 19:45:06] ✅ 平仓 ETH 迷你仓修复 | 入场:1972.2500 出场:1972.2500 | PnL:0.00% (+0.00USDT) | 平100%仓 | ❌ 平仓失败
[2026-07-27 19:52:34] ✅ 平仓 ETH 迷你仓修复 | 入场:1972.2500 出场:1972.2500 | PnL:0.00% (+0.00USDT) | 平100%仓 | ❌ 平仓失败
[2026-07-27 20:00:08] ✅ 平仓 ETH 迷你仓修复 | 入场:1972.2500 出场:1972.2500 | PnL:0.00% (+0.00USDT) | 平100%仓 | ❌ 平仓失败
[2026-07-27 20:00:57] 
==================================================
📊 整点汇报 2026-07-27 20:00
恐惧贪婪指数: 30 (恐惧)
今日PnL: +3.92 USDT (+3.9%)
持仓数: 3/4
  🟢 BTC LONG @65581.5000 现价:65097.8000 PnL:-1.45U (-0.74%)
  🟢 SOL LONG @73.9700 现价:76.4800 PnL:+6.78U (+3.39%)
  🔴 BNB SHORT @568.9800 现价:573.2700 PnL:-1.50U (-0.75%)
  BTC: 65097.8000 (+0.96%)
  ETH: 1959.0000 (+3.95%)
  SOL: 76.4800 (+2.14%)
  BNB: 573.2700 (+0.40%)
  DOT: 0.8066 (-2.12%)
  LINK: 8.7540 (+3.86%)
  XRP: 1.1049 (+0.46%)
==================================================
[2026-07-27 20:09:45] ✅ 平仓 ETH 迷你仓修复 | 入场:1972.2500 出场:1972.2500 | PnL:0.00% (+0.00USDT) | 平100%仓 | ❌ 平仓失败
[2026-07-27 20:18:12] ✅ 平仓 ETH 迷你仓修复 | 入场:1972.2500 出场:1972.2500 | PnL:0.00% (+0.00USDT) | 平100%仓 | ❌ 平仓失败
[2026-07-27 20:26:46] ✅ 平仓 ETH 迷你仓修复 | 入场:1972.2500 出场:1972.2500 | PnL:0.00% (+0.00USDT) | 平100%仓 | ❌ 平仓失败
[2026-07-27 20:35:22] ✅ 平仓 ETH 迷你仓修复 | 入场:1972.2500 出场:1972.2500 | PnL:0.00% (+0.00USDT) | 平100%仓 | ❌ 平仓失败
[2026-07-27 20:43:55] ✅ 平仓 ETH 迷你仓修复 | 入场:1972.2500 出场:1972.2500 | PnL:0.00% (+0.00USDT) | 平100%仓 | ❌ 平仓失败
[2026-07-27 20:48:44] ✅ 平仓 SOL TP1 | 入场:73.9700 出场:76.9300 | PnL:4.00% (+7.99USDT) | 平100%仓 | ✅ 平仓成功
[2026-07-27 20:52:31] ✅ 平仓 ETH 迷你仓修复 | 入场:1972.2500 出场:1972.2500 | PnL:0.00% (+0.00USDT) | 平100%仓 | ❌ 平仓失败
[2026-07-27 21:01:10] ✅ 平仓 ETH 迷你仓修复 | 入场:1972.2500 出场:1972.2500 | PnL:0.00% (+0.00USDT) | 平100%仓 | ❌ 平仓失败
[2026-07-27 21:01:52] 
==================================================
📊 整点汇报 2026-07-27 21:01
恐惧贪婪指数: 30 (恐惧)
今日PnL: +11.01 USDT (+11.0%)
持仓数: 2/4
  🟢 BTC LONG @65581.5000 现价:65105.5000 PnL:-1.43U (-0.73%)
  🔴 BNB SHORT @568.9800 现价:573.8500 PnL:-1.70U (-0.86%)
  BTC: 65105.5000 (+1.04%)
  ETH: 1956.6300 (+3.77%)
  SOL: 76.8200 (+2.66%)
  BNB: 573.8500 (+0.47%)
  DOT: 0.8079 (-2.18%)
  LINK: 8.7500 (+3.71%)
  XRP: 1.1044 (+0.57%)
==================================================
[2026-07-27 21:10:07] ✅ 平仓 ETH 迷你仓修复 | 入场:1972.2500 出场:1972.2500 | PnL:0.00% (+0.00USDT) | 平100%仓 | ❌ 平仓失败
[2026-07-27 21:18:42] ✅ 平仓 ETH 迷你仓修复 | 入场:1972.2500 出场:1972.2500 | PnL:0.00% (+0.00USDT) | 平100%仓 | ❌ 平仓失败
[2026-07-27 21:27:04] ✅ 平仓 ETH 迷你仓修复 | 入场:1972.2500 出场:1972.2500 | PnL:0.00% (+0.00USDT) | 平100%仓 | ❌ 平仓失败
[2026-07-27 21:35:57] ✅ 平仓 ETH 迷你仓修复 | 入场:1972.2500 出场:1972.2500 | PnL:0.00% (+0.00USDT) | 平100%仓 | ❌ 平仓失败
[2026-07-27 21:44:41] ✅ 平仓 ETH 迷你仓修复 | 入场:1972.2500 出场:1972.2500 | PnL:0.00% (+0.00USDT) | 平100%仓 | ❌ 平仓失败
[2026-07-27 21:53:33] ✅ 平仓 ETH 迷你仓修复 | 入场:1972.2500 出场:1972.2500 | PnL:0.00% (+0.00USDT) | 平100%仓 | ❌ 平仓失败
[2026-07-27 22:00:22] 
==================================================
📊 整点汇报 2026-07-27 22:00
恐惧贪婪指数: 30 (恐惧)
今日PnL: +11.01 USDT (+11.0%)
持仓数: 2/4
  🟢 BTC LONG @65581.5000 现价:65526.0000 PnL:-0.17U (-0.08%)
  🔴 BNB SHORT @568.9800 现价:574.8700 PnL:-2.06U (-1.04%)
  BTC: 65526.0000 (+1.60%)
  ETH: 1960.6100 (+3.97%)
  SOL: 76.8600 (+2.69%)
  BNB: 574.8700 (+0.53%)
  DOT: 0.8062 (-1.99%)
  LINK: 8.7680 (+3.71%)
  XRP: 1.1071 (+0.90%)
==================================================
[2026-07-27 22:01:59] ✅ 平仓 ETH 迷你仓修复 | 入场:1972.2500 出场:1972.2500 | PnL:0.00% (+0.00USDT) | 平100%仓 | ❌ 平仓失败
[2026-07-27 22:10:56] ✅ 平仓 ETH 迷你仓修复 | 入场:1972.2500 出场:1972.2500 | PnL:0.00% (+0.00USDT) | 平100%仓 | ❌ 平仓失败
[2026-07-27 22:20:13] ✅ 平仓 ETH 迷你仓修复 | 入场:1972.2500 出场:1972.2500 | PnL:0.00% (+0.00USDT) | 平100%仓 | ❌ 平仓失败
[2026-07-27 22:29:17] ✅ 平仓 ETH 迷你仓修复 | 入场:1972.2500 出场:1972.2500 | PnL:0.00% (+0.00USDT) | 平100%仓 | ❌ 平仓失败
[2026-07-27 22:33:11] 🔴 开空 LINK @8.62 | 评分:90 | 状态:trending | AI:做多(65%) | ✅ 下单成功
[2026-07-27 22:38:39] ✅ 平仓 ETH 迷你仓修复 | 入场:1972.2500 出场:1972.2500 | PnL:0.00% (+0.00USDT) | 平100%仓 | ❌ 平仓失败
[2026-07-27 22:48:22] ✅ 平仓 ETH 迷你仓修复 | 入场:1972.2500 出场:1972.2500 | PnL:0.00% (+0.00USDT) | 平100%仓 | ❌ 平仓失败
[2026-07-27 23:00:01] ✅ 平仓 ETH 迷你仓修复 | 入场:1972.2500 出场:1972.2500 | PnL:0.00% (+0.00USDT) | 平100%仓 | ❌ 平仓失败
[2026-07-27 23:01:00] 
==================================================
📊 整点汇报 2026-07-27 23:00
恐惧贪婪指数: 30 (恐惧)
今日PnL: +11.01 USDT (+11.0%)
持仓数: 3/4
  🔴 LINK SHORT @8.6190 现价:8.5920 PnL:+0.63U (+0.31%)
  🟢 BTC LONG @65581.5000 现价:64779.9000 PnL:-2.40U (-1.22%)
  🔴 BNB SHORT @568.9800 现价:567.8800 PnL:+0.39U (+0.19%)
  BTC: 64779.9000 (-0.02%)
  ETH: 1931.3000 (+1.80%)
  SOL: 75.4200 (+0.60%)
  BNB: 567.8800 (-0.91%)
  DOT: 0.7928 (-3.58%)
  LINK: 8.5920 (+1.25%)
  XRP: 1.0892 (-0.83%)
==================================================
[2026-07-27 23:10:00] ✅ 平仓 ETH 迷你仓修复 | 入场:1972.2500 出场:1972.2500 | PnL:0.00% (+0.00USDT) | 平100%仓 | ❌ 平仓失败
