[2026-06-25 00:01:22] 
==================================================
📊 整点汇报 2026-06-25 00:01
恐惧贪婪指数: 17 (极度恐惧)
今日PnL: +0.00 USDT (+0.0%)
持仓数: 4/4
  🔴 XRP SHORT @1.0963 现价:1.0572 PnL:+7.13U (+3.57%)
  🔴 SOL SHORT @69.2400 现价:67.2700 PnL:+5.69U (+2.85%)
  🔴 BTC SHORT @61721.3000 现价:60409.0000 PnL:+3.94U (+2.13%)
  🔴 DOT SHORT @0.8710 现价:0.8700 PnL:+0.23U (+0.11%)
  BTC: 60409.0000 (-3.25%)
  ETH: 1617.5000 (-2.42%)
  SOL: 67.2700 (-2.22%)
  BNB: 561.3100 (-2.27%)
  DOT: 0.8700 (-3.01%)
  LINK: 7.3710 (-3.13%)
  XRP: 1.0572 (-3.67%)
==================================================
[2026-06-25 01:01:36] 
==================================================
📊 整点汇报 2026-06-25 01:00
恐惧贪婪指数: 17 (极度恐惧)
今日PnL: +0.00 USDT (+0.0%)
持仓数: 3/4
  🔴 DOT SHORT @0.8680 现价:0.8780 PnL:-2.30U (-1.15%)
  🔴 XRP SHORT @1.0969 现价:1.0656 PnL:+5.71U (+2.85%)
  🔴 BTC SHORT @61720.2000 现价:60434.7000 PnL:+3.86U (+2.08%)
  BTC: 60434.7000 (-3.43%)
  ETH: 1630.8600 (-1.87%)
  SOL: 67.8500 (-2.04%)
  BNB: 562.6000 (-2.16%)
  DOT: 0.8780 (-2.55%)
  LINK: 7.4180 (-2.45%)
  XRP: 1.0656 (-3.00%)
==================================================
[2026-06-25 02:05:46] 
==================================================
📊 整点汇报 2026-06-25 02:04
恐惧贪婪指数: 50 (中性)
今日PnL: +0.00 USDT (+0.0%)
持仓数: 0/4
  BTC: 60434.7000 (-3.43%)
  ETH: 1630.8600 (-1.87%)
  SOL: 67.8500 (-2.04%)
  BNB: 562.6000 (-2.16%)
  DOT: 0.8780 (-2.55%)
  LINK: 7.4180 (-2.45%)
  XRP: 1.0656 (-3.00%)
==================================================
[2026-06-25 03:04:46] 
==================================================
📊 整点汇报 2026-06-25 03:03
恐惧贪婪指数: 50 (中性)
今日PnL: +0.00 USDT (+0.0%)
持仓数: 0/4
  BTC: 60434.7000 (-3.43%)
  ETH: 1630.8600 (-1.87%)
  SOL: 67.8500 (-2.04%)
  BNB: 562.6000 (-2.16%)
  DOT: 0.8780 (-2.55%)
  LINK: 7.4180 (-2.45%)
  XRP: 1.0656 (-3.00%)
==================================================
[2026-06-25 04:04:01] 
==================================================
📊 整点汇报 2026-06-25 04:02
恐惧贪婪指数: 50 (中性)
今日PnL: +0.00 USDT (+0.0%)
持仓数: 0/4
  BTC: 60434.7000 (-3.43%)
  ETH: 1630.8600 (-1.87%)
  SOL: 67.8500 (-2.04%)
  BNB: 562.6000 (-2.16%)
  DOT: 0.8780 (-2.55%)
  LINK: 7.4180 (-2.45%)
  XRP: 1.0656 (-3.00%)
==================================================
[2026-06-25 05:02:20] 
==================================================
📊 整点汇报 2026-06-25 05:00
恐惧贪婪指数: 50 (中性)
今日PnL: +0.00 USDT (+0.0%)
持仓数: 0/4
  BTC: 60434.7000 (-3.43%)
  ETH: 1630.8600 (-1.87%)
  SOL: 67.8500 (-2.04%)
  BNB: 562.6000 (-2.16%)
  DOT: 0.8780 (-2.55%)
  LINK: 7.4180 (-2.45%)
  XRP: 1.0656 (-3.00%)
==================================================
[2026-06-25 06:01:48] 
==================================================
📊 整点汇报 2026-06-25 06:00
恐惧贪婪指数: 50 (中性)
今日PnL: +0.00 USDT (+0.0%)
持仓数: 0/4
  BTC: 60434.7000 (-3.43%)
  ETH: 1630.8600 (-1.87%)
  SOL: 67.8500 (-2.04%)
  BNB: 562.6000 (-2.16%)
  DOT: 0.8780 (-2.55%)
  LINK: 7.4180 (-2.45%)
  XRP: 1.0656 (-3.00%)
==================================================
[2026-06-25 07:05:30] 
==================================================
📊 整点汇报 2026-06-25 07:04
恐惧贪婪指数: 50 (中性)
今日PnL: +0.00 USDT (+0.0%)
持仓数: 0/4
  BTC: 60434.7000 (-3.43%)
  ETH: 1630.8600 (-1.87%)
  SOL: 67.8500 (-2.04%)
  BNB: 562.6000 (-2.16%)
  DOT: 0.8780 (-2.55%)
  LINK: 7.4180 (-2.45%)
  XRP: 1.0656 (-3.00%)
==================================================
[2026-06-25 08:01:08] 
==================================================
📊 整点汇报 2026-06-25 08:00
恐惧贪婪指数: 50 (中性)
今日PnL: +1.98 USDT (+2.0%)
持仓数: 2/4
  🔴 XRP SHORT @1.0969 现价:1.0656 PnL:+4.38U (+2.85%)
  🔴 BTC SHORT @61720.2000 现价:60434.7000 PnL:+3.86U (+2.08%)
  BTC: 60434.7000 (-3.43%)
  ETH: 1630.8600 (-1.87%)
  SOL: 67.8500 (-2.04%)
  BNB: 562.6000 (-2.16%)
  DOT: 0.8780 (-2.55%)
  LINK: 7.4180 (-2.45%)
  XRP: 1.0656 (-3.00%)
==================================================
[2026-06-25 08:06:58] ✅ 平仓 XRP 迷你仓修复 | 入场:1.0969 出场:1.0969 | PnL:0.00% (+0.00USDT) | 平100%仓 | ✅ 平仓成功
[2026-06-25 09:01:06] 
==================================================
📊 整点汇报 2026-06-25 09:00
恐惧贪婪指数: 12 (极度恐惧)
今日PnL: +4.93 USDT (+4.9%)
持仓数: 2/4
  🔴 XRP SHORT @1.0969 现价:1.0757 PnL:+3.86U (+1.93%)
  🔴 BTC SHORT @61720.2000 现价:60801.1000 PnL:+2.76U (+1.49%)
  BTC: 60801.1000 (+0.00%)
  ETH: 1618.1200 (-3.12%)
  SOL: 67.6400 (-3.26%)
  BNB: 563.9900 (-2.72%)
  DOT: 0.8860 (-3.07%)
  LINK: 7.3970 (-2.82%)
  XRP: 1.0757 (-3.12%)
==================================================
[2026-06-25 10:00:20] 
==================================================
📊 整点汇报 2026-06-25 10:00
恐惧贪婪指数: 12 (极度恐惧)
今日PnL: +4.93 USDT (+4.9%)
持仓数: 2/4
  🔴 XRP SHORT @1.0969 现价:1.0748 PnL:+4.03U (+2.01%)
  🔴 BTC SHORT @61720.2000 现价:60810.4000 PnL:+2.73U (+1.47%)
  BTC: 60810.4000 (-3.38%)
  ETH: 1620.2300 (-3.12%)
  SOL: 67.8400 (-3.38%)
  BNB: 566.1800 (-2.34%)
  DOT: 0.8880 (-2.85%)
  LINK: 7.4040 (-2.98%)
  XRP: 1.0748 (-3.06%)
==================================================
[2026-06-25 11:00:33] 
==================================================
📊 整点汇报 2026-06-25 11:00
恐惧贪婪指数: 12 (极度恐惧)
今日PnL: +4.93 USDT (+4.9%)
持仓数: 2/4
  🔴 XRP SHORT @1.0969 现价:1.0711 PnL:+4.70U (+2.35%)
  🔴 BTC SHORT @61720.2000 现价:60747.0000 PnL:+2.92U (+1.58%)
  BTC: 60747.0000 (-3.00%)
  ETH: 1620.4400 (-2.60%)
  SOL: 67.7000 (-2.51%)
  BNB: 565.6200 (-2.08%)
  DOT: 0.8840 (-2.64%)
  LINK: 7.4040 (-2.41%)
  XRP: 1.0711 (-3.08%)
==================================================
[2026-06-25 11:36:52] 🔴 开空 DOT @0.881 | 评分:90 | 状态:ranging | AI:做空(0.7%) | ✅ 下单成功
[2026-06-25 12:00:34] 
==================================================
📊 整点汇报 2026-06-25 12:00
恐惧贪婪指数: 12 (极度恐惧)
今日PnL: +4.93 USDT (+4.9%)
持仓数: 3/4
  🔴 XRP SHORT @1.0969 现价:1.0715 PnL:+4.63U (+2.32%)
  🔴 BTC SHORT @61720.2000 现价:60833.8000 PnL:+2.66U (+1.44%)
  🔴 DOT SHORT @0.8810 现价:0.8810 PnL:+0.00U (+0.00%)
  BTC: 60833.8000 (-3.02%)
  ETH: 1619.5300 (-2.82%)
  SOL: 67.6600 (-2.72%)
  BNB: 565.7900 (-2.13%)
  DOT: 0.8810 (-2.76%)
  LINK: 7.3990 (-2.43%)
  XRP: 1.0715 (-2.88%)
==================================================
[2026-06-25 12:57:29] ✅ 平仓 XRP SL | 入场:1.0969 出场:1.0776 | PnL:1.76% (+3.52USDT) | 平100%仓 | ✅ 平仓成功
[2026-06-25 13:00:34] 
==================================================
📊 整点汇报 2026-06-25 13:00
恐惧贪婪指数: 12 (极度恐惧)
今日PnL: +4.58 USDT (+4.6%)
持仓数: 2/4
  🔴 BTC SHORT @61720.2000 现价:61335.2000 PnL:+1.16U (+0.62%)
  🔴 DOT SHORT @0.8810 现价:0.8890 PnL:-1.82U (-0.91%)
  BTC: 61335.2000 (-2.23%)
  ETH: 1631.0600 (-2.25%)
  SOL: 68.4200 (-1.26%)
  BNB: 568.5800 (-1.61%)
  DOT: 0.8890 (-1.77%)
  LINK: 7.4640 (-1.66%)
  XRP: 1.0794 (-2.00%)
==================================================
[2026-06-25 14:00:50] 
==================================================
📊 整点汇报 2026-06-25 14:00
恐惧贪婪指数: 12 (极度恐惧)
今日PnL: +4.58 USDT (+4.6%)
持仓数: 2/4
  🔴 BTC SHORT @61720.2000 现价:61549.8000 PnL:+0.51U (+0.28%)
  🔴 DOT SHORT @0.8810 现价:0.8940 PnL:-2.95U (-1.48%)
  BTC: 61549.8000 (-2.07%)
  ETH: 1645.3500 (-1.70%)
  SOL: 68.9900 (-1.26%)
  BNB: 570.1400 (-1.67%)
  DOT: 0.8940 (-1.65%)
  LINK: 7.5160 (-1.64%)
  XRP: 1.0840 (-1.86%)
==================================================
[2026-06-25 15:00:34] 
==================================================
📊 整点汇报 2026-06-25 15:00
恐惧贪婪指数: 12 (极度恐惧)
今日PnL: +4.58 USDT (+4.6%)
持仓数: 2/4
  🔴 BTC SHORT @61720.2000 现价:61710.2000 PnL:+0.03U (+0.02%)
  🔴 DOT SHORT @0.8810 现价:0.8930 PnL:-2.72U (-1.36%)
  BTC: 61710.2000 (-1.67%)
  ETH: 1653.8500 (-1.20%)
  SOL: 69.4200 (-0.32%)
  BNB: 571.2300 (-1.34%)
  DOT: 0.8930 (-1.65%)
  LINK: 7.5200 (-1.47%)
  XRP: 1.0875 (-1.31%)
==================================================
[2026-06-25 16:00:58] 
==================================================
📊 整点汇报 2026-06-25 16:00
恐惧贪婪指数: 12 (极度恐惧)
今日PnL: +4.58 USDT (+4.6%)
持仓数: 2/4
  🔴 BTC SHORT @61720.2000 现价:61878.0000 PnL:-0.47U (-0.26%)
  🔴 DOT SHORT @0.8810 现价:0.8900 PnL:-2.04U (-1.02%)
  BTC: 61878.0000 (-1.18%)
  ETH: 1656.4800 (-0.93%)
  SOL: 69.3900 (+0.10%)
  BNB: 570.4400 (-1.18%)
  DOT: 0.8900 (+0.00%)
  LINK: 7.5260 (-1.17%)
  XRP: 1.0860 (-1.12%)
==================================================
[2026-06-25 17:01:07] 
==================================================
📊 整点汇报 2026-06-25 17:00
恐惧贪婪指数: 12 (极度恐惧)
今日PnL: +4.58 USDT (+4.6%)
持仓数: 2/4
  🔴 BTC SHORT @61720.2000 现价:61749.7000 PnL:-0.09U (-0.05%)
  🔴 DOT SHORT @0.8810 现价:0.8870 PnL:-1.36U (-0.68%)
  BTC: 61749.7000 (+0.00%)
  ETH: 1651.1600 (-1.29%)
  SOL: 68.9900 (-0.68%)
  BNB: 569.3900 (-1.49%)
  DOT: 0.8870 (-2.21%)
  LINK: 7.5070 (-1.51%)
  XRP: 1.0828 (-1.73%)
==================================================
[2026-06-25 18:00:25] 
==================================================
📊 整点汇报 2026-06-25 18:00
恐惧贪婪指数: 12 (极度恐惧)
今日PnL: +4.58 USDT (+4.6%)
持仓数: 2/4
  🔴 BTC SHORT @61720.2000 现价:61721.1000 PnL:-0.00U (-0.00%)
  🔴 DOT SHORT @0.8810 现价:0.8870 PnL:-1.36U (-0.68%)
  BTC: 61721.1000 (-1.53%)
  ETH: 1648.0800 (-1.11%)
  SOL: 68.8000 (-0.72%)
  BNB: 568.7800 (-1.47%)
  DOT: 0.8870 (-1.66%)
  LINK: 7.4890 (-1.69%)
  XRP: 1.0810 (-1.58%)
==================================================
[2026-06-25 18:29:44] 🔴 开空 BNB @567.52 | 评分:75 | 状态:ranging | AI:做多(65%) | ✅ 下单成功
[2026-06-25 18:48:50] 🔴 开空 LINK @7.449 | 评分:75 | 状态:trending | AI:做空(75%) | ✅ 下单成功
[2026-06-25 19:00:23] 
==================================================
📊 整点汇报 2026-06-25 19:00
恐惧贪婪指数: 12 (极度恐惧)
今日PnL: +4.58 USDT (+4.6%)
持仓数: 4/4
  🔴 BTC SHORT @61720.2000 现价:61274.6000 PnL:+1.34U (+0.72%)
  🔴 DOT SHORT @0.8810 现价:0.8800 PnL:+0.23U (+0.11%)
  🔴 BNB SHORT @567.5200 现价:563.7100 PnL:+1.33U (+0.67%)
  🔴 LINK SHORT @7.4490 现价:7.4460 PnL:+0.08U (+0.04%)
  BTC: 61274.6000 (-1.95%)
  ETH: 1635.7600 (-1.64%)
  SOL: 68.2400 (-1.13%)
  BNB: 563.7100 (-2.09%)
  DOT: 0.8800 (-2.22%)
  LINK: 7.4460 (-1.70%)
  XRP: 1.0733 (-1.18%)
==================================================
[2026-06-25 20:00:30] 
==================================================
📊 整点汇报 2026-06-25 20:00
恐惧贪婪指数: 12 (极度恐惧)
今日PnL: +4.58 USDT (+4.6%)
持仓数: 4/4
  🔴 BTC SHORT @61720.2000 现价:61302.6000 PnL:+1.25U (+0.68%)
  🔴 DOT SHORT @0.8810 现价:0.8760 PnL:+1.14U (+0.57%)
  🔴 BNB SHORT @567.5200 现价:562.8000 PnL:+1.65U (+0.83%)
  🔴 LINK SHORT @7.4490 现价:7.4340 PnL:+0.40U (+0.20%)
  BTC: 61302.6000 (-2.48%)
  ETH: 1631.8500 (-2.73%)
  SOL: 68.1300 (-2.34%)
  BNB: 562.8000 (-2.90%)
  DOT: 0.8760 (-3.31%)
  LINK: 7.4340 (-2.53%)
  XRP: 1.0713 (-2.15%)
==================================================
[2026-06-25 21:00:22] 
==================================================
📊 整点汇报 2026-06-25 21:00
恐惧贪婪指数: 12 (极度恐惧)
今日PnL: +4.58 USDT (+4.6%)
持仓数: 4/4
  🔴 BTC SHORT @61720.2000 现价:61199.1000 PnL:+1.56U (+0.84%)
  🔴 DOT SHORT @0.8810 现价:0.8780 PnL:+0.68U (+0.34%)
  🔴 BNB SHORT @567.5200 现价:562.9000 PnL:+1.62U (+0.81%)
  🔴 LINK SHORT @7.4490 现价:7.4460 PnL:+0.08U (+0.04%)
  BTC: 61199.1000 (+0.00%)
  ETH: 1634.3000 (-2.18%)
  SOL: 68.2200 (-1.77%)
  BNB: 562.9000 (-2.42%)
  DOT: 0.8780 (-2.66%)
  LINK: 7.4460 (-1.83%)
  XRP: 1.0741 (-1.44%)
==================================================
[2026-06-25 21:54:31] ✅ 平仓 DOT TP1 | 入场:0.8810 出场:0.8340 | PnL:5.33% (+10.67USDT) | 平100%仓 | ✅ 平仓成功
[2026-06-25 21:56:43] ✅ 平仓 LINK TP1 | 入场:7.4490 出场:7.0550 | PnL:5.29% (+10.58USDT) | 平100%仓 | ✅ 平仓成功
[2026-06-25 21:59:01] 🔴 开空 ETH @1558.01 | 评分:70 | 状态:trending | AI:做空(85%) | ✅ 下单成功
[2026-06-25 22:01:02] 
==================================================
📊 整点汇报 2026-06-25 22:00
恐惧贪婪指数: 12 (极度恐惧)
今日PnL: +26.70 USDT (+26.7%)
持仓数: 3/4
  🔴 BTC SHORT @61720.2000 现价:59999.0000 PnL:+5.16U (+2.79%)
  🔴 BNB SHORT @567.5200 现价:546.6600 PnL:+7.30U (+3.68%)
  🔴 ETH SHORT @1558.0100 现价:1536.9800 PnL:+2.69U (+1.35%)
  BTC: 59999.0000 (-2.08%)
  ETH: 1536.9800 (-6.60%)
  SOL: 64.1600 (-6.51%)
  BNB: 546.6600 (-4.36%)
  DOT: 0.8260 (-6.20%)
  LINK: 7.0820 (-5.17%)
  XRP: 1.0319 (-4.16%)
==================================================
[2026-06-25 22:01:53] ✅ 平仓 BTC SL | 入场:61720.2000 出场:61087.4000 | PnL:1.03% (+1.90USDT) | 平100%仓 | ✅ 平仓成功
[2026-06-25 22:03:03] ✅ 平仓 DOT 迷你仓修复 | 入场:0.8361 出场:0.8361 | PnL:0.00% (+0.00USDT) | 平100%仓 | ✅ 平仓成功
[2026-06-25 22:03:29] ✅ 平仓 LINK 迷你仓修复 | 入场:7.0550 出场:7.0550 | PnL:0.00% (+0.00USDT) | 平100%仓 | ✅ 平仓成功
[2026-06-25 22:14:19] 🔴 开空 BTC @59371.5 | 评分:70 | 状态:trending | AI:做空(85%) | ✅ 下单成功
[2026-06-25 22:17:34] ✅ 平仓 LINK SL | 入场:7.0550 出场:7.1420 | PnL:1.23% (+2.47USDT) | 平100%仓 | ✅ 平仓成功
[2026-06-25 22:22:44] 🔴 开空 LINK @7.204 | 评分:70 | 状态:trending | AI:做空(0.7%) | ✅ 下单成功
[2026-06-25 22:38:19] ✅ 平仓 DOT SL | 入场:0.8361 出场:0.8480 | PnL:1.42% (+2.85USDT) | 平100%仓 | ✅ 平仓成功
[2026-06-25 22:38:46] ✅ 平仓 DOT SL | 入场:0.8380 出场:0.8480 | PnL:1.19% (+0.12USDT) | 平100%仓 | ✅ 平仓成功
[2026-06-25 22:39:47] 🔴 开空 DOT @0.848 | 评分:70 | 状态:trending | AI:做空(75%) | ✅ 下单成功
[2026-06-25 23:00:46] 
==================================================
📊 整点汇报 2026-06-25 23:00
恐惧贪婪指数: 12 (极度恐惧)
今日PnL: +39.90 USDT (+39.9%)
持仓数: 4/4
  🔴 ETH SHORT @1562.7373 现价:1568.7200 PnL:-0.77U (-0.38%)
  🔴 BTC SHORT @59371.5000 现价:59496.8000 PnL:-0.38U (-0.21%)
  🔴 LINK SHORT @7.2040 现价:7.1890 PnL:+0.42U (+0.21%)
  🔴 DOT SHORT @0.8480 现价:0.8460 PnL:+0.47U (+0.24%)
  BTC: 59496.8000 (-2.40%)
  ETH: 1568.7200 (-4.68%)
  SOL: 66.5900 (+0.00%)
  BNB: 553.4400 (-2.72%)
  DOT: 0.8460 (-5.05%)
  LINK: 7.1890 (-4.07%)
  XRP: 1.0360 (-3.84%)
==================================================
