[2026-07-04 11:37:40] ❌ 平仓 BTC SL | 入场:61273.2500 出场:62678.5000 | PnL:-2.29% (-4.22USDT) | 平100%仓 | ✅ 平仓成功
[2026-07-04 11:37:59] 
==================================================
📊 整点汇报 2026-07-04 11:37
恐惧贪婪指数: 50 (中性)
今日PnL: -0.02 USDT (-0.0%)
持仓数: 1/4
  🟢 BNB LONG @561.9900 现价:573.2500 PnL:+4.05U (+2.00%)
  BTC: 62678.5000 (+1.92%)
  ETH: 1750.5600 (+2.38%)
  SOL: 82.5800 (+2.25%)
  BNB: 573.2500 (+2.08%)
  DOT: 0.8830 (+3.27%)
  LINK: 7.9130 (+1.60%)
  XRP: 1.1384 (+4.34%)
==================================================
[2026-07-04 12:07:58] 
==================================================
📊 整点汇报 2026-07-04 12:07
恐惧贪婪指数: 22 (极度恐惧)
今日PnL: -0.02 USDT (-0.0%)
持仓数: 1/4
  🟢 BNB LONG @561.9900 现价:572.5700 PnL:+3.81U (+1.88%)
  BTC: 62625.3000 (+2.00%)
  ETH: 1752.5100 (+2.73%)
  SOL: 82.8200 (+2.77%)
  BNB: 572.5700 (+2.08%)
  DOT: 0.8850 (+4.00%)
  LINK: 7.9320 (+2.41%)
  XRP: 1.1378 (+4.47%)
==================================================
[2026-07-04 12:38:13] 🟢 开多 SOL @83.42 | 评分:80 | 状态:trending | AI:做空(0.85%) | ✅ 下单成功
[2026-07-04 13:00:28] 
==================================================
📊 整点汇报 2026-07-04 13:00
恐惧贪婪指数: 22 (极度恐惧)
今日PnL: -0.02 USDT (-0.0%)
持仓数: 2/4
  🟢 BNB LONG @561.9900 现价:573.5200 PnL:+4.15U (+2.05%)
  🟢 SOL LONG @83.4200 现价:83.4200 PnL:+0.00U (+0.00%)
  BTC: 62625.0000 (+1.96%)
  ETH: 1760.6700 (+3.34%)
  SOL: 83.4200 (+3.63%)
  BNB: 573.5200 (+2.21%)
  DOT: 0.8830 (+4.00%)
  LINK: 7.9670 (+3.07%)
  XRP: 1.1455 (+4.88%)
==================================================
[2026-07-04 14:00:15] 
==================================================
📊 整点汇报 2026-07-04 14:00
恐惧贪婪指数: 22 (极度恐惧)
今日PnL: -0.02 USDT (-0.0%)
持仓数: 2/4
  🟢 BNB LONG @561.9900 现价:571.5400 PnL:+3.44U (+1.70%)
  🟢 SOL LONG @83.4200 现价:83.3200 PnL:-0.24U (-0.12%)
  BTC: 62500.0000 (+1.33%)
  ETH: 1754.9000 (+2.36%)
  SOL: 83.3200 (+2.71%)
  BNB: 571.5400 (+1.54%)
  DOT: 0.8760 (+2.94%)
  LINK: 7.9170 (+1.87%)
  XRP: 1.1385 (+3.58%)
==================================================
[2026-07-04 15:00:26] 
==================================================
📊 整点汇报 2026-07-04 15:00
恐惧贪婪指数: 22 (极度恐惧)
今日PnL: -0.02 USDT (-0.0%)
持仓数: 2/4
  🟢 BNB LONG @561.9900 现价:570.4300 PnL:+3.04U (+1.50%)
  🟢 SOL LONG @83.4200 现价:82.5100 PnL:-2.18U (-1.09%)
  BTC: 62473.1000 (+1.23%)
  ETH: 1753.9900 (+2.27%)
  SOL: 82.5100 (+1.92%)
  BNB: 570.4300 (+1.50%)
  DOT: 0.8750 (+2.58%)
  LINK: 7.9070 (+1.71%)
  XRP: 1.1375 (+3.31%)
==================================================
[2026-07-04 16:00:20] 
==================================================
📊 整点汇报 2026-07-04 16:00
恐惧贪婪指数: 22 (极度恐惧)
今日PnL: -0.02 USDT (-0.0%)
持仓数: 2/4
  🟢 BNB LONG @561.9900 现价:570.4400 PnL:+3.04U (+1.50%)
  🟢 SOL LONG @83.4200 现价:82.5200 PnL:-2.16U (-1.08%)
  BTC: 62533.0000 (+1.21%)
  ETH: 1753.8800 (+2.01%)
  SOL: 82.5200 (+1.59%)
  BNB: 570.4400 (+1.52%)
  DOT: 0.8740 (+2.22%)
  LINK: 7.9440 (+2.24%)
  XRP: 1.1363 (+3.08%)
==================================================
[2026-07-04 17:00:09] 
==================================================
📊 整点汇报 2026-07-04 17:00
恐惧贪婪指数: 22 (极度恐惧)
今日PnL: -0.02 USDT (-0.0%)
持仓数: 2/4
  🟢 BNB LONG @561.9900 现价:573.5300 PnL:+4.15U (+2.05%)
  🟢 SOL LONG @83.4200 现价:82.4900 PnL:-2.23U (-1.11%)
  BTC: 62533.0000 (+1.50%)
  ETH: 1758.3100 (+2.17%)
  SOL: 82.4900 (+2.05%)
  BNB: 573.5300 (+1.95%)
  DOT: 0.8750 (+2.10%)
  LINK: 7.9440 (+2.21%)
  XRP: 1.1466 (+4.31%)
==================================================
[2026-07-04 17:56:28] ❌ 平仓 SOL SL | 入场:83.4200 出场:81.7500 | PnL:-2.00% (-4.01USDT) | 平100%仓 | ✅ 平仓成功
[2026-07-04 18:00:17] 
==================================================
📊 整点汇报 2026-07-04 18:00
恐惧贪婪指数: 22 (极度恐惧)
今日PnL: -4.33 USDT (-4.3%)
持仓数: 1/4
  🟢 BNB LONG @561.9900 现价:570.3000 PnL:+2.99U (+1.48%)
  BTC: 62483.4000 (+1.26%)
  ETH: 1755.3900 (+1.70%)
  SOL: 81.7500 (+0.91%)
  BNB: 570.3000 (+1.21%)
  DOT: 0.8740 (+1.75%)
  LINK: 7.5950 (-2.52%)
  XRP: 1.1431 (+3.81%)
==================================================
[2026-07-04 19:00:09] 
==================================================
📊 整点汇报 2026-07-04 19:00
恐惧贪婪指数: 22 (极度恐惧)
今日PnL: -4.33 USDT (-4.3%)
持仓数: 1/4
  🟢 BNB LONG @561.9900 现价:573.5500 PnL:+4.16U (+2.06%)
  BTC: 62500.0000 (+0.95%)
  ETH: 1758.0000 (+0.80%)
  SOL: 81.6500 (+0.11%)
  BNB: 573.5500 (+1.22%)
  DOT: 0.8750 (+1.04%)
  LINK: 7.9440 (+1.11%)
  XRP: 1.1466 (+3.27%)
==================================================
[2026-07-04 20:00:14] 
==================================================
📊 整点汇报 2026-07-04 20:00
恐惧贪婪指数: 22 (极度恐惧)
今日PnL: -4.33 USDT (-4.3%)
持仓数: 1/4
  🟢 BNB LONG @561.9900 现价:570.5000 PnL:+3.06U (+1.51%)
  BTC: 62474.7000 (+0.78%)
  ETH: 1756.6300 (+0.85%)
  SOL: 81.6300 (+0.16%)
  BNB: 570.5000 (+0.62%)
  DOT: 0.8750 (+0.57%)
  LINK: 7.9000 (+0.36%)
  XRP: 1.1466 (+3.30%)
==================================================
[2026-07-04 21:00:23] 
==================================================
📊 整点汇报 2026-07-04 21:00
恐惧贪婪指数: 22 (极度恐惧)
今日PnL: -4.33 USDT (-4.3%)
持仓数: 1/4
  🟢 BNB LONG @561.9900 现价:573.0000 PnL:+3.96U (+1.96%)
  BTC: 62457.6000 (+0.81%)
  ETH: 1758.3000 (+1.33%)
  SOL: 81.6300 (+0.17%)
  BNB: 573.0000 (+1.35%)
  DOT: 0.8740 (+1.04%)
  LINK: 7.9440 (+1.39%)
  XRP: 1.1493 (+3.79%)
==================================================
[2026-07-04 21:21:52] 🟢 开多 XRP @1.153 | 评分:80 | 状态:trending | ✅ 下单成功
[2026-07-04 22:00:18] 
==================================================
📊 整点汇报 2026-07-04 22:00
恐惧贪婪指数: 22 (极度恐惧)
今日PnL: -4.33 USDT (-4.3%)
持仓数: 2/4
  🟢 BNB LONG @561.9900 现价:570.4000 PnL:+3.03U (+1.50%)
  🟢 XRP LONG @1.1530 现价:1.1582 PnL:+0.90U (+0.45%)
  BTC: 62561.3000 (+0.75%)
  ETH: 1756.0000 (+0.51%)
  SOL: 81.6000 (+0.03%)
  BNB: 570.4000 (+0.56%)
  DOT: 0.8740 (-0.23%)
  LINK: 7.9450 (+1.04%)
  XRP: 1.1582 (+4.28%)
==================================================
[2026-07-04 23:00:21] 
==================================================
📊 整点汇报 2026-07-04 23:00
恐惧贪婪指数: 22 (极度恐惧)
今日PnL: -4.33 USDT (-4.3%)
持仓数: 2/4
  🟢 BNB LONG @561.9900 现价:574.6400 PnL:+4.55U (+2.25%)
  🟢 XRP LONG @1.1530 现价:1.1629 PnL:+1.72U (+0.86%)
  BTC: 62592.5000 (+0.74%)
  ETH: 1753.8600 (+1.00%)
  SOL: 81.5600 (-0.15%)
  BNB: 574.6400 (+1.45%)
  DOT: 0.8740 (+0.46%)
  LINK: 7.9000 (+0.61%)
  XRP: 1.1629 (+4.60%)
==================================================
[2026-07-04 23:30:59] 🟢 开多 BTC @62685.9 | 评分:80 | 状态:ranging | ❌ 下单失败：请求异常：HTTPSConnectionPool(host='testnet.binancefuture.com', port=443): Max retries exceeded with url: /fapi/v1/order?symbol=BTCUSDT&side=BUY&type=MARKET&quantity=0.003&reduceOnly=false&timestamp=1783179035352&recvWindow=30000&newClientOrderId=oc_1783179035_90b83f01b2&signature=e3d534fd2e04c63d3ea6f1ccdab40739f0f377e47c2262d5033d86c739c40d60 (Caused by SSLError(SSLEOFError(8, '[SSL: UNEXPECTED_EOF_WHILE_READING] EOF occurred in violation of protocol (_ssl.c:1033)')))
[2026-07-04 23:32:22] 🟢 开多 DOT @0.875 | 评分:65 | 状态:ranging | ❌ 下单失败：请求异常：HTTPSConnectionPool(host='testnet.binancefuture.com', port=443): Max retries exceeded with url: /fapi/v1/order?symbol=DOTUSDT&side=BUY&type=MARKET&quantity=228.6&reduceOnly=false&timestamp=1783179119076&recvWindow=30000&newClientOrderId=oc_1783179119_c2cf3f756c&signature=6c2c8d1a3bda1d13b99569b330b592758af2999ac3be55fa071e58c7318345d6 (Caused by SSLError(SSLEOFError(8, '[SSL: UNEXPECTED_EOF_WHILE_READING] EOF occurred in violation of protocol (_ssl.c:1033)')))
[2026-07-04 23:38:56] 🟢 开多 BTC @62685.9 | 评分:80 | 状态:ranging | ❌ 下单失败：请求异常：HTTPSConnectionPool(host='testnet.binancefuture.com', port=443): Max retries exceeded with url: /fapi/v1/order?symbol=BTCUSDT&side=BUY&type=MARKET&quantity=0.003&reduceOnly=false&timestamp=1783179514427&recvWindow=30000&newClientOrderId=oc_1783179514_3492572411&signature=2b435af22209ff2afe78c61f384f92f5dc1f9211899978d444bd362984900d97 (Caused by SSLError(SSLEOFError(8, '[SSL: UNEXPECTED_EOF_WHILE_READING] EOF occurred in violation of protocol (_ssl.c:1033)')))
[2026-07-04 23:40:24] 🟢 开多 DOT @0.875 | 评分:65 | 状态:ranging | ❌ 下单失败：请求异常：HTTPSConnectionPool(host='testnet.binancefuture.com', port=443): Max retries exceeded with url: /fapi/v1/order?symbol=DOTUSDT&side=BUY&type=MARKET&quantity=228.6&reduceOnly=false&timestamp=1783179599483&recvWindow=30000&newClientOrderId=oc_1783179599_d6d65c6c5f&signature=585c46b5d71b8344d1525c6f5b7eedfda59ea2a234d4ddd6ed9ee7054ac7f1b3 (Caused by SSLError(SSLEOFError(8, '[SSL: UNEXPECTED_EOF_WHILE_READING] EOF occurred in violation of protocol (_ssl.c:1033)')))
[2026-07-04 23:51:08] ✅ 平仓 BNB SL | 入场:561.9900 出场:570.3000 | PnL:1.48% (+2.99USDT) | 平100%仓 | ✅ 平仓成功
