[2026-08-01 00:01:23] 
==================================================
📊 整点汇报 2026-08-01 00:01
恐惧贪婪指数: 25 (恐惧)
今日PnL: +0.00 USDT (+0.0%)
持仓数: 3/4
  🔴 XRP SHORT @1.0750 现价:1.0599 PnL:+2.81U (+1.40%)
  🔴 LINK SHORT @8.3600 现价:8.1050 PnL:+6.10U (+3.05%)
  🔴 BTC SHORT @63900.0000 现价:62727.8000 PnL:+3.52U (+1.83%)
  BTC: 62727.8000 (-3.04%)
  ETH: 1862.0200 (-2.95%)
  SOL: 73.0600 (-2.05%)
  BNB: 585.7500 (-0.96%)
  DOT: 0.7570 (-1.37%)
  LINK: 8.1050 (-4.41%)
  XRP: 1.0599 (-2.93%)
==================================================
[2026-08-01 00:06:02] ✅ 平仓 ETH 迷你仓修复 | 入场:1972.2500 出场:1972.2500 | PnL:0.00% (+0.00USDT) | 平100%仓 | ❌ 平仓失败
[2026-08-01 00:16:23] ✅ 平仓 ETH 迷你仓修复 | 入场:1972.2500 出场:1972.2500 | PnL:0.00% (+0.00USDT) | 平100%仓 | ❌ 平仓失败
[2026-08-01 00:27:45] ✅ 平仓 ETH 迷你仓修复 | 入场:1972.2500 出场:1972.2500 | PnL:0.00% (+0.00USDT) | 平100%仓 | ❌ 平仓失败
[2026-08-01 00:38:19] ✅ 平仓 ETH 迷你仓修复 | 入场:1972.2500 出场:1972.2500 | PnL:0.00% (+0.00USDT) | 平100%仓 | ❌ 平仓失败
[2026-08-01 00:49:09] ✅ 平仓 ETH 迷你仓修复 | 入场:1972.2500 出场:1972.2500 | PnL:0.00% (+0.00USDT) | 平100%仓 | ❌ 平仓失败
[2026-08-01 01:00:05] ✅ 平仓 ETH 迷你仓修复 | 入场:1972.2500 出场:1972.2500 | PnL:0.00% (+0.00USDT) | 平100%仓 | ❌ 平仓失败
[2026-08-01 01:01:11] 
==================================================
📊 整点汇报 2026-08-01 01:01
恐惧贪婪指数: 25 (恐惧)
今日PnL: +0.00 USDT (+0.0%)
持仓数: 3/4
  🔴 XRP SHORT @1.0750 现价:1.0630 PnL:+2.23U (+1.12%)
  🔴 LINK SHORT @8.3600 现价:8.1430 PnL:+5.19U (+2.60%)
  🔴 BTC SHORT @63900.0000 现价:62858.7000 PnL:+3.12U (+1.63%)
  BTC: 62858.7000 (-2.98%)
  ETH: 1864.3600 (-2.81%)
  SOL: 73.2900 (-1.73%)
  BNB: 587.8100 (-1.04%)
  DOT: 0.7618 (-1.21%)
  LINK: 8.1430 (-3.97%)
  XRP: 1.0630 (-2.51%)
==================================================
