[2026-06-23 00:00:31] 
==================================================
📊 整点汇报 2026-06-23 00:00
恐惧贪婪指数: 20 (极度恐惧)
今日PnL: +0.00 USDT (+0.0%)
持仓数: 3/4
  🔴 ETH SHORT @1756.1100 现价:1744.0800 PnL:+1.37U (+0.69%)
  🟢 LINK LONG @8.0880 现价:8.0150 PnL:-1.81U (-0.90%)
  🟢 XRP LONG @1.1548 现价:1.1393 PnL:-2.68U (-1.34%)
  BTC: 64834.1000 (+0.96%)
  ETH: 1744.0800 (+1.08%)
  SOL: 73.0900 (-1.32%)
  BNB: 596.5600 (+0.00%)
  DOT: 0.9570 (-1.24%)
  LINK: 8.0150 (+0.40%)
  XRP: 1.1393 (-0.50%)
==================================================
[2026-06-23 00:11:20] 🔴 开空 SOL @72.71 | 评分:95 | 状态:trending | AI:做多(65%) | ✅ 下单成功
[2026-06-23 01:04:42] 
==================================================
📊 整点汇报 2026-06-23 01:03
恐惧贪婪指数: 50 (中性)
今日PnL: +0.00 USDT (+0.0%)
持仓数: 0/4
  BTC: 64733.8000 (+1.87%)
  ETH: 1738.2900 (+1.26%)
  SOL: 72.8200 (-2.27%)
  BNB: 594.1000 (+1.03%)
  DOT: 0.9580 (-0.41%)
  LINK: 7.9590 (+0.00%)
  XRP: 1.1376 (-0.64%)
==================================================
[2026-06-23 02:03:14] 
==================================================
📊 整点汇报 2026-06-23 02:01
恐惧贪婪指数: 50 (中性)
今日PnL: +0.00 USDT (+0.0%)
持仓数: 0/4
  BTC: 64733.8000 (+1.87%)
  ETH: 1738.2900 (+1.26%)
  SOL: 72.8200 (-2.27%)
  BNB: 594.1000 (+1.03%)
  DOT: 0.9580 (-0.41%)
  LINK: 7.9590 (+0.00%)
  XRP: 1.1376 (-0.64%)
==================================================
[2026-06-23 03:02:55] 
==================================================
📊 整点汇报 2026-06-23 03:01
恐惧贪婪指数: 50 (中性)
今日PnL: +0.00 USDT (+0.0%)
持仓数: 0/4
  BTC: 64733.8000 (+1.87%)
  ETH: 1738.2900 (+1.26%)
  SOL: 72.8200 (-2.27%)
  BNB: 594.1000 (+1.03%)
  DOT: 0.9580 (-0.41%)
  LINK: 7.9590 (+0.00%)
  XRP: 1.1376 (-0.64%)
==================================================
[2026-06-23 04:02:04] 
==================================================
📊 整点汇报 2026-06-23 04:00
恐惧贪婪指数: 50 (中性)
今日PnL: +0.00 USDT (+0.0%)
持仓数: 0/4
  BTC: 64733.8000 (+1.87%)
  ETH: 1738.2900 (+1.26%)
  SOL: 72.8200 (-2.27%)
  BNB: 594.1000 (+1.03%)
  DOT: 0.9580 (-0.41%)
  LINK: 7.9590 (+0.00%)
  XRP: 1.1376 (-0.64%)
==================================================
[2026-06-23 05:01:58] 
==================================================
📊 整点汇报 2026-06-23 05:00
恐惧贪婪指数: 50 (中性)
今日PnL: +0.00 USDT (+0.0%)
持仓数: 0/4
  BTC: 64733.8000 (+1.87%)
  ETH: 1738.2900 (+1.26%)
  SOL: 72.8200 (-2.27%)
  BNB: 594.1000 (+1.03%)
  DOT: 0.9580 (-0.41%)
  LINK: 7.9590 (+0.00%)
  XRP: 1.1376 (-0.64%)
==================================================
[2026-06-23 06:05:44] 
==================================================
📊 整点汇报 2026-06-23 06:04
恐惧贪婪指数: 50 (中性)
今日PnL: +0.00 USDT (+0.0%)
持仓数: 0/4
  BTC: 64733.8000 (+1.87%)
  ETH: 1738.2900 (+1.26%)
  SOL: 72.8200 (-2.27%)
  BNB: 594.1000 (+1.03%)
  DOT: 0.9580 (-0.41%)
  LINK: 7.9590 (+0.00%)
  XRP: 1.1376 (-0.64%)
==================================================
[2026-06-23 07:05:05] 
==================================================
📊 整点汇报 2026-06-23 07:03
恐惧贪婪指数: 50 (中性)
今日PnL: +0.00 USDT (+0.0%)
持仓数: 0/4
  BTC: 64733.8000 (+1.87%)
  ETH: 1738.2900 (+1.26%)
  SOL: 72.8200 (-2.27%)
  BNB: 594.1000 (+1.03%)
  DOT: 0.9580 (-0.41%)
  LINK: 7.9590 (+0.00%)
  XRP: 1.1376 (-0.64%)
==================================================
[2026-06-23 07:46:38] ❌ 平仓 LINK SL | 入场:8.0930 出场:7.8650 | PnL:-2.82% (-5.63USDT) | 平100%仓 | ✅ 平仓成功
[2026-06-23 08:00:45] 
==================================================
📊 整点汇报 2026-06-23 08:00
恐惧贪婪指数: 20 (极度恐惧)
今日PnL: -9.54 USDT (-9.5%)
持仓数: 2/4
  🔴 SOL SHORT @72.7604 现价:71.9100 PnL:+2.34U (+1.17%)
  🔴 ETH SHORT @1757.5997 现价:1727.3400 PnL:+3.45U (+1.72%)
  BTC: 64003.1000 (+1.40%)
  ETH: 1727.3400 (+1.01%)
  SOL: 71.9100 (-0.80%)
  BNB: 590.2200 (+1.02%)
  DOT: 0.9350 (-0.64%)
  LINK: 7.8620 (+1.08%)
  XRP: 1.1279 (+0.22%)
==================================================
[2026-06-23 08:13:09] 🔴 开空 BTC @63891.5 | 评分:75 | 状态:ranging | AI:做多(65%) | ✅ 下单成功
[2026-06-23 08:21:18] 🔴 开空 DOT @0.928 | 评分:80 | 状态:trending | ✅ 下单成功
[2026-06-23 09:00:58] 
==================================================
📊 整点汇报 2026-06-23 09:00
恐惧贪婪指数: 23 (极度恐惧)
今日PnL: -9.54 USDT (-9.5%)
持仓数: 4/4
  🔴 SOL SHORT @72.7604 现价:71.8200 PnL:+2.59U (+1.29%)
  🔴 ETH SHORT @1757.5997 现价:1729.4800 PnL:+3.21U (+1.60%)
  🔴 BTC SHORT @63891.5000 现价:64048.1000 PnL:-0.47U (-0.25%)
  🔴 DOT SHORT @0.9280 现价:0.9320 PnL:-0.86U (-0.43%)
  BTC: 64048.1000 (+0.58%)
  ETH: 1729.4800 (+0.00%)
  SOL: 71.8200 (-2.07%)
  BNB: 591.7200 (+0.59%)
  DOT: 0.9320 (+0.00%)
  LINK: 7.8690 (-0.15%)
  XRP: 1.1313 (-0.80%)
==================================================
[2026-06-23 10:00:39] 
==================================================
📊 整点汇报 2026-06-23 10:00
恐惧贪婪指数: 23 (极度恐惧)
今日PnL: -6.61 USDT (-6.6%)
持仓数: 3/4
  🔴 SOL SHORT @72.7604 现价:71.6700 PnL:+3.00U (+1.50%)
  🔴 DOT SHORT @0.9280 现价:0.9320 PnL:-0.86U (-0.43%)
  🔴 BTC SHORT @63886.3000 现价:64096.8000 PnL:-0.63U (-0.33%)
  BTC: 64096.8000 (+0.02%)
  ETH: 1728.6800 (-0.88%)
  SOL: 71.6700 (-3.59%)
  BNB: 590.6800 (-0.37%)
  DOT: 0.9320 (-3.12%)
  LINK: 7.8320 (-1.58%)
  XRP: 1.1283 (-2.07%)
==================================================
[2026-06-23 11:00:23] 
==================================================
📊 整点汇报 2026-06-23 11:00
恐惧贪婪指数: 23 (极度恐惧)
今日PnL: -6.61 USDT (-6.6%)
持仓数: 3/4
  🔴 SOL SHORT @72.7604 现价:71.9400 PnL:+2.26U (+1.13%)
  🔴 DOT SHORT @0.9280 现价:0.9350 PnL:-1.51U (-0.75%)
  🔴 BTC SHORT @63886.3000 现价:64205.6000 PnL:-0.96U (-0.50%)
  BTC: 64205.6000 (+0.14%)
  ETH: 1731.9400 (-0.79%)
  SOL: 71.9400 (-2.47%)
  BNB: 592.8600 (+0.20%)
  DOT: 0.9350 (-2.20%)
  LINK: 7.9020 (-0.03%)
  XRP: 1.1292 (-0.84%)
==================================================
[2026-06-23 12:00:26] 
==================================================
📊 整点汇报 2026-06-23 12:00
恐惧贪婪指数: 23 (极度恐惧)
今日PnL: -6.61 USDT (-6.6%)
持仓数: 3/4
  🔴 SOL SHORT @72.7604 现价:71.9400 PnL:+2.26U (+1.13%)
  🔴 DOT SHORT @0.9280 现价:0.9370 PnL:-1.94U (-0.97%)
  🔴 BTC SHORT @63886.3000 现价:64037.3000 PnL:-0.45U (-0.24%)
  BTC: 64037.3000 (+0.03%)
  ETH: 1728.6800 (-0.27%)
  SOL: 71.9400 (-2.04%)
  BNB: 592.1200 (+0.28%)
  DOT: 0.9370 (-1.47%)
  LINK: 7.8990 (+0.45%)
  XRP: 1.1269 (-0.42%)
==================================================
[2026-06-23 12:23:04] 🔴 开空 LINK @7.869 | 评分:70 | 状态:ranging | ✅ 下单成功
[2026-06-23 13:00:54] 
==================================================
📊 整点汇报 2026-06-23 13:00
恐惧贪婪指数: 23 (极度恐惧)
今日PnL: -6.61 USDT (-6.6%)
持仓数: 4/4
  🔴 SOL SHORT @72.7604 现价:71.4700 PnL:+3.55U (+1.77%)
  🔴 DOT SHORT @0.9280 现价:0.9280 PnL:+0.00U (+0.00%)
  🔴 BTC SHORT @63886.3000 现价:63639.4000 PnL:+0.74U (+0.39%)
  🔴 LINK SHORT @7.8690 现价:7.8410 PnL:+0.71U (+0.36%)
  BTC: 63639.4000 (-0.85%)
  ETH: 1718.5700 (-0.52%)
  SOL: 71.4700 (-3.18%)
  BNB: 587.6600 (-0.59%)
  DOT: 0.9280 (-3.03%)
  LINK: 7.8410 (-0.71%)
  XRP: 1.1173 (-2.36%)
==================================================
[2026-06-23 14:00:23] 
==================================================
📊 整点汇报 2026-06-23 14:00
恐惧贪婪指数: 23 (极度恐惧)
今日PnL: -6.61 USDT (-6.6%)
持仓数: 4/4
  🔴 SOL SHORT @72.7604 现价:70.9800 PnL:+4.90U (+2.45%)
  🔴 DOT SHORT @0.9280 现价:0.9290 PnL:-0.22U (-0.11%)
  🔴 BTC SHORT @63886.3000 现价:63361.3000 PnL:+1.57U (+0.82%)
  🔴 LINK SHORT @7.8690 现价:7.8310 PnL:+0.97U (+0.48%)
  BTC: 63361.3000 (-1.46%)
  ETH: 1712.1600 (-1.34%)
  SOL: 70.9800 (-3.92%)
  BNB: 585.6500 (-1.07%)
  DOT: 0.9290 (-3.03%)
  LINK: 7.8310 (-1.35%)
  XRP: 1.1149 (-1.85%)
==================================================
[2026-06-23 14:23:29] ✅ 平仓 SOL TP1 | 入场:72.7604 出场:69.8200 | PnL:4.04% (+8.09USDT) | 平100%仓 | ✅ 平仓成功
[2026-06-23 15:00:20] 
==================================================
📊 整点汇报 2026-06-23 15:00
恐惧贪婪指数: 23 (极度恐惧)
今日PnL: +0.68 USDT (+0.7%)
持仓数: 4/4
  🟢 SOL LONG @69.7400 现价:70.3100 PnL:+1.64U (+0.82%)
  🔴 DOT SHORT @0.9280 现价:0.9120 PnL:+3.45U (+1.72%)
  🔴 LINK SHORT @7.8680 现价:7.7030 PnL:+4.19U (+2.10%)
  🔴 BTC SHORT @63886.3000 现价:62917.0000 PnL:+2.91U (+1.52%)
  BTC: 62917.0000 (-1.57%)
  ETH: 1691.2700 (-2.60%)
  SOL: 70.3100 (-4.57%)
  BNB: 581.5600 (-1.59%)
  DOT: 0.9120 (-4.80%)
  LINK: 7.7030 (-2.58%)
  XRP: 1.1140 (-1.36%)
==================================================
[2026-06-23 16:00:22] 
==================================================
📊 整点汇报 2026-06-23 16:00
恐惧贪婪指数: 23 (极度恐惧)
今日PnL: +0.68 USDT (+0.7%)
持仓数: 4/4
  🟢 SOL LONG @69.7400 现价:70.0600 PnL:+0.92U (+0.46%)
  🔴 DOT SHORT @0.9280 现价:0.9070 PnL:+4.53U (+2.26%)
  🔴 LINK SHORT @7.8680 现价:7.6690 PnL:+5.06U (+2.53%)
  🔴 BTC SHORT @63886.3000 现价:62940.6000 PnL:+2.84U (+1.48%)
  BTC: 62940.6000 (-2.00%)
  ETH: 1687.7500 (-3.15%)
  SOL: 70.0600 (-5.39%)
  BNB: 582.0000 (-1.81%)
  DOT: 0.9070 (-5.82%)
  LINK: 7.6690 (-3.61%)
  XRP: 1.1132 (-2.06%)
==================================================
[2026-06-23 16:20:13] ✅ 平仓 DOT TP1 | 入场:0.9280 出场:0.8900 | PnL:4.09% (+8.19USDT) | 平100%仓 | ✅ 平仓成功
[2026-06-23 16:20:22] ✅ 平仓 LINK TP1 | 入场:7.8680 出场:7.5480 | PnL:4.07% (+8.13USDT) | 平100%仓 | ✅ 平仓成功
[2026-06-23 16:28:44] ✅ 平仓 DOT 迷你仓修复 | 入场:0.8915 出场:0.8915 | PnL:0.00% (+0.00USDT) | 平100%仓 | ✅ 平仓成功
[2026-06-23 16:29:25] ❌ 平仓 SOL SL | 入场:69.7400 出场:68.3200 | PnL:-2.04% (-4.08USDT) | 平100%仓 | ✅ 平仓成功
[2026-06-23 16:30:32] 🔴 开空 ETH @1646.74 | 评分:70 | 状态:trending | AI:做空(85%) | ✅ 下单成功
[2026-06-23 16:40:01] ✅ 平仓 DOT 迷你仓修复 | 入场:0.8915 出场:0.8915 | PnL:0.00% (+0.00USDT) | 平100%仓 | ✅ 平仓成功
[2026-06-23 17:00:27] 
==================================================
📊 整点汇报 2026-06-23 17:00
恐惧贪婪指数: 23 (极度恐惧)
今日PnL: +11.71 USDT (+11.7%)
持仓数: 4/4
  🟢 DOT LONG @0.8915 现价:0.8890 PnL:-0.56U (-0.28%)
  🔴 ETH SHORT @1642.4200 现价:1646.6100 PnL:-0.51U (-0.26%)
  🟢 LINK LONG @7.5470 现价:7.5200 PnL:-0.72U (-0.36%)
  🔴 BTC SHORT @63886.3000 现价:62373.2000 PnL:+4.54U (+2.37%)
  BTC: 62373.2000 (-2.73%)
  ETH: 1646.6100 (-5.72%)
  SOL: 68.5800 (-7.15%)
  BNB: 574.0900 (-3.24%)
  DOT: 0.8890 (-7.59%)
  LINK: 7.5200 (-5.82%)
  XRP: 1.0994 (-3.09%)
==================================================
[2026-06-23 18:00:43] 
==================================================
📊 整点汇报 2026-06-23 18:00
恐惧贪婪指数: 23 (极度恐惧)
今日PnL: +11.71 USDT (+11.7%)
持仓数: 4/4
  🟢 DOT LONG @0.8915 现价:0.8940 PnL:+0.56U (+0.28%)
  🔴 ETH SHORT @1642.4200 现价:1649.8600 PnL:-0.91U (-0.45%)
  🟢 LINK LONG @7.5470 现价:7.5390 PnL:-0.21U (-0.11%)
  🔴 BTC SHORT @63886.3000 现价:62350.0000 PnL:+4.61U (+2.40%)
  BTC: 62350.0000 (-2.76%)
  ETH: 1649.8600 (-5.66%)
  SOL: 68.8500 (-6.64%)
  BNB: 572.1900 (-3.58%)
  DOT: 0.8940 (-6.78%)
  LINK: 7.5390 (-5.54%)
  XRP: 1.1034 (-2.72%)
==================================================
[2026-06-23 19:00:29] 
==================================================
📊 整点汇报 2026-06-23 19:00
恐惧贪婪指数: 23 (极度恐惧)
今日PnL: +11.71 USDT (+11.7%)
持仓数: 4/4
  🟢 DOT LONG @0.8915 现价:0.8950 PnL:+0.79U (+0.39%)
  🔴 ETH SHORT @1642.4200 现价:1651.4000 PnL:-1.10U (-0.55%)
  🟢 LINK LONG @7.5470 现价:7.5360 PnL:-0.29U (-0.15%)
  🔴 BTC SHORT @63886.3000 现价:62272.6000 PnL:+4.84U (+2.53%)
  BTC: 62272.6000 (-2.87%)
  ETH: 1651.4000 (-6.09%)
  SOL: 68.7100 (-6.82%)
  BNB: 572.2100 (-3.40%)
  DOT: 0.8950 (-6.48%)
  LINK: 7.5360 (-5.72%)
  XRP: 1.1035 (-3.27%)
==================================================
[2026-06-23 20:00:47] 
==================================================
📊 整点汇报 2026-06-23 20:00
恐惧贪婪指数: 23 (极度恐惧)
今日PnL: +11.71 USDT (+11.7%)
持仓数: 4/4
  🟢 DOT LONG @0.8915 现价:0.9030 PnL:+2.58U (+1.29%)
  🔴 ETH SHORT @1642.4200 现价:1659.7400 PnL:-2.11U (-1.05%)
  🟢 LINK LONG @7.5470 现价:7.6090 PnL:+1.64U (+0.82%)
  🔴 BTC SHORT @63886.3000 现价:62506.9000 PnL:+4.14U (+2.16%)
  BTC: 62506.9000 (-3.23%)
  ETH: 1659.7400 (-6.11%)
  SOL: 69.2200 (-6.74%)
  BNB: 573.9800 (-3.95%)
  DOT: 0.9030 (-6.81%)
  LINK: 7.6090 (-5.75%)
  XRP: 1.1085 (-3.40%)
==================================================
[2026-06-23 21:01:32] 
==================================================
📊 整点汇报 2026-06-23 21:01
恐惧贪婪指数: 23 (极度恐惧)
今日PnL: +11.71 USDT (+11.7%)
持仓数: 4/4
  🟢 DOT LONG @0.8915 现价:0.9000 PnL:+1.91U (+0.95%)
  🔴 ETH SHORT @1642.4200 现价:1653.7900 PnL:-1.39U (-0.69%)
  🟢 LINK LONG @7.5470 现价:7.5990 PnL:+1.38U (+0.69%)
  🔴 BTC SHORT @63886.3000 现价:62302.4000 PnL:+4.75U (+2.48%)
  BTC: 62302.4000 (-4.30%)
  ETH: 1653.7900 (-6.21%)
  SOL: 68.9200 (-7.33%)
  BNB: 573.6500 (-4.54%)
  DOT: 0.9000 (-7.31%)
  LINK: 7.5990 (-6.34%)
  XRP: 1.1004 (-4.90%)
==================================================
[2026-06-23 22:00:27] 
==================================================
📊 整点汇报 2026-06-23 22:00
恐惧贪婪指数: 23 (极度恐惧)
今日PnL: +11.71 USDT (+11.7%)
持仓数: 4/4
  🟢 DOT LONG @0.8915 现价:0.9050 PnL:+3.03U (+1.51%)
  🔴 ETH SHORT @1642.4200 现价:1661.8300 PnL:-2.37U (-1.18%)
  🟢 LINK LONG @7.5470 现价:7.6160 PnL:+1.83U (+0.91%)
  🔴 BTC SHORT @63886.3000 现价:62454.0000 PnL:+4.30U (+2.24%)
  BTC: 62454.0000 (-4.66%)
  ETH: 1661.8300 (-6.37%)
  SOL: 69.1100 (-7.73%)
  BNB: 575.0400 (-4.53%)
  DOT: 0.9050 (+0.00%)
  LINK: 7.6160 (-6.45%)
  XRP: 1.1012 (-5.26%)
==================================================
[2026-06-23 22:17:23] ✅ 平仓 BTC SL | 入场:63886.3000 出场:62567.5000 | PnL:2.06% (+3.96USDT) | 平100%仓 | ✅ 平仓成功
[2026-06-23 22:58:03] ✅ 平仓 DOT SL | 入场:0.8915 出场:0.9020 | PnL:1.18% (+2.36USDT) | 平100%仓 | ✅ 平仓成功
[2026-06-23 23:01:48] 
==================================================
📊 整点汇报 2026-06-23 23:01
恐惧贪婪指数: 23 (极度恐惧)
今日PnL: +18.75 USDT (+18.8%)
持仓数: 2/4
  🔴 ETH SHORT @1642.4200 现价:1661.2900 PnL:-2.30U (-1.15%)
  🟢 LINK LONG @7.5470 现价:7.6060 PnL:+1.56U (+0.78%)
  BTC: 62490.5000 (-3.79%)
  ETH: 1661.2900 (-5.24%)
  SOL: 69.1600 (-5.72%)
  BNB: 573.6200 (-4.09%)
  DOT: 0.9010 (-6.63%)
  LINK: 7.6060 (-5.09%)
  XRP: 1.1001 (-3.73%)
==================================================
[2026-06-23 23:13:11] 🔴 开空 XRP @1.0963 | 评分:75 | 状态:trending | AI:做多(65%) | ✅ 下单成功
[2026-06-23 23:26:03] 🔴 开空 DOT @0.895 | 评分:70 | 状态:trending | AI:做空(75%) | ✅ 下单成功
