[2026-07-21 00:00:28] 
==================================================
📊 整点汇报 2026-07-21 00:00
恐惧贪婪指数: 29 (恐惧)
今日PnL: +0.00 USDT (+0.0%)
持仓数: 3/4
  🔴 BNB SHORT @568.9800 现价:574.3800 PnL:-1.89U (-0.95%)
  🟢 DOT LONG @0.8203 现价:0.8230 PnL:+0.66U (+0.33%)
  🟢 BTC LONG @65506.8000 现价:65400.0000 PnL:-0.32U (-0.16%)
  BTC: 65400.0000 (+1.35%)
  ETH: 1901.4400 (+1.69%)
  SOL: 77.7400 (+2.05%)
  BNB: 574.3800 (+0.65%)
  DOT: 0.8230 (+0.00%)
  LINK: 8.5510 (+2.04%)
  XRP: 1.1122 (+1.35%)
==================================================
[2026-07-21 01:01:32] 
==================================================
📊 整点汇报 2026-07-21 01:00
恐惧贪婪指数: 29 (恐惧)
今日PnL: +0.00 USDT (+0.0%)
持仓数: 3/4
  🔴 BNB SHORT @568.9800 现价:573.4200 PnL:-1.55U (-0.78%)
  🟢 DOT LONG @0.8203 现价:0.8190 PnL:-0.32U (-0.16%)
  🟢 BTC LONG @65506.8000 现价:65419.8000 PnL:-0.26U (-0.13%)
  BTC: 65419.8000 (+1.33%)
  ETH: 1898.2700 (+1.78%)
  SOL: 77.7300 (+2.38%)
  BNB: 573.4200 (+0.78%)
  DOT: 0.8190 (-0.49%)
  LINK: 8.5370 (+2.37%)
  XRP: 1.1131 (+1.69%)
==================================================
[2026-07-21 02:01:35] 
==================================================
📊 整点汇报 2026-07-21 02:00
恐惧贪婪指数: 50 (中性)
今日PnL: +0.00 USDT (+0.0%)
持仓数: 0/4
  BTC: 65419.8000 (+1.33%)
  ETH: 1898.2700 (+1.78%)
  SOL: 77.7300 (+2.38%)
  BNB: 573.4200 (+0.78%)
  DOT: 0.8190 (-0.49%)
  LINK: 8.5370 (+2.37%)
  XRP: 1.1131 (+1.69%)
==================================================
[2026-07-21 03:05:10] 
==================================================
📊 整点汇报 2026-07-21 03:03
恐惧贪婪指数: 50 (中性)
今日PnL: +0.00 USDT (+0.0%)
持仓数: 0/4
  BTC: 65419.8000 (+1.33%)
  ETH: 1898.2700 (+1.78%)
  SOL: 77.7300 (+2.38%)
  BNB: 573.4200 (+0.78%)
  DOT: 0.8190 (-0.49%)
  LINK: 8.5370 (+2.37%)
  XRP: 1.1131 (+1.69%)
==================================================
[2026-07-21 04:04:31] 
==================================================
📊 整点汇报 2026-07-21 04:03
恐惧贪婪指数: 50 (中性)
今日PnL: +0.00 USDT (+0.0%)
持仓数: 0/4
  BTC: 65419.8000 (+1.33%)
  ETH: 1898.2700 (+1.78%)
  SOL: 77.7300 (+2.38%)
  BNB: 573.4200 (+0.78%)
  DOT: 0.8190 (-0.49%)
  LINK: 8.5370 (+2.37%)
  XRP: 1.1131 (+1.69%)
==================================================
[2026-07-21 05:03:25] 
==================================================
📊 整点汇报 2026-07-21 05:01
恐惧贪婪指数: 50 (中性)
今日PnL: +0.00 USDT (+0.0%)
持仓数: 0/4
  BTC: 65419.8000 (+1.33%)
  ETH: 1898.2700 (+1.78%)
  SOL: 77.7300 (+2.38%)
  BNB: 573.4200 (+0.78%)
  DOT: 0.8190 (-0.49%)
  LINK: 8.5370 (+2.37%)
  XRP: 1.1131 (+1.69%)
==================================================
[2026-07-21 06:02:39] 
==================================================
📊 整点汇报 2026-07-21 06:01
恐惧贪婪指数: 50 (中性)
今日PnL: +0.00 USDT (+0.0%)
持仓数: 0/4
  BTC: 65419.8000 (+1.33%)
  ETH: 1898.2700 (+1.78%)
  SOL: 77.7300 (+2.38%)
  BNB: 573.4200 (+0.78%)
  DOT: 0.8190 (-0.49%)
  LINK: 8.5370 (+2.37%)
  XRP: 1.1131 (+1.69%)
==================================================
[2026-07-21 07:01:42] 
==================================================
📊 整点汇报 2026-07-21 07:00
恐惧贪婪指数: 50 (中性)
今日PnL: +0.00 USDT (+0.0%)
持仓数: 0/4
  BTC: 65419.8000 (+1.33%)
  ETH: 1898.2700 (+1.78%)
  SOL: 77.7300 (+2.38%)
  BNB: 573.4200 (+0.78%)
  DOT: 0.8190 (-0.49%)
  LINK: 8.5370 (+2.37%)
  XRP: 1.1131 (+1.69%)
==================================================
[2026-07-21 08:00:14] 
==================================================
📊 整点汇报 2026-07-21 08:00
恐惧贪婪指数: 25 (恐惧)
今日PnL: +0.00 USDT (+0.0%)
持仓数: 3/4
  🟢 DOT LONG @0.8207 现价:0.8270 PnL:+1.54U (+0.77%)
  🟢 BTC LONG @65481.3667 现价:65215.1000 PnL:-0.80U (-0.41%)
  🔴 BNB SHORT @568.9800 现价:571.5700 PnL:-0.91U (-0.46%)
  BTC: 65215.1000 (+0.86%)
  ETH: 1903.2000 (+1.67%)
  SOL: 77.8000 (+1.85%)
  BNB: 571.5700 (+0.02%)
  DOT: 0.8270 (+1.10%)
  LINK: 8.5870 (+2.46%)
  XRP: 1.1118 (+1.35%)
==================================================
[2026-07-21 09:00:13] 
==================================================
📊 整点汇报 2026-07-21 09:00
恐惧贪婪指数: 25 (恐惧)
今日PnL: +0.00 USDT (+0.0%)
持仓数: 3/4
  🟢 DOT LONG @0.8207 现价:0.8290 PnL:+2.02U (+1.01%)
  🟢 BTC LONG @65481.3667 现价:65506.8000 PnL:+0.08U (+0.04%)
  🔴 BNB SHORT @568.9800 现价:573.8500 PnL:-1.70U (-0.86%)
  BTC: 65506.8000 (+1.50%)
  ETH: 1913.8400 (+2.30%)
  SOL: 78.1000 (+2.01%)
  BNB: 573.8500 (+0.60%)
  DOT: 0.8290 (+1.97%)
  LINK: 8.6080 (+2.40%)
  XRP: 1.1158 (+1.84%)
==================================================
[2026-07-21 10:00:06] 
==================================================
📊 整点汇报 2026-07-21 10:00
恐惧贪婪指数: 25 (恐惧)
今日PnL: +0.00 USDT (+0.0%)
持仓数: 3/4
  🟢 DOT LONG @0.8207 现价:0.8270 PnL:+1.54U (+0.77%)
  🟢 BTC LONG @65481.3667 现价:65245.2000 PnL:-0.71U (-0.36%)
  🔴 BNB SHORT @568.9800 现价:572.5600 PnL:-1.25U (-0.63%)
  BTC: 65245.2000 (+0.95%)
  ETH: 1906.5000 (+2.08%)
  SOL: 77.8000 (+1.89%)
  BNB: 572.5600 (+0.59%)
  DOT: 0.8270 (+2.35%)
  LINK: 8.5890 (+2.03%)
  XRP: 1.1133 (+1.58%)
==================================================
[2026-07-21 11:00:26] 
==================================================
📊 整点汇报 2026-07-21 11:00
恐惧贪婪指数: 25 (恐惧)
今日PnL: +0.00 USDT (+0.0%)
持仓数: 3/4
  🟢 DOT LONG @0.8207 现价:0.8317 PnL:+2.68U (+1.34%)
  🟢 BTC LONG @65481.3667 现价:65366.2000 PnL:-0.35U (-0.18%)
  🔴 BNB SHORT @568.9800 现价:573.7300 PnL:-1.66U (-0.83%)
  BTC: 65366.2000 (+0.87%)
  ETH: 1916.4500 (+2.04%)
  SOL: 78.0100 (+1.40%)
  BNB: 573.7300 (+0.51%)
  DOT: 0.8317 (+2.30%)
  LINK: 8.6000 (+1.55%)
  XRP: 1.1179 (+1.56%)
==================================================
[2026-07-21 12:00:04] 
==================================================
📊 整点汇报 2026-07-21 12:00
恐惧贪婪指数: 25 (恐惧)
今日PnL: +0.00 USDT (+0.0%)
持仓数: 3/4
  🟢 DOT LONG @0.8207 现价:0.8370 PnL:+3.97U (+1.99%)
  🟢 BTC LONG @65481.3667 现价:65506.7000 PnL:+0.08U (+0.04%)
  🔴 BNB SHORT @568.9800 现价:575.4800 PnL:-2.27U (-1.14%)
  BTC: 65506.7000 (+1.04%)
  ETH: 1926.2800 (+2.53%)
  SOL: 78.1600 (+1.85%)
  BNB: 575.4800 (+0.90%)
  DOT: 0.8370 (+2.83%)
  LINK: 8.6340 (+2.18%)
  XRP: 1.1240 (+2.19%)
==================================================
[2026-07-21 12:23:34] ✅ 平仓 DOT SL | 入场:0.8207 出场:0.8322 | PnL:1.40% (+2.80USDT) | 平100%仓 | ✅ 平仓成功
[2026-07-21 12:23:51] ✅ 平仓 DOT SL | 入场:0.8207 出场:0.8322 | PnL:1.40% (+0.13USDT) | 平100%仓 | ✅ 平仓成功
[2026-07-21 12:55:02] 🟢 开多 LINK @8.713 | 评分:80 | 状态:trending | AI:做空(0.7%) | ✅ 下单成功
[2026-07-21 13:00:18] 
==================================================
📊 整点汇报 2026-07-21 13:00
恐惧贪婪指数: 25 (恐惧)
今日PnL: +2.80 USDT (+2.8%)
持仓数: 3/4
  🟢 BTC LONG @65481.3667 现价:65493.0000 PnL:+0.03U (+0.02%)
  🔴 BNB SHORT @568.9800 现价:574.2800 PnL:-1.85U (-0.93%)
  🟢 LINK LONG @8.7130 现价:8.7190 PnL:+0.14U (+0.07%)
  BTC: 65493.0000 (+1.26%)
  ETH: 1924.5900 (+2.65%)
  SOL: 78.0900 (+1.77%)
  BNB: 574.2800 (+0.72%)
  DOT: 0.8350 (+2.71%)
  LINK: 8.7190 (+3.46%)
  XRP: 1.1260 (+2.50%)
==================================================
[2026-07-21 14:00:15] 
==================================================
📊 整点汇报 2026-07-21 14:00
恐惧贪婪指数: 25 (恐惧)
今日PnL: +2.80 USDT (+2.8%)
持仓数: 3/4
  🟢 BTC LONG @65481.3667 现价:65699.1000 PnL:+0.65U (+0.33%)
  🔴 BNB SHORT @568.9800 现价:575.3300 PnL:-2.22U (-1.12%)
  🟢 LINK LONG @8.7130 现价:8.7240 PnL:+0.25U (+0.13%)
  BTC: 65699.1000 (+1.42%)
  ETH: 1929.9800 (+3.97%)
  SOL: 78.4200 (+3.13%)
  BNB: 575.3300 (+1.18%)
  DOT: 0.8460 (+3.93%)
  LINK: 8.7240 (+2.82%)
  XRP: 1.1307 (+3.13%)
==================================================
[2026-07-21 14:41:34] 🟢 开多 DOT @0.857 | 评分:70 | 状态:trending | AI:做空(0.8%) | ✅ 下单成功
[2026-07-21 15:00:47] 
==================================================
📊 整点汇报 2026-07-21 15:00
恐惧贪婪指数: 25 (恐惧)
今日PnL: +2.80 USDT (+2.8%)
持仓数: 4/4
  🟢 BTC LONG @65481.3667 现价:65872.3000 PnL:+1.17U (+0.60%)
  🔴 BNB SHORT @568.9800 现价:576.6800 PnL:-2.69U (-1.35%)
  🟢 LINK LONG @8.7130 现价:8.6980 PnL:-0.34U (-0.17%)
  🟢 DOT LONG @0.8570 现价:0.8574 PnL:+0.09U (+0.05%)
  BTC: 65872.3000 (+1.85%)
  ETH: 1933.8300 (+4.43%)
  SOL: 78.6300 (+3.60%)
  BNB: 576.6800 (+1.97%)
  DOT: 0.8574 (+5.46%)
  LINK: 8.6980 (+5.01%)
  XRP: 1.1332 (+3.03%)
==================================================
[2026-07-21 16:00:11] 
==================================================
📊 整点汇报 2026-07-21 16:00
恐惧贪婪指数: 25 (恐惧)
今日PnL: +2.80 USDT (+2.8%)
持仓数: 4/4
  🟢 BTC LONG @65481.3667 现价:66182.6000 PnL:+2.10U (+1.07%)
  🔴 BNB SHORT @568.9800 现价:577.2700 PnL:-2.90U (-1.46%)
  🟢 LINK LONG @8.7130 现价:8.7360 PnL:+0.53U (+0.26%)
  🟢 DOT LONG @0.8570 现价:0.8555 PnL:-0.35U (-0.18%)
  BTC: 66182.6000 (+2.30%)
  ETH: 1933.4800 (+4.39%)
  SOL: 78.5400 (+3.14%)
  BNB: 577.2700 (+2.06%)
  DOT: 0.8555 (+5.10%)
  LINK: 8.7360 (+4.77%)
  XRP: 1.1350 (+3.23%)
==================================================
[2026-07-21 17:00:29] 
==================================================
📊 整点汇报 2026-07-21 17:00
恐惧贪婪指数: 25 (恐惧)
今日PnL: +2.80 USDT (+2.8%)
持仓数: 4/4
  🟢 BTC LONG @65481.3667 现价:66244.8000 PnL:+2.29U (+1.17%)
  🔴 BNB SHORT @568.9800 现价:578.0200 PnL:-3.16U (-1.59%)
  🟢 LINK LONG @8.7130 现价:8.7000 PnL:-0.30U (-0.15%)
  🟢 DOT LONG @0.8570 现价:0.8562 PnL:-0.19U (-0.09%)
  BTC: 66244.8000 (+3.49%)
  ETH: 1939.0500 (+4.27%)
  SOL: 78.3000 (+2.89%)
  BNB: 578.0200 (+2.22%)
  DOT: 0.8562 (+6.62%)
  LINK: 8.7000 (+4.42%)
  XRP: 1.1330 (+4.18%)
==================================================
[2026-07-21 18:00:07] 
==================================================
📊 整点汇报 2026-07-21 18:00
恐惧贪婪指数: 25 (恐惧)
今日PnL: +2.80 USDT (+2.8%)
持仓数: 4/4
  🟢 BTC LONG @65481.3667 现价:66251.8000 PnL:+2.31U (+1.18%)
  🔴 BNB SHORT @568.9800 现价:579.7500 PnL:-3.77U (-1.89%)
  🟢 LINK LONG @8.7130 现价:8.7220 PnL:+0.21U (+0.10%)
  🟢 DOT LONG @0.8570 现价:0.8646 PnL:+1.77U (+0.89%)
  BTC: 66251.8000 (+3.16%)
  ETH: 1940.6300 (+4.11%)
  SOL: 78.3600 (+2.36%)
  BNB: 579.7500 (+2.35%)
  DOT: 0.8646 (+7.40%)
  LINK: 8.7220 (+3.82%)
  XRP: 1.1339 (+4.02%)
==================================================
[2026-07-21 19:00:34] 
==================================================
📊 整点汇报 2026-07-21 19:00
恐惧贪婪指数: 25 (恐惧)
今日PnL: +2.80 USDT (+2.8%)
持仓数: 4/4
  🟢 BTC LONG @65481.3667 现价:66179.2000 PnL:+2.09U (+1.07%)
  🔴 BNB SHORT @568.9800 现价:578.2600 PnL:-3.25U (-1.63%)
  🟢 LINK LONG @8.7130 现价:8.7070 PnL:-0.14U (-0.07%)
  🟢 DOT LONG @0.8570 现价:0.8610 PnL:+0.93U (+0.47%)
  BTC: 66179.2000 (+2.95%)
  ETH: 1932.5000 (+3.45%)
  SOL: 78.1200 (+2.38%)
  BNB: 578.2600 (+1.98%)
  DOT: 0.8610 (+6.56%)
  LINK: 8.7070 (+3.73%)
  XRP: 1.1310 (+3.55%)
==================================================
[2026-07-21 20:00:29] 
==================================================
📊 整点汇报 2026-07-21 20:00
恐惧贪婪指数: 25 (恐惧)
今日PnL: +2.80 USDT (+2.8%)
持仓数: 4/4
  🟢 BTC LONG @65481.3667 现价:66300.0000 PnL:+2.46U (+1.25%)
  🔴 BNB SHORT @568.9800 现价:576.9900 PnL:-2.80U (-1.41%)
  🟢 LINK LONG @8.7130 现价:8.7020 PnL:-0.25U (-0.13%)
  🟢 DOT LONG @0.8570 现价:0.8568 PnL:-0.05U (-0.02%)
  BTC: 66300.0000 (+2.10%)
  ETH: 1934.2500 (+2.21%)
  SOL: 78.3200 (+1.60%)
  BNB: 576.9900 (+0.95%)
  DOT: 0.8568 (+5.13%)
  LINK: 8.7020 (+2.29%)
  XRP: 1.1354 (+2.71%)
==================================================
[2026-07-21 21:00:10] 
==================================================
📊 整点汇报 2026-07-21 21:00
恐惧贪婪指数: 25 (恐惧)
今日PnL: +2.80 USDT (+2.8%)
持仓数: 4/4
  🟢 BTC LONG @65481.3667 现价:66501.5000 PnL:+3.06U (+1.56%)
  🔴 BNB SHORT @568.9800 现价:578.0500 PnL:-3.17U (-1.59%)
  🟢 LINK LONG @8.7130 现价:8.6980 PnL:-0.34U (-0.17%)
  🟢 DOT LONG @0.8570 现价:0.8597 PnL:+0.63U (+0.32%)
  BTC: 66501.5000 (+2.91%)
  ETH: 1942.0700 (+3.77%)
  SOL: 78.4800 (+2.33%)
  BNB: 578.0500 (+1.48%)
  DOT: 0.8597 (+5.87%)
  LINK: 8.6980 (+3.00%)
  XRP: 1.1404 (+3.74%)
==================================================
[2026-07-21 22:00:35] 
==================================================
📊 整点汇报 2026-07-21 22:00
恐惧贪婪指数: 25 (恐惧)
今日PnL: +2.80 USDT (+2.8%)
持仓数: 4/4
  🟢 BTC LONG @65481.3667 现价:66755.4000 PnL:+3.82U (+1.95%)
  🔴 BNB SHORT @568.9800 现价:577.9800 PnL:-3.15U (-1.58%)
  🟢 LINK LONG @8.7130 现价:8.7240 PnL:+0.25U (+0.13%)
  🟢 DOT LONG @0.8570 现价:0.8585 PnL:+0.35U (+0.18%)
  BTC: 66755.4000 (+3.83%)
  ETH: 1939.5300 (+3.99%)
  SOL: 78.5200 (+3.04%)
  BNB: 577.9800 (+1.92%)
  DOT: 0.8585 (+5.75%)
  LINK: 8.7240 (+4.33%)
  XRP: 1.1402 (+4.38%)
==================================================
[2026-07-21 23:00:27] 
==================================================
📊 整点汇报 2026-07-21 23:00
恐惧贪婪指数: 25 (恐惧)
今日PnL: +2.80 USDT (+2.8%)
持仓数: 4/4
  🟢 BTC LONG @65481.3667 现价:66792.8000 PnL:+3.93U (+2.00%)
  🔴 BNB SHORT @568.9800 现价:576.1600 PnL:-2.51U (-1.26%)
  🟢 LINK LONG @8.7130 现价:8.6800 PnL:-0.76U (-0.38%)
  🟢 DOT LONG @0.8570 现价:0.8577 PnL:+0.16U (+0.08%)
  BTC: 66792.8000 (+3.82%)
  ETH: 1931.3300 (+3.52%)
  SOL: 77.9500 (+2.51%)
  BNB: 576.1600 (+1.52%)
  DOT: 0.8577 (+5.76%)
  LINK: 8.6800 (+3.81%)
  XRP: 1.1481 (+5.09%)
==================================================
