[2026-06-21 00:00:44] 
==================================================
📊 整点汇报 2026-06-21 00:00
恐惧贪婪指数: 23 (极度恐惧)
今日PnL: +0.00 USDT (+0.0%)
持仓数: 2/4
  🟢 BNB LONG @577.3100 现价:587.4200 PnL:+3.54U (+1.75%)
  🔴 LINK SHORT @7.8840 现价:7.9630 PnL:-2.00U (-1.00%)
  BTC: 64092.5000 (+1.46%)
  ETH: 1743.2900 (+2.02%)
  SOL: 71.8400 (+3.71%)
  BNB: 587.4200 (+2.01%)
  DOT: 0.9680 (+0.21%)
  LINK: 7.9630 (+0.80%)
  XRP: 1.1500 (+1.29%)
==================================================
[2026-06-21 01:00:30] 
==================================================
📊 整点汇报 2026-06-21 01:00
恐惧贪婪指数: 23 (极度恐惧)
今日PnL: +0.00 USDT (+0.0%)
持仓数: 2/4
  🟢 BNB LONG @577.3100 现价:587.1600 PnL:+3.45U (+1.71%)
  🔴 LINK SHORT @7.8840 现价:7.9590 PnL:-1.90U (-0.95%)
  BTC: 63973.3000 (+1.53%)
  ETH: 1733.2900 (+2.58%)
  SOL: 71.2000 (+3.59%)
  BNB: 587.1600 (+1.50%)
  DOT: 0.9660 (+1.15%)
  LINK: 7.9590 (+1.13%)
  XRP: 1.1501 (+1.67%)
==================================================
[2026-06-21 02:02:27] 
==================================================
📊 整点汇报 2026-06-21 02:00
恐惧贪婪指数: 50 (中性)
今日PnL: +0.00 USDT (+0.0%)
持仓数: 0/4
  BTC: 63887.0000 (+1.25%)
  ETH: 1731.3600 (+2.19%)
  SOL: 70.9500 (+3.10%)
  BNB: 586.0500 (+1.30%)
  DOT: 0.9620 (+0.52%)
  LINK: 7.9360 (+0.85%)
  XRP: 1.1506 (+1.88%)
==================================================
[2026-06-21 03:01:45] 
==================================================
📊 整点汇报 2026-06-21 03:00
恐惧贪婪指数: 50 (中性)
今日PnL: +0.00 USDT (+0.0%)
持仓数: 0/4
  BTC: 63887.0000 (+1.25%)
  ETH: 1731.3600 (+2.19%)
  SOL: 70.9500 (+3.10%)
  BNB: 586.0500 (+1.30%)
  DOT: 0.9620 (+0.52%)
  LINK: 7.9360 (+0.85%)
  XRP: 1.1506 (+1.88%)
==================================================
[2026-06-21 04:01:25] 
==================================================
📊 整点汇报 2026-06-21 04:00
恐惧贪婪指数: 50 (中性)
今日PnL: +0.00 USDT (+0.0%)
持仓数: 0/4
  BTC: 63887.0000 (+1.25%)
  ETH: 1731.3600 (+2.19%)
  SOL: 70.9500 (+3.10%)
  BNB: 586.0500 (+1.30%)
  DOT: 0.9620 (+0.52%)
  LINK: 7.9360 (+0.85%)
  XRP: 1.1506 (+1.88%)
==================================================
[2026-06-21 05:05:00] 
==================================================
📊 整点汇报 2026-06-21 05:03
恐惧贪婪指数: 50 (中性)
今日PnL: +0.00 USDT (+0.0%)
持仓数: 0/4
  BTC: 63887.0000 (+1.25%)
  ETH: 1731.3600 (+2.19%)
  SOL: 70.9500 (+3.10%)
  BNB: 586.0500 (+1.30%)
  DOT: 0.9620 (+0.52%)
  LINK: 7.9360 (+0.85%)
  XRP: 1.1506 (+1.88%)
==================================================
[2026-06-21 06:03:32] 
==================================================
📊 整点汇报 2026-06-21 06:02
恐惧贪婪指数: 50 (中性)
今日PnL: +0.00 USDT (+0.0%)
持仓数: 0/4
  BTC: 63887.0000 (+1.25%)
  ETH: 1731.3600 (+2.19%)
  SOL: 70.9500 (+3.10%)
  BNB: 586.0500 (+1.30%)
  DOT: 0.9620 (+0.52%)
  LINK: 7.9360 (+0.85%)
  XRP: 1.1506 (+1.88%)
==================================================
[2026-06-21 07:02:38] 
==================================================
📊 整点汇报 2026-06-21 07:01
恐惧贪婪指数: 50 (中性)
今日PnL: +0.00 USDT (+0.0%)
持仓数: 0/4
  BTC: 63887.0000 (+1.25%)
  ETH: 1731.3600 (+2.19%)
  SOL: 70.9500 (+3.10%)
  BNB: 586.0500 (+1.30%)
  DOT: 0.9620 (+0.52%)
  LINK: 7.9360 (+0.85%)
  XRP: 1.1506 (+1.88%)
==================================================
[2026-06-21 08:00:20] 
==================================================
📊 整点汇报 2026-06-21 08:00
恐惧贪婪指数: 23 (极度恐惧)
今日PnL: +2.83 USDT (+2.8%)
持仓数: 1/4
  🔴 LINK SHORT @7.8840 现价:7.9870 PnL:-2.61U (-1.31%)
  BTC: 64280.2000 (+1.65%)
  ETH: 1740.2900 (+1.69%)
  SOL: 73.2200 (+5.04%)
  BNB: 588.9600 (+1.21%)
  DOT: 0.9690 (+0.83%)
  LINK: 7.9870 (+0.52%)
  XRP: 1.1496 (+1.02%)
==================================================
[2026-06-21 09:00:19] 
==================================================
📊 整点汇报 2026-06-21 09:00
恐惧贪婪指数: 23 (极度恐惧)
今日PnL: +2.83 USDT (+2.8%)
持仓数: 1/4
  🔴 LINK SHORT @7.8840 现价:7.9670 PnL:-2.11U (-1.05%)
  BTC: 64300.0000 (+1.68%)
  ETH: 1734.3000 (+1.57%)
  SOL: 73.0900 (+4.95%)
  BNB: 587.8400 (+0.84%)
  DOT: 0.9720 (+1.36%)
  LINK: 7.9670 (+1.03%)
  XRP: 1.1529 (+1.45%)
==================================================
[2026-06-21 10:00:28] 
==================================================
📊 整点汇报 2026-06-21 10:00
恐惧贪婪指数: 23 (极度恐惧)
今日PnL: +2.83 USDT (+2.8%)
持仓数: 1/4
  🔴 LINK SHORT @7.8840 现价:7.9590 PnL:-1.90U (-0.95%)
  BTC: 64262.7000 (+1.54%)
  ETH: 1734.2700 (+1.59%)
  SOL: 73.1600 (+4.87%)
  BNB: 589.1700 (+1.30%)
  DOT: 0.9680 (+0.83%)
  LINK: 7.9590 (+0.65%)
  XRP: 1.1548 (+1.20%)
==================================================
[2026-06-21 11:00:28] 
==================================================
📊 整点汇报 2026-06-21 11:00
恐惧贪婪指数: 23 (极度恐惧)
今日PnL: +2.83 USDT (+2.8%)
持仓数: 1/4
  🔴 LINK SHORT @7.8840 现价:7.9480 PnL:-1.62U (-0.81%)
  BTC: 64312.6000 (+1.50%)
  ETH: 1735.5400 (+2.04%)
  SOL: 73.2900 (+5.26%)
  BNB: 589.7300 (+1.24%)
  DOT: 0.9680 (+1.25%)
  LINK: 7.9480 (+0.93%)
  XRP: 1.1514 (+1.98%)
==================================================
[2026-06-21 12:00:25] 
==================================================
📊 整点汇报 2026-06-21 12:00
恐惧贪婪指数: 23 (极度恐惧)
今日PnL: +2.83 USDT (+2.8%)
持仓数: 1/4
  🔴 LINK SHORT @7.8840 现价:7.9650 PnL:-2.05U (-1.03%)
  BTC: 64404.1000 (+1.85%)
  ETH: 1733.7000 (+1.55%)
  SOL: 73.5700 (+5.21%)
  BNB: 589.1900 (+1.46%)
  DOT: 0.9710 (+1.57%)
  LINK: 7.9650 (+1.01%)
  XRP: 1.1531 (+1.26%)
==================================================
[2026-06-21 13:00:56] 
==================================================
📊 整点汇报 2026-06-21 13:00
恐惧贪婪指数: 23 (极度恐惧)
今日PnL: +2.83 USDT (+2.8%)
持仓数: 1/4
  🔴 LINK SHORT @7.8840 现价:7.9380 PnL:-1.37U (-0.68%)
  BTC: 64366.9000 (+0.00%)
  ETH: 1731.1300 (+1.26%)
  SOL: 73.3900 (+3.64%)
  BNB: 588.4600 (+1.23%)
  DOT: 0.9650 (+0.42%)
  LINK: 7.9380 (+0.21%)
  XRP: 1.1523 (+0.67%)
==================================================
[2026-06-21 13:55:02] 🟢 开多 BNB @589.91 | 评分:70 | 状态:trending | AI:做多(75%) | ✅ 下单成功
[2026-06-21 14:00:40] 
==================================================
📊 整点汇报 2026-06-21 14:00
恐惧贪婪指数: 23 (极度恐惧)
今日PnL: +2.83 USDT (+2.8%)
持仓数: 2/4
  🔴 LINK SHORT @7.8840 现价:7.9210 PnL:-0.94U (-0.47%)
  🟢 BNB LONG @589.9100 现价:589.1700 PnL:-0.25U (-0.13%)
  BTC: 64276.5000 (+1.06%)
  ETH: 1729.2600 (-0.03%)
  SOL: 73.0500 (+1.80%)
  BNB: 589.1700 (+1.04%)
  DOT: 0.9640 (-0.21%)
  LINK: 7.9210 (-0.79%)
  XRP: 1.1441 (-0.33%)
==================================================
[2026-06-21 15:00:56] 
==================================================
📊 整点汇报 2026-06-21 15:00
恐惧贪婪指数: 23 (极度恐惧)
今日PnL: +2.83 USDT (+2.8%)
持仓数: 2/4
  🔴 LINK SHORT @7.8840 现价:7.9360 PnL:-1.32U (-0.66%)
  🟢 BNB LONG @589.9100 现价:584.1500 PnL:-1.96U (-0.98%)
  BTC: 64180.4000 (+0.00%)
  ETH: 1735.2400 (+0.43%)
  SOL: 73.2200 (+1.61%)
  BNB: 584.1500 (-0.59%)
  DOT: 0.9670 (+0.31%)
  LINK: 7.9360 (-0.61%)
  XRP: 1.1466 (-0.22%)
==================================================
[2026-06-21 16:01:19] 
==================================================
📊 整点汇报 2026-06-21 16:01
恐惧贪婪指数: 23 (极度恐惧)
今日PnL: +2.83 USDT (+2.8%)
持仓数: 2/4
  🔴 LINK SHORT @7.8840 现价:7.9450 PnL:-1.55U (-0.77%)
  🟢 BNB LONG @589.9100 现价:584.1500 PnL:-1.96U (-0.98%)
  BTC: 64082.5000 (+0.76%)
  ETH: 1724.0800 (-0.06%)
  SOL: 73.1800 (+2.33%)
  BNB: 584.1500 (-0.57%)
  DOT: 0.9670 (+0.52%)
  LINK: 7.9450 (-0.16%)
  XRP: 1.1468 (-0.32%)
==================================================
[2026-06-21 17:00:40] 
==================================================
📊 整点汇报 2026-06-21 17:00
恐惧贪婪指数: 23 (极度恐惧)
今日PnL: +2.83 USDT (+2.8%)
持仓数: 2/4
  🔴 LINK SHORT @7.8840 现价:7.9360 PnL:-1.32U (-0.66%)
  🟢 BNB LONG @589.9100 现价:589.0500 PnL:-0.29U (-0.15%)
  BTC: 63676.4000 (+0.08%)
  ETH: 1727.7000 (+0.33%)
  SOL: 73.1000 (+2.50%)
  BNB: 589.0500 (+0.49%)
  DOT: 0.9650 (+0.00%)
  LINK: 7.9360 (+0.03%)
  XRP: 1.1436 (-0.05%)
==================================================
[2026-06-21 18:00:10] 
==================================================
📊 整点汇报 2026-06-21 18:00
恐惧贪婪指数: 23 (极度恐惧)
今日PnL: +2.83 USDT (+2.8%)
持仓数: 2/4
  🔴 LINK SHORT @7.8840 现价:7.9810 PnL:-2.46U (-1.23%)
  🟢 BNB LONG @589.9100 现价:588.4500 PnL:-0.50U (-0.25%)
  BTC: 63610.9000 (-0.19%)
  ETH: 1731.8200 (+0.51%)
  SOL: 74.0100 (+3.45%)
  BNB: 588.4500 (+0.06%)
  DOT: 0.9720 (+0.31%)
  LINK: 7.9810 (+0.12%)
  XRP: 1.1488 (-0.26%)
==================================================
[2026-06-21 19:00:19] 
==================================================
📊 整点汇报 2026-06-21 19:00
恐惧贪婪指数: 23 (极度恐惧)
今日PnL: +2.83 USDT (+2.8%)
持仓数: 2/4
  🔴 LINK SHORT @7.8840 现价:7.9700 PnL:-2.18U (-1.09%)
  🟢 BNB LONG @589.9100 现价:589.1800 PnL:-0.25U (-0.12%)
  BTC: 63692.4000 (-0.54%)
  ETH: 1730.5600 (+0.23%)
  SOL: 73.8900 (+3.14%)
  BNB: 589.1800 (+0.30%)
  DOT: 0.9700 (+0.62%)
  LINK: 7.9700 (+0.23%)
  XRP: 1.1433 (-0.08%)
==================================================
[2026-06-21 20:00:46] 
==================================================
📊 整点汇报 2026-06-21 20:00
恐惧贪婪指数: 23 (极度恐惧)
今日PnL: +2.83 USDT (+2.8%)
持仓数: 2/4
  🔴 LINK SHORT @7.8840 现价:7.9310 PnL:-1.19U (-0.60%)
  🟢 BNB LONG @589.9100 现价:588.8200 PnL:-0.37U (-0.18%)
  BTC: 63668.7000 (-0.62%)
  ETH: 1714.7600 (-0.42%)
  SOL: 73.1200 (+1.90%)
  BNB: 588.8200 (+0.24%)
  DOT: 0.9630 (+0.00%)
  LINK: 7.9310 (-0.04%)
  XRP: 1.1412 (-0.54%)
==================================================
[2026-06-21 21:01:18] 
==================================================
📊 整点汇报 2026-06-21 21:01
恐惧贪婪指数: 23 (极度恐惧)
今日PnL: +2.83 USDT (+2.8%)
持仓数: 2/4
  🔴 LINK SHORT @7.8840 现价:7.9320 PnL:-1.22U (-0.61%)
  🟢 BNB LONG @589.9100 现价:587.8900 PnL:-0.69U (-0.34%)
  BTC: 63625.0000 (+0.00%)
  ETH: 1718.8900 (-0.33%)
  SOL: 73.6100 (+2.96%)
  BNB: 587.8900 (+0.11%)
  DOT: 0.9670 (+0.42%)
  LINK: 7.9320 (+0.13%)
  XRP: 1.1409 (-0.36%)
==================================================
[2026-06-21 21:54:27] 🔴 开空 BTC @62817.9 | 评分:80 | 状态:trending | AI:做空(75%) | ✅ 下单成功
[2026-06-21 22:00:25] 
==================================================
📊 整点汇报 2026-06-21 22:00
恐惧贪婪指数: 23 (极度恐惧)
今日PnL: +2.83 USDT (+2.8%)
持仓数: 3/4
  🔴 LINK SHORT @7.8840 现价:7.9480 PnL:-1.62U (-0.81%)
  🟢 BNB LONG @589.9100 现价:587.9600 PnL:-0.66U (-0.33%)
  🔴 BTC SHORT @62817.9000 现价:63676.5000 PnL:-2.58U (-1.37%)
  BTC: 63676.5000 (+0.31%)
  ETH: 1715.9500 (-0.03%)
  SOL: 73.7800 (+3.64%)
  BNB: 587.9600 (+0.14%)
  DOT: 0.9680 (+0.94%)
  LINK: 7.9480 (+0.90%)
  XRP: 1.1432 (+0.17%)
==================================================
[2026-06-21 22:08:51] ❌ 平仓 BTC SL | 入场:62817.9000 出场:64100.0000 | PnL:-2.04% (-3.85USDT) | 平100%仓 | ✅ 平仓成功
[2026-06-21 23:00:50] 
==================================================
📊 整点汇报 2026-06-21 23:00
恐惧贪婪指数: 23 (极度恐惧)
今日PnL: -0.72 USDT (-0.7%)
持仓数: 2/4
  🔴 LINK SHORT @7.8840 现价:7.9610 PnL:-1.95U (-0.98%)
  🟢 BNB LONG @589.9100 现价:588.0300 PnL:-0.64U (-0.32%)
  BTC: 64181.8000 (+0.35%)
  ETH: 1721.8500 (-0.62%)
  SOL: 74.0100 (+2.96%)
  BNB: 588.0300 (-0.10%)
  DOT: 0.9660 (+0.31%)
  LINK: 7.9610 (+0.38%)
  XRP: 1.1441 (-1.70%)
==================================================
[2026-06-21 23:56:00] 🔴 开空 ETH @1717.1 | 评分:70 | 状态:trending | ✅ 下单成功
