[2026-06-26 00:00:24] 
==================================================
📊 整点汇报 2026-06-26 00:00
恐惧贪婪指数: 12 (极度恐惧)
今日PnL: +0.00 USDT (+0.0%)
持仓数: 4/4
  🔴 ETH SHORT @1562.7373 现价:1566.2300 PnL:-0.45U (-0.22%)
  🔴 BTC SHORT @59371.5000 现价:59700.0000 PnL:-0.99U (-0.55%)
  🔴 LINK SHORT @7.2040 现价:7.2110 PnL:-0.19U (-0.10%)
  🔴 DOT SHORT @0.8480 现价:0.8510 PnL:-0.71U (-0.35%)
  BTC: 59700.0000 (-1.28%)
  ETH: 1566.2300 (-3.17%)
  SOL: 66.2800 (-1.49%)
  BNB: 554.2400 (-1.28%)
  DOT: 0.8510 (-2.30%)
  LINK: 7.2110 (-2.17%)
  XRP: 1.0350 (-2.13%)
==================================================
[2026-06-26 01:00:18] 
==================================================
📊 整点汇报 2026-06-26 01:00
恐惧贪婪指数: 12 (极度恐惧)
今日PnL: +0.00 USDT (+0.0%)
持仓数: 4/4
  🔴 ETH SHORT @1562.7373 现价:1561.4100 PnL:+0.17U (+0.08%)
  🔴 BTC SHORT @59371.5000 现价:59285.0000 PnL:+0.26U (+0.15%)
  🔴 LINK SHORT @7.2040 现价:7.1930 PnL:+0.31U (+0.15%)
  🔴 DOT SHORT @0.8480 现价:0.8480 PnL:+0.00U (+0.00%)
  BTC: 59285.0000 (-0.81%)
  ETH: 1561.4100 (-1.81%)
  SOL: 65.9300 (-0.78%)
  BNB: 553.9100 (-0.13%)
  DOT: 0.8480 (-0.70%)
  LINK: 7.1930 (-0.99%)
  XRP: 1.0299 (-2.49%)
==================================================
[2026-06-26 02:00:28] 
==================================================
📊 整点汇报 2026-06-26 02:00
恐惧贪婪指数: 12 (极度恐惧)
今日PnL: +0.00 USDT (+0.0%)
持仓数: 4/4
  🔴 ETH SHORT @1562.7373 现价:1573.6200 PnL:-1.39U (-0.70%)
  🔴 BTC SHORT @59371.5000 现价:59577.4000 PnL:-0.62U (-0.35%)
  🔴 LINK SHORT @7.2040 现价:7.2730 PnL:-1.92U (-0.96%)
  🔴 DOT SHORT @0.8480 现价:0.8610 PnL:-3.07U (-1.53%)
  BTC: 59577.4000 (+0.50%)
  ETH: 1573.6200 (+0.94%)
  SOL: 67.0200 (+3.20%)
  BNB: 559.8000 (+2.02%)
  DOT: 0.8610 (+1.77%)
  LINK: 7.2730 (+1.96%)
  XRP: 1.0449 (-0.54%)
==================================================
[2026-06-26 03:00:10] 
==================================================
📊 整点汇报 2026-06-26 03:00
恐惧贪婪指数: 12 (极度恐惧)
今日PnL: +0.00 USDT (+0.0%)
持仓数: 4/4
  🔴 ETH SHORT @1562.7373 现价:1566.2000 PnL:-0.44U (-0.22%)
  🔴 BTC SHORT @59371.5000 现价:59504.8000 PnL:-0.40U (-0.22%)
  🔴 LINK SHORT @7.2040 现价:7.1970 PnL:+0.19U (+0.10%)
  🔴 DOT SHORT @0.8480 现价:0.8480 PnL:+0.00U (+0.00%)
  BTC: 59504.8000 (-0.08%)
  ETH: 1566.2000 (-0.32%)
  SOL: 66.0900 (+0.20%)
  BNB: 555.6600 (+0.34%)
  DOT: 0.8480 (-1.51%)
  LINK: 7.1970 (+0.20%)
  XRP: 1.0343 (-2.34%)
==================================================
[2026-06-26 04:00:18] 
==================================================
📊 整点汇报 2026-06-26 04:00
恐惧贪婪指数: 12 (极度恐惧)
今日PnL: +0.00 USDT (+0.0%)
持仓数: 4/4
  🔴 ETH SHORT @1562.7373 现价:1558.0200 PnL:+0.60U (+0.30%)
  🔴 BTC SHORT @59371.5000 现价:59309.6000 PnL:+0.19U (+0.10%)
  🔴 LINK SHORT @7.2040 现价:7.1810 PnL:+0.64U (+0.32%)
  🔴 DOT SHORT @0.8480 现价:0.8420 PnL:+1.41U (+0.71%)
  BTC: 59309.6000 (-0.86%)
  ETH: 1558.0200 (-1.59%)
  SOL: 66.1400 (+0.08%)
  BNB: 554.3700 (-0.13%)
  DOT: 0.8420 (-2.88%)
  LINK: 7.1810 (-0.75%)
  XRP: 1.0339 (-2.16%)
==================================================
[2026-06-26 05:00:38] 
==================================================
📊 整点汇报 2026-06-26 05:00
恐惧贪婪指数: 12 (极度恐惧)
今日PnL: +0.00 USDT (+0.0%)
持仓数: 4/4
  🔴 ETH SHORT @1562.7373 现价:1559.2000 PnL:+0.45U (+0.23%)
  🔴 BTC SHORT @59371.5000 现价:59415.3000 PnL:-0.13U (-0.07%)
  🔴 LINK SHORT @7.2040 现价:7.1860 PnL:+0.50U (+0.25%)
  🔴 DOT SHORT @0.8480 现价:0.8400 PnL:+1.89U (+0.94%)
  BTC: 59415.3000 (-2.52%)
  ETH: 1559.2000 (-3.32%)
  SOL: 66.2300 (-2.08%)
  BNB: 555.5500 (-1.31%)
  DOT: 0.8400 (-4.87%)
  LINK: 7.1860 (-2.79%)
  XRP: 1.0326 (-3.85%)
==================================================
[2026-06-26 06:00:16] 
==================================================
📊 整点汇报 2026-06-26 06:00
恐惧贪婪指数: 12 (极度恐惧)
今日PnL: +0.00 USDT (+0.0%)
持仓数: 4/4
  🔴 ETH SHORT @1562.7373 现价:1578.6900 PnL:-2.04U (-1.02%)
  🔴 BTC SHORT @59371.5000 现价:60103.3000 PnL:-2.20U (-1.23%)
  🔴 LINK SHORT @7.2040 现价:7.2750 PnL:-1.97U (-0.99%)
  🔴 DOT SHORT @0.8480 现价:0.8520 PnL:-0.94U (-0.47%)
  BTC: 60103.3000 (-1.57%)
  ETH: 1578.6900 (-2.50%)
  SOL: 67.2200 (-1.07%)
  BNB: 561.5400 (-0.41%)
  DOT: 0.8520 (-4.05%)
  LINK: 7.2750 (-1.64%)
  XRP: 1.0430 (-2.99%)
==================================================
[2026-06-26 07:00:37] 
==================================================
📊 整点汇报 2026-06-26 07:00
恐惧贪婪指数: 12 (极度恐惧)
今日PnL: +0.00 USDT (+0.0%)
持仓数: 4/4
  🔴 ETH SHORT @1562.7373 现价:1570.2600 PnL:-0.96U (-0.48%)
  🔴 BTC SHORT @59371.5000 现价:59840.2000 PnL:-1.41U (-0.79%)
  🔴 LINK SHORT @7.2040 现价:7.2390 PnL:-0.97U (-0.49%)
  🔴 DOT SHORT @0.8480 现价:0.8450 PnL:+0.71U (+0.35%)
  BTC: 59840.2000 (-1.67%)
  ETH: 1570.2600 (-2.78%)
  SOL: 67.1100 (-0.99%)
  BNB: 560.5500 (-0.49%)
  DOT: 0.8450 (-4.30%)
  LINK: 7.2390 (-2.23%)
  XRP: 1.0403 (-2.85%)
==================================================
[2026-06-26 08:00:17] 
==================================================
📊 整点汇报 2026-06-26 08:00
恐惧贪婪指数: 12 (极度恐惧)
今日PnL: +0.00 USDT (+0.0%)
持仓数: 4/4
  🔴 ETH SHORT @1562.7373 现价:1566.7500 PnL:-0.51U (-0.26%)
  🔴 BTC SHORT @59371.5000 现价:59787.9000 PnL:-1.25U (-0.70%)
  🔴 LINK SHORT @7.2040 现价:7.2420 PnL:-1.05U (-0.53%)
  🔴 DOT SHORT @0.8480 现价:0.8420 PnL:+1.41U (+0.71%)
  BTC: 59787.9000 (-2.07%)
  ETH: 1566.7500 (-3.40%)
  SOL: 67.7200 (-0.47%)
  BNB: 560.7400 (-0.68%)
  DOT: 0.8420 (-5.18%)
  LINK: 7.2420 (-2.40%)
  XRP: 1.0427 (-2.81%)
==================================================
[2026-06-26 09:00:29] 
==================================================
📊 整点汇报 2026-06-26 09:00
恐惧贪婪指数: 13 (极度恐惧)
今日PnL: +0.00 USDT (+0.0%)
持仓数: 4/4
  🔴 ETH SHORT @1562.7373 现价:1563.9600 PnL:-0.16U (-0.08%)
  🔴 BTC SHORT @59371.5000 现价:59632.1000 PnL:-0.78U (-0.44%)
  🔴 LINK SHORT @7.2040 现价:7.2290 PnL:-0.69U (-0.35%)
  🔴 DOT SHORT @0.8480 现价:0.8400 PnL:+1.89U (+0.94%)
  BTC: 59632.1000 (-1.92%)
  ETH: 1563.9600 (-3.35%)
  SOL: 67.8700 (+0.35%)
  BNB: 561.1400 (-0.51%)
  DOT: 0.8400 (-5.19%)
  LINK: 7.2290 (-2.26%)
  XRP: 1.0409 (-2.94%)
==================================================
[2026-06-26 10:00:15] 
==================================================
📊 整点汇报 2026-06-26 10:00
恐惧贪婪指数: 13 (极度恐惧)
今日PnL: +0.00 USDT (+0.0%)
持仓数: 4/4
  🔴 ETH SHORT @1562.7373 现价:1558.4800 PnL:+0.54U (+0.27%)
  🔴 BTC SHORT @59371.5000 现价:59359.4000 PnL:+0.04U (+0.02%)
  🔴 LINK SHORT @7.2040 现价:7.1670 PnL:+1.03U (+0.51%)
  🔴 DOT SHORT @0.8480 现价:0.8260 PnL:+5.19U (+2.59%)
  BTC: 59359.4000 (-2.39%)
  ETH: 1558.4800 (-3.82%)
  SOL: 67.2300 (-0.97%)
  BNB: 558.2900 (-1.41%)
  DOT: 0.8260 (-6.98%)
  LINK: 7.1670 (-3.24%)
  XRP: 1.0310 (-4.05%)
==================================================
[2026-06-26 10:13:54] 🔴 开空 SOL @66.4 | 评分:110 | 状态:trending | ✅ 下单成功
[2026-06-26 10:14:19] ✅ 平仓 DOT TP1 | 入场:0.8480 出场:0.8110 | PnL:4.36% (+8.72USDT) | 平100%仓 | ✅ 平仓成功
[2026-06-26 10:18:12] ✅ 平仓 DOT 迷你仓修复 | 入场:0.8115 出场:0.8115 | PnL:0.00% (+0.00USDT) | 平100%仓 | ✅ 平仓成功
[2026-06-26 10:19:05] ✅ 平仓 ETH 迷你仓修复 | 入场:1537.6100 出场:1537.6100 | PnL:0.00% (+0.00USDT) | 平100%仓 | ❌ 平仓失败
[2026-06-26 10:28:12] ✅ 平仓 ETH 迷你仓修复 | 入场:1537.6100 出场:1537.6100 | PnL:0.00% (+0.00USDT) | 平100%仓 | ❌ 平仓失败
[2026-06-26 10:36:34] ✅ 平仓 ETH 迷你仓修复 | 入场:1537.6100 出场:1537.6100 | PnL:0.00% (+0.00USDT) | 平100%仓 | ❌ 平仓失败
[2026-06-26 10:44:55] ✅ 平仓 ETH 迷你仓修复 | 入场:1537.6100 出场:1537.6100 | PnL:0.00% (+0.00USDT) | 平100%仓 | ❌ 平仓失败
[2026-06-26 10:53:20] ✅ 平仓 ETH 迷你仓修复 | 入场:1537.6100 出场:1537.6100 | PnL:0.00% (+0.00USDT) | 平100%仓 | ❌ 平仓失败
[2026-06-26 11:00:17] 
==================================================
📊 整点汇报 2026-06-26 11:00
恐惧贪婪指数: 13 (极度恐惧)
今日PnL: +8.88 USDT (+8.9%)
持仓数: 4/4
  🔴 SOL SHORT @66.3500 现价:66.1600 PnL:+0.57U (+0.29%)
  🟢 DOT LONG @0.8150 现价:0.8070 PnL:-1.96U (-0.98%)
  🔴 LINK SHORT @7.1950 现价:7.0560 PnL:+3.86U (+1.93%)
  🔴 BTC SHORT @59433.1000 现价:58546.2000 PnL:+2.66U (+1.49%)
  BTC: 58546.2000 (-3.62%)
  ETH: 1527.4000 (-5.68%)
  SOL: 66.1600 (-2.26%)
  BNB: 552.7400 (-2.27%)
  DOT: 0.8070 (-8.81%)
  LINK: 7.0560 (-4.66%)
  XRP: 1.0179 (-4.96%)
==================================================
[2026-06-26 11:02:18] ✅ 平仓 ETH 迷你仓修复 | 入场:1537.6100 出场:1537.6100 | PnL:0.00% (+0.00USDT) | 平100%仓 | ❌ 平仓失败
[2026-06-26 11:11:10] ✅ 平仓 ETH 迷你仓修复 | 入场:1537.6100 出场:1537.6100 | PnL:0.00% (+0.00USDT) | 平100%仓 | ❌ 平仓失败
[2026-06-26 11:19:36] ✅ 平仓 ETH 迷你仓修复 | 入场:1537.6100 出场:1537.6100 | PnL:0.00% (+0.00USDT) | 平100%仓 | ❌ 平仓失败
[2026-06-26 11:28:00] ✅ 平仓 ETH 迷你仓修复 | 入场:1537.6100 出场:1537.6100 | PnL:0.00% (+0.00USDT) | 平100%仓 | ❌ 平仓失败
[2026-06-26 11:36:30] ✅ 平仓 ETH 迷你仓修复 | 入场:1537.6100 出场:1537.6100 | PnL:0.00% (+0.00USDT) | 平100%仓 | ❌ 平仓失败
[2026-06-26 11:45:06] ✅ 平仓 ETH 迷你仓修复 | 入场:1537.6100 出场:1537.6100 | PnL:0.00% (+0.00USDT) | 平100%仓 | ❌ 平仓失败
[2026-06-26 11:46:46] ❌ 平仓 SOL SL | 入场:66.3500 出场:67.6900 | PnL:-2.02% (-4.03USDT) | 平100%仓 | ✅ 平仓成功
[2026-06-26 11:47:07] ❌ 平仓 SOL TP1 | 入场:67.8900 出场:67.6900 | PnL:-0.29% (-0.48USDT) | 平100%仓 | ✅ 平仓成功
[2026-06-26 11:53:34] ✅ 平仓 ETH 迷你仓修复 | 入场:1537.6100 出场:1537.6100 | PnL:0.00% (+0.00USDT) | 平100%仓 | ✅ 平仓成功
[2026-06-26 12:00:14] 
==================================================
📊 整点汇报 2026-06-26 12:00
恐惧贪婪指数: 13 (极度恐惧)
今日PnL: +4.93 USDT (+4.9%)
持仓数: 4/4
  🟢 DOT LONG @0.8150 现价:0.8320 PnL:+4.17U (+2.09%)
  🟢 ETH LONG @1537.6100 现价:1553.6200 PnL:+2.08U (+1.04%)
  🔴 LINK SHORT @7.1950 现价:7.2030 PnL:-0.22U (-0.11%)
  🔴 BTC SHORT @59433.1000 现价:59858.9000 PnL:-1.28U (-0.72%)
  BTC: 59858.9000 (-1.59%)
  ETH: 1553.6200 (-4.06%)
  SOL: 68.1300 (+0.68%)
  BNB: 562.7000 (-0.55%)
  DOT: 0.8320 (-5.45%)
  LINK: 7.2030 (-2.70%)
  XRP: 1.0316 (-3.75%)
==================================================
[2026-06-26 12:52:20] ✅ 平仓 DOT SL | 入场:0.8150 出场:0.8260 | PnL:1.35% (+2.70USDT) | 平100%仓 | ✅ 平仓成功
[2026-06-26 12:52:39] ✅ 平仓 DOT SL | 入场:0.8150 出场:0.8260 | PnL:1.35% (+0.13USDT) | 平100%仓 | ✅ 平仓成功
[2026-06-26 13:00:10] 
==================================================
📊 整点汇报 2026-06-26 13:00
恐惧贪婪指数: 13 (极度恐惧)
今日PnL: +7.64 USDT (+7.6%)
持仓数: 3/4
  🟢 ETH LONG @1537.6100 现价:1548.0100 PnL:+1.35U (+0.68%)
  🔴 LINK SHORT @7.1950 现价:7.1740 PnL:+0.58U (+0.29%)
  🔴 BTC SHORT @59433.1000 现价:59884.3000 PnL:-1.35U (-0.76%)
  BTC: 59884.3000 (-2.37%)
  ETH: 1548.0100 (-5.08%)
  SOL: 68.0300 (-0.57%)
  BNB: 560.4100 (-1.44%)
  DOT: 0.8270 (-6.87%)
  LINK: 7.1740 (-3.91%)
  XRP: 1.0277 (-4.82%)
==================================================
[2026-06-26 14:00:26] 
==================================================
📊 整点汇报 2026-06-26 14:00
恐惧贪婪指数: 13 (极度恐惧)
今日PnL: +7.64 USDT (+7.6%)
持仓数: 3/4
  🟢 ETH LONG @1537.6100 现价:1555.7200 PnL:+2.35U (+1.18%)
  🔴 LINK SHORT @7.1950 现价:7.1750 PnL:+0.56U (+0.28%)
  🔴 BTC SHORT @59433.1000 现价:59882.3000 PnL:-1.35U (-0.76%)
  BTC: 59882.3000 (-2.73%)
  ETH: 1555.7200 (-5.50%)
  SOL: 68.3500 (-0.94%)
  BNB: 561.3600 (-1.54%)
  DOT: 0.8310 (-6.84%)
  LINK: 7.1750 (-4.49%)
  XRP: 1.0323 (-4.77%)
==================================================
[2026-06-26 15:00:09] 
==================================================
📊 整点汇报 2026-06-26 15:00
恐惧贪婪指数: 13 (极度恐惧)
今日PnL: +7.64 USDT (+7.6%)
持仓数: 3/4
  🟢 ETH LONG @1537.6100 现价:1569.5100 PnL:+4.15U (+2.07%)
  🔴 LINK SHORT @7.1950 现价:7.2720 PnL:-2.14U (-1.07%)
  🔴 BTC SHORT @59433.1000 现价:60303.6000 PnL:-2.61U (-1.46%)
  BTC: 60303.6000 (-2.28%)
  ETH: 1569.5100 (-5.10%)
  SOL: 69.7400 (+0.47%)
  BNB: 564.3700 (-1.22%)
  DOT: 0.8370 (-6.38%)
  LINK: 7.2720 (-3.32%)
  XRP: 1.0434 (-4.06%)
==================================================
[2026-06-26 15:17:32] ❌ 平仓 BTC SL | 入场:59433.1000 出场:61000.0000 | PnL:-2.64% (-4.70USDT) | 平100%仓 | ✅ 平仓成功
[2026-06-26 16:00:18] 
==================================================
📊 整点汇报 2026-06-26 16:00
恐惧贪婪指数: 13 (极度恐惧)
今日PnL: +4.31 USDT (+4.3%)
持仓数: 2/4
  🟢 ETH LONG @1537.6100 现价:1580.2400 PnL:+5.54U (+2.77%)
  🔴 LINK SHORT @7.1950 现价:7.3250 PnL:-3.61U (-1.81%)
  BTC: 60543.5000 (-2.11%)
  ETH: 1580.2400 (-4.59%)
  SOL: 70.7400 (+1.90%)
  BNB: 570.0800 (-0.09%)
  DOT: 0.8430 (-5.28%)
  LINK: 7.3250 (-2.67%)
  XRP: 1.0498 (-3.38%)
==================================================
[2026-06-26 16:19:52] ✅ 平仓 ETH SL | 入场:1537.6100 出场:1570.5600 | PnL:2.14% (+4.28USDT) | 平100%仓 | ✅ 平仓成功
[2026-06-26 17:00:56] 
==================================================
📊 整点汇报 2026-06-26 17:00
恐惧贪婪指数: 13 (极度恐惧)
今日PnL: +6.48 USDT (+6.5%)
持仓数: 1/4
  🔴 LINK SHORT @7.1950 现价:7.2530 PnL:-1.61U (-0.81%)
  BTC: 60219.9000 (-2.39%)
  ETH: 1565.7300 (-5.17%)
  SOL: 69.9100 (+1.33%)
  BNB: 568.9100 (-0.09%)
  DOT: 0.8380 (-5.52%)
  LINK: 7.2530 (-3.37%)
  XRP: 1.0387 (-4.05%)
==================================================
[2026-06-26 18:00:43] 
==================================================
📊 整点汇报 2026-06-26 18:00
恐惧贪婪指数: 13 (极度恐惧)
今日PnL: +6.48 USDT (+6.5%)
持仓数: 1/4
  🔴 LINK SHORT @7.1950 现价:7.1860 PnL:+0.25U (+0.13%)
  BTC: 59988.5000 (-3.11%)
  ETH: 1554.3900 (-5.69%)
  SOL: 68.9800 (+0.26%)
  BNB: 564.4600 (-0.77%)
  DOT: 0.8330 (-6.19%)
  LINK: 7.1860 (-4.05%)
  XRP: 1.0307 (+0.00%)
==================================================
[2026-06-26 18:43:48] 🔴 开空 BTC @59516.3 | 评分:75 | 状态:trending | AI:做多(65%) | ✅ 下单成功
[2026-06-26 19:00:36] 
==================================================
📊 整点汇报 2026-06-26 19:00
恐惧贪婪指数: 13 (极度恐惧)
今日PnL: +6.48 USDT (+6.5%)
持仓数: 2/4
  🔴 LINK SHORT @7.1950 现价:7.1550 PnL:+1.11U (+0.56%)
  🔴 BTC SHORT @59516.3000 现价:59330.2000 PnL:+0.56U (+0.31%)
  BTC: 59330.2000 (-3.21%)
  ETH: 1546.9800 (-5.44%)
  SOL: 68.7000 (+0.61%)
  BNB: 564.1100 (+0.07%)
  DOT: 0.8290 (-5.69%)
  LINK: 7.1550 (-3.92%)
  XRP: 1.0272 (-4.28%)
==================================================
[2026-06-26 19:12:07] 🔴 开空 DOT @0.832 | 评分:70 | 状态:ranging | AI:做空(75%) | ✅ 下单成功
[2026-06-26 20:00:56] 
==================================================
📊 整点汇报 2026-06-26 20:00
恐惧贪婪指数: 13 (极度恐惧)
今日PnL: +6.48 USDT (+6.5%)
持仓数: 3/4
  🔴 LINK SHORT @7.1950 现价:7.1460 PnL:+1.36U (+0.68%)
  🔴 BTC SHORT @59516.3000 现价:59389.7000 PnL:+0.38U (+0.21%)
  🔴 DOT SHORT @0.8320 现价:0.8280 PnL:+0.96U (+0.48%)
  BTC: 59389.7000 (-3.10%)
  ETH: 1544.4000 (-5.36%)
  SOL: 68.5400 (+0.62%)
  BNB: 559.8300 (-0.52%)
  DOT: 0.8280 (-5.37%)
  LINK: 7.1460 (-3.90%)
  XRP: 1.0218 (-4.62%)
==================================================
[2026-06-26 20:44:20] 🔴 开空 ETH @1531.0 | 评分:75 | 状态:trending | AI:做空(75%) | ✅ 下单成功
[2026-06-26 21:00:34] 
==================================================
📊 整点汇报 2026-06-26 21:00
恐惧贪婪指数: 13 (极度恐惧)
今日PnL: +6.48 USDT (+6.5%)
持仓数: 4/4
  🔴 LINK SHORT @7.1950 现价:7.1300 PnL:+1.81U (+0.90%)
  🔴 BTC SHORT @59516.3000 现价:59256.3000 PnL:+0.78U (+0.44%)
  🔴 DOT SHORT @0.8320 现价:0.8290 PnL:+0.72U (+0.36%)
  🔴 ETH SHORT @1531.0000 现价:1537.2200 PnL:-0.81U (-0.41%)
  BTC: 59256.3000 (-3.16%)
  ETH: 1537.2200 (-5.93%)
  SOL: 68.9300 (+1.08%)
  BNB: 556.9600 (+0.00%)
  DOT: 0.8290 (-5.59%)
  LINK: 7.1300 (-4.15%)
  XRP: 1.0195 (-5.00%)
==================================================
[2026-06-26 21:58:22] ❌ 平仓 ETH SL | 入场:1531.0000 出场:1562.8700 | PnL:-2.08% (-4.17USDT) | 平100%仓 | ✅ 平仓成功
[2026-06-26 21:59:50] ✅ 平仓 ETH TP1 | 入场:1559.8700 出场:1562.8700 | PnL:0.19% (+0.02USDT) | 平100%仓 | ✅ 平仓成功
[2026-06-26 22:00:49] ❌ 平仓 DOT SL | 入场:0.8320 出场:0.8500 | PnL:-2.16% (-4.33USDT) | 平100%仓 | ✅ 平仓成功
[2026-06-26 22:01:19] 
==================================================
📊 整点汇报 2026-06-26 22:01
恐惧贪婪指数: 13 (极度恐惧)
今日PnL: -0.54 USDT (-0.5%)
持仓数: 3/4
  🔴 LINK SHORT @7.1950 现价:7.2640 PnL:-1.92U (-0.96%)
  🔴 BTC SHORT @59516.3000 现价:59785.6000 PnL:-0.81U (-0.45%)
  🟢 DOT LONG @0.8500 现价:0.8500 PnL:+0.00U (+0.00%)
  BTC: 59785.6000 (-1.08%)
  ETH: 1558.5500 (+2.06%)
  SOL: 70.6700 (+9.91%)
  BNB: 561.9900 (+3.35%)
  DOT: 0.8500 (+3.41%)
  LINK: 7.2640 (+3.55%)
  XRP: 1.0356 (+0.00%)
==================================================
[2026-06-26 22:01:51] ❌ 平仓 DOT TP1 | 入场:0.8500 出场:0.8490 | PnL:-0.12% (-0.01USDT) | 平100%仓 | ✅ 平仓成功
[2026-06-26 23:01:14] 
==================================================
📊 整点汇报 2026-06-26 23:00
恐惧贪婪指数: 13 (极度恐惧)
今日PnL: -0.55 USDT (-0.5%)
持仓数: 2/4
  🔴 LINK SHORT @7.1950 现价:7.2300 PnL:-0.97U (-0.49%)
  🔴 BTC SHORT @59516.3000 现价:59580.0000 PnL:-0.19U (-0.11%)
  BTC: 59580.0000 (+0.00%)
  ETH: 1560.0300 (-0.51%)
  SOL: 70.4500 (+5.80%)
  BNB: 560.4600 (+1.27%)
  DOT: 0.8420 (-0.35%)
  LINK: 7.2300 (+0.60%)
  XRP: 1.0381 (+0.21%)
==================================================
[2026-06-26 23:41:15] ❌ 平仓 LINK SL | 入场:7.1950 出场:7.3390 | PnL:-2.00% (-4.00USDT) | 平100%仓 | ✅ 平仓成功
[2026-06-26 23:41:40] ❌ 平仓 LINK TP1 | 入场:7.3390 出场:7.3390 | PnL:-0.00% (-0.00USDT) | 平100%仓 | ✅ 平仓成功
