[2026-07-19 00:00:18] 
==================================================
📊 整点汇报 2026-07-19 00:00
恐惧贪婪指数: 25 (恐惧)
今日PnL: +0.00 USDT (+0.0%)
持仓数: 4/4
  🔴 BTC SHORT @63716.0000 现价:64082.5000 PnL:-1.10U (-0.58%)
  🟢 SOL LONG @75.6400 现价:74.9300 PnL:-1.87U (-0.94%)
  🔴 BNB SHORT @568.9800 现价:570.9900 PnL:-0.70U (-0.35%)
  🔴 DOT SHORT @0.8360 现价:0.8310 PnL:+1.20U (+0.60%)
  BTC: 64082.5000 (+1.09%)
  ETH: 1843.1100 (+0.96%)
  SOL: 74.9300 (+0.34%)
  BNB: 570.9900 (+1.43%)
  DOT: 0.8310 (-2.00%)
  LINK: 8.2700 (+1.35%)
  XRP: 1.0868 (+0.38%)
==================================================
[2026-07-19 01:00:35] 
==================================================
📊 整点汇报 2026-07-19 01:00
恐惧贪婪指数: 25 (恐惧)
今日PnL: +0.00 USDT (+0.0%)
持仓数: 4/4
  🔴 BTC SHORT @63716.0000 现价:64265.2000 PnL:-1.65U (-0.86%)
  🟢 SOL LONG @75.6400 现价:75.1300 PnL:-1.35U (-0.67%)
  🔴 BNB SHORT @568.9800 现价:571.5000 PnL:-0.88U (-0.44%)
  🔴 DOT SHORT @0.8360 现价:0.8320 PnL:+0.96U (+0.48%)
  BTC: 64265.2000 (+1.10%)
  ETH: 1845.0300 (+0.54%)
  SOL: 75.1300 (+0.29%)
  BNB: 571.5000 (+1.25%)
  DOT: 0.8320 (-2.92%)
  LINK: 8.2830 (+0.73%)
  XRP: 1.0890 (+0.29%)
==================================================
[2026-07-19 02:02:51] 
==================================================
📊 整点汇报 2026-07-19 02:01
恐惧贪婪指数: 50 (中性)
今日PnL: +0.00 USDT (+0.0%)
持仓数: 0/4
  BTC: 64263.4000 (+0.52%)
  ETH: 1844.3200 (-0.24%)
  SOL: 75.0900 (-0.36%)
  BNB: 571.0200 (+0.74%)
  DOT: 0.8300 (-3.71%)
  LINK: 8.2830 (+0.25%)
  XRP: 1.0886 (-0.36%)
==================================================
[2026-07-19 03:01:27] 
==================================================
📊 整点汇报 2026-07-19 03:00
恐惧贪婪指数: 50 (中性)
今日PnL: +0.00 USDT (+0.0%)
持仓数: 0/4
  BTC: 64263.4000 (+0.52%)
  ETH: 1844.3200 (-0.24%)
  SOL: 75.0900 (-0.36%)
  BNB: 571.0200 (+0.74%)
  DOT: 0.8300 (-3.71%)
  LINK: 8.2830 (+0.25%)
  XRP: 1.0886 (-0.36%)
==================================================
[2026-07-19 04:01:29] 
==================================================
📊 整点汇报 2026-07-19 04:00
恐惧贪婪指数: 50 (中性)
今日PnL: +0.00 USDT (+0.0%)
持仓数: 0/4
  BTC: 64263.4000 (+0.52%)
  ETH: 1844.3200 (-0.24%)
  SOL: 75.0900 (-0.36%)
  BNB: 571.0200 (+0.74%)
  DOT: 0.8300 (-3.71%)
  LINK: 8.2830 (+0.25%)
  XRP: 1.0886 (-0.36%)
==================================================
[2026-07-19 05:05:19] 
==================================================
📊 整点汇报 2026-07-19 05:03
恐惧贪婪指数: 50 (中性)
今日PnL: +0.00 USDT (+0.0%)
持仓数: 0/4
  BTC: 64263.4000 (+0.52%)
  ETH: 1844.3200 (-0.24%)
  SOL: 75.0900 (-0.36%)
  BNB: 571.0200 (+0.74%)
  DOT: 0.8300 (-3.71%)
  LINK: 8.2830 (+0.25%)
  XRP: 1.0886 (-0.36%)
==================================================
[2026-07-19 06:04:13] 
==================================================
📊 整点汇报 2026-07-19 06:02
恐惧贪婪指数: 50 (中性)
今日PnL: +0.00 USDT (+0.0%)
持仓数: 0/4
  BTC: 64263.4000 (+0.52%)
  ETH: 1844.3200 (-0.24%)
  SOL: 75.0900 (-0.36%)
  BNB: 571.0200 (+0.74%)
  DOT: 0.8300 (-3.71%)
  LINK: 8.2830 (+0.25%)
  XRP: 1.0886 (-0.36%)
==================================================
[2026-07-19 07:02:54] 
==================================================
📊 整点汇报 2026-07-19 07:01
恐惧贪婪指数: 50 (中性)
今日PnL: +0.00 USDT (+0.0%)
持仓数: 0/4
  BTC: 64263.4000 (+0.52%)
  ETH: 1844.3200 (-0.24%)
  SOL: 75.0900 (-0.36%)
  BNB: 571.0200 (+0.74%)
  DOT: 0.8300 (-3.71%)
  LINK: 8.2830 (+0.25%)
  XRP: 1.0886 (-0.36%)
==================================================
[2026-07-19 08:00:31] 
==================================================
📊 整点汇报 2026-07-19 08:00
恐惧贪婪指数: 25 (恐惧)
今日PnL: +0.00 USDT (+0.0%)
持仓数: 4/4
  🔴 DOT SHORT @0.8360 现价:0.8370 PnL:-0.24U (-0.12%)
  🔴 BTC SHORT @63716.0000 现价:64800.8000 PnL:-3.25U (-1.70%)
  🟢 SOL LONG @75.6400 现价:75.4700 PnL:-0.45U (-0.22%)
  🔴 BNB SHORT @568.9800 现价:571.0500 PnL:-0.72U (-0.36%)
  BTC: 64800.8000 (+1.37%)
  ETH: 1861.8600 (+1.13%)
  SOL: 75.4700 (+0.63%)
  BNB: 571.0500 (+0.45%)
  DOT: 0.8370 (-1.30%)
  LINK: 8.3440 (+1.14%)
  XRP: 1.0922 (+0.35%)
==================================================
[2026-07-19 09:00:14] 
==================================================
📊 整点汇报 2026-07-19 09:00
恐惧贪婪指数: 28 (恐惧)
今日PnL: +0.00 USDT (+0.0%)
持仓数: 4/4
  🔴 DOT SHORT @0.8360 现价:0.8340 PnL:+0.48U (+0.24%)
  🔴 BTC SHORT @63716.0000 现价:64763.5000 PnL:-3.14U (-1.64%)
  🟢 SOL LONG @75.6400 现价:75.5200 PnL:-0.32U (-0.16%)
  🔴 BNB SHORT @568.9800 现价:571.4100 PnL:-0.85U (-0.43%)
  BTC: 64763.5000 (+1.39%)
  ETH: 1860.0100 (+1.09%)
  SOL: 75.5200 (+0.64%)
  BNB: 571.4100 (+0.56%)
  DOT: 0.8340 (-2.00%)
  LINK: 8.3450 (+1.16%)
  XRP: 1.0934 (+0.46%)
==================================================
[2026-07-19 10:00:18] 
==================================================
📊 整点汇报 2026-07-19 10:00
恐惧贪婪指数: 28 (恐惧)
今日PnL: +0.00 USDT (+0.0%)
持仓数: 4/4
  🔴 DOT SHORT @0.8360 现价:0.8320 PnL:+0.96U (+0.48%)
  🔴 BTC SHORT @63716.0000 现价:64753.7000 PnL:-3.11U (-1.63%)
  🟢 SOL LONG @75.6400 现价:75.6300 PnL:-0.03U (-0.01%)
  🔴 BNB SHORT @568.9800 现价:570.8800 PnL:-0.66U (-0.33%)
  BTC: 64753.7000 (+1.26%)
  ETH: 1858.1800 (+0.88%)
  SOL: 75.6300 (+0.58%)
  BNB: 570.8800 (+0.62%)
  DOT: 0.8320 (-1.77%)
  LINK: 8.3280 (+0.91%)
  XRP: 1.0931 (+0.48%)
==================================================
[2026-07-19 11:00:24] 
==================================================
📊 整点汇报 2026-07-19 11:00
恐惧贪婪指数: 28 (恐惧)
今日PnL: +0.00 USDT (+0.0%)
持仓数: 4/4
  🔴 DOT SHORT @0.8360 现价:0.8370 PnL:-0.24U (-0.12%)
  🔴 BTC SHORT @63716.0000 现价:64810.5000 PnL:-3.28U (-1.72%)
  🟢 SOL LONG @75.6400 现价:76.1700 PnL:+1.40U (+0.70%)
  🔴 BNB SHORT @568.9800 现价:571.4000 PnL:-0.85U (-0.43%)
  BTC: 64810.5000 (+1.36%)
  ETH: 1871.0700 (+1.62%)
  SOL: 76.1700 (+1.30%)
  BNB: 571.4000 (+0.50%)
  DOT: 0.8370 (-1.18%)
  LINK: 8.3670 (+1.23%)
  XRP: 1.0965 (+0.62%)
==================================================
[2026-07-19 12:00:13] 
==================================================
📊 整点汇报 2026-07-19 12:00
恐惧贪婪指数: 28 (恐惧)
今日PnL: +0.00 USDT (+0.0%)
持仓数: 4/4
  🔴 DOT SHORT @0.8360 现价:0.8360 PnL:+0.00U (+0.00%)
  🔴 BTC SHORT @63716.0000 现价:64659.7000 PnL:-2.83U (-1.48%)
  🟢 SOL LONG @75.6400 现价:75.8500 PnL:+0.55U (+0.28%)
  🔴 BNB SHORT @568.9800 现价:569.4100 PnL:-0.15U (-0.08%)
  BTC: 64659.7000 (+1.06%)
  ETH: 1865.9700 (+1.14%)
  SOL: 75.8500 (+0.70%)
  BNB: 569.4100 (+0.13%)
  DOT: 0.8360 (-1.53%)
  LINK: 8.3400 (+0.74%)
  XRP: 1.0943 (+0.45%)
==================================================
[2026-07-19 13:00:10] 
==================================================
📊 整点汇报 2026-07-19 13:00
恐惧贪婪指数: 28 (恐惧)
今日PnL: +0.00 USDT (+0.0%)
持仓数: 4/4
  🔴 DOT SHORT @0.8360 现价:0.8360 PnL:+0.00U (+0.00%)
  🔴 BTC SHORT @63716.0000 现价:64683.0000 PnL:-2.90U (-1.52%)
  🟢 SOL LONG @75.6400 现价:75.9300 PnL:+0.77U (+0.38%)
  🔴 BNB SHORT @568.9800 现价:569.2600 PnL:-0.10U (-0.05%)
  BTC: 64683.0000 (+1.16%)
  ETH: 1866.4700 (+1.23%)
  SOL: 75.9300 (+1.12%)
  BNB: 569.2600 (+0.30%)
  DOT: 0.8360 (-1.42%)
  LINK: 8.3460 (+1.10%)
  XRP: 1.0960 (+0.79%)
==================================================
[2026-07-19 14:00:16] 
==================================================
📊 整点汇报 2026-07-19 14:00
恐惧贪婪指数: 28 (恐惧)
今日PnL: +0.00 USDT (+0.0%)
持仓数: 4/4
  🔴 DOT SHORT @0.8360 现价:0.8350 PnL:+0.24U (+0.12%)
  🔴 BTC SHORT @63716.0000 现价:64695.0000 PnL:-2.94U (-1.54%)
  🟢 SOL LONG @75.6400 现价:75.9400 PnL:+0.79U (+0.40%)
  🔴 BNB SHORT @568.9800 现价:568.9900 PnL:-0.00U (-0.00%)
  BTC: 64695.0000 (+1.18%)
  ETH: 1868.1800 (+1.27%)
  SOL: 75.9400 (+1.44%)
  BNB: 568.9900 (+0.25%)
  DOT: 0.8350 (-1.07%)
  LINK: 8.3400 (+1.23%)
  XRP: 1.0958 (+0.80%)
==================================================
[2026-07-19 15:00:58] 
==================================================
📊 整点汇报 2026-07-19 15:00
恐惧贪婪指数: 28 (恐惧)
今日PnL: +0.00 USDT (+0.0%)
持仓数: 4/4
  🔴 DOT SHORT @0.8360 现价:0.8390 PnL:-0.72U (-0.36%)
  🔴 BTC SHORT @63716.0000 现价:64702.5000 PnL:-2.96U (-1.55%)
  🟢 SOL LONG @75.6400 现价:75.9800 PnL:+0.90U (+0.45%)
  🔴 BNB SHORT @568.9800 现价:569.4700 PnL:-0.17U (-0.09%)
  BTC: 64702.5000 (+1.19%)
  ETH: 1868.0200 (+1.30%)
  SOL: 75.9800 (+1.40%)
  BNB: 569.4700 (+0.37%)
  DOT: 0.8390 (-0.83%)
  LINK: 8.3520 (+1.30%)
  XRP: 1.0960 (+0.63%)
==================================================
[2026-07-19 16:00:18] 
==================================================
📊 整点汇报 2026-07-19 16:00
恐惧贪婪指数: 28 (恐惧)
今日PnL: +0.00 USDT (+0.0%)
持仓数: 4/4
  🔴 DOT SHORT @0.8360 现价:0.8360 PnL:+0.00U (+0.00%)
  🔴 BTC SHORT @63716.0000 现价:64663.9000 PnL:-2.84U (-1.49%)
  🟢 SOL LONG @75.6400 现价:76.0600 PnL:+1.11U (+0.56%)
  🔴 BNB SHORT @568.9800 现价:569.2500 PnL:-0.09U (-0.05%)
  BTC: 64663.9000 (+1.07%)
  ETH: 1868.4000 (+1.36%)
  SOL: 76.0600 (+1.51%)
  BNB: 569.2500 (+0.21%)
  DOT: 0.8360 (-0.59%)
  LINK: 8.3620 (+1.42%)
  XRP: 1.0943 (+0.56%)
==================================================
[2026-07-19 17:00:13] 
==================================================
📊 整点汇报 2026-07-19 17:00
恐惧贪婪指数: 28 (恐惧)
今日PnL: +0.00 USDT (+0.0%)
持仓数: 4/4
  🔴 DOT SHORT @0.8360 现价:0.8340 PnL:+0.48U (+0.24%)
  🔴 BTC SHORT @63716.0000 现价:64683.6000 PnL:-2.90U (-1.52%)
  🟢 SOL LONG @75.6400 现价:76.2000 PnL:+1.48U (+0.74%)
  🔴 BNB SHORT @568.9800 现价:569.1700 PnL:-0.07U (-0.03%)
  BTC: 64683.6000 (+1.07%)
  ETH: 1872.0500 (+1.39%)
  SOL: 76.2000 (+1.75%)
  BNB: 569.1700 (+0.17%)
  DOT: 0.8340 (-0.83%)
  LINK: 8.3660 (+1.39%)
  XRP: 1.0972 (+0.83%)
==================================================
[2026-07-19 18:00:15] 
==================================================
📊 整点汇报 2026-07-19 18:00
恐惧贪婪指数: 28 (恐惧)
今日PnL: +0.00 USDT (+0.0%)
持仓数: 4/4
  🔴 DOT SHORT @0.8360 现价:0.8310 PnL:+1.20U (+0.60%)
  🔴 BTC SHORT @63716.0000 现价:64504.9000 PnL:-2.37U (-1.24%)
  🟢 SOL LONG @75.6400 现价:75.9700 PnL:+0.87U (+0.44%)
  🔴 BNB SHORT @568.9800 现价:568.4300 PnL:+0.19U (+0.10%)
  BTC: 64504.9000 (+0.91%)
  ETH: 1864.9000 (+1.11%)
  SOL: 75.9700 (+1.56%)
  BNB: 568.4300 (-0.06%)
  DOT: 0.8310 (-0.48%)
  LINK: 8.3300 (+1.28%)
  XRP: 1.0949 (+0.84%)
==================================================
[2026-07-19 19:00:11] 
==================================================
📊 整点汇报 2026-07-19 19:00
恐惧贪婪指数: 28 (恐惧)
今日PnL: +0.00 USDT (+0.0%)
持仓数: 4/4
  🔴 DOT SHORT @0.8360 现价:0.8320 PnL:+0.96U (+0.48%)
  🔴 BTC SHORT @63716.0000 现价:64565.4000 PnL:-2.55U (-1.33%)
  🟢 SOL LONG @75.6400 现价:76.2400 PnL:+1.58U (+0.79%)
  🔴 BNB SHORT @568.9800 现价:568.7600 PnL:+0.08U (+0.04%)
  BTC: 64565.4000 (+0.91%)
  ETH: 1871.7200 (+1.46%)
  SOL: 76.2400 (+1.84%)
  BNB: 568.7600 (-0.20%)
  DOT: 0.8320 (-0.48%)
  LINK: 8.3640 (+1.25%)
  XRP: 1.0971 (+0.97%)
==================================================
[2026-07-19 20:00:36] 
==================================================
📊 整点汇报 2026-07-19 20:00
恐惧贪婪指数: 28 (恐惧)
今日PnL: +0.00 USDT (+0.0%)
持仓数: 4/4
  🔴 DOT SHORT @0.8360 现价:0.8290 PnL:+1.67U (+0.84%)
  🔴 BTC SHORT @63716.0000 现价:64441.4000 PnL:-2.18U (-1.14%)
  🟢 SOL LONG @75.6400 现价:76.0300 PnL:+1.03U (+0.52%)
  🔴 BNB SHORT @568.9800 现价:568.2700 PnL:+0.25U (+0.12%)
  BTC: 64441.4000 (+0.70%)
  ETH: 1870.2800 (+1.38%)
  SOL: 76.0300 (+1.48%)
  BNB: 568.2700 (-0.36%)
  DOT: 0.8290 (-0.96%)
  LINK: 8.3530 (+0.80%)
  XRP: 1.0963 (+0.74%)
==================================================
[2026-07-19 21:00:12] 
==================================================
📊 整点汇报 2026-07-19 21:00
恐惧贪婪指数: 28 (恐惧)
今日PnL: +0.00 USDT (+0.0%)
持仓数: 4/4
  🔴 DOT SHORT @0.8360 现价:0.8280 PnL:+1.91U (+0.96%)
  🔴 BTC SHORT @63716.0000 现价:64413.5000 PnL:-2.09U (-1.09%)
  🟢 SOL LONG @75.6400 现价:75.9700 PnL:+0.87U (+0.44%)
  🔴 BNB SHORT @568.9800 现价:568.2300 PnL:+0.26U (+0.13%)
  BTC: 64413.5000 (+0.38%)
  ETH: 1869.5800 (+1.32%)
  SOL: 75.9700 (+1.33%)
  BNB: 568.2300 (-0.65%)
  DOT: 0.8280 (-1.31%)
  LINK: 8.3440 (+0.40%)
  XRP: 1.0949 (+0.56%)
==================================================
[2026-07-19 22:00:37] 
==================================================
📊 整点汇报 2026-07-19 22:00
恐惧贪婪指数: 28 (恐惧)
今日PnL: +0.00 USDT (+0.0%)
持仓数: 4/4
  🔴 DOT SHORT @0.8360 现价:0.8240 PnL:+2.87U (+1.44%)
  🔴 BTC SHORT @63716.0000 现价:64439.0000 PnL:-2.17U (-1.13%)
  🟢 SOL LONG @75.6400 现价:76.0700 PnL:+1.14U (+0.57%)
  🔴 BNB SHORT @568.9800 现价:568.6600 PnL:+0.11U (+0.06%)
  BTC: 64439.0000 (+0.59%)
  ETH: 1871.1500 (+1.62%)
  SOL: 76.0700 (+1.86%)
  BNB: 568.6600 (-0.21%)
  DOT: 0.8240 (-1.20%)
  LINK: 8.3420 (+0.99%)
  XRP: 1.0936 (+0.78%)
==================================================
[2026-07-19 23:00:39] 
==================================================
📊 整点汇报 2026-07-19 23:00
恐惧贪婪指数: 28 (恐惧)
今日PnL: +0.00 USDT (+0.0%)
持仓数: 4/4
  🔴 DOT SHORT @0.8360 现价:0.8240 PnL:+2.87U (+1.44%)
  🔴 BTC SHORT @63716.0000 现价:64565.2000 PnL:-2.55U (-1.33%)
  🟢 SOL LONG @75.6400 现价:76.5500 PnL:+2.40U (+1.20%)
  🔴 BNB SHORT @568.9800 现价:570.0800 PnL:-0.39U (-0.19%)
  BTC: 64565.2000 (+0.73%)
  ETH: 1873.5900 (+1.57%)
  SOL: 76.5500 (+2.22%)
  BNB: 570.0800 (-0.20%)
  DOT: 0.8240 (-1.20%)
  LINK: 8.3670 (+0.62%)
  XRP: 1.0983 (+0.98%)
==================================================
