[2026-07-30 00:07:29] 
==================================================
📊 整点汇报 2026-07-30 00:05
恐惧贪婪指数: 50 (中性)
今日PnL: -8.22 USDT (-8.2%)
持仓数: 0/4
  BTC: 64054.9000 (+1.03%)
  ETH: 1909.5600 (+1.56%)
  SOL: 73.6400 (+0.72%)
  BNB: 569.6400 (+0.80%)
  DOT: 0.7606 (-1.21%)
  LINK: 8.3870 (+0.73%)
  XRP: 1.0844 (+2.63%)
==================================================
[2026-07-30 01:08:04] 
==================================================
📊 整点汇报 2026-07-30 01:05
恐惧贪婪指数: 50 (中性)
今日PnL: -8.22 USDT (-8.2%)
持仓数: 0/4
  BTC: 64054.9000 (+1.03%)
  ETH: 1909.5600 (+1.56%)
  SOL: 73.6400 (+0.72%)
  BNB: 569.6400 (+0.80%)
  DOT: 0.7606 (-1.21%)
  LINK: 8.3870 (+0.73%)
  XRP: 1.0844 (+2.63%)
==================================================
[2026-07-30 02:08:37] 
==================================================
📊 整点汇报 2026-07-30 02:06
恐惧贪婪指数: 50 (中性)
今日PnL: -8.22 USDT (-8.2%)
持仓数: 0/4
  BTC: 64054.9000 (+1.03%)
  ETH: 1909.5600 (+1.56%)
  SOL: 73.6400 (+0.72%)
  BNB: 569.6400 (+0.80%)
  DOT: 0.7606 (-1.21%)
  LINK: 8.3870 (+0.73%)
  XRP: 1.0844 (+2.63%)
==================================================
[2026-07-30 03:02:11] 
==================================================
📊 整点汇报 2026-07-30 03:00
恐惧贪婪指数: 50 (中性)
今日PnL: -8.22 USDT (-8.2%)
持仓数: 0/4
  BTC: 64054.9000 (+1.03%)
  ETH: 1909.5600 (+1.56%)
  SOL: 73.6400 (+0.72%)
  BNB: 569.6400 (+0.80%)
  DOT: 0.7606 (-1.21%)
  LINK: 8.3870 (+0.73%)
  XRP: 1.0844 (+2.63%)
==================================================
[2026-07-30 04:02:18] 
==================================================
📊 整点汇报 2026-07-30 04:00
恐惧贪婪指数: 50 (中性)
今日PnL: -8.22 USDT (-8.2%)
持仓数: 0/4
  BTC: 64054.9000 (+1.03%)
  ETH: 1909.5600 (+1.56%)
  SOL: 73.6400 (+0.72%)
  BNB: 569.6400 (+0.80%)
  DOT: 0.7606 (-1.21%)
  LINK: 8.3870 (+0.73%)
  XRP: 1.0844 (+2.63%)
==================================================
[2026-07-30 05:04:28] 
==================================================
📊 整点汇报 2026-07-30 05:03
恐惧贪婪指数: 50 (中性)
今日PnL: -8.22 USDT (-8.2%)
持仓数: 0/4
  BTC: 64054.9000 (+1.03%)
  ETH: 1909.5600 (+1.56%)
  SOL: 73.6400 (+0.72%)
  BNB: 569.6400 (+0.80%)
  DOT: 0.7606 (-1.21%)
  LINK: 8.3870 (+0.73%)
  XRP: 1.0844 (+2.63%)
==================================================
[2026-07-30 06:01:32] 
==================================================
📊 整点汇报 2026-07-30 06:00
恐惧贪婪指数: 50 (中性)
今日PnL: -8.22 USDT (-8.2%)
持仓数: 0/4
  BTC: 64054.9000 (+1.03%)
  ETH: 1909.5600 (+1.56%)
  SOL: 73.6400 (+0.72%)
  BNB: 569.6400 (+0.80%)
  DOT: 0.7606 (-1.21%)
  LINK: 8.3870 (+0.73%)
  XRP: 1.0844 (+2.63%)
==================================================
[2026-07-30 07:04:52] 
==================================================
📊 整点汇报 2026-07-30 07:03
恐惧贪婪指数: 50 (中性)
今日PnL: -8.22 USDT (-8.2%)
持仓数: 0/4
  BTC: 64054.9000 (+1.03%)
  ETH: 1909.5600 (+1.56%)
  SOL: 73.6400 (+0.72%)
  BNB: 569.6400 (+0.80%)
  DOT: 0.7606 (-1.21%)
  LINK: 8.3870 (+0.73%)
  XRP: 1.0844 (+2.63%)
==================================================
[2026-07-30 08:02:24] 
==================================================
📊 整点汇报 2026-07-30 08:00
恐惧贪婪指数: 50 (中性)
今日PnL: -8.22 USDT (-8.2%)
持仓数: 0/4
  BTC: 64054.9000 (+1.03%)
  ETH: 1909.5600 (+1.56%)
  SOL: 73.6400 (+0.72%)
  BNB: 569.6400 (+0.80%)
  DOT: 0.7606 (-1.21%)
  LINK: 8.3870 (+0.73%)
  XRP: 1.0844 (+2.63%)
==================================================
[2026-07-30 09:01:51] 
==================================================
📊 整点汇报 2026-07-30 09:00
恐惧贪婪指数: 50 (中性)
今日PnL: -8.22 USDT (-8.2%)
持仓数: 0/4
  BTC: 64054.9000 (+1.03%)
  ETH: 1909.5600 (+1.56%)
  SOL: 73.6400 (+0.72%)
  BNB: 569.6400 (+0.80%)
  DOT: 0.7606 (-1.21%)
  LINK: 8.3870 (+0.73%)
  XRP: 1.0844 (+2.63%)
==================================================
[2026-07-30 10:04:08] 
==================================================
📊 整点汇报 2026-07-30 10:02
恐惧贪婪指数: 50 (中性)
今日PnL: -8.22 USDT (-8.2%)
持仓数: 0/4
  BTC: 64054.9000 (+1.03%)
  ETH: 1909.5600 (+1.56%)
  SOL: 73.6400 (+0.72%)
  BNB: 569.6400 (+0.80%)
  DOT: 0.7606 (-1.21%)
  LINK: 8.3870 (+0.73%)
  XRP: 1.0844 (+2.63%)
==================================================
[2026-07-30 11:01:42] 
==================================================
📊 整点汇报 2026-07-30 11:00
恐惧贪婪指数: 50 (中性)
今日PnL: -8.22 USDT (-8.2%)
持仓数: 0/4
  BTC: 64054.9000 (+1.03%)
  ETH: 1909.5600 (+1.56%)
  SOL: 73.6400 (+0.72%)
  BNB: 569.6400 (+0.80%)
  DOT: 0.7606 (-1.21%)
  LINK: 8.3870 (+0.73%)
  XRP: 1.0844 (+2.63%)
==================================================
[2026-07-30 12:04:26] 
==================================================
📊 整点汇报 2026-07-30 12:02
恐惧贪婪指数: 50 (中性)
今日PnL: -8.22 USDT (-8.2%)
持仓数: 0/4
  BTC: 64054.9000 (+1.03%)
  ETH: 1909.5600 (+1.56%)
  SOL: 73.6400 (+0.72%)
  BNB: 569.6400 (+0.80%)
  DOT: 0.7606 (-1.21%)
  LINK: 8.3870 (+0.73%)
  XRP: 1.0844 (+2.63%)
==================================================
[2026-07-30 13:02:49] 
==================================================
📊 整点汇报 2026-07-30 13:01
恐惧贪婪指数: 50 (中性)
今日PnL: -8.22 USDT (-8.2%)
持仓数: 0/4
  BTC: 64054.9000 (+1.03%)
  ETH: 1909.5600 (+1.56%)
  SOL: 73.6400 (+0.72%)
  BNB: 569.6400 (+0.80%)
  DOT: 0.7606 (-1.21%)
  LINK: 8.3870 (+0.73%)
  XRP: 1.0844 (+2.63%)
==================================================
[2026-07-30 14:02:04] 
==================================================
📊 整点汇报 2026-07-30 14:00
恐惧贪婪指数: 50 (中性)
今日PnL: -8.22 USDT (-8.2%)
持仓数: 0/4
  BTC: 64054.9000 (+1.03%)
  ETH: 1909.5600 (+1.56%)
  SOL: 73.6400 (+0.72%)
  BNB: 569.6400 (+0.80%)
  DOT: 0.7606 (-1.21%)
  LINK: 8.3870 (+0.73%)
  XRP: 1.0844 (+2.63%)
==================================================
[2026-07-30 15:04:44] 
==================================================
📊 整点汇报 2026-07-30 15:03
恐惧贪婪指数: 50 (中性)
今日PnL: -8.22 USDT (-8.2%)
持仓数: 0/4
  BTC: 64054.9000 (+1.03%)
  ETH: 1909.5600 (+1.56%)
  SOL: 73.6400 (+0.72%)
  BNB: 569.6400 (+0.80%)
  DOT: 0.7606 (-1.21%)
  LINK: 8.3870 (+0.73%)
  XRP: 1.0844 (+2.63%)
==================================================
[2026-07-30 16:02:10] 
==================================================
📊 整点汇报 2026-07-30 16:00
恐惧贪婪指数: 50 (中性)
今日PnL: -8.22 USDT (-8.2%)
持仓数: 0/4
  BTC: 64054.9000 (+1.03%)
  ETH: 1909.5600 (+1.56%)
  SOL: 73.6400 (+0.72%)
  BNB: 569.6400 (+0.80%)
  DOT: 0.7606 (-1.21%)
  LINK: 8.3870 (+0.73%)
  XRP: 1.0844 (+2.63%)
==================================================
[2026-07-30 17:05:52] 
==================================================
📊 整点汇报 2026-07-30 17:04
恐惧贪婪指数: 50 (中性)
今日PnL: -8.22 USDT (-8.2%)
持仓数: 0/4
  BTC: 64054.9000 (+1.03%)
  ETH: 1909.5600 (+1.56%)
  SOL: 73.6400 (+0.72%)
  BNB: 569.6400 (+0.80%)
  DOT: 0.7606 (-1.21%)
  LINK: 8.3870 (+0.73%)
  XRP: 1.0844 (+2.63%)
==================================================
[2026-07-30 18:02:52] 
==================================================
📊 整点汇报 2026-07-30 18:01
恐惧贪婪指数: 50 (中性)
今日PnL: -8.22 USDT (-8.2%)
持仓数: 0/4
  BTC: 64054.9000 (+1.03%)
  ETH: 1909.5600 (+1.56%)
  SOL: 73.6400 (+0.72%)
  BNB: 569.6400 (+0.80%)
  DOT: 0.7606 (-1.21%)
  LINK: 8.3870 (+0.73%)
  XRP: 1.0844 (+2.63%)
==================================================
[2026-07-30 19:05:55] 
==================================================
📊 整点汇报 2026-07-30 19:04
恐惧贪婪指数: 50 (中性)
今日PnL: -8.22 USDT (-8.2%)
持仓数: 0/4
  BTC: 64054.9000 (+1.03%)
  ETH: 1909.5600 (+1.56%)
  SOL: 73.6400 (+0.72%)
  BNB: 569.6400 (+0.80%)
  DOT: 0.7606 (-1.21%)
  LINK: 8.3870 (+0.73%)
  XRP: 1.0844 (+2.63%)
==================================================
[2026-07-30 20:01:25] 
==================================================
📊 整点汇报 2026-07-30 20:00
恐惧贪婪指数: 50 (中性)
今日PnL: -8.22 USDT (-8.2%)
持仓数: 0/4
  BTC: 64054.9000 (+1.03%)
  ETH: 1909.5600 (+1.56%)
  SOL: 73.6400 (+0.72%)
  BNB: 569.6400 (+0.80%)
  DOT: 0.7606 (-1.21%)
  LINK: 8.3870 (+0.73%)
  XRP: 1.0844 (+2.63%)
==================================================
[2026-07-30 21:04:05] 
==================================================
📊 整点汇报 2026-07-30 21:02
恐惧贪婪指数: 50 (中性)
今日PnL: -8.22 USDT (-8.2%)
持仓数: 0/4
  BTC: 64054.9000 (+1.03%)
  ETH: 1909.5600 (+1.56%)
  SOL: 73.6400 (+0.72%)
  BNB: 569.6400 (+0.80%)
  DOT: 0.7606 (-1.21%)
  LINK: 8.3870 (+0.73%)
  XRP: 1.0844 (+2.63%)
==================================================
[2026-07-30 22:01:49] 
==================================================
📊 整点汇报 2026-07-30 22:00
恐惧贪婪指数: 50 (中性)
今日PnL: -8.22 USDT (-8.2%)
持仓数: 0/4
  BTC: 64054.9000 (+1.03%)
  ETH: 1909.5600 (+1.56%)
  SOL: 73.6400 (+0.72%)
  BNB: 569.6400 (+0.80%)
  DOT: 0.7606 (-1.21%)
  LINK: 8.3870 (+0.73%)
  XRP: 1.0844 (+2.63%)
==================================================
[2026-07-30 23:04:38] 
==================================================
📊 整点汇报 2026-07-30 23:02
恐惧贪婪指数: 50 (中性)
今日PnL: -8.22 USDT (-8.2%)
持仓数: 0/4
  BTC: 64054.9000 (+1.03%)
  ETH: 1909.5600 (+1.56%)
  SOL: 73.6400 (+0.72%)
  BNB: 569.6400 (+0.80%)
  DOT: 0.7606 (-1.21%)
  LINK: 8.3870 (+0.73%)
  XRP: 1.0844 (+2.63%)
==================================================
