[2026-06-15 00:00:29] 
==================================================
📊 整点汇报 2026-06-15 00:00
恐惧贪婪指数: 18 (极度恐惧)
今日PnL: +0.00 USDT (+0.0%)
持仓数: 4/4
  🟢 BNB LONG @606.7200 现价:608.3200 PnL:+0.53U (+0.26%)
  🟢 XRP LONG @1.1455 现价:1.1343 PnL:-1.96U (-0.98%)
  🔴 ETH SHORT @1669.6800 现价:1662.4300 PnL:+0.87U (+0.43%)
  🔴 LINK SHORT @7.8800 现价:7.8350 PnL:+1.14U (+0.57%)
  BTC: 64009.1000 (-0.42%)
  ETH: 1662.4300 (-1.14%)
  SOL: 67.4000 (-1.78%)
  BNB: 608.3200 (-0.39%)
  DOT: 0.9570 (-3.43%)
  LINK: 7.8350 (-2.34%)
  XRP: 1.1343 (-1.86%)
==================================================
[2026-06-15 01:00:37] 
==================================================
📊 整点汇报 2026-06-15 01:00
恐惧贪婪指数: 18 (极度恐惧)
今日PnL: +0.00 USDT (+0.0%)
持仓数: 4/4
  🟢 BNB LONG @606.7200 现价:606.4900 PnL:-0.08U (-0.04%)
  🟢 XRP LONG @1.1455 现价:1.1365 PnL:-1.57U (-0.79%)
  🔴 ETH SHORT @1669.6800 现价:1662.0100 PnL:+0.92U (+0.46%)
  🔴 LINK SHORT @7.8800 现价:7.8390 PnL:+1.04U (+0.52%)
  BTC: 63983.2000 (+0.03%)
  ETH: 1662.0100 (-0.80%)
  SOL: 67.4900 (-0.88%)
  BNB: 606.4900 (-0.46%)
  DOT: 0.9560 (-2.85%)
  LINK: 7.8390 (-1.91%)
  XRP: 1.1365 (-0.89%)
==================================================
[2026-06-15 02:00:28] 
==================================================
📊 整点汇报 2026-06-15 02:00
恐惧贪婪指数: 18 (极度恐惧)
今日PnL: +0.00 USDT (+0.0%)
持仓数: 4/4
  🟢 BNB LONG @606.7200 现价:604.4000 PnL:-0.77U (-0.38%)
  🟢 XRP LONG @1.1455 现价:1.1324 PnL:-2.29U (-1.14%)
  🔴 ETH SHORT @1669.6800 现价:1661.7500 PnL:+0.95U (+0.47%)
  🔴 LINK SHORT @7.8800 现价:7.8130 PnL:+1.70U (+0.85%)
  BTC: 63723.0000 (-0.35%)
  ETH: 1661.7500 (-0.69%)
  SOL: 67.3000 (-0.90%)
  BNB: 604.4000 (-0.50%)
  DOT: 0.9500 (-3.06%)
  LINK: 7.8130 (-2.19%)
  XRP: 1.1324 (-0.98%)
==================================================
[2026-06-15 03:00:41] 
==================================================
📊 整点汇报 2026-06-15 03:00
恐惧贪婪指数: 18 (极度恐惧)
今日PnL: +0.00 USDT (+0.0%)
持仓数: 4/4
  🟢 BNB LONG @606.7200 现价:604.7200 PnL:-0.66U (-0.33%)
  🟢 XRP LONG @1.1455 现价:1.1318 PnL:-2.39U (-1.20%)
  🔴 ETH SHORT @1669.6800 现价:1661.4900 PnL:+0.98U (+0.49%)
  🔴 LINK SHORT @7.8800 现价:7.8070 PnL:+1.85U (+0.93%)
  BTC: 63773.7000 (-0.54%)
  ETH: 1661.4900 (-0.95%)
  SOL: 67.3900 (-1.01%)
  BNB: 604.7200 (-0.55%)
  DOT: 0.9510 (-2.76%)
  LINK: 7.8070 (-2.16%)
  XRP: 1.1318 (-1.15%)
==================================================
[2026-06-15 04:00:32] 
==================================================
📊 整点汇报 2026-06-15 04:00
恐惧贪婪指数: 18 (极度恐惧)
今日PnL: +0.00 USDT (+0.0%)
持仓数: 4/4
  🟢 BNB LONG @606.7200 现价:603.5200 PnL:-1.06U (-0.53%)
  🟢 XRP LONG @1.1455 现价:1.1324 PnL:-2.29U (-1.14%)
  🔴 ETH SHORT @1669.6800 现价:1664.6400 PnL:+0.60U (+0.30%)
  🔴 LINK SHORT @7.8800 现价:7.8170 PnL:+1.60U (+0.80%)
  BTC: 63743.2000 (-0.84%)
  ETH: 1664.6400 (-0.78%)
  SOL: 67.5300 (-0.98%)
  BNB: 603.5200 (-0.87%)
  DOT: 0.9510 (-2.76%)
  LINK: 7.8170 (-2.13%)
  XRP: 1.1324 (-1.26%)
==================================================
[2026-06-15 05:00:19] 
==================================================
📊 整点汇报 2026-06-15 05:00
恐惧贪婪指数: 18 (极度恐惧)
今日PnL: +0.00 USDT (+0.0%)
持仓数: 4/4
  🟢 BNB LONG @606.7200 现价:605.1300 PnL:-0.52U (-0.26%)
  🟢 XRP LONG @1.1455 现价:1.1372 PnL:-1.45U (-0.72%)
  🔴 ETH SHORT @1669.6800 现价:1669.7900 PnL:-0.01U (-0.01%)
  🔴 LINK SHORT @7.8800 现价:7.8500 PnL:+0.76U (+0.38%)
  BTC: 63987.2000 (-0.34%)
  ETH: 1669.7900 (-0.36%)
  SOL: 67.8000 (-0.63%)
  BNB: 605.1300 (-0.70%)
  DOT: 0.9540 (-2.55%)
  LINK: 7.8500 (-1.63%)
  XRP: 1.1372 (-0.79%)
==================================================
[2026-06-15 05:40:56] ❌ 平仓 LINK SL | 入场:7.8760 出场:8.0480 | PnL:-2.18% (-4.37USDT) | 平100%仓 | ✅ 平仓成功
[2026-06-15 05:41:15] ❌ 平仓 LINK TP1 | 入场:8.0700 出场:8.0480 | PnL:-0.27% (-0.47USDT) | 平100%仓 | ✅ 平仓成功
[2026-06-15 05:43:22] 🔴 开空 LINK @8.062 | 评分:70 | 状态:trending | AI:做空(85%) | ✅ 下单成功
[2026-06-15 06:00:32] 
==================================================
📊 整点汇报 2026-06-15 06:00
恐惧贪婪指数: 18 (极度恐惧)
今日PnL: -6.83 USDT (-6.8%)
持仓数: 3/4
  🟢 BNB LONG @606.7200 现价:615.4500 PnL:+2.88U (+1.44%)
  🟢 XRP LONG @1.1455 现价:1.1692 PnL:+4.14U (+2.07%)
  🔴 LINK SHORT @8.0620 现价:8.1180 PnL:-1.39U (-0.69%)
  BTC: 65500.0000 (+1.64%)
  ETH: 1719.4300 (+2.02%)
  SOL: 70.1400 (+1.34%)
  BNB: 615.4500 (+0.88%)
  DOT: 0.9860 (+0.51%)
  LINK: 8.1180 (+1.25%)
  XRP: 1.1692 (+1.50%)
==================================================
[2026-06-15 07:00:35] 
==================================================
📊 整点汇报 2026-06-15 07:00
恐惧贪婪指数: 18 (极度恐惧)
今日PnL: -6.83 USDT (-6.8%)
持仓数: 3/4
  🟢 BNB LONG @606.7200 现价:614.4000 PnL:+2.53U (+1.27%)
  🟢 XRP LONG @1.1455 现价:1.1727 PnL:+4.75U (+2.37%)
  🔴 LINK SHORT @8.0620 现价:8.0970 PnL:-0.87U (-0.43%)
  BTC: 65389.1000 (+1.49%)
  ETH: 1721.1600 (+2.38%)
  SOL: 70.3400 (+2.15%)
  BNB: 614.4000 (+0.78%)
  DOT: 0.9860 (+0.71%)
  LINK: 8.0970 (+1.48%)
  XRP: 1.1727 (+2.04%)
==================================================
[2026-06-15 07:54:50] 🟢 开多 SOL @70.92 | 评分:100 | 状态:trending | AI:做空(0.9%) | ✅ 下单成功
[2026-06-15 08:00:14] 
==================================================
📊 整点汇报 2026-06-15 08:00
恐惧贪婪指数: 18 (极度恐惧)
今日PnL: -6.83 USDT (-6.8%)
持仓数: 3/4
  🟢 BNB LONG @606.7200 现价:616.0100 PnL:+3.07U (+1.53%)
  🟢 XRP LONG @1.1455 现价:1.1753 PnL:+5.20U (+2.60%)
  🔴 LINK SHORT @8.0620 现价:8.1550 PnL:-2.31U (-1.15%)
  BTC: 65627.4000 (+1.88%)
  ETH: 1722.9100 (+2.55%)
  SOL: 70.9800 (+3.06%)
  BNB: 616.0100 (+0.97%)
  DOT: 0.9930 (+1.43%)
  LINK: 8.1550 (+2.22%)
  XRP: 1.1753 (+2.21%)
==================================================
[2026-06-15 09:00:09] 
==================================================
📊 整点汇报 2026-06-15 09:00
恐惧贪婪指数: 20 (极度恐惧)
今日PnL: -6.83 USDT (-6.8%)
持仓数: 3/4
  🟢 BNB LONG @606.7200 现价:615.7000 PnL:+2.96U (+1.48%)
  🟢 XRP LONG @1.1455 现价:1.1757 PnL:+5.27U (+2.64%)
  🔴 LINK SHORT @8.0620 现价:8.1620 PnL:-2.48U (-1.24%)
  BTC: 65506.2000 (+1.50%)
  ETH: 1722.4100 (+2.49%)
  SOL: 71.2600 (+3.41%)
  BNB: 615.7000 (+1.01%)
  DOT: 0.9930 (+1.64%)
  LINK: 8.1620 (+2.36%)
  XRP: 1.1757 (+2.35%)
==================================================
[2026-06-15 10:00:32] 
==================================================
📊 整点汇报 2026-06-15 10:00
恐惧贪婪指数: 20 (极度恐惧)
今日PnL: -6.83 USDT (-6.8%)
持仓数: 3/4
  🟢 BNB LONG @606.7200 现价:615.6600 PnL:+2.95U (+1.47%)
  🟢 XRP LONG @1.1455 现价:1.1789 PnL:+5.83U (+2.92%)
  🔴 LINK SHORT @8.0620 现价:8.1460 PnL:-2.08U (-1.04%)
  BTC: 64970.0000 (+0.65%)
  ETH: 1714.9600 (+1.90%)
  SOL: 71.0000 (+3.21%)
  BNB: 615.6600 (+1.01%)
  DOT: 0.9920 (+1.22%)
  LINK: 8.1460 (+2.22%)
  XRP: 1.1789 (+2.40%)
==================================================
[2026-06-15 11:00:25] 
==================================================
📊 整点汇报 2026-06-15 11:00
恐惧贪婪指数: 20 (极度恐惧)
今日PnL: -6.83 USDT (-6.8%)
持仓数: 3/4
  🟢 BNB LONG @606.7200 现价:615.7000 PnL:+2.96U (+1.48%)
  🟢 XRP LONG @1.1455 现价:1.1723 PnL:+4.68U (+2.34%)
  🔴 LINK SHORT @8.0620 现价:8.0750 PnL:-0.32U (-0.16%)
  BTC: 65449.7000 (+1.53%)
  ETH: 1712.6200 (+2.31%)
  SOL: 70.5900 (+2.63%)
  BNB: 615.7000 (+0.99%)
  DOT: 0.9920 (+1.53%)
  LINK: 8.0750 (+1.48%)
  XRP: 1.1723 (+1.82%)
==================================================
[2026-06-15 12:00:14] 
==================================================
📊 整点汇报 2026-06-15 12:00
恐惧贪婪指数: 20 (极度恐惧)
今日PnL: -6.83 USDT (-6.8%)
持仓数: 3/4
  🟢 BNB LONG @606.7200 现价:615.1500 PnL:+2.78U (+1.39%)
  🟢 XRP LONG @1.1455 现价:1.1724 PnL:+4.70U (+2.35%)
  🔴 LINK SHORT @8.0620 现价:8.0750 PnL:-0.32U (-0.16%)
  BTC: 65600.0000 (+1.70%)
  ETH: 1712.5500 (+1.90%)
  SOL: 70.5900 (+2.44%)
  BNB: 615.1500 (+0.81%)
  DOT: 0.9920 (+1.53%)
  LINK: 8.0750 (+1.45%)
  XRP: 1.1724 (+1.70%)
==================================================
[2026-06-15 13:00:58] 
==================================================
📊 整点汇报 2026-06-15 13:00
恐惧贪婪指数: 20 (极度恐惧)
今日PnL: -6.83 USDT (-6.8%)
持仓数: 3/4
  🟢 BNB LONG @606.7200 现价:615.1500 PnL:+2.78U (+1.39%)
  🟢 XRP LONG @1.1455 现价:1.1793 PnL:+5.90U (+2.95%)
  🔴 LINK SHORT @8.0620 现价:8.0750 PnL:-0.32U (-0.16%)
  BTC: 64900.0000 (+0.88%)
  ETH: 1724.8700 (+2.80%)
  SOL: 70.5100 (+2.96%)
  BNB: 615.1500 (+1.01%)
  DOT: 0.9930 (+2.48%)
  LINK: 8.0750 (+2.02%)
  XRP: 1.1793 (+2.73%)
==================================================
[2026-06-15 13:49:22] 🔴 开空 ETH @1712.53 | 评分:65 | 状态:ranging | AI:做空(70%) | ✅ 下单成功
[2026-06-15 14:00:14] 
==================================================
📊 整点汇报 2026-06-15 14:00
恐惧贪婪指数: 20 (极度恐惧)
今日PnL: -6.83 USDT (-6.8%)
持仓数: 3/4
  🟢 BNB LONG @606.7200 现价:615.1500 PnL:+2.78U (+1.39%)
  🟢 XRP LONG @1.1455 现价:1.1723 PnL:+4.68U (+2.34%)
  🔴 LINK SHORT @8.0620 现价:8.0740 PnL:-0.30U (-0.15%)
  BTC: 64844.8000 (+0.95%)
  ETH: 1714.3000 (+2.20%)
  SOL: 71.3500 (+4.59%)
  BNB: 615.1500 (+0.81%)
  DOT: 0.9930 (+2.48%)
  LINK: 8.0740 (+1.98%)
  XRP: 1.1723 (+2.19%)
==================================================
[2026-06-15 14:22:58] 🔴 开空 ETH @1712.53 | 评分:65 | 状态:ranging | AI:做空(75%) | ❌ 下单失败：Binance 拒单：code=-1007 msg=Timeout waiting for response from backend server. Send status unknown; execution status unknown.
[2026-06-15 15:00:39] 
==================================================
📊 整点汇报 2026-06-15 15:00
恐惧贪婪指数: 20 (极度恐惧)
今日PnL: -6.62 USDT (-6.6%)
持仓数: 5/4
  🟢 SOL LONG @70.9200 现价:71.3100 PnL:+1.10U (+0.55%)
  🔴 ETH SHORT @1713.6200 现价:1719.3900 PnL:-0.68U (-0.34%)
  🟢 BNB LONG @606.7200 现价:617.9700 PnL:+3.71U (+1.85%)
  🟢 XRP LONG @1.1455 现价:1.1825 PnL:+6.46U (+3.23%)
  🔴 LINK SHORT @8.0620 现价:8.1950 PnL:-3.30U (-1.65%)
  BTC: 65783.5000 (+2.38%)
  ETH: 1719.3900 (+2.64%)
  SOL: 71.3100 (+4.64%)
  BNB: 617.9700 (+1.05%)
  DOT: 1.0040 (+3.93%)
  LINK: 8.1950 (+3.41%)
  XRP: 1.1825 (+3.19%)
==================================================
[2026-06-15 16:00:12] 
==================================================
📊 整点汇报 2026-06-15 16:00
恐惧贪婪指数: 20 (极度恐惧)
今日PnL: -6.95 USDT (-7.0%)
持仓数: 3/4
  🟢 BNB LONG @606.7200 现价:615.8000 PnL:+3.00U (+1.50%)
  🟢 XRP LONG @1.1455 现价:1.1806 PnL:+6.13U (+3.06%)
  🔴 LINK SHORT @8.0620 现价:8.1770 PnL:-2.85U (-1.43%)
  BTC: 65701.3000 (+1.92%)
  ETH: 1716.0700 (+2.44%)
  SOL: 71.2300 (+4.47%)
  BNB: 615.8000 (+0.88%)
  DOT: 0.9980 (+3.31%)
  LINK: 8.1770 (+3.48%)
  XRP: 1.1806 (+3.06%)
==================================================
[2026-06-15 17:00:42] 
==================================================
📊 整点汇报 2026-06-15 17:00
恐惧贪婪指数: 20 (极度恐惧)
今日PnL: -10.87 USDT (-10.9%)
持仓数: 2/4
  🟢 BNB LONG @606.7200 现价:616.3600 PnL:+3.18U (+1.59%)
  🟢 XRP LONG @1.1455 现价:1.1805 PnL:+6.11U (+3.06%)
  BTC: 65929.8000 (+2.15%)
  ETH: 1719.6900 (+2.65%)
  SOL: 71.2500 (+4.53%)
  BNB: 616.3600 (+0.92%)
  DOT: 1.0000 (+0.00%)
  LINK: 8.2060 (+3.65%)
  XRP: 1.1805 (+3.14%)
==================================================
[2026-06-15 18:00:33] 
==================================================
📊 整点汇报 2026-06-15 18:00
恐惧贪婪指数: 20 (极度恐惧)
今日PnL: -10.87 USDT (-10.9%)
持仓数: 2/4
  🟢 BNB LONG @606.7200 现价:614.6000 PnL:+2.60U (+1.30%)
  🟢 XRP LONG @1.1455 现价:1.1847 PnL:+6.84U (+3.42%)
  BTC: 65554.9000 (+1.55%)
  ETH: 1717.4300 (+2.37%)
  SOL: 71.1800 (+4.00%)
  BNB: 614.6000 (+0.40%)
  DOT: 1.0030 (+3.19%)
  LINK: 8.2010 (+3.26%)
  XRP: 1.1847 (+3.24%)
==================================================
[2026-06-15 18:55:00] ✅ 平仓 XRP TP1 | 入场:1.1455 出场:1.1922 | PnL:4.08% (+8.15USDT) | 平100%仓 | ✅ 平仓成功
[2026-06-15 19:00:16] 
==================================================
📊 整点汇报 2026-06-15 19:00
恐惧贪婪指数: 20 (极度恐惧)
今日PnL: -2.95 USDT (-2.9%)
持仓数: 2/4
  🟢 BNB LONG @606.7200 现价:617.8700 PnL:+3.68U (+1.84%)
  🔴 XRP SHORT @1.1921 现价:1.1977 PnL:-0.94U (-0.47%)
  BTC: 65966.6000 (+2.27%)
  ETH: 1736.3000 (+3.83%)
  SOL: 71.8500 (+5.49%)
  BNB: 617.8700 (+1.11%)
  DOT: 1.0160 (+4.96%)
  LINK: 8.3310 (+5.31%)
  XRP: 1.1977 (+4.83%)
==================================================
[2026-06-15 19:27:25] ❌ 平仓 XRP SL | 入场:1.1921 出场:1.2258 | PnL:-2.83% (-5.65USDT) | 平100%仓 | ✅ 平仓成功
[2026-06-15 20:00:12] 
==================================================
📊 整点汇报 2026-06-15 20:00
恐惧贪婪指数: 20 (极度恐惧)
今日PnL: -7.70 USDT (-7.7%)
持仓数: 1/4
  🟢 BNB LONG @606.7200 现价:621.0800 PnL:+4.74U (+2.37%)
  BTC: 66167.7000 (+2.55%)
  ETH: 1763.9900 (+5.43%)
  SOL: 72.5900 (+6.62%)
  BNB: 621.0800 (+1.41%)
  DOT: 1.0210 (+5.58%)
  LINK: 8.3040 (+4.80%)
  XRP: 1.2309 (+7.67%)
==================================================
[2026-06-15 20:39:33] 🟢 开多 XRP @1.2391 | 评分:70 | 状态:trending | AI:做空(0.85%) | ✅ 下单成功
[2026-06-15 20:44:48] 🟢 开多 SOL @72.94 | 评分:80 | 状态:trending | AI:做空(0.85%) | ✅ 下单成功
[2026-06-15 21:00:32] 
==================================================
📊 整点汇报 2026-06-15 21:00
恐惧贪婪指数: 20 (极度恐惧)
今日PnL: -7.70 USDT (-7.7%)
持仓数: 3/4
  🟢 BNB LONG @606.7200 现价:624.6800 PnL:+5.93U (+2.96%)
  🟢 XRP LONG @1.2391 现价:1.2377 PnL:-0.23U (-0.11%)
  🟢 SOL LONG @72.9400 现价:72.7600 PnL:-0.49U (-0.25%)
  BTC: 66534.0000 (+3.48%)
  ETH: 1775.9700 (+6.59%)
  SOL: 72.7600 (+7.43%)
  BNB: 624.6800 (+2.15%)
  DOT: 1.0260 (+6.65%)
  LINK: 8.3460 (+5.90%)
  XRP: 1.2377 (+8.87%)
==================================================
[2026-06-15 21:19:05] 🟢 开多 LINK @8.439 | 评分:85 | 状态:trending | AI:做空(0.7%) | ✅ 下单成功
[2026-06-15 21:23:55] ✅ 平仓 BNB TP1 | 入场:606.7200 出场:633.0100 | PnL:4.33% (+8.68USDT) | 平100%仓 | ✅ 平仓成功
[2026-06-15 22:00:20] 
==================================================
📊 整点汇报 2026-06-15 22:00
恐惧贪婪指数: 20 (极度恐惧)
今日PnL: -0.45 USDT (-0.5%)
持仓数: 4/4
  🟢 SOL LONG @72.9400 现价:73.5900 PnL:+1.78U (+0.89%)
  🔴 BNB SHORT @633.0100 现价:626.7700 PnL:+2.00U (+0.99%)
  🟢 XRP LONG @1.2384 现价:1.2378 PnL:-0.10U (-0.05%)
  🟢 LINK LONG @8.4530 现价:8.4650 PnL:+0.28U (+0.14%)
  BTC: 66412.2000 (+3.30%)
  ETH: 1813.9100 (+8.89%)
  SOL: 73.5900 (+8.70%)
  BNB: 626.7700 (+2.50%)
  DOT: 1.0350 (+7.59%)
  LINK: 8.4650 (+7.64%)
  XRP: 1.2378 (+9.12%)
==================================================
[2026-06-15 23:00:29] 
==================================================
📊 整点汇报 2026-06-15 23:00
恐惧贪婪指数: 20 (极度恐惧)
今日PnL: -0.45 USDT (-0.5%)
持仓数: 4/4
  🟢 SOL LONG @72.9400 现价:73.7300 PnL:+2.16U (+1.08%)
  🔴 BNB SHORT @633.0100 现价:629.6200 PnL:+1.08U (+0.54%)
  🟢 XRP LONG @1.2384 现价:1.2436 PnL:+0.84U (+0.42%)
  🟢 LINK LONG @8.4530 现价:8.4490 PnL:-0.09U (-0.05%)
  BTC: 66558.1000 (+4.11%)
  ETH: 1814.1100 (+9.39%)
  SOL: 73.7300 (+9.72%)
  BNB: 629.6200 (+3.87%)
  DOT: 1.0300 (+7.74%)
  LINK: 8.4490 (+8.02%)
  XRP: 1.2436 (+9.97%)
==================================================
