[2026-07-22 00:00:12] 
==================================================
📊 整点汇报 2026-07-22 00:00
恐惧贪婪指数: 25 (恐惧)
今日PnL: +0.00 USDT (+0.0%)
持仓数: 4/4
  🟢 BTC LONG @65481.3667 现价:66673.0000 PnL:+3.57U (+1.82%)
  🔴 BNB SHORT @568.9800 现价:575.5700 PnL:-2.31U (-1.16%)
  🟢 LINK LONG @8.7130 现价:8.6910 PnL:-0.50U (-0.25%)
  🟢 DOT LONG @0.8570 现价:0.8552 PnL:-0.42U (-0.21%)
  BTC: 66673.0000 (+1.78%)
  ETH: 1931.3600 (+1.65%)
  SOL: 78.0700 (+0.44%)
  BNB: 575.5700 (+0.25%)
  DOT: 0.8552 (+4.04%)
  LINK: 8.6910 (+1.72%)
  XRP: 1.1547 (+3.90%)
==================================================
[2026-07-22 01:00:53] 
==================================================
📊 整点汇报 2026-07-22 01:00
恐惧贪婪指数: 25 (恐惧)
今日PnL: +0.00 USDT (+0.0%)
持仓数: 4/4
  🟢 BTC LONG @65481.3667 现价:66539.4000 PnL:+3.17U (+1.62%)
  🔴 BNB SHORT @568.9800 现价:574.9400 PnL:-2.09U (-1.05%)
  🟢 LINK LONG @8.7130 现价:8.6730 PnL:-0.92U (-0.46%)
  🟢 DOT LONG @0.8570 现价:0.8517 PnL:-1.24U (-0.62%)
  BTC: 66539.4000 (+1.63%)
  ETH: 1925.5400 (+1.45%)
  SOL: 78.1500 (+0.70%)
  BNB: 574.9400 (+0.25%)
  DOT: 0.8517 (+4.12%)
  LINK: 8.6730 (+1.67%)
  XRP: 1.1501 (+3.29%)
==================================================
[2026-07-22 01:48:56] ✅ 平仓 BTC SL | 入场:65481.3667 出场:66217.8000 | PnL:1.12% (+2.21USDT) | 平100%仓 | ✅ 平仓成功
[2026-07-22 01:49:14] ❌ 平仓 BTC TP1 | 入场:66212.4600 出场:66217.8000 | PnL:-0.01% (-0.02USDT) | 平100%仓 | ✅ 平仓成功
[2026-07-22 01:58:35] 🔴 开空 BTC @66123.1 | 评分:70 | 状态:trending | ✅ 下单成功
[2026-07-22 02:00:24] 
==================================================
📊 整点汇报 2026-07-22 02:00
恐惧贪婪指数: 25 (恐惧)
今日PnL: +2.77 USDT (+2.8%)
持仓数: 4/4
  🔴 BNB SHORT @568.9800 现价:573.3000 PnL:-1.51U (-0.76%)
  🟢 LINK LONG @8.7130 现价:8.6200 PnL:-2.13U (-1.07%)
  🟢 DOT LONG @0.8570 现价:0.8555 PnL:-0.35U (-0.18%)
  🔴 BTC SHORT @66123.1000 现价:66175.7000 PnL:-0.16U (-0.08%)
  BTC: 66175.7000 (+1.01%)
  ETH: 1918.1000 (+0.60%)
  SOL: 77.7200 (+0.01%)
  BNB: 573.3000 (-0.18%)
  DOT: 0.8555 (+3.82%)
  LINK: 8.6200 (+0.54%)
  XRP: 1.1569 (+3.76%)
==================================================
[2026-07-22 03:00:05] 
==================================================
📊 整点汇报 2026-07-22 03:00
恐惧贪婪指数: 25 (恐惧)
今日PnL: +2.77 USDT (+2.8%)
持仓数: 4/4
  🔴 BNB SHORT @568.9800 现价:573.5700 PnL:-1.61U (-0.81%)
  🟢 LINK LONG @8.7130 现价:8.6140 PnL:-2.27U (-1.14%)
  🟢 DOT LONG @0.8570 现价:0.8547 PnL:-0.54U (-0.27%)
  🔴 BTC SHORT @66123.1000 现价:66287.6000 PnL:-0.49U (-0.25%)
  BTC: 66287.6000 (+1.66%)
  ETH: 1919.0200 (+1.15%)
  SOL: 77.8100 (+0.30%)
  BNB: 573.5700 (+0.19%)
  DOT: 0.8547 (+4.11%)
  LINK: 8.6140 (+0.58%)
  XRP: 1.1577 (+4.01%)
==================================================
[2026-07-22 04:00:21] 
==================================================
📊 整点汇报 2026-07-22 04:00
恐惧贪婪指数: 25 (恐惧)
今日PnL: +2.77 USDT (+2.8%)
持仓数: 4/4
  🔴 BNB SHORT @568.9800 现价:573.1700 PnL:-1.47U (-0.74%)
  🟢 LINK LONG @8.7130 现价:8.6190 PnL:-2.16U (-1.08%)
  🟢 DOT LONG @0.8570 现价:0.8551 PnL:-0.44U (-0.22%)
  🔴 BTC SHORT @66123.1000 现价:66382.7000 PnL:-0.78U (-0.39%)
  BTC: 66382.7000 (+1.93%)
  ETH: 1922.9900 (+1.37%)
  SOL: 77.8600 (+0.40%)
  BNB: 573.1700 (+0.26%)
  DOT: 0.8551 (+3.77%)
  LINK: 8.6190 (+0.76%)
  XRP: 1.1564 (+3.58%)
==================================================
[2026-07-22 05:00:20] 
==================================================
📊 整点汇报 2026-07-22 05:00
恐惧贪婪指数: 25 (恐惧)
今日PnL: +2.77 USDT (+2.8%)
持仓数: 4/4
  🔴 BNB SHORT @568.9800 现价:573.5800 PnL:-1.61U (-0.81%)
  🟢 LINK LONG @8.7130 现价:8.6260 PnL:-2.00U (-1.00%)
  🟢 DOT LONG @0.8570 现价:0.8497 PnL:-1.70U (-0.85%)
  🔴 BTC SHORT @66123.1000 现价:66408.5000 PnL:-0.86U (-0.43%)
  BTC: 66408.5000 (+1.64%)
  ETH: 1922.8700 (+1.00%)
  SOL: 77.8600 (+0.01%)
  BNB: 573.5800 (+0.13%)
  DOT: 0.8497 (+2.62%)
  LINK: 8.6260 (+0.72%)
  XRP: 1.1482 (+3.04%)
==================================================
[2026-07-22 06:00:04] 
==================================================
📊 整点汇报 2026-07-22 06:00
恐惧贪婪指数: 25 (恐惧)
今日PnL: +2.77 USDT (+2.8%)
持仓数: 4/4
  🔴 BNB SHORT @568.9800 现价:573.8000 PnL:-1.69U (-0.85%)
  🟢 LINK LONG @8.7130 现价:8.6260 PnL:-2.00U (-1.00%)
  🟢 DOT LONG @0.8570 现价:0.8512 PnL:-1.35U (-0.68%)
  🔴 BTC SHORT @66123.1000 现价:66326.6000 PnL:-0.61U (-0.31%)
  BTC: 66326.6000 (+1.61%)
  ETH: 1923.0900 (+1.10%)
  SOL: 78.0000 (+0.32%)
  BNB: 573.8000 (+0.34%)
  DOT: 0.8512 (+2.95%)
  LINK: 8.6260 (+0.64%)
  XRP: 1.1464 (+2.83%)
==================================================
[2026-07-22 07:00:22] 
==================================================
📊 整点汇报 2026-07-22 07:00
恐惧贪婪指数: 25 (恐惧)
今日PnL: +2.77 USDT (+2.8%)
持仓数: 4/4
  🔴 BNB SHORT @568.9800 现价:573.1800 PnL:-1.47U (-0.74%)
  🟢 LINK LONG @8.7130 现价:8.6220 PnL:-2.09U (-1.04%)
  🟢 DOT LONG @0.8570 现价:0.8465 PnL:-2.45U (-1.23%)
  🔴 BTC SHORT @66123.1000 现价:66265.8000 PnL:-0.43U (-0.22%)
  BTC: 66265.8000 (+1.76%)
  ETH: 1918.8600 (+1.28%)
  SOL: 77.9400 (+0.69%)
  BNB: 573.1800 (+0.44%)
  DOT: 0.8465 (+2.97%)
  LINK: 8.6220 (+1.08%)
  XRP: 1.1416 (+2.91%)
==================================================
[2026-07-22 08:00:10] 
==================================================
📊 整点汇报 2026-07-22 08:00
恐惧贪婪指数: 25 (恐惧)
今日PnL: +2.77 USDT (+2.8%)
持仓数: 4/4
  🔴 BNB SHORT @568.9800 现价:574.4200 PnL:-1.90U (-0.96%)
  🟢 LINK LONG @8.7130 现价:8.6530 PnL:-1.38U (-0.69%)
  🟢 DOT LONG @0.8570 现价:0.8464 PnL:-2.47U (-1.24%)
  🔴 BTC SHORT @66123.1000 现价:66516.4000 PnL:-1.18U (-0.59%)
  BTC: 66516.4000 (+1.99%)
  ETH: 1928.4300 (+1.33%)
  SOL: 78.0900 (+0.35%)
  BNB: 574.4200 (+0.49%)
  DOT: 0.8464 (+2.47%)
  LINK: 8.6530 (+0.72%)
  XRP: 1.1431 (+2.76%)
==================================================
[2026-07-22 09:00:13] 
==================================================
📊 整点汇报 2026-07-22 09:00
恐惧贪婪指数: 33 (恐惧)
今日PnL: +2.77 USDT (+2.8%)
持仓数: 4/4
  🔴 BNB SHORT @568.9800 现价:575.3500 PnL:-2.23U (-1.12%)
  🟢 LINK LONG @8.7130 现价:8.7110 PnL:-0.05U (-0.02%)
  🟢 DOT LONG @0.8570 现价:0.8513 PnL:-1.33U (-0.67%)
  🔴 BTC SHORT @66123.1000 现价:66631.4000 PnL:-1.52U (-0.77%)
  BTC: 66631.4000 (+1.72%)
  ETH: 1938.9900 (+1.32%)
  SOL: 78.4700 (+0.46%)
  BNB: 575.3500 (+0.26%)
  DOT: 0.8513 (+2.81%)
  LINK: 8.7110 (+1.19%)
  XRP: 1.1454 (+2.64%)
==================================================
[2026-07-22 10:00:17] 
==================================================
📊 整点汇报 2026-07-22 10:00
恐惧贪婪指数: 33 (恐惧)
今日PnL: +2.77 USDT (+2.8%)
持仓数: 4/4
  🔴 BNB SHORT @568.9800 现价:573.6500 PnL:-1.63U (-0.82%)
  🟢 LINK LONG @8.7130 现价:8.7050 PnL:-0.18U (-0.09%)
  🟢 DOT LONG @0.8570 现价:0.8519 PnL:-1.19U (-0.60%)
  🔴 BTC SHORT @66123.1000 现价:66398.8000 PnL:-0.83U (-0.42%)
  BTC: 66398.8000 (+1.75%)
  ETH: 1932.0200 (+1.34%)
  SOL: 78.3000 (+0.64%)
  BNB: 573.6500 (+0.19%)
  DOT: 0.8519 (+3.01%)
  LINK: 8.7050 (+1.35%)
  XRP: 1.1438 (+2.74%)
==================================================
[2026-07-22 11:00:06] 
==================================================
📊 整点汇报 2026-07-22 11:00
恐惧贪婪指数: 33 (恐惧)
今日PnL: +2.77 USDT (+2.8%)
持仓数: 4/4
  🔴 BNB SHORT @568.9800 现价:573.0100 PnL:-1.41U (-0.71%)
  🟢 LINK LONG @8.7130 现价:8.6870 PnL:-0.60U (-0.30%)
  🟢 DOT LONG @0.8570 现价:0.8526 PnL:-1.03U (-0.51%)
  🔴 BTC SHORT @66123.1000 现价:66276.0000 PnL:-0.46U (-0.23%)
  BTC: 66276.0000 (+1.39%)
  ETH: 1928.3400 (+0.64%)
  SOL: 78.0800 (+0.12%)
  BNB: 573.0100 (-0.12%)
  DOT: 0.8526 (+2.48%)
  LINK: 8.6870 (+1.02%)
  XRP: 1.1408 (+1.99%)
==================================================
[2026-07-22 12:00:08] 
==================================================
📊 整点汇报 2026-07-22 12:00
恐惧贪婪指数: 33 (恐惧)
今日PnL: +2.77 USDT (+2.8%)
持仓数: 4/4
  🔴 BNB SHORT @568.9800 现价:571.4500 PnL:-0.86U (-0.43%)
  🟢 LINK LONG @8.7130 现价:8.6820 PnL:-0.71U (-0.36%)
  🟢 DOT LONG @0.8570 现价:0.8483 PnL:-2.03U (-1.02%)
  🔴 BTC SHORT @66123.1000 现价:66221.5000 PnL:-0.30U (-0.15%)
  BTC: 66221.5000 (+0.00%)
  ETH: 1927.9700 (+0.13%)
  SOL: 77.8200 (+0.00%)
  BNB: 571.4500 (-0.67%)
  DOT: 0.8483 (+1.35%)
  LINK: 8.6820 (+0.56%)
  XRP: 1.1385 (+1.33%)
==================================================
[2026-07-22 13:00:14] 
==================================================
📊 整点汇报 2026-07-22 13:00
恐惧贪婪指数: 33 (恐惧)
今日PnL: +2.77 USDT (+2.8%)
持仓数: 4/4
  🔴 BNB SHORT @568.9800 现价:572.5300 PnL:-1.24U (-0.62%)
  🟢 LINK LONG @8.7130 现价:8.7270 PnL:+0.32U (+0.16%)
  🟢 DOT LONG @0.8570 现价:0.8538 PnL:-0.75U (-0.37%)
  🔴 BTC SHORT @66123.1000 现价:66350.3000 PnL:-0.68U (-0.34%)
  BTC: 66350.3000 (+1.31%)
  ETH: 1935.6600 (+0.57%)
  SOL: 78.0600 (-0.05%)
  BNB: 572.5300 (-0.31%)
  DOT: 0.8538 (+2.25%)
  LINK: 8.7270 (+0.10%)
  XRP: 1.1415 (+1.35%)
==================================================
[2026-07-22 14:00:36] 
==================================================
📊 整点汇报 2026-07-22 14:00
恐惧贪婪指数: 33 (恐惧)
今日PnL: +2.77 USDT (+2.8%)
持仓数: 4/4
  🔴 BNB SHORT @568.9800 现价:569.6900 PnL:-0.25U (-0.12%)
  🟢 LINK LONG @8.7130 现价:8.6360 PnL:-1.77U (-0.88%)
  🟢 DOT LONG @0.8570 现价:0.8436 PnL:-3.13U (-1.56%)
  🔴 BTC SHORT @66123.1000 现价:65955.3000 PnL:+0.50U (+0.25%)
  BTC: 65955.3000 (+0.39%)
  ETH: 1918.3600 (-0.53%)
  SOL: 77.4500 (-1.20%)
  BNB: 569.6900 (-0.96%)
  DOT: 0.8436 (-0.40%)
  LINK: 8.6360 (-0.97%)
  XRP: 1.1328 (+0.20%)
==================================================
[2026-07-22 14:22:01] ❌ 平仓 DOT SL | 入场:0.8570 出场:0.8393 | PnL:-2.07% (-4.13USDT) | 平100%仓 | ✅ 平仓成功
[2026-07-22 14:23:43] 🔴 开空 SOL @77.07 | 评分:85 | 状态:trending | AI:做多(65%) | ✅ 下单成功
[2026-07-22 15:00:16] 
==================================================
📊 整点汇报 2026-07-22 15:00
恐惧贪婪指数: 33 (恐惧)
今日PnL: -1.33 USDT (-1.3%)
持仓数: 4/4
  🔴 BNB SHORT @568.9800 现价:568.2000 PnL:+0.27U (+0.14%)
  🟢 LINK LONG @8.7130 现价:8.6120 PnL:-2.32U (-1.16%)
  🔴 BTC SHORT @66123.1000 现价:65895.9000 PnL:+0.68U (+0.34%)
  🔴 SOL SHORT @77.0700 现价:77.2200 PnL:-0.39U (-0.19%)
  BTC: 65895.9000 (+0.01%)
  ETH: 1915.8900 (-0.94%)
  SOL: 77.2200 (-1.77%)
  BNB: 568.2000 (-1.47%)
  DOT: 0.8402 (-2.19%)
  LINK: 8.6120 (-1.01%)
  XRP: 1.1313 (-0.20%)
==================================================
[2026-07-22 16:00:15] 
==================================================
📊 整点汇报 2026-07-22 16:00
恐惧贪婪指数: 33 (恐惧)
今日PnL: -1.33 USDT (-1.3%)
持仓数: 4/4
  🔴 BNB SHORT @568.9800 现价:568.5800 PnL:+0.14U (+0.07%)
  🟢 LINK LONG @8.7130 现价:8.5790 PnL:-3.08U (-1.54%)
  🔴 BTC SHORT @66123.1000 现价:65813.3000 PnL:+0.93U (+0.47%)
  🔴 SOL SHORT @77.0700 现价:77.0700 PnL:+0.00U (+0.00%)
  BTC: 65813.3000 (-0.56%)
  ETH: 1913.3100 (-1.05%)
  SOL: 77.0700 (-1.90%)
  BNB: 568.5800 (-1.50%)
  DOT: 0.8398 (-1.81%)
  LINK: 8.5790 (-1.79%)
  XRP: 1.1305 (-0.42%)
==================================================
[2026-07-22 17:00:46] 
==================================================
📊 整点汇报 2026-07-22 17:00
恐惧贪婪指数: 33 (恐惧)
今日PnL: -1.33 USDT (-1.3%)
持仓数: 4/4
  🔴 BNB SHORT @568.9800 现价:570.5400 PnL:-0.55U (-0.27%)
  🟢 LINK LONG @8.7130 现价:8.6080 PnL:-2.41U (-1.21%)
  🔴 BTC SHORT @66123.1000 现价:65957.2000 PnL:+0.50U (+0.25%)
  🔴 SOL SHORT @77.0700 现价:77.3800 PnL:-0.81U (-0.40%)
  BTC: 65957.2000 (-0.35%)
  ETH: 1920.6100 (-0.94%)
  SOL: 77.3800 (-1.19%)
  BNB: 570.5400 (-1.30%)
  DOT: 0.8423 (-1.67%)
  LINK: 8.6080 (-1.06%)
  XRP: 1.1342 (+0.12%)
==================================================
[2026-07-22 18:00:44] 
==================================================
📊 整点汇报 2026-07-22 18:00
恐惧贪婪指数: 33 (恐惧)
今日PnL: -1.33 USDT (-1.3%)
持仓数: 4/4
  🟢 LINK LONG @8.7180 现价:8.6130 PnL:-2.41U (-1.20%)
  🔴 BTC SHORT @66123.0000 现价:65910.0000 PnL:+0.64U (+0.32%)
  🔴 SOL SHORT @77.0400 现价:77.5100 PnL:-1.22U (-0.61%)
  🔴 BNB SHORT @568.9800 现价:571.3500 PnL:-0.83U (-0.42%)
  BTC: 65910.0000 (-0.52%)
  ETH: 1922.3200 (-0.96%)
  SOL: 77.5100 (-1.08%)
  BNB: 571.3500 (-1.46%)
  DOT: 0.8375 (-3.15%)
  LINK: 8.6130 (-1.25%)
  XRP: 1.1347 (+0.05%)
==================================================
[2026-07-22 19:00:13] 
==================================================
📊 整点汇报 2026-07-22 19:00
恐惧贪婪指数: 33 (恐惧)
今日PnL: -1.33 USDT (-1.3%)
持仓数: 4/4
  🟢 LINK LONG @8.7180 现价:8.6610 PnL:-1.31U (-0.65%)
  🔴 BTC SHORT @66123.0000 现价:66001.7000 PnL:+0.36U (+0.18%)
  🔴 SOL SHORT @77.0400 现价:77.6200 PnL:-1.51U (-0.75%)
  🔴 BNB SHORT @568.9800 现价:571.3000 PnL:-0.81U (-0.41%)
  BTC: 66001.7000 (-0.27%)
  ETH: 1930.1300 (-0.12%)
  SOL: 77.6200 (-0.64%)
  BNB: 571.3000 (-1.17%)
  DOT: 0.8400 (-2.30%)
  LINK: 8.6610 (-0.55%)
  XRP: 1.1381 (+0.67%)
==================================================
[2026-07-22 20:00:11] 
==================================================
📊 整点汇报 2026-07-22 20:00
恐惧贪婪指数: 33 (恐惧)
今日PnL: -1.33 USDT (-1.3%)
持仓数: 4/4
  🟢 LINK LONG @8.7180 现价:8.6370 PnL:-1.86U (-0.93%)
  🔴 BTC SHORT @66123.0000 现价:65983.6000 PnL:+0.42U (+0.21%)
  🔴 SOL SHORT @77.0400 现价:77.5300 PnL:-1.27U (-0.64%)
  🔴 BNB SHORT @568.9800 现价:571.3400 PnL:-0.83U (-0.41%)
  BTC: 65983.6000 (-0.48%)
  ETH: 1926.0600 (-0.43%)
  SOL: 77.5300 (-1.01%)
  BNB: 571.3400 (-0.95%)
  DOT: 0.8378 (-2.27%)
  LINK: 8.6370 (-0.74%)
  XRP: 1.1382 (+0.25%)
==================================================
[2026-07-22 21:00:31] 
==================================================
📊 整点汇报 2026-07-22 21:00
恐惧贪婪指数: 33 (恐惧)
今日PnL: -1.33 USDT (-1.3%)
持仓数: 4/4
  🟢 LINK LONG @8.7180 现价:8.5840 PnL:-3.07U (-1.54%)
  🔴 BTC SHORT @66123.0000 现价:65610.0000 PnL:+1.54U (+0.78%)
  🔴 SOL SHORT @77.0400 现价:77.2000 PnL:-0.42U (-0.21%)
  🔴 BNB SHORT @568.9800 现价:570.5200 PnL:-0.54U (-0.27%)
  BTC: 65610.0000 (-1.34%)
  ETH: 1916.2900 (-1.32%)
  SOL: 77.2000 (-1.63%)
  BNB: 570.5200 (-1.30%)
  DOT: 0.8361 (-2.73%)
  LINK: 8.5840 (-1.31%)
  XRP: 1.1362 (-0.38%)
==================================================
[2026-07-22 22:00:18] 
==================================================
📊 整点汇报 2026-07-22 22:00
恐惧贪婪指数: 33 (恐惧)
今日PnL: -1.33 USDT (-1.3%)
持仓数: 4/4
  🟢 LINK LONG @8.7180 现价:8.6820 PnL:-0.83U (-0.41%)
  🔴 BTC SHORT @66123.0000 现价:65912.0000 PnL:+0.63U (+0.32%)
  🔴 SOL SHORT @77.0400 现价:77.8400 PnL:-2.08U (-1.04%)
  🔴 BNB SHORT @568.9800 现价:572.8500 PnL:-1.35U (-0.68%)
  BTC: 65912.0000 (-1.08%)
  ETH: 1936.9500 (+0.17%)
  SOL: 77.8400 (-0.87%)
  BNB: 572.8500 (-0.93%)
  DOT: 0.8402 (-2.13%)
  LINK: 8.6820 (-0.48%)
  XRP: 1.1422 (+0.17%)
==================================================
[2026-07-22 23:00:31] 
==================================================
📊 整点汇报 2026-07-22 23:00
恐惧贪婪指数: 33 (恐惧)
今日PnL: -1.33 USDT (-1.3%)
持仓数: 4/4
  🟢 LINK LONG @8.7180 现价:8.6470 PnL:-1.63U (-0.81%)
  🔴 BTC SHORT @66123.0000 现价:65743.5000 PnL:+1.14U (+0.57%)
  🔴 SOL SHORT @77.0400 现价:77.6500 PnL:-1.59U (-0.79%)
  🔴 BNB SHORT @568.9800 现价:571.1700 PnL:-0.77U (-0.38%)
  BTC: 65743.5000 (-1.58%)
  ETH: 1931.9300 (-0.01%)
  SOL: 77.6500 (-0.42%)
  BNB: 571.1700 (-0.87%)
  DOT: 0.8381 (-2.27%)
  LINK: 8.6470 (-0.38%)
  XRP: 1.1413 (-0.58%)
==================================================
