[2026-07-12 00:00:53] 
==================================================
📊 整点汇报 2026-07-12 00:00
恐惧贪婪指数: 26 (恐惧)
今日PnL: +0.00 USDT (+0.0%)
持仓数: 4/4
  🟢 ETH LONG @1799.1511 现价:1814.2200 PnL:+1.67U (+0.84%)
  🔴 XRP SHORT @1.1056 现价:1.1127 PnL:-1.28U (-0.64%)
  🔴 BNB SHORT @572.3300 现价:580.2000 PnL:-2.75U (-1.38%)
  🟢 BTC LONG @64423.9000 现价:64134.5000 PnL:-0.87U (-0.45%)
  BTC: 64134.5000 (+0.21%)
  ETH: 1814.2200 (+1.40%)
  SOL: 78.3400 (+0.33%)
  BNB: 580.2000 (+1.07%)
  DOT: 0.8800 (+0.80%)
  LINK: 8.0590 (+1.79%)
  XRP: 1.1127 (+0.93%)
==================================================
[2026-07-12 01:05:33] 
==================================================
📊 整点汇报 2026-07-12 01:04
恐惧贪婪指数: 50 (中性)
今日PnL: +0.00 USDT (+0.0%)
持仓数: 0/4
  BTC: 64190.0000 (+0.00%)
  ETH: 1820.0100 (+1.59%)
  SOL: 78.1700 (+0.35%)
  BNB: 580.4800 (+0.82%)
  DOT: 0.8780 (+0.00%)
  LINK: 8.0600 (+1.67%)
  XRP: 1.1152 (+1.26%)
==================================================
[2026-07-12 02:04:08] 
==================================================
📊 整点汇报 2026-07-12 02:02
恐惧贪婪指数: 50 (中性)
今日PnL: +0.00 USDT (+0.0%)
持仓数: 0/4
  BTC: 64190.0000 (+0.00%)
  ETH: 1820.0100 (+1.59%)
  SOL: 78.1700 (+0.35%)
  BNB: 580.4800 (+0.82%)
  DOT: 0.8780 (+0.00%)
  LINK: 8.0600 (+1.67%)
  XRP: 1.1152 (+1.26%)
==================================================
[2026-07-12 03:03:07] 
==================================================
📊 整点汇报 2026-07-12 03:01
恐惧贪婪指数: 50 (中性)
今日PnL: +0.00 USDT (+0.0%)
持仓数: 0/4
  BTC: 64190.0000 (+0.00%)
  ETH: 1820.0100 (+1.59%)
  SOL: 78.1700 (+0.35%)
  BNB: 580.4800 (+0.82%)
  DOT: 0.8780 (+0.00%)
  LINK: 8.0600 (+1.67%)
  XRP: 1.1152 (+1.26%)
==================================================
[2026-07-12 04:02:10] 
==================================================
📊 整点汇报 2026-07-12 04:00
恐惧贪婪指数: 50 (中性)
今日PnL: +0.00 USDT (+0.0%)
持仓数: 0/4
  BTC: 64190.0000 (+0.00%)
  ETH: 1820.0100 (+1.59%)
  SOL: 78.1700 (+0.35%)
  BNB: 580.4800 (+0.82%)
  DOT: 0.8780 (+0.00%)
  LINK: 8.0600 (+1.67%)
  XRP: 1.1152 (+1.26%)
==================================================
[2026-07-12 05:01:43] 
==================================================
📊 整点汇报 2026-07-12 05:00
恐惧贪婪指数: 50 (中性)
今日PnL: +0.00 USDT (+0.0%)
持仓数: 0/4
  BTC: 64190.0000 (+0.00%)
  ETH: 1820.0100 (+1.59%)
  SOL: 78.1700 (+0.35%)
  BNB: 580.4800 (+0.82%)
  DOT: 0.8780 (+0.00%)
  LINK: 8.0600 (+1.67%)
  XRP: 1.1152 (+1.26%)
==================================================
[2026-07-12 06:06:30] 
==================================================
📊 整点汇报 2026-07-12 06:05
恐惧贪婪指数: 50 (中性)
今日PnL: +0.00 USDT (+0.0%)
持仓数: 0/4
  BTC: 64190.0000 (+0.00%)
  ETH: 1820.0100 (+1.59%)
  SOL: 78.1700 (+0.35%)
  BNB: 580.4800 (+0.82%)
  DOT: 0.8780 (+0.00%)
  LINK: 8.0600 (+1.67%)
  XRP: 1.1152 (+1.26%)
==================================================
[2026-07-12 07:05:03] 
==================================================
📊 整点汇报 2026-07-12 07:03
恐惧贪婪指数: 50 (中性)
今日PnL: +0.00 USDT (+0.0%)
持仓数: 0/4
  BTC: 64190.0000 (+0.00%)
  ETH: 1820.0100 (+1.59%)
  SOL: 78.1700 (+0.35%)
  BNB: 580.4800 (+0.82%)
  DOT: 0.8780 (+0.00%)
  LINK: 8.0600 (+1.67%)
  XRP: 1.1152 (+1.26%)
==================================================
[2026-07-12 08:04:03] 
==================================================
📊 整点汇报 2026-07-12 08:02
恐惧贪婪指数: 50 (中性)
今日PnL: +0.00 USDT (+0.0%)
持仓数: 0/4
  BTC: 64190.0000 (+0.00%)
  ETH: 1820.0100 (+1.59%)
  SOL: 78.1700 (+0.35%)
  BNB: 580.4800 (+0.82%)
  DOT: 0.8780 (+0.00%)
  LINK: 8.0600 (+1.67%)
  XRP: 1.1152 (+1.26%)
==================================================
[2026-07-12 09:03:06] 
==================================================
📊 整点汇报 2026-07-12 09:01
恐惧贪婪指数: 50 (中性)
今日PnL: +0.00 USDT (+0.0%)
持仓数: 0/4
  BTC: 64190.0000 (+0.00%)
  ETH: 1820.0100 (+1.59%)
  SOL: 78.1700 (+0.35%)
  BNB: 580.4800 (+0.82%)
  DOT: 0.8780 (+0.00%)
  LINK: 8.0600 (+1.67%)
  XRP: 1.1152 (+1.26%)
==================================================
[2026-07-12 10:02:15] 
==================================================
📊 整点汇报 2026-07-12 10:00
恐惧贪婪指数: 50 (中性)
今日PnL: +0.00 USDT (+0.0%)
持仓数: 0/4
  BTC: 64190.0000 (+0.00%)
  ETH: 1820.0100 (+1.59%)
  SOL: 78.1700 (+0.35%)
  BNB: 580.4800 (+0.82%)
  DOT: 0.8780 (+0.00%)
  LINK: 8.0600 (+1.67%)
  XRP: 1.1152 (+1.26%)
==================================================
[2026-07-12 11:00:54] 
==================================================
📊 整点汇报 2026-07-12 11:00
恐惧贪婪指数: 26 (恐惧)
今日PnL: +0.00 USDT (+0.0%)
持仓数: 4/4
  🟢 ETH LONG @1799.1511 现价:1805.1000 PnL:+0.66U (+0.33%)
  🔴 XRP SHORT @1.1056 现价:1.0958 PnL:+1.77U (+0.89%)
  🟢 BTC LONG @64110.0000 现价:64060.0000 PnL:-0.15U (-0.08%)
  🔴 BNB SHORT @572.3300 现价:574.6500 PnL:-0.81U (-0.41%)
  BTC: 64060.0000 (-0.09%)
  ETH: 1805.1000 (+0.57%)
  SOL: 76.8300 (-1.20%)
  BNB: 574.6500 (-0.13%)
  DOT: 0.8550 (+0.00%)
  LINK: 7.9740 (-0.10%)
  XRP: 1.0958 (-0.91%)
==================================================
[2026-07-12 12:00:31] 
==================================================
📊 整点汇报 2026-07-12 12:00
恐惧贪婪指数: 26 (恐惧)
今日PnL: +0.00 USDT (+0.0%)
持仓数: 4/4
  🟢 ETH LONG @1799.1511 现价:1809.9900 PnL:+1.20U (+0.60%)
  🔴 XRP SHORT @1.1056 现价:1.0990 PnL:+1.19U (+0.60%)
  🟢 BTC LONG @64110.0000 现价:64150.0000 PnL:+0.12U (+0.06%)
  🔴 BNB SHORT @572.3300 现价:575.6100 PnL:-1.15U (-0.57%)
  BTC: 64150.0000 (+0.01%)
  ETH: 1809.9900 (+0.78%)
  SOL: 76.9800 (-1.04%)
  BNB: 575.6100 (+0.00%)
  DOT: 0.8570 (-2.83%)
  LINK: 8.0330 (+0.47%)
  XRP: 1.0990 (-0.73%)
==================================================
[2026-07-12 13:00:40] 
==================================================
📊 整点汇报 2026-07-12 13:00
恐惧贪婪指数: 26 (恐惧)
今日PnL: +0.00 USDT (+0.0%)
持仓数: 4/4
  🟢 ETH LONG @1799.1511 现价:1804.0900 PnL:+0.55U (+0.27%)
  🔴 XRP SHORT @1.1056 现价:1.0948 PnL:+1.95U (+0.98%)
  🟢 BTC LONG @64110.0000 现价:63981.5000 PnL:-0.39U (-0.20%)
  🔴 BNB SHORT @572.3300 现价:574.5100 PnL:-0.76U (-0.38%)
  BTC: 63981.5000 (-0.18%)
  ETH: 1804.0900 (+0.00%)
  SOL: 76.6400 (-1.30%)
  BNB: 574.5100 (-0.16%)
  DOT: 0.8530 (-2.96%)
  LINK: 8.0010 (+0.03%)
  XRP: 1.0948 (-0.82%)
==================================================
[2026-07-12 14:00:26] 
==================================================
📊 整点汇报 2026-07-12 14:00
恐惧贪婪指数: 26 (恐惧)
今日PnL: +0.00 USDT (+0.0%)
持仓数: 4/4
  🟢 ETH LONG @1799.1511 现价:1803.2700 PnL:+0.46U (+0.23%)
  🔴 XRP SHORT @1.1056 现价:1.0944 PnL:+2.03U (+1.01%)
  🟢 BTC LONG @64110.0000 现价:63959.7000 PnL:-0.45U (-0.23%)
  🔴 BNB SHORT @572.3300 现价:573.5800 PnL:-0.44U (-0.22%)
  BTC: 63959.7000 (-0.28%)
  ETH: 1803.2700 (+0.34%)
  SOL: 76.4200 (-1.77%)
  BNB: 573.5800 (+0.00%)
  DOT: 0.8530 (-2.85%)
  LINK: 7.9960 (+0.00%)
  XRP: 1.0944 (-1.02%)
==================================================
[2026-07-12 15:01:39] 
==================================================
📊 整点汇报 2026-07-12 15:01
恐惧贪婪指数: 50 (中性)
今日PnL: +0.00 USDT (+0.0%)
持仓数: 4/4
  🟢 ETH LONG @1799.1511 现价:1794.0000 PnL:-0.57U (-0.29%)
  🔴 XRP SHORT @1.1056 现价:1.0912 PnL:+2.60U (+1.30%)
  🟢 BTC LONG @64110.0000 现价:63732.8000 PnL:-1.13U (-0.59%)
  🔴 BNB SHORT @572.3300 现价:572.0900 PnL:+0.08U (+0.04%)
  BTC: 63732.8000 (-0.77%)
  ETH: 1794.0000 (-0.25%)
  SOL: 76.3100 (+0.00%)
  BNB: 572.0900 (+0.00%)
  DOT: 0.8480 (-3.42%)
  LINK: 7.9600 (-0.25%)
  XRP: 1.0912 (-1.42%)
==================================================
[2026-07-12 16:01:21] 
==================================================
📊 整点汇报 2026-07-12 16:00
恐惧贪婪指数: 26 (恐惧)
今日PnL: +0.00 USDT (+0.0%)
持仓数: 4/4
  🟢 ETH LONG @1799.1511 现价:1797.9800 PnL:-0.13U (-0.07%)
  🔴 XRP SHORT @1.1056 现价:1.0908 PnL:+2.68U (+1.34%)
  🟢 BTC LONG @64110.0000 现价:63870.0000 PnL:-0.72U (-0.37%)
  🔴 BNB SHORT @572.3300 现价:572.5400 PnL:-0.07U (-0.04%)
  BTC: 63870.0000 (-0.41%)
  ETH: 1797.9800 (-0.04%)
  SOL: 76.4500 (-1.95%)
  BNB: 572.5400 (-0.83%)
  DOT: 0.8470 (-3.31%)
  LINK: 7.9700 (-0.21%)
  XRP: 1.0908 (+0.00%)
==================================================
[2026-07-12 17:00:37] 
==================================================
📊 整点汇报 2026-07-12 17:00
恐惧贪婪指数: 26 (恐惧)
今日PnL: +0.00 USDT (+0.0%)
持仓数: 4/4
  🟢 ETH LONG @1799.1511 现价:1804.3500 PnL:+0.58U (+0.29%)
  🔴 XRP SHORT @1.1056 现价:1.0932 PnL:+2.24U (+1.12%)
  🟢 BTC LONG @64110.0000 现价:63951.7000 PnL:-0.47U (-0.25%)
  🔴 BNB SHORT @572.3300 现价:574.0000 PnL:-0.58U (-0.29%)
  BTC: 63951.7000 (-0.43%)
  ETH: 1804.3500 (+0.23%)
  SOL: 76.6600 (-1.86%)
  BNB: 574.0000 (+0.00%)
  DOT: 0.8490 (-3.52%)
  LINK: 8.0150 (+0.16%)
  XRP: 1.0932 (-1.30%)
==================================================
[2026-07-12 18:01:18] 
==================================================
📊 整点汇报 2026-07-12 18:00
恐惧贪婪指数: 26 (恐惧)
今日PnL: +0.00 USDT (+0.0%)
持仓数: 4/4
  🟢 ETH LONG @1799.1511 现价:1801.7500 PnL:+0.29U (+0.14%)
  🔴 XRP SHORT @1.1056 现价:1.0943 PnL:+2.04U (+1.02%)
  🟢 BTC LONG @64110.0000 现价:63932.0000 PnL:-0.53U (-0.28%)
  🔴 BNB SHORT @572.3300 现价:574.8300 PnL:-0.88U (-0.44%)
  BTC: 63932.0000 (-0.33%)
  ETH: 1801.7500 (+0.39%)
  SOL: 76.7100 (-1.40%)
  BNB: 574.8300 (-0.56%)
  DOT: 0.8460 (-3.86%)
  LINK: 8.0230 (+0.63%)
  XRP: 1.0943 (-1.06%)
==================================================
[2026-07-12 19:00:17] 
==================================================
📊 整点汇报 2026-07-12 19:00
恐惧贪婪指数: 26 (恐惧)
今日PnL: +0.00 USDT (+0.0%)
持仓数: 4/4
  🟢 ETH LONG @1799.1511 现价:1798.8400 PnL:-0.03U (-0.02%)
  🔴 XRP SHORT @1.1056 现价:1.0941 PnL:+2.08U (+1.04%)
  🟢 BTC LONG @64110.0000 现价:63856.9000 PnL:-0.76U (-0.39%)
  🔴 BNB SHORT @572.3300 现价:574.4800 PnL:-0.75U (-0.38%)
  BTC: 63856.9000 (+0.00%)
  ETH: 1798.8400 (+0.06%)
  SOL: 76.6700 (-1.74%)
  BNB: 574.4800 (-0.87%)
  DOT: 0.8450 (-3.76%)
  LINK: 8.0180 (+0.49%)
  XRP: 1.0941 (-1.28%)
==================================================
[2026-07-12 20:01:41] 
==================================================
📊 整点汇报 2026-07-12 20:01
恐惧贪婪指数: 26 (恐惧)
今日PnL: +0.00 USDT (+0.0%)
持仓数: 4/4
  🟢 ETH LONG @1799.1511 现价:1803.7300 PnL:+0.51U (+0.25%)
  🔴 XRP SHORT @1.1056 现价:1.0959 PnL:+1.75U (+0.88%)
  🟢 BTC LONG @64110.0000 现价:63966.0000 PnL:-0.43U (-0.22%)
  🔴 BNB SHORT @572.3300 现价:580.6700 PnL:-2.92U (-1.46%)
  BTC: 63966.0000 (-0.33%)
  ETH: 1803.7300 (+0.23%)
  SOL: 76.9000 (+0.00%)
  BNB: 580.6700 (+0.18%)
  DOT: 0.8480 (-3.41%)
  LINK: 8.0270 (+0.34%)
  XRP: 1.0959 (-1.12%)
==================================================
[2026-07-12 21:01:10] 
==================================================
📊 整点汇报 2026-07-12 21:00
恐惧贪婪指数: 26 (恐惧)
今日PnL: -3.82 USDT (-3.8%)
持仓数: 3/4
  🟢 ETH LONG @1799.1511 现价:1807.1400 PnL:+0.89U (+0.44%)
  🔴 XRP SHORT @1.1056 现价:1.0982 PnL:+1.34U (+0.67%)
  🟢 BTC LONG @64110.0000 现价:64004.6000 PnL:-0.32U (-0.16%)
  BTC: 64004.6000 (-0.19%)
  ETH: 1807.1400 (+0.41%)
  SOL: 77.1500 (-1.18%)
  BNB: 582.8000 (+0.49%)
  DOT: 0.8460 (-3.54%)
  LINK: 8.0430 (+0.24%)
  XRP: 1.0982 (+0.00%)
==================================================
[2026-07-12 22:00:57] 
==================================================
📊 整点汇报 2026-07-12 22:00
恐惧贪婪指数: 26 (恐惧)
今日PnL: -3.82 USDT (-3.8%)
持仓数: 3/4
  🟢 ETH LONG @1799.1511 现价:1805.0000 PnL:+0.65U (+0.33%)
  🔴 XRP SHORT @1.1056 现价:1.0977 PnL:+1.43U (+0.71%)
  🟢 BTC LONG @64110.0000 现价:64005.8000 PnL:-0.31U (-0.16%)
  BTC: 64005.8000 (-0.32%)
  ETH: 1805.0000 (+0.21%)
  SOL: 77.1200 (-1.29%)
  BNB: 581.4900 (+0.00%)
  DOT: 0.8420 (-4.10%)
  LINK: 8.0590 (-0.03%)
  XRP: 1.0977 (-0.99%)
==================================================
[2026-07-12 23:00:23] 
==================================================
📊 整点汇报 2026-07-12 23:00
恐惧贪婪指数: 26 (恐惧)
今日PnL: -3.82 USDT (-3.8%)
持仓数: 3/4
  🟢 ETH LONG @1799.1511 现价:1819.2000 PnL:+2.23U (+1.11%)
  🔴 XRP SHORT @1.1056 现价:1.1014 PnL:+0.76U (+0.38%)
  🟢 BTC LONG @64110.0000 现价:64183.4000 PnL:+0.22U (+0.11%)
  BTC: 64183.4000 (-0.24%)
  ETH: 1819.2000 (+0.45%)
  SOL: 77.5500 (-1.20%)
  BNB: 582.1000 (+0.00%)
  DOT: 0.8440 (-3.98%)
  LINK: 8.0830 (+0.00%)
  XRP: 1.1014 (-1.10%)
==================================================
