[2026-06-19 00:00:29] 
==================================================
📊 整点汇报 2026-06-19 00:00
恐惧贪婪指数: 15 (极度恐惧)
今日PnL: +0.00 USDT (+0.0%)
持仓数: 4/4
  🔴 DOT SHORT @0.9700 现价:0.9450 PnL:+5.16U (+2.58%)
  🟢 BNB LONG @577.3100 现价:575.7700 PnL:-0.54U (-0.27%)
  🔴 XRP SHORT @1.1804 现价:1.1377 PnL:+7.23U (+3.62%)
  🔴 LINK SHORT @7.8840 现价:7.7860 PnL:+2.49U (+1.24%)
  BTC: 62387.9000 (-4.54%)
  ETH: 1685.5000 (-4.76%)
  SOL: 68.4200 (-7.14%)
  BNB: 575.7700 (-5.12%)
  DOT: 0.9450 (-8.88%)
  LINK: 7.7860 (-6.01%)
  XRP: 1.1377 (-5.30%)
==================================================
[2026-06-19 00:05:11] ✅ 平仓 DOT SL | 入场:0.9700 出场:0.9500 | PnL:2.06% (+4.12USDT) | 平100%仓 | ✅ 平仓成功
[2026-06-19 00:05:31] ❌ 平仓 DOT TP1 | 入场:0.9509 出场:0.9500 | PnL:-0.10% (-0.01USDT) | 平100%仓 | ✅ 平仓成功
[2026-06-19 00:27:44] ✅ 平仓 XRP SL | 入场:1.1804 出场:1.1453 | PnL:2.97% (+5.95USDT) | 平100%仓 | ✅ 平仓成功
[2026-06-19 01:00:24] 
==================================================
📊 整点汇报 2026-06-19 01:00
恐惧贪婪指数: 15 (极度恐惧)
今日PnL: +9.50 USDT (+9.5%)
持仓数: 2/4
  🟢 BNB LONG @577.3100 现价:577.6100 PnL:+0.10U (+0.05%)
  🔴 LINK SHORT @7.8840 现价:7.8450 PnL:+0.99U (+0.49%)
  BTC: 62650.0000 (-4.13%)
  ETH: 1685.7500 (-4.45%)
  SOL: 69.0300 (-6.55%)
  BNB: 577.6100 (-4.97%)
  DOT: 0.9560 (-7.00%)
  LINK: 7.8450 (-5.07%)
  XRP: 1.1465 (-5.75%)
==================================================
[2026-06-19 01:05:13] 🔴 开空 ETH @1683.23 | 评分:80 | 状态:ranging | AI:做空(85%) | ✅ 下单成功
[2026-06-19 01:29:48] 🔴 开空 ETH @1683.25 | 评分:70 | 状态:ranging | ❌ 下单失败：请求异常：HTTPSConnectionPool(host='testnet.binancefuture.com', port=443): Max retries exceeded with url: /fapi/v1/order?symbol=ETHUSDT&side=SELL&type=MARKET&quantity=0.119&reduceOnly=false&timestamp=1781803765250&recvWindow=30000&newClientOrderId=oc_1781803765_057f091e6a&signature=2602c7d466ba0dd4c8ec7264b78bdcb710a1576fbf9d76b5668b5cc9804a564c (Caused by SSLError(SSLEOFError(8, '[SSL: UNEXPECTED_EOF_WHILE_READING] EOF occurred in violation of protocol (_ssl.c:1033)')))
[2026-06-19 01:36:39] 🔴 开空 ETH @1683.25 | 评分:70 | 状态:ranging | ❌ 下单失败：请求异常：HTTPSConnectionPool(host='testnet.binancefuture.com', port=443): Max retries exceeded with url: /fapi/v1/order?symbol=ETHUSDT&side=SELL&type=MARKET&quantity=0.119&reduceOnly=false&timestamp=1781804175323&recvWindow=30000&newClientOrderId=oc_1781804175_d76c6af25b&signature=b335f2d02dd08bc9d1d7bfafed079def44d3afa9d23aa7c3063e5bba57e881d2 (Caused by SSLError(SSLEOFError(8, '[SSL: UNEXPECTED_EOF_WHILE_READING] EOF occurred in violation of protocol (_ssl.c:1033)')))
[2026-06-19 01:43:29] 🔴 开空 ETH @1683.25 | 评分:70 | 状态:ranging | ❌ 下单失败：请求异常：HTTPSConnectionPool(host='testnet.binancefuture.com', port=443): Max retries exceeded with url: /fapi/v1/order?symbol=ETHUSDT&side=SELL&type=MARKET&quantity=0.119&reduceOnly=false&timestamp=1781804590708&recvWindow=30000&newClientOrderId=oc_1781804590_ba3bcdd1d8&signature=b68df547a8723867b4b78105c632b8af39c7334f10eeadfa4ac716bc1bb37747 (Caused by SSLError(SSLEOFError(8, '[SSL: UNEXPECTED_EOF_WHILE_READING] EOF occurred in violation of protocol (_ssl.c:1033)')))
[2026-06-19 01:50:29] 🔴 开空 ETH @1683.25 | 评分:70 | 状态:ranging | ❌ 下单失败：请求异常：HTTPSConnectionPool(host='testnet.binancefuture.com', port=443): Max retries exceeded with url: /fapi/v1/order?symbol=ETHUSDT&side=SELL&type=MARKET&quantity=0.119&reduceOnly=false&timestamp=1781805005944&recvWindow=30000&newClientOrderId=oc_1781805005_59dacfb15a&signature=5fefa3682fa821e98bf4e64f6680c960f1ff774b6ccd692efb55f0ff35bd69aa (Caused by SSLError(SSLEOFError(8, '[SSL: UNEXPECTED_EOF_WHILE_READING] EOF occurred in violation of protocol (_ssl.c:1033)')))
[2026-06-19 01:57:39] 🔴 开空 ETH @1683.25 | 评分:70 | 状态:ranging | ❌ 下单失败：请求异常：HTTPSConnectionPool(host='testnet.binancefuture.com', port=443): Max retries exceeded with url: /fapi/v1/order?symbol=ETHUSDT&side=SELL&type=MARKET&quantity=0.119&reduceOnly=false&timestamp=1781805435893&recvWindow=30000&newClientOrderId=oc_1781805435_a0b60b1656&signature=cb07f9b94839b16326a75c98d1ef2db2f08c8f986f17ea8d9fc1a5d839ccfb60 (Caused by SSLError(SSLEOFError(8, '[SSL: UNEXPECTED_EOF_WHILE_READING] EOF occurred in violation of protocol (_ssl.c:1033)')))
[2026-06-19 02:05:18] 🔴 开空 ETH @1683.25 | 评分:70 | 状态:ranging | ❌ 下单失败：请求异常：HTTPSConnectionPool(host='testnet.binancefuture.com', port=443): Max retries exceeded with url: /fapi/v1/order?symbol=ETHUSDT&side=SELL&type=MARKET&quantity=0.119&reduceOnly=false&timestamp=1781805896119&recvWindow=30000&newClientOrderId=oc_1781805896_8d81cd8724&signature=cf25ce9c553327a56d980107fd02b74fc2c5b1c0af24ba47267302b3c1a47ad5 (Caused by SSLError(SSLEOFError(8, '[SSL: UNEXPECTED_EOF_WHILE_READING] EOF occurred in violation of protocol (_ssl.c:1033)')))
[2026-06-19 02:06:42] 
==================================================
📊 整点汇报 2026-06-19 02:05
恐惧贪婪指数: 50 (中性)
今日PnL: +9.50 USDT (+9.5%)
持仓数: 0/4
  BTC: 62464.8000 (-4.39%)
  ETH: 1683.2500 (-4.67%)
  SOL: 68.8800 (-6.31%)
  BNB: 576.3600 (-4.82%)
  DOT: 0.9520 (-7.03%)
  LINK: 7.8250 (-5.01%)
  XRP: 1.1446 (-5.35%)
==================================================
[2026-06-19 02:18:18] 🔴 开空 ETH @1683.25 | 评分:70 | 状态:ranging | ❌ 下单失败：请求异常：HTTPSConnectionPool(host='testnet.binancefuture.com', port=443): Max retries exceeded with url: /fapi/v1/order?symbol=ETHUSDT&side=SELL&type=MARKET&quantity=0.119&reduceOnly=false&timestamp=1781806672592&recvWindow=30000&newClientOrderId=oc_1781806672_c3a12badb3&signature=e0f509ea952a72b38038db3edcee8e92120c92b856161c6419f987e464610842 (Caused by SSLError(SSLEOFError(8, '[SSL: UNEXPECTED_EOF_WHILE_READING] EOF occurred in violation of protocol (_ssl.c:1033)')))
[2026-06-19 02:25:13] 🔴 开空 ETH @1683.25 | 评分:70 | 状态:ranging | ❌ 下单失败：请求异常：HTTPSConnectionPool(host='testnet.binancefuture.com', port=443): Max retries exceeded with url: /fapi/v1/order?symbol=ETHUSDT&side=SELL&type=MARKET&quantity=0.119&reduceOnly=false&timestamp=1781807089784&recvWindow=30000&newClientOrderId=oc_1781807089_3224fb87ad&signature=865e4d89e78da28a7a0cf93fd7416c1bdd52afadd811c6fadf437cd24d276b33 (Caused by SSLError(SSLEOFError(8, '[SSL: UNEXPECTED_EOF_WHILE_READING] EOF occurred in violation of protocol (_ssl.c:1033)')))
[2026-06-19 02:32:17] 🔴 开空 ETH @1683.25 | 评分:70 | 状态:ranging | ❌ 下单失败：请求异常：HTTPSConnectionPool(host='testnet.binancefuture.com', port=443): Max retries exceeded with url: /fapi/v1/order?symbol=ETHUSDT&side=SELL&type=MARKET&quantity=0.119&reduceOnly=false&timestamp=1781807513055&recvWindow=30000&newClientOrderId=oc_1781807513_92103baacd&signature=b73a2d59c59957a7bcde792b7225ec0634056c4b0a70f967e924fcae24eed98d (Caused by SSLError(SSLEOFError(8, '[SSL: UNEXPECTED_EOF_WHILE_READING] EOF occurred in violation of protocol (_ssl.c:1033)')))
[2026-06-19 02:39:15] 🔴 开空 ETH @1683.25 | 评分:70 | 状态:ranging | ❌ 下单失败：请求异常：HTTPSConnectionPool(host='testnet.binancefuture.com', port=443): Max retries exceeded with url: /fapi/v1/order?symbol=ETHUSDT&side=SELL&type=MARKET&quantity=0.119&reduceOnly=false&timestamp=1781807932560&recvWindow=30000&newClientOrderId=oc_1781807932_0ade7e6d8c&signature=206ebf2b778b6b44a2bc7970af6a5711737e1c259be465bbe76e4774725bd6c1 (Caused by SSLError(SSLEOFError(8, '[SSL: UNEXPECTED_EOF_WHILE_READING] EOF occurred in violation of protocol (_ssl.c:1033)')))
[2026-06-19 02:46:48] 🔴 开空 ETH @1683.25 | 评分:70 | 状态:ranging | ❌ 下单失败：请求异常：HTTPSConnectionPool(host='testnet.binancefuture.com', port=443): Max retries exceeded with url: /fapi/v1/order?symbol=ETHUSDT&side=SELL&type=MARKET&quantity=0.119&reduceOnly=false&timestamp=1781808385329&recvWindow=30000&newClientOrderId=oc_1781808385_ada588ff58&signature=891d9a8b2ab7b92bcdeb52147ccec059220b834b2ee2568ed329f71af071a627 (Caused by SSLError(SSLEOFError(8, '[SSL: UNEXPECTED_EOF_WHILE_READING] EOF occurred in violation of protocol (_ssl.c:1033)')))
[2026-06-19 02:53:51] 🔴 开空 ETH @1683.25 | 评分:70 | 状态:ranging | ❌ 下单失败：请求异常：HTTPSConnectionPool(host='testnet.binancefuture.com', port=443): Max retries exceeded with url: /fapi/v1/order?symbol=ETHUSDT&side=SELL&type=MARKET&quantity=0.119&reduceOnly=false&timestamp=1781808808105&recvWindow=30000&newClientOrderId=oc_1781808808_c695de9ee2&signature=eb2b7735ac3e9499ed3e1e690acb92dbdf51ad34898b9bba3eb03150c712b3ff (Caused by SSLError(SSLEOFError(8, '[SSL: UNEXPECTED_EOF_WHILE_READING] EOF occurred in violation of protocol (_ssl.c:1033)')))
[2026-06-19 03:01:01] 🔴 开空 ETH @1683.25 | 评分:70 | 状态:ranging | ❌ 下单失败：请求异常：HTTPSConnectionPool(host='testnet.binancefuture.com', port=443): Max retries exceeded with url: /fapi/v1/order?symbol=ETHUSDT&side=SELL&type=MARKET&quantity=0.119&reduceOnly=false&timestamp=1781809236360&recvWindow=30000&newClientOrderId=oc_1781809236_577934009a&signature=d9463048ba07eff20848a49b2f7a511c07236a0715bfea5aa11f6865c9d04f6f (Caused by SSLError(SSLEOFError(8, '[SSL: UNEXPECTED_EOF_WHILE_READING] EOF occurred in violation of protocol (_ssl.c:1033)')))
[2026-06-19 03:02:29] 
==================================================
📊 整点汇报 2026-06-19 03:01
恐惧贪婪指数: 50 (中性)
今日PnL: +9.50 USDT (+9.5%)
持仓数: 0/4
  BTC: 62464.8000 (-4.39%)
  ETH: 1683.2500 (-4.67%)
  SOL: 68.8800 (-6.31%)
  BNB: 576.3600 (-4.82%)
  DOT: 0.9520 (-7.03%)
  LINK: 7.8250 (-5.01%)
  XRP: 1.1446 (-5.35%)
==================================================
[2026-06-19 03:13:51] 🔴 开空 ETH @1683.25 | 评分:70 | 状态:ranging | ❌ 下单失败：请求异常：HTTPSConnectionPool(host='testnet.binancefuture.com', port=443): Max retries exceeded with url: /fapi/v1/order?symbol=ETHUSDT&side=SELL&type=MARKET&quantity=0.119&reduceOnly=false&timestamp=1781810009563&recvWindow=30000&newClientOrderId=oc_1781810009_17ecf9fbf4&signature=ea0b0c34408dc62a2e13f539d489ea66d77b9228a5bd463f364998692a461756 (Caused by SSLError(SSLEOFError(8, '[SSL: UNEXPECTED_EOF_WHILE_READING] EOF occurred in violation of protocol (_ssl.c:1033)')))
[2026-06-19 03:20:55] 🔴 开空 ETH @1683.25 | 评分:70 | 状态:ranging | ❌ 下单失败：请求异常：HTTPSConnectionPool(host='testnet.binancefuture.com', port=443): Max retries exceeded with url: /fapi/v1/order?symbol=ETHUSDT&side=SELL&type=MARKET&quantity=0.119&reduceOnly=false&timestamp=1781810430393&recvWindow=30000&newClientOrderId=oc_1781810430_2e57ce5fd8&signature=e9c0554b94721c84921748ba7cf0c06e0e83ed31df21c8fb21f62a1d07b07017 (Caused by SSLError(SSLEOFError(8, '[SSL: UNEXPECTED_EOF_WHILE_READING] EOF occurred in violation of protocol (_ssl.c:1033)')))
[2026-06-19 03:28:41] 🔴 开空 ETH @1683.25 | 评分:70 | 状态:ranging | ❌ 下单失败：请求异常：HTTPSConnectionPool(host='testnet.binancefuture.com', port=443): Max retries exceeded with url: /fapi/v1/order?symbol=ETHUSDT&side=SELL&type=MARKET&quantity=0.119&reduceOnly=false&timestamp=1781810896575&recvWindow=30000&newClientOrderId=oc_1781810896_c2d17efb34&signature=7f97b4aa6aee5024ab416ff6745428c03c84dd899bf07ace9c426d648d742770 (Caused by SSLError(SSLEOFError(8, '[SSL: UNEXPECTED_EOF_WHILE_READING] EOF occurred in violation of protocol (_ssl.c:1033)')))
[2026-06-19 03:35:35] 🔴 开空 ETH @1683.25 | 评分:70 | 状态:ranging | ❌ 下单失败：请求异常：HTTPSConnectionPool(host='testnet.binancefuture.com', port=443): Max retries exceeded with url: /fapi/v1/order?symbol=ETHUSDT&side=SELL&type=MARKET&quantity=0.119&reduceOnly=false&timestamp=1781811312212&recvWindow=30000&newClientOrderId=oc_1781811312_39b65691d8&signature=732bea508fe9d0a5ab2c3a2ba9675619c4f022628af9ccd762f792e86e00c1c5 (Caused by SSLError(SSLEOFError(8, '[SSL: UNEXPECTED_EOF_WHILE_READING] EOF occurred in violation of protocol (_ssl.c:1033)')))
[2026-06-19 03:42:51] 🔴 开空 ETH @1683.25 | 评分:70 | 状态:ranging | ❌ 下单失败：请求异常：HTTPSConnectionPool(host='testnet.binancefuture.com', port=443): Max retries exceeded with url: /fapi/v1/order?symbol=ETHUSDT&side=SELL&type=MARKET&quantity=0.119&reduceOnly=false&timestamp=1781811747304&recvWindow=30000&newClientOrderId=oc_1781811747_eeeb4cd375&signature=d488a2fdd25cb4b888a1c563ee16098ed60dbf6b5c0e63095e8a08c3491215d4 (Caused by SSLError(SSLEOFError(8, '[SSL: UNEXPECTED_EOF_WHILE_READING] EOF occurred in violation of protocol (_ssl.c:1033)')))
[2026-06-19 03:49:44] 🔴 开空 ETH @1683.25 | 评分:70 | 状态:ranging | ❌ 下单失败：请求异常：HTTPSConnectionPool(host='testnet.binancefuture.com', port=443): Max retries exceeded with url: /fapi/v1/order?symbol=ETHUSDT&side=SELL&type=MARKET&quantity=0.119&reduceOnly=false&timestamp=1781812162165&recvWindow=30000&newClientOrderId=oc_1781812162_d7d07f8f3c&signature=3d97fa0e595c85561749d771d36147a80d4fe54a77e21ec94ed99406d775577a (Caused by SSLError(SSLEOFError(8, '[SSL: UNEXPECTED_EOF_WHILE_READING] EOF occurred in violation of protocol (_ssl.c:1033)')))
[2026-06-19 03:56:53] 🔴 开空 ETH @1683.25 | 评分:70 | 状态:ranging | ❌ 下单失败：请求异常：HTTPSConnectionPool(host='testnet.binancefuture.com', port=443): Max retries exceeded with url: /fapi/v1/order?symbol=ETHUSDT&side=SELL&type=MARKET&quantity=0.119&reduceOnly=false&timestamp=1781812592568&recvWindow=30000&newClientOrderId=oc_1781812592_8c3fa93e43&signature=c6f84b48cbd1f70db88b8608973c3d7f0ad4e22202fe3cc82abc55c6984ae278 (Caused by SSLError(SSLEOFError(8, '[SSL: UNEXPECTED_EOF_WHILE_READING] EOF occurred in violation of protocol (_ssl.c:1033)')))
[2026-06-19 04:04:35] 🔴 开空 ETH @1683.25 | 评分:70 | 状态:ranging | ❌ 下单失败：请求异常：HTTPSConnectionPool(host='testnet.binancefuture.com', port=443): Max retries exceeded with url: /fapi/v1/order?symbol=ETHUSDT&side=SELL&type=MARKET&quantity=0.119&reduceOnly=false&timestamp=1781813053485&recvWindow=30000&newClientOrderId=oc_1781813053_4e4213321a&signature=9f4a73b70a17e8a1761abfa13e81cba54bdf8c975e3ebeb50f432334b3bfe500 (Caused by SSLError(SSLEOFError(8, '[SSL: UNEXPECTED_EOF_WHILE_READING] EOF occurred in violation of protocol (_ssl.c:1033)')))
[2026-06-19 04:06:00] 
==================================================
📊 整点汇报 2026-06-19 04:04
恐惧贪婪指数: 50 (中性)
今日PnL: +9.50 USDT (+9.5%)
持仓数: 0/4
  BTC: 62464.8000 (-4.39%)
  ETH: 1683.2500 (-4.67%)
  SOL: 68.8800 (-6.31%)
  BNB: 576.3600 (-4.82%)
  DOT: 0.9520 (-7.03%)
  LINK: 7.8250 (-5.01%)
  XRP: 1.1446 (-5.35%)
==================================================
[2026-06-19 04:17:02] 🔴 开空 ETH @1683.25 | 评分:70 | 状态:ranging | ❌ 下单失败：请求异常：HTTPSConnectionPool(host='testnet.binancefuture.com', port=443): Max retries exceeded with url: /fapi/v1/order?symbol=ETHUSDT&side=SELL&type=MARKET&quantity=0.119&reduceOnly=false&timestamp=1781813799998&recvWindow=30000&newClientOrderId=oc_1781813799_d318c42ab2&signature=dbed948da5592f1e6503fd1b6d0dafc56ddcb7e5b142bd709034ba1869b809c3 (Caused by SSLError(SSLEOFError(8, '[SSL: UNEXPECTED_EOF_WHILE_READING] EOF occurred in violation of protocol (_ssl.c:1033)')))
[2026-06-19 04:24:03] 🔴 开空 ETH @1683.25 | 评分:70 | 状态:ranging | ❌ 下单失败：请求异常：HTTPSConnectionPool(host='testnet.binancefuture.com', port=443): Max retries exceeded with url: /fapi/v1/order?symbol=ETHUSDT&side=SELL&type=MARKET&quantity=0.119&reduceOnly=false&timestamp=1781814218864&recvWindow=30000&newClientOrderId=oc_1781814218_2d5990663b&signature=fb969fd906a529653be56fed9acea1a2aaf31fd62609578f129846e294455e59 (Caused by SSLError(SSLEOFError(8, '[SSL: UNEXPECTED_EOF_WHILE_READING] EOF occurred in violation of protocol (_ssl.c:1033)')))
[2026-06-19 04:30:59] 🔴 开空 ETH @1683.25 | 评分:70 | 状态:ranging | ❌ 下单失败：请求异常：HTTPSConnectionPool(host='testnet.binancefuture.com', port=443): Max retries exceeded with url: /fapi/v1/order?symbol=ETHUSDT&side=SELL&type=MARKET&quantity=0.119&reduceOnly=false&timestamp=1781814634554&recvWindow=30000&newClientOrderId=oc_1781814634_5dc339c0c0&signature=b8a09b4b99a4c5fff3fe7c41e83266e10429ccad09bf2c12e82578e32d927dec (Caused by SSLError(SSLEOFError(8, '[SSL: UNEXPECTED_EOF_WHILE_READING] EOF occurred in violation of protocol (_ssl.c:1033)')))
[2026-06-19 04:38:02] 🔴 开空 ETH @1683.25 | 评分:70 | 状态:ranging | ❌ 下单失败：请求异常：HTTPSConnectionPool(host='testnet.binancefuture.com', port=443): Max retries exceeded with url: /fapi/v1/order?symbol=ETHUSDT&side=SELL&type=MARKET&quantity=0.119&reduceOnly=false&timestamp=1781815060916&recvWindow=30000&newClientOrderId=oc_1781815060_5344ca3b62&signature=922cc5ddaf385f0a5fe847b97a1c96c028ebd8b611c4e57feee085ee4277c0a6 (Caused by SSLError(SSLEOFError(8, '[SSL: UNEXPECTED_EOF_WHILE_READING] EOF occurred in violation of protocol (_ssl.c:1033)')))
[2026-06-19 04:45:34] 🔴 开空 ETH @1683.25 | 评分:70 | 状态:ranging | ❌ 下单失败：请求异常：HTTPSConnectionPool(host='testnet.binancefuture.com', port=443): Max retries exceeded with url: /fapi/v1/order?symbol=ETHUSDT&side=SELL&type=MARKET&quantity=0.119&reduceOnly=false&timestamp=1781815510964&recvWindow=30000&newClientOrderId=oc_1781815510_80be91ddb4&signature=494455705891906c6ab686fe4920b45a13feed2720b7e37de9024ed1f2afb9b1 (Caused by SSLError(SSLEOFError(8, '[SSL: UNEXPECTED_EOF_WHILE_READING] EOF occurred in violation of protocol (_ssl.c:1033)')))
[2026-06-19 04:52:33] 🔴 开空 ETH @1683.25 | 评分:70 | 状态:ranging | ❌ 下单失败：请求异常：HTTPSConnectionPool(host='testnet.binancefuture.com', port=443): Max retries exceeded with url: /fapi/v1/order?symbol=ETHUSDT&side=SELL&type=MARKET&quantity=0.119&reduceOnly=false&timestamp=1781815931711&recvWindow=30000&newClientOrderId=oc_1781815931_ed600864fd&signature=16815406bc87a2961413820b14d8b79b5f93c0a631fa3be64afcd71c5fb74089 (Caused by SSLError(SSLEOFError(8, '[SSL: UNEXPECTED_EOF_WHILE_READING] EOF occurred in violation of protocol (_ssl.c:1033)')))
[2026-06-19 04:59:35] 🔴 开空 ETH @1683.25 | 评分:70 | 状态:ranging | ❌ 下单失败：请求异常：HTTPSConnectionPool(host='testnet.binancefuture.com', port=443): Max retries exceeded with url: /fapi/v1/order?symbol=ETHUSDT&side=SELL&type=MARKET&quantity=0.119&reduceOnly=false&timestamp=1781816352437&recvWindow=30000&newClientOrderId=oc_1781816352_35b08b85ae&signature=57c3b756e1b772fef9f788f861bb9a1413a35fdd4428a099ab5ee6a2291bcb25 (Caused by SSLError(SSLEOFError(8, '[SSL: UNEXPECTED_EOF_WHILE_READING] EOF occurred in violation of protocol (_ssl.c:1033)')))
[2026-06-19 05:01:47] 
==================================================
📊 整点汇报 2026-06-19 05:00
恐惧贪婪指数: 50 (中性)
今日PnL: +9.50 USDT (+9.5%)
持仓数: 0/4
  BTC: 62464.8000 (-4.39%)
  ETH: 1683.2500 (-4.67%)
  SOL: 68.8800 (-6.31%)
  BNB: 576.3600 (-4.82%)
  DOT: 0.9520 (-7.03%)
  LINK: 7.8250 (-5.01%)
  XRP: 1.1446 (-5.35%)
==================================================
[2026-06-19 05:12:25] 🔴 开空 ETH @1683.25 | 评分:70 | 状态:ranging | ❌ 下单失败：请求异常：HTTPSConnectionPool(host='testnet.binancefuture.com', port=443): Max retries exceeded with url: /fapi/v1/order?symbol=ETHUSDT&side=SELL&type=MARKET&quantity=0.119&reduceOnly=false&timestamp=1781817122447&recvWindow=30000&newClientOrderId=oc_1781817122_41ce2c465e&signature=f895ccca4daa4b602aac04b389b978cd03936bf0c8d6401afd555c3371ea9442 (Caused by SSLError(SSLEOFError(8, '[SSL: UNEXPECTED_EOF_WHILE_READING] EOF occurred in violation of protocol (_ssl.c:1033)')))
[2026-06-19 05:19:23] 🔴 开空 ETH @1683.25 | 评分:70 | 状态:ranging | ❌ 下单失败：请求异常：HTTPSConnectionPool(host='testnet.binancefuture.com', port=443): Max retries exceeded with url: /fapi/v1/order?symbol=ETHUSDT&side=SELL&type=MARKET&quantity=0.119&reduceOnly=false&timestamp=1781817542213&recvWindow=30000&newClientOrderId=oc_1781817542_2910b35107&signature=96fd084f66a4eb97f5bc3835b4a6414299dfa3bd90ea2f5058906b2b67f4e5a6 (Caused by SSLError(SSLEOFError(8, '[SSL: UNEXPECTED_EOF_WHILE_READING] EOF occurred in violation of protocol (_ssl.c:1033)')))
[2026-06-19 05:26:50] 🔴 开空 ETH @1683.25 | 评分:70 | 状态:ranging | ❌ 下单失败：请求异常：HTTPSConnectionPool(host='testnet.binancefuture.com', port=443): Max retries exceeded with url: /fapi/v1/order?symbol=ETHUSDT&side=SELL&type=MARKET&quantity=0.119&reduceOnly=false&timestamp=1781817987596&recvWindow=30000&newClientOrderId=oc_1781817987_3496f18393&signature=95d4ff6cbfc5b36bbc57392b8a4f3083955ab8964fb7c3cfcb13ab005f36da12 (Caused by SSLError(SSLEOFError(8, '[SSL: UNEXPECTED_EOF_WHILE_READING] EOF occurred in violation of protocol (_ssl.c:1033)')))
[2026-06-19 05:33:44] 🔴 开空 ETH @1683.25 | 评分:70 | 状态:ranging | ❌ 下单失败：请求异常：HTTPSConnectionPool(host='testnet.binancefuture.com', port=443): Max retries exceeded with url: /fapi/v1/order?symbol=ETHUSDT&side=SELL&type=MARKET&quantity=0.119&reduceOnly=false&timestamp=1781818400268&recvWindow=30000&newClientOrderId=oc_1781818400_11a0dcce2b&signature=b6d8bf740f148e4cccfb4c745862f56aa5510632e0eb3aa628115b2ccbb574c2 (Caused by SSLError(SSLEOFError(8, '[SSL: UNEXPECTED_EOF_WHILE_READING] EOF occurred in violation of protocol (_ssl.c:1033)')))
[2026-06-19 05:40:44] 🔴 开空 ETH @1683.25 | 评分:70 | 状态:ranging | ❌ 下单失败：请求异常：HTTPSConnectionPool(host='testnet.binancefuture.com', port=443): Max retries exceeded with url: /fapi/v1/order?symbol=ETHUSDT&side=SELL&type=MARKET&quantity=0.119&reduceOnly=false&timestamp=1781818820534&recvWindow=30000&newClientOrderId=oc_1781818820_e0c80a07af&signature=8d7a3062a650559552e8eb9b0db999fd4db5e5d941503510fa726a14b6ce7bc0 (Caused by SSLError(SSLEOFError(8, '[SSL: UNEXPECTED_EOF_WHILE_READING] EOF occurred in violation of protocol (_ssl.c:1033)')))
[2026-06-19 05:47:40] 🔴 开空 ETH @1683.25 | 评分:70 | 状态:ranging | ❌ 下单失败：请求异常：HTTPSConnectionPool(host='testnet.binancefuture.com', port=443): Max retries exceeded with url: /fapi/v1/order?symbol=ETHUSDT&side=SELL&type=MARKET&quantity=0.119&reduceOnly=false&timestamp=1781819240335&recvWindow=30000&newClientOrderId=oc_1781819240_8f2c3b928c&signature=7dfa6dc6f475f08ed6bfa630c53857af1f04143fab1613da516df0b681febace (Caused by SSLError(SSLEOFError(8, '[SSL: UNEXPECTED_EOF_WHILE_READING] EOF occurred in violation of protocol (_ssl.c:1033)')))
[2026-06-19 05:54:45] 🔴 开空 ETH @1683.25 | 评分:70 | 状态:ranging | ❌ 下单失败：请求异常：HTTPSConnectionPool(host='testnet.binancefuture.com', port=443): Max retries exceeded with url: /fapi/v1/order?symbol=ETHUSDT&side=SELL&type=MARKET&quantity=0.119&reduceOnly=false&timestamp=1781819665223&recvWindow=30000&newClientOrderId=oc_1781819665_3f8c48f8b5&signature=af71c7bcf6719816e083ab1db754470d1bf3ce5772eea94076851926229fb1c1 (Caused by SSLError(SSLEOFError(8, '[SSL: UNEXPECTED_EOF_WHILE_READING] EOF occurred in violation of protocol (_ssl.c:1033)')))
[2026-06-19 06:02:22] 🔴 开空 ETH @1683.25 | 评分:70 | 状态:ranging | ❌ 下单失败：请求异常：HTTPSConnectionPool(host='testnet.binancefuture.com', port=443): Max retries exceeded with url: /fapi/v1/order?symbol=ETHUSDT&side=SELL&type=MARKET&quantity=0.119&reduceOnly=false&timestamp=1781820118019&recvWindow=30000&newClientOrderId=oc_1781820118_55188b7e28&signature=595cfba40dc9609e69609baa8249b97c77d43265ad8e0764dccfc3f976372a79 (Caused by SSLError(SSLEOFError(8, '[SSL: UNEXPECTED_EOF_WHILE_READING] EOF occurred in violation of protocol (_ssl.c:1033)')))
[2026-06-19 06:03:53] 
==================================================
📊 整点汇报 2026-06-19 06:02
恐惧贪婪指数: 50 (中性)
今日PnL: +9.50 USDT (+9.5%)
持仓数: 0/4
  BTC: 62464.8000 (-4.39%)
  ETH: 1683.2500 (-4.67%)
  SOL: 68.8800 (-6.31%)
  BNB: 576.3600 (-4.82%)
  DOT: 0.9520 (-7.03%)
  LINK: 7.8250 (-5.01%)
  XRP: 1.1446 (-5.35%)
==================================================
[2026-06-19 06:15:14] 🔴 开空 ETH @1683.25 | 评分:70 | 状态:ranging | ❌ 下单失败：请求异常：HTTPSConnectionPool(host='testnet.binancefuture.com', port=443): Max retries exceeded with url: /fapi/v1/order?symbol=ETHUSDT&side=SELL&type=MARKET&quantity=0.119&reduceOnly=false&timestamp=1781820891191&recvWindow=30000&newClientOrderId=oc_1781820891_9ad06d7728&signature=ac3ce0784081e2f60705f68aef97028e52a01ffd463939730a35bc96b620aca8 (Caused by SSLError(SSLEOFError(8, '[SSL: UNEXPECTED_EOF_WHILE_READING] EOF occurred in violation of protocol (_ssl.c:1033)')))
[2026-06-19 06:22:20] 🔴 开空 ETH @1683.25 | 评分:70 | 状态:ranging | ❌ 下单失败：请求异常：HTTPSConnectionPool(host='testnet.binancefuture.com', port=443): Max retries exceeded with url: /fapi/v1/order?symbol=ETHUSDT&side=SELL&type=MARKET&quantity=0.119&reduceOnly=false&timestamp=1781821317624&recvWindow=30000&newClientOrderId=oc_1781821317_b47c76e407&signature=49e285c8a8bbd04f03c90f10b85a08e6f01c337cda73973a1f2180d0ebc82c3c (Caused by SSLError(SSLEOFError(8, '[SSL: UNEXPECTED_EOF_WHILE_READING] EOF occurred in violation of protocol (_ssl.c:1033)')))
[2026-06-19 06:29:29] 🔴 开空 ETH @1683.25 | 评分:70 | 状态:ranging | ❌ 下单失败：请求异常：HTTPSConnectionPool(host='testnet.binancefuture.com', port=443): Max retries exceeded with url: /fapi/v1/order?symbol=ETHUSDT&side=SELL&type=MARKET&quantity=0.119&reduceOnly=false&timestamp=1781821746175&recvWindow=30000&newClientOrderId=oc_1781821746_6d19f014de&signature=83a59aac7d3c37fd351271e06e39fdd3781e9a3ccb2b37e0d9c2c89c6b307ad6 (Caused by SSLError(SSLEOFError(8, '[SSL: UNEXPECTED_EOF_WHILE_READING] EOF occurred in violation of protocol (_ssl.c:1033)')))
[2026-06-19 06:36:36] 🔴 开空 ETH @1683.25 | 评分:70 | 状态:ranging | ❌ 下单失败：请求异常：HTTPSConnectionPool(host='testnet.binancefuture.com', port=443): Max retries exceeded with url: /fapi/v1/order?symbol=ETHUSDT&side=SELL&type=MARKET&quantity=0.119&reduceOnly=false&timestamp=1781822171934&recvWindow=30000&newClientOrderId=oc_1781822171_74a87a68d4&signature=769d6714a5c3fcc3d3b4cd815388e401d69abe81f29ccafe29c5979b4fb5e1c6 (Caused by SSLError(SSLEOFError(8, '[SSL: UNEXPECTED_EOF_WHILE_READING] EOF occurred in violation of protocol (_ssl.c:1033)')))
[2026-06-19 06:44:13] 🔴 开空 ETH @1683.25 | 评分:70 | 状态:ranging | ❌ 下单失败：请求异常：HTTPSConnectionPool(host='testnet.binancefuture.com', port=443): Max retries exceeded with url: /fapi/v1/order?symbol=ETHUSDT&side=SELL&type=MARKET&quantity=0.119&reduceOnly=false&timestamp=1781822630603&recvWindow=30000&newClientOrderId=oc_1781822630_52983cd98f&signature=868703838562758b43e5d982706b9fc4a605b147d7b5efacba15f65734be9aba (Caused by SSLError(SSLEOFError(8, '[SSL: UNEXPECTED_EOF_WHILE_READING] EOF occurred in violation of protocol (_ssl.c:1033)')))
[2026-06-19 06:51:03] 🔴 开空 ETH @1683.25 | 评分:70 | 状态:ranging | ❌ 下单失败：请求异常：HTTPSConnectionPool(host='testnet.binancefuture.com', port=443): Max retries exceeded with url: /fapi/v1/order?symbol=ETHUSDT&side=SELL&type=MARKET&quantity=0.119&reduceOnly=false&timestamp=1781823041935&recvWindow=30000&newClientOrderId=oc_1781823041_e9bed24165&signature=a8b02d89246af34719fe7f9eb427a7f0e1b0b0079382b0b0cac84c4ab91204ec (Caused by SSLError(SSLEOFError(8, '[SSL: UNEXPECTED_EOF_WHILE_READING] EOF occurred in violation of protocol (_ssl.c:1033)')))
[2026-06-19 06:58:01] 🔴 开空 ETH @1683.25 | 评分:70 | 状态:ranging | ❌ 下单失败：请求异常：HTTPSConnectionPool(host='testnet.binancefuture.com', port=443): Max retries exceeded with url: /fapi/v1/order?symbol=ETHUSDT&side=SELL&type=MARKET&quantity=0.119&reduceOnly=false&timestamp=1781823458923&recvWindow=30000&newClientOrderId=oc_1781823458_b467432700&signature=d3b10ed1e7eb6c83e1a7d326661bed44ed4b6464c56cbfb92abf38c87d02e525 (Caused by SSLError(SSLEOFError(8, '[SSL: UNEXPECTED_EOF_WHILE_READING] EOF occurred in violation of protocol (_ssl.c:1033)')))
[2026-06-19 07:04:52] 🔴 开空 ETH @1683.25 | 评分:70 | 状态:ranging | ❌ 下单失败：请求异常：HTTPSConnectionPool(host='testnet.binancefuture.com', port=443): Max retries exceeded with url: /fapi/v1/order?symbol=ETHUSDT&side=SELL&type=MARKET&quantity=0.119&reduceOnly=false&timestamp=1781823867359&recvWindow=30000&newClientOrderId=oc_1781823867_9016183a84&signature=5a68afa51868dc90b6b29f02d6fc3a259d89ff79ef120c65cb249c60a1c212de (Caused by SSLError(SSLEOFError(8, '[SSL: UNEXPECTED_EOF_WHILE_READING] EOF occurred in violation of protocol (_ssl.c:1033)')))
[2026-06-19 07:06:14] 
==================================================
📊 整点汇报 2026-06-19 07:04
恐惧贪婪指数: 50 (中性)
今日PnL: +9.50 USDT (+9.5%)
持仓数: 0/4
  BTC: 62464.8000 (-4.39%)
  ETH: 1683.2500 (-4.67%)
  SOL: 68.8800 (-6.31%)
  BNB: 576.3600 (-4.82%)
  DOT: 0.9520 (-7.03%)
  LINK: 7.8250 (-5.01%)
  XRP: 1.1446 (-5.35%)
==================================================
[2026-06-19 07:17:25] 🔴 开空 ETH @1683.25 | 评分:70 | 状态:ranging | ❌ 下单失败：请求异常：HTTPSConnectionPool(host='testnet.binancefuture.com', port=443): Max retries exceeded with url: /fapi/v1/order?symbol=ETHUSDT&side=SELL&type=MARKET&quantity=0.119&reduceOnly=false&timestamp=1781824622499&recvWindow=30000&newClientOrderId=oc_1781824622_af59cc87c0&signature=31af98aa9b4a02296fcac7ce73f692fe733e3a10bfd3e1ea236f62306b35bfda (Caused by SSLError(SSLEOFError(8, '[SSL: UNEXPECTED_EOF_WHILE_READING] EOF occurred in violation of protocol (_ssl.c:1033)')))
[2026-06-19 07:24:58] 🔴 开空 ETH @1683.25 | 评分:70 | 状态:ranging | ❌ 下单失败：请求异常：HTTPSConnectionPool(host='testnet.binancefuture.com', port=443): Max retries exceeded with url: /fapi/v1/order?symbol=ETHUSDT&side=SELL&type=MARKET&quantity=0.119&reduceOnly=false&timestamp=1781825075984&recvWindow=30000&newClientOrderId=oc_1781825075_51c1be4316&signature=498a9446ea0e4be44a3fd27fb67cafe5db6401548e13ac455a06470e50fbbf7a (Caused by SSLError(SSLEOFError(8, '[SSL: UNEXPECTED_EOF_WHILE_READING] EOF occurred in violation of protocol (_ssl.c:1033)')))
[2026-06-19 07:32:03] 🔴 开空 ETH @1683.25 | 评分:70 | 状态:ranging | ❌ 下单失败：请求异常：HTTPSConnectionPool(host='testnet.binancefuture.com', port=443): Max retries exceeded with url: /fapi/v1/order?symbol=ETHUSDT&side=SELL&type=MARKET&quantity=0.119&reduceOnly=false&timestamp=1781825500674&recvWindow=30000&newClientOrderId=oc_1781825500_37197fb99a&signature=5c2df58dacdb06eedfe61bd11d82489cc6a0bd901877cfd1a5cff6e0eded063d (Caused by SSLError(SSLEOFError(8, '[SSL: UNEXPECTED_EOF_WHILE_READING] EOF occurred in violation of protocol (_ssl.c:1033)')))
[2026-06-19 07:38:58] 🔴 开空 ETH @1683.25 | 评分:70 | 状态:ranging | ❌ 下单失败：请求异常：HTTPSConnectionPool(host='testnet.binancefuture.com', port=443): Max retries exceeded with url: /fapi/v1/order?symbol=ETHUSDT&side=SELL&type=MARKET&quantity=0.119&reduceOnly=false&timestamp=1781825915138&recvWindow=30000&newClientOrderId=oc_1781825915_84073eb9cc&signature=f883f525cff39cc2367ac3d794f5d12f76e05c66e6f145bae1888464fb5bc0ab (Caused by SSLError(SSLEOFError(8, '[SSL: UNEXPECTED_EOF_WHILE_READING] EOF occurred in violation of protocol (_ssl.c:1033)')))
[2026-06-19 08:00:30] 
==================================================
📊 整点汇报 2026-06-19 08:00
恐惧贪婪指数: 14 (极度恐惧)
今日PnL: +9.50 USDT (+9.5%)
持仓数: 3/4
  🔴 ETH SHORT @1683.2300 现价:1711.2700 PnL:-3.34U (-1.67%)
  🟢 BNB LONG @577.3100 现价:578.6000 PnL:+0.45U (+0.22%)
  🔴 LINK SHORT @7.8840 现价:8.0110 PnL:-3.22U (-1.61%)
  BTC: 62921.3000 (-3.39%)
  ETH: 1711.2700 (-1.80%)
  SOL: 69.6900 (-3.15%)
  BNB: 578.6000 (-3.65%)
  DOT: 0.9740 (-2.89%)
  LINK: 8.0110 (-5.58%)
  XRP: 1.1461 (-3.25%)
==================================================
[2026-06-19 09:00:35] 
==================================================
📊 整点汇报 2026-06-19 09:00
恐惧贪婪指数: 14 (极度恐惧)
今日PnL: +9.50 USDT (+9.5%)
持仓数: 3/4
  🔴 ETH SHORT @1683.2300 现价:1712.5700 PnL:-3.49U (-1.74%)
  🟢 BNB LONG @577.3100 现价:579.5000 PnL:+0.77U (+0.38%)
  🔴 LINK SHORT @7.8840 现价:8.0090 PnL:-3.17U (-1.59%)
  BTC: 62965.4000 (-3.62%)
  ETH: 1712.5700 (-2.51%)
  SOL: 69.7600 (-3.47%)
  BNB: 579.5000 (-3.86%)
  DOT: 0.9770 (-2.60%)
  LINK: 8.0090 (-3.56%)
  XRP: 1.1480 (-3.52%)
==================================================
[2026-06-19 09:06:28] ❌ 平仓 ETH SL | 入场:1683.2300 出场:1718.2000 | PnL:-2.08% (-4.16USDT) | 平100%仓 | ✅ 平仓成功
[2026-06-19 09:07:01] ❌ 平仓 ETH TP1 | 入场:1719.0000 出场:1718.2000 | PnL:-0.05% (-0.01USDT) | 平100%仓 | ✅ 平仓成功
[2026-06-19 10:00:35] 
==================================================
📊 整点汇报 2026-06-19 10:00
恐惧贪婪指数: 14 (极度恐惧)
今日PnL: +5.62 USDT (+5.6%)
持仓数: 2/4
  🟢 BNB LONG @577.3100 现价:582.0500 PnL:+1.66U (+0.82%)
  🔴 LINK SHORT @7.8840 现价:8.0260 PnL:-3.60U (-1.80%)
  BTC: 62995.9000 (-3.44%)
  ETH: 1712.1700 (-2.65%)
  SOL: 69.9100 (-3.16%)
  BNB: 582.0500 (-3.48%)
  DOT: 0.9800 (-2.20%)
  LINK: 8.0260 (-0.79%)
  XRP: 1.1508 (-3.14%)
==================================================
[2026-06-19 11:00:54] 
==================================================
📊 整点汇报 2026-06-19 11:00
恐惧贪婪指数: 14 (极度恐惧)
今日PnL: +5.62 USDT (+5.6%)
持仓数: 2/4
  🟢 BNB LONG @577.3100 现价:582.8300 PnL:+1.93U (+0.96%)
  🔴 LINK SHORT @7.8840 现价:7.9930 PnL:-2.77U (-1.38%)
  BTC: 62974.3000 (-3.58%)
  ETH: 1706.6400 (-2.98%)
  SOL: 69.6500 (-3.98%)
  BNB: 582.8300 (-3.29%)
  DOT: 0.9770 (-2.40%)
  LINK: 7.9930 (-1.43%)
  XRP: 1.1484 (-3.41%)
==================================================
[2026-06-19 11:15:21] 🔴 开空 BTC @62780.1 | 评分:75 | 状态:ranging | AI:做空(75%) | ✅ 下单成功
[2026-06-19 11:16:53] 🔴 开空 SOL @68.82 | 评分:90 | 状态:trending | AI:做空(75%) | ✅ 下单成功
[2026-06-19 12:00:35] 
==================================================
📊 整点汇报 2026-06-19 12:00
恐惧贪婪指数: 14 (极度恐惧)
今日PnL: +5.62 USDT (+5.6%)
持仓数: 4/4
  🟢 BNB LONG @577.3100 现价:578.3000 PnL:+0.35U (+0.17%)
  🔴 LINK SHORT @7.8840 现价:7.8770 PnL:+0.18U (+0.09%)
  🔴 BTC SHORT @62780.1000 现价:62740.1000 PnL:+0.12U (+0.06%)
  🔴 SOL SHORT @68.8200 现价:69.0000 PnL:-0.52U (-0.26%)
  BTC: 62740.1000 (-3.95%)
  ETH: 1696.6100 (+0.00%)
  SOL: 69.0000 (-3.67%)
  BNB: 578.3000 (-3.52%)
  DOT: 0.9660 (-1.63%)
  LINK: 7.8770 (-6.46%)
  XRP: 1.1385 (-4.45%)
==================================================
[2026-06-19 13:00:37] 
==================================================
📊 整点汇报 2026-06-19 13:00
恐惧贪婪指数: 14 (极度恐惧)
今日PnL: +5.62 USDT (+5.6%)
持仓数: 4/4
  🟢 BNB LONG @577.3100 现价:572.8000 PnL:-1.58U (-0.78%)
  🔴 LINK SHORT @7.8840 现价:7.8200 PnL:+1.62U (+0.81%)
  🔴 BTC SHORT @62780.1000 现价:62637.1000 PnL:+0.43U (+0.23%)
  🔴 SOL SHORT @68.8200 现价:68.5100 PnL:+0.90U (+0.45%)
  BTC: 62637.1000 (-3.90%)
  ETH: 1687.7600 (-2.89%)
  SOL: 68.5100 (-3.37%)
  BNB: 572.8000 (-3.28%)
  DOT: 0.9540 (-1.95%)
  LINK: 7.8200 (-1.70%)
  XRP: 1.1267 (-3.89%)
==================================================
[2026-06-19 14:01:00] 
==================================================
📊 整点汇报 2026-06-19 14:00
恐惧贪婪指数: 14 (极度恐惧)
今日PnL: +5.62 USDT (+5.6%)
持仓数: 4/4
  🟢 BNB LONG @577.3100 现价:575.7700 PnL:-0.54U (-0.27%)
  🔴 LINK SHORT @7.8840 现价:7.8850 PnL:-0.03U (-0.01%)
  🔴 BTC SHORT @62780.1000 现价:62707.0000 PnL:+0.22U (+0.12%)
  🔴 SOL SHORT @68.8200 现价:68.6300 PnL:+0.55U (+0.28%)
  BTC: 62707.0000 (-3.67%)
  ETH: 1696.0500 (-1.95%)
  SOL: 68.6300 (-3.42%)
  BNB: 575.7700 (-2.55%)
  DOT: 0.9610 (-1.33%)
  LINK: 7.8850 (+0.00%)
  XRP: 1.1328 (-3.36%)
==================================================
[2026-06-19 15:00:39] 
==================================================
📊 整点汇报 2026-06-19 15:00
恐惧贪婪指数: 14 (极度恐惧)
今日PnL: +5.62 USDT (+5.6%)
持仓数: 4/4
  🟢 BNB LONG @577.3100 现价:574.7500 PnL:-0.90U (-0.44%)
  🔴 LINK SHORT @7.8840 现价:7.8920 PnL:-0.20U (-0.10%)
  🔴 BTC SHORT @62780.1000 现价:62846.7000 PnL:-0.20U (-0.11%)
  🔴 SOL SHORT @68.8200 现价:68.7300 PnL:+0.26U (+0.13%)
  BTC: 62846.7000 (-3.66%)
  ETH: 1700.2900 (-1.77%)
  SOL: 68.7300 (-3.62%)
  BNB: 574.7500 (-2.85%)
  DOT: 0.9610 (-1.84%)
  LINK: 7.8920 (-1.11%)
  XRP: 1.1336 (-3.29%)
==================================================
[2026-06-19 16:00:14] 
==================================================
📊 整点汇报 2026-06-19 16:00
恐惧贪婪指数: 14 (极度恐惧)
今日PnL: +5.62 USDT (+5.6%)
持仓数: 4/4
  🟢 BNB LONG @577.3100 现价:574.8900 PnL:-0.85U (-0.42%)
  🔴 LINK SHORT @7.8840 现价:7.8410 PnL:+1.09U (+0.55%)
  🔴 BTC SHORT @62780.1000 现价:62625.4000 PnL:+0.46U (+0.25%)
  🔴 SOL SHORT @68.8200 现价:68.3300 PnL:+1.43U (+0.71%)
  BTC: 62625.4000 (-4.09%)
  ETH: 1694.7200 (-2.42%)
  SOL: 68.3300 (-4.74%)
  BNB: 574.8900 (-3.19%)
  DOT: 0.9530 (-3.05%)
  LINK: 7.8410 (-2.33%)
  XRP: 1.1237 (-4.33%)
==================================================
[2026-06-19 17:00:34] 
==================================================
📊 整点汇报 2026-06-19 17:00
恐惧贪婪指数: 14 (极度恐惧)
今日PnL: +5.62 USDT (+5.6%)
持仓数: 4/4
  🟢 BNB LONG @577.3100 现价:574.1000 PnL:-1.12U (-0.56%)
  🔴 LINK SHORT @7.8840 现价:7.8490 PnL:+0.89U (+0.44%)
  🔴 BTC SHORT @62780.1000 现价:62552.4000 PnL:+0.68U (+0.36%)
  🔴 SOL SHORT @68.8200 现价:68.5900 PnL:+0.67U (+0.33%)
  BTC: 62552.4000 (-4.16%)
  ETH: 1696.3600 (-3.00%)
  SOL: 68.5900 (-4.55%)
  BNB: 574.1000 (-3.56%)
  DOT: 0.9560 (-2.75%)
  LINK: 7.8490 (-2.48%)
  XRP: 1.1262 (-4.12%)
==================================================
[2026-06-19 18:00:14] 
==================================================
📊 整点汇报 2026-06-19 18:00
恐惧贪婪指数: 14 (极度恐惧)
今日PnL: +5.62 USDT (+5.6%)
持仓数: 4/4
  🟢 BNB LONG @577.3100 现价:572.3700 PnL:-1.73U (-0.86%)
  🔴 LINK SHORT @7.8840 现价:7.8330 PnL:+1.29U (+0.65%)
  🔴 BTC SHORT @62780.1000 现价:62383.0000 PnL:+1.19U (+0.63%)
  🔴 SOL SHORT @68.8200 现价:68.3900 PnL:+1.25U (+0.62%)
  BTC: 62383.0000 (-3.19%)
  ETH: 1690.9000 (-3.35%)
  SOL: 68.3900 (-5.13%)
  BNB: 572.3700 (-3.43%)
  DOT: 0.9540 (-3.15%)
  LINK: 7.8330 (-2.66%)
  XRP: 1.1234 (+0.00%)
==================================================
[2026-06-19 19:00:44] 
==================================================
📊 整点汇报 2026-06-19 19:00
恐惧贪婪指数: 14 (极度恐惧)
今日PnL: +5.62 USDT (+5.6%)
持仓数: 4/4
  🟢 BNB LONG @577.3100 现价:573.0500 PnL:-1.49U (-0.74%)
  🔴 LINK SHORT @7.8840 现价:7.8290 PnL:+1.40U (+0.70%)
  🔴 BTC SHORT @62780.1000 现价:62504.1000 PnL:+0.83U (+0.44%)
  🔴 SOL SHORT @68.8200 现价:68.2800 PnL:+1.57U (+0.78%)
  BTC: 62504.1000 (-2.45%)
  ETH: 1691.9800 (-3.11%)
  SOL: 68.2800 (-4.32%)
  BNB: 573.0500 (-2.96%)
  DOT: 0.9510 (-2.86%)
  LINK: 7.8290 (-2.36%)
  XRP: 1.1249 (-3.74%)
==================================================
[2026-06-19 20:00:14] 
==================================================
📊 整点汇报 2026-06-19 20:00
恐惧贪婪指数: 14 (极度恐惧)
今日PnL: +5.62 USDT (+5.6%)
持仓数: 4/4
  🟢 BNB LONG @577.3100 现价:573.3100 PnL:-1.40U (-0.69%)
  🔴 LINK SHORT @7.8840 现价:7.8100 PnL:+1.88U (+0.94%)
  🔴 BTC SHORT @62780.1000 现价:62591.6000 PnL:+0.57U (+0.30%)
  🔴 SOL SHORT @68.8200 现价:68.2000 PnL:+1.80U (+0.90%)
  BTC: 62591.6000 (-2.12%)
  ETH: 1690.7800 (-2.97%)
  SOL: 68.2000 (-3.86%)
  BNB: 573.3100 (-2.81%)
  DOT: 0.9500 (-2.57%)
  LINK: 7.8100 (-2.20%)
  XRP: 1.1267 (-3.15%)
==================================================
[2026-06-19 21:00:51] 
==================================================
📊 整点汇报 2026-06-19 21:00
恐惧贪婪指数: 14 (极度恐惧)
今日PnL: +5.62 USDT (+5.6%)
持仓数: 4/4
  🟢 BNB LONG @577.3100 现价:575.7000 PnL:-0.56U (-0.28%)
  🔴 LINK SHORT @7.8840 现价:7.8550 PnL:+0.74U (+0.37%)
  🔴 BTC SHORT @62780.1000 现价:62750.9000 PnL:+0.09U (+0.05%)
  🔴 SOL SHORT @68.8200 现价:68.5700 PnL:+0.73U (+0.36%)
  BTC: 62750.9000 (-2.50%)
  ETH: 1690.1600 (-3.36%)
  SOL: 68.5700 (-4.11%)
  BNB: 575.7000 (-2.72%)
  DOT: 0.9560 (-2.45%)
  LINK: 7.8550 (-2.89%)
  XRP: 1.1311 (-3.21%)
==================================================
[2026-06-19 22:00:36] 
==================================================
📊 整点汇报 2026-06-19 22:00
恐惧贪婪指数: 14 (极度恐惧)
今日PnL: +5.62 USDT (+5.6%)
持仓数: 4/4
  🟢 BNB LONG @577.3100 现价:577.6000 PnL:+0.10U (+0.05%)
  🔴 LINK SHORT @7.8840 现价:7.9290 PnL:-1.14U (-0.57%)
  🔴 BTC SHORT @62780.1000 现价:63195.7000 PnL:-1.25U (-0.66%)
  🔴 SOL SHORT @68.8200 现价:69.2800 PnL:-1.34U (-0.67%)
  BTC: 63195.7000 (+0.00%)
  ETH: 1702.4900 (-1.89%)
  SOL: 69.2800 (-2.31%)
  BNB: 577.6000 (-2.02%)
  DOT: 0.9680 (+0.00%)
  LINK: 7.9290 (-0.91%)
  XRP: 1.1392 (-1.69%)
==================================================
[2026-06-19 23:00:28] 
==================================================
📊 整点汇报 2026-06-19 23:00
恐惧贪婪指数: 14 (极度恐惧)
今日PnL: +5.62 USDT (+5.6%)
持仓数: 4/4
  🟢 BNB LONG @577.3100 现价:577.5800 PnL:+0.09U (+0.05%)
  🔴 LINK SHORT @7.8840 现价:7.8990 PnL:-0.38U (-0.19%)
  🔴 BTC SHORT @62780.1000 现价:63180.0000 PnL:-1.20U (-0.64%)
  🔴 SOL SHORT @68.8200 现价:69.1100 PnL:-0.84U (-0.42%)
  BTC: 63180.0000 (-1.12%)
  ETH: 1705.8100 (-2.02%)
  SOL: 69.1100 (-2.80%)
  BNB: 577.5800 (-2.18%)
  DOT: 0.9640 (-1.53%)
  LINK: 7.8990 (-1.67%)
  XRP: 1.1360 (-2.19%)
==================================================
