[2026-07-16 00:01:12] 
==================================================
📊 整点汇报 2026-07-16 00:00
恐惧贪婪指数: 25 (恐惧)
今日PnL: +0.00 USDT (+0.0%)
持仓数: 2/4
  🟢 XRP LONG @1.1088 现价:1.1264 PnL:+3.17U (+1.59%)
  🟢 BNB LONG @581.5100 现价:582.0100 PnL:+0.17U (+0.09%)
  BTC: 65392.4000 (+1.16%)
  ETH: 1931.1400 (+3.04%)
  SOL: 78.0200 (+0.83%)
  BNB: 582.0100 (-0.24%)
  DOT: 0.8550 (+0.35%)
  LINK: 8.5520 (+3.10%)
  XRP: 1.1264 (+2.00%)
==================================================
[2026-07-16 00:40:37] 🔴 开空 SOL @77.09 | 评分:90 | 状态:trending | AI:做多(65%) | ✅ 下单成功
[2026-07-16 01:00:28] 
==================================================
📊 整点汇报 2026-07-16 01:00
恐惧贪婪指数: 25 (恐惧)
今日PnL: +0.00 USDT (+0.0%)
持仓数: 3/4
  🟢 XRP LONG @1.1088 现价:1.1136 PnL:+0.86U (+0.43%)
  🟢 BNB LONG @581.5100 现价:579.0300 PnL:-0.84U (-0.43%)
  🔴 SOL SHORT @77.0900 现价:77.6100 PnL:-1.35U (-0.67%)
  BTC: 65084.0000 (+0.55%)
  ETH: 1918.7900 (+2.43%)
  SOL: 77.6100 (+0.35%)
  BNB: 579.0300 (-0.55%)
  DOT: 0.8470 (-0.94%)
  LINK: 8.4760 (+2.45%)
  XRP: 1.1136 (+0.81%)
==================================================
[2026-07-16 02:00:24] 
==================================================
📊 整点汇报 2026-07-16 02:00
恐惧贪婪指数: 25 (恐惧)
今日PnL: +0.00 USDT (+0.0%)
持仓数: 3/4
  🟢 XRP LONG @1.1088 现价:1.1182 PnL:+1.69U (+0.85%)
  🟢 BNB LONG @581.5100 现价:580.4600 PnL:-0.36U (-0.18%)
  🔴 SOL SHORT @77.0900 现价:77.8100 PnL:-1.86U (-0.93%)
  BTC: 64989.4000 (+0.55%)
  ETH: 1926.6300 (+2.98%)
  SOL: 77.8100 (+0.84%)
  BNB: 580.4600 (-0.17%)
  DOT: 0.8530 (-0.12%)
  LINK: 8.5430 (+3.34%)
  XRP: 1.1182 (+1.20%)
==================================================
[2026-07-16 03:03:03] 
==================================================
📊 整点汇报 2026-07-16 03:01
恐惧贪婪指数: 50 (中性)
今日PnL: +0.00 USDT (+0.0%)
持仓数: 0/4
  BTC: 65041.9000 (+0.87%)
  ETH: 1935.2900 (+3.45%)
  SOL: 78.0100 (+1.19%)
  BNB: 581.4400 (+0.11%)
  DOT: 0.8560 (+0.59%)
  LINK: 8.5530 (+3.71%)
  XRP: 1.1204 (+1.54%)
==================================================
[2026-07-16 04:02:11] 
==================================================
📊 整点汇报 2026-07-16 04:00
恐惧贪婪指数: 50 (中性)
今日PnL: +0.00 USDT (+0.0%)
持仓数: 0/4
  BTC: 65041.9000 (+0.87%)
  ETH: 1935.2900 (+3.45%)
  SOL: 78.0100 (+1.19%)
  BNB: 581.4400 (+0.11%)
  DOT: 0.8560 (+0.59%)
  LINK: 8.5530 (+3.71%)
  XRP: 1.1204 (+1.54%)
==================================================
[2026-07-16 05:01:29] 
==================================================
📊 整点汇报 2026-07-16 05:00
恐惧贪婪指数: 50 (中性)
今日PnL: +0.00 USDT (+0.0%)
持仓数: 0/4
  BTC: 65041.9000 (+0.87%)
  ETH: 1935.2900 (+3.45%)
  SOL: 78.0100 (+1.19%)
  BNB: 581.4400 (+0.11%)
  DOT: 0.8560 (+0.59%)
  LINK: 8.5530 (+3.71%)
  XRP: 1.1204 (+1.54%)
==================================================
[2026-07-16 06:05:40] 
==================================================
📊 整点汇报 2026-07-16 06:04
恐惧贪婪指数: 50 (中性)
今日PnL: +0.00 USDT (+0.0%)
持仓数: 0/4
  BTC: 65041.9000 (+0.87%)
  ETH: 1935.2900 (+3.45%)
  SOL: 78.0100 (+1.19%)
  BNB: 581.4400 (+0.11%)
  DOT: 0.8560 (+0.59%)
  LINK: 8.5530 (+3.71%)
  XRP: 1.1204 (+1.54%)
==================================================
[2026-07-16 07:00:40] 
==================================================
📊 整点汇报 2026-07-16 07:00
恐惧贪婪指数: 25 (恐惧)
今日PnL: +0.00 USDT (+0.0%)
持仓数: 3/4
  🟢 XRP LONG @1.1088 现价:1.1152 PnL:+1.15U (+0.58%)
  🔴 SOL SHORT @77.0822 现价:77.4500 PnL:-0.95U (-0.48%)
  🟢 BNB LONG @581.5100 现价:581.4800 PnL:-0.01U (-0.01%)
  BTC: 64841.1000 (-0.07%)
  ETH: 1922.3600 (+2.16%)
  SOL: 77.4500 (-0.18%)
  BNB: 581.4800 (-0.11%)
  DOT: 0.8470 (-0.24%)
  LINK: 8.5440 (+3.11%)
  XRP: 1.1152 (+0.50%)
==================================================
[2026-07-16 08:00:21] 
==================================================
📊 整点汇报 2026-07-16 08:00
恐惧贪婪指数: 25 (恐惧)
今日PnL: +0.00 USDT (+0.0%)
持仓数: 3/4
  🟢 XRP LONG @1.1088 现价:1.1126 PnL:+0.68U (+0.34%)
  🔴 SOL SHORT @77.0822 现价:77.2500 PnL:-0.43U (-0.22%)
  🟢 BNB LONG @581.5100 现价:580.8900 PnL:-0.21U (-0.11%)
  BTC: 64737.2000 (-0.39%)
  ETH: 1916.9000 (+1.45%)
  SOL: 77.2500 (-0.67%)
  BNB: 580.8900 (-0.26%)
  DOT: 0.8470 (-0.59%)
  LINK: 8.5370 (+2.36%)
  XRP: 1.1126 (+0.14%)
==================================================
[2026-07-16 09:02:47] 
==================================================
📊 整点汇报 2026-07-16 09:01
恐惧贪婪指数: 50 (中性)
今日PnL: +0.00 USDT (+0.0%)
持仓数: 0/4
  BTC: 64739.3000 (-0.23%)
  ETH: 1920.4300 (+1.90%)
  SOL: 77.1600 (-0.62%)
  BNB: 581.5000 (-0.25%)
  DOT: 0.8450 (-1.17%)
  LINK: 8.5350 (+2.62%)
  XRP: 1.1124 (+0.29%)
==================================================
[2026-07-16 09:05:51] 🔴 开空 LINK @8.483 | 评分:85 | 状态:trending | ✅ 下单成功
[2026-07-16 10:00:15] 
==================================================
📊 整点汇报 2026-07-16 10:00
恐惧贪婪指数: 25 (恐惧)
今日PnL: +0.00 USDT (+0.0%)
持仓数: 4/4
  🟢 XRP LONG @1.1088 现价:1.1133 PnL:+0.81U (+0.41%)
  🔴 SOL SHORT @77.0822 现价:77.0400 PnL:+0.11U (+0.05%)
  🟢 BNB LONG @581.5100 现价:580.4400 PnL:-0.36U (-0.18%)
  🔴 LINK SHORT @8.4830 现价:8.5120 PnL:-0.68U (-0.34%)
  BTC: 64701.3000 (+0.12%)
  ETH: 1921.7600 (+2.82%)
  SOL: 77.0400 (-0.40%)
  BNB: 580.4400 (+0.00%)
  DOT: 0.8440 (-1.29%)
  LINK: 8.5120 (+2.48%)
  XRP: 1.1133 (+0.98%)
==================================================
[2026-07-16 11:00:22] 
==================================================
📊 整点汇报 2026-07-16 11:00
恐惧贪婪指数: 25 (恐惧)
今日PnL: +0.00 USDT (+0.0%)
持仓数: 4/4
  🟢 XRP LONG @1.1088 现价:1.1165 PnL:+1.39U (+0.69%)
  🔴 SOL SHORT @77.0822 现价:77.0800 PnL:+0.01U (+0.00%)
  🟢 BNB LONG @581.5100 现价:580.8600 PnL:-0.22U (-0.11%)
  🔴 LINK SHORT @8.4830 现价:8.5260 PnL:-1.01U (-0.51%)
  BTC: 64605.4000 (+0.19%)
  ETH: 1924.9500 (+3.26%)
  SOL: 77.0800 (-0.23%)
  BNB: 580.8600 (+0.01%)
  DOT: 0.8470 (-0.59%)
  LINK: 8.5260 (+3.05%)
  XRP: 1.1165 (+1.61%)
==================================================
[2026-07-16 12:00:12] 
==================================================
📊 整点汇报 2026-07-16 12:00
恐惧贪婪指数: 25 (恐惧)
今日PnL: +0.00 USDT (+0.0%)
持仓数: 4/4
  🟢 XRP LONG @1.1088 现价:1.1122 PnL:+0.61U (+0.31%)
  🔴 SOL SHORT @77.0822 现价:76.8900 PnL:+0.50U (+0.25%)
  🟢 BNB LONG @581.5100 现价:581.7900 PnL:+0.10U (+0.05%)
  🔴 LINK SHORT @8.4830 现价:8.5300 PnL:-1.11U (-0.55%)
  BTC: 64581.2000 (-0.33%)
  ETH: 1917.8900 (+2.21%)
  SOL: 76.8900 (-1.13%)
  BNB: 581.7900 (+0.09%)
  DOT: 0.8480 (-0.70%)
  LINK: 8.5300 (+2.50%)
  XRP: 1.1122 (+0.72%)
==================================================
[2026-07-16 13:00:27] 
==================================================
📊 整点汇报 2026-07-16 13:00
恐惧贪婪指数: 25 (恐惧)
今日PnL: +0.00 USDT (+0.0%)
持仓数: 4/4
  🟢 XRP LONG @1.1088 现价:1.1133 PnL:+0.81U (+0.41%)
  🔴 SOL SHORT @77.0822 现价:76.7400 PnL:+0.89U (+0.44%)
  🟢 BNB LONG @581.5100 现价:581.2200 PnL:-0.10U (-0.05%)
  🔴 LINK SHORT @8.4830 现价:8.5450 PnL:-1.46U (-0.73%)
  BTC: 64599.1000 (-0.19%)
  ETH: 1917.2100 (+2.24%)
  SOL: 76.7400 (-1.74%)
  BNB: 581.2200 (+0.20%)
  DOT: 0.8410 (-1.29%)
  LINK: 8.5450 (+2.63%)
  XRP: 1.1133 (+0.94%)
==================================================
[2026-07-16 14:00:20] 
==================================================
📊 整点汇报 2026-07-16 14:00
恐惧贪婪指数: 25 (恐惧)
今日PnL: +0.00 USDT (+0.0%)
持仓数: 4/4
  🟢 XRP LONG @1.1088 现价:1.1155 PnL:+1.21U (+0.60%)
  🔴 SOL SHORT @77.0822 现价:77.4300 PnL:-0.90U (-0.45%)
  🟢 BNB LONG @581.5100 现价:584.1500 PnL:+0.90U (+0.45%)
  🔴 LINK SHORT @8.4830 现价:8.5340 PnL:-1.20U (-0.60%)
  BTC: 64897.4000 (+0.18%)
  ETH: 1924.0200 (+2.36%)
  SOL: 77.4300 (-1.01%)
  BNB: 584.1500 (+0.55%)
  DOT: 0.8450 (-0.82%)
  LINK: 8.5340 (+1.95%)
  XRP: 1.1155 (+0.82%)
==================================================
[2026-07-16 15:00:10] 
==================================================
📊 整点汇报 2026-07-16 15:00
恐惧贪婪指数: 25 (恐惧)
今日PnL: +0.00 USDT (+0.0%)
持仓数: 4/4
  🟢 XRP LONG @1.1088 现价:1.1137 PnL:+0.88U (+0.44%)
  🔴 SOL SHORT @77.0822 现价:77.3000 PnL:-0.56U (-0.28%)
  🟢 BNB LONG @581.5100 现价:583.3100 PnL:+0.61U (+0.31%)
  🔴 LINK SHORT @8.4830 现价:8.5250 PnL:-0.99U (-0.50%)
  BTC: 64745.9000 (-0.22%)
  ETH: 1921.7300 (+2.37%)
  SOL: 77.3000 (-1.02%)
  BNB: 583.3100 (+0.52%)
  DOT: 0.8400 (-1.87%)
  LINK: 8.5250 (+1.88%)
  XRP: 1.1137 (+0.53%)
==================================================
[2026-07-16 16:00:38] 
==================================================
📊 整点汇报 2026-07-16 16:00
恐惧贪婪指数: 25 (恐惧)
今日PnL: +0.00 USDT (+0.0%)
持仓数: 4/4
  🟢 XRP LONG @1.1088 现价:1.1056 PnL:-0.58U (-0.29%)
  🔴 SOL SHORT @77.0822 现价:76.2500 PnL:+2.16U (+1.08%)
  🟢 BNB LONG @581.5100 现价:580.2400 PnL:-0.43U (-0.22%)
  🔴 LINK SHORT @8.4830 现价:8.5110 PnL:-0.66U (-0.33%)
  BTC: 64210.2000 (-0.55%)
  ETH: 1909.2800 (+2.16%)
  SOL: 76.2500 (-1.40%)
  BNB: 580.2400 (+0.55%)
  DOT: 0.8340 (-2.00%)
  LINK: 8.5110 (+2.19%)
  XRP: 1.1056 (+0.21%)
==================================================
[2026-07-16 17:00:27] 
==================================================
📊 整点汇报 2026-07-16 17:00
恐惧贪婪指数: 25 (恐惧)
今日PnL: +0.00 USDT (+0.0%)
持仓数: 4/4
  🟢 XRP LONG @1.1088 现价:1.1063 PnL:-0.45U (-0.23%)
  🔴 SOL SHORT @77.0822 现价:76.0900 PnL:+2.57U (+1.29%)
  🟢 BNB LONG @581.5100 现价:576.9600 PnL:-1.55U (-0.78%)
  🔴 LINK SHORT @8.4830 现价:8.4340 PnL:+1.16U (+0.58%)
  BTC: 64079.9000 (-0.98%)
  ETH: 1884.7000 (+0.34%)
  SOL: 76.0900 (-1.86%)
  BNB: 576.9600 (-0.11%)
  DOT: 0.8330 (-2.35%)
  LINK: 8.4340 (+0.69%)
  XRP: 1.1063 (-0.09%)
==================================================
[2026-07-16 18:00:16] 
==================================================
📊 整点汇报 2026-07-16 18:00
恐惧贪婪指数: 25 (恐惧)
今日PnL: +0.00 USDT (+0.0%)
持仓数: 4/4
  🟢 XRP LONG @1.1088 现价:1.1044 PnL:-0.80U (-0.40%)
  🔴 SOL SHORT @77.0822 现价:75.9700 PnL:+2.88U (+1.44%)
  🟢 BNB LONG @581.5100 现价:577.9800 PnL:-1.20U (-0.61%)
  🔴 LINK SHORT @8.4830 现价:8.4060 PnL:+1.82U (+0.91%)
  BTC: 64051.2000 (-0.90%)
  ETH: 1883.1500 (+0.23%)
  SOL: 75.9700 (-1.99%)
  BNB: 577.9800 (+0.12%)
  DOT: 0.8360 (-1.65%)
  LINK: 8.4060 (+0.49%)
  XRP: 1.1044 (-0.35%)
==================================================
[2026-07-16 19:00:17] 
==================================================
📊 整点汇报 2026-07-16 19:00
恐惧贪婪指数: 25 (恐惧)
今日PnL: +0.00 USDT (+0.0%)
持仓数: 4/4
  🟢 XRP LONG @1.1088 现价:1.1080 PnL:-0.15U (-0.07%)
  🔴 SOL SHORT @77.0822 现价:76.1500 PnL:+2.41U (+1.21%)
  🟢 BNB LONG @581.5100 现价:577.8300 PnL:-1.25U (-0.63%)
  🔴 LINK SHORT @8.4830 现价:8.4360 PnL:+1.11U (+0.55%)
  BTC: 64172.6000 (-0.69%)
  ETH: 1887.6300 (+0.60%)
  SOL: 76.1500 (-1.51%)
  BNB: 577.8300 (-0.21%)
  DOT: 0.8390 (-1.29%)
  LINK: 8.4360 (+1.30%)
  XRP: 1.1080 (+0.02%)
==================================================
[2026-07-16 20:00:15] 
==================================================
📊 整点汇报 2026-07-16 20:00
恐惧贪婪指数: 50 (中性)
今日PnL: +0.00 USDT (+0.0%)
持仓数: 4/4
  🟢 XRP LONG @1.1088 现价:1.1081 PnL:-0.13U (-0.06%)
  🔴 SOL SHORT @77.0822 现价:76.1900 PnL:+2.31U (+1.16%)
  🟢 BNB LONG @581.5100 现价:578.4600 PnL:-1.04U (-0.52%)
  🔴 LINK SHORT @8.4830 现价:8.4390 PnL:+1.04U (+0.52%)
  BTC: 64190.0000 (-0.78%)
  ETH: 1884.2400 (-0.02%)
  SOL: 76.1900 (-1.64%)
  BNB: 578.4600 (-0.12%)
  DOT: 0.8400 (-1.52%)
  LINK: 8.4390 (+0.19%)
  XRP: 1.1081 (+0.00%)
==================================================
[2026-07-16 21:00:40] 
==================================================
📊 整点汇报 2026-07-16 21:00
恐惧贪婪指数: 25 (恐惧)
今日PnL: +0.00 USDT (+0.0%)
持仓数: 4/4
  🟢 XRP LONG @1.1088 现价:1.1012 PnL:-1.37U (-0.69%)
  🔴 SOL SHORT @77.0822 现价:75.9000 PnL:+3.06U (+1.53%)
  🟢 BNB LONG @581.5100 现价:577.1100 PnL:-1.50U (-0.76%)
  🔴 LINK SHORT @8.4830 现价:8.3870 PnL:+2.26U (+1.13%)
  BTC: 64167.2000 (-1.50%)
  ETH: 1872.1100 (-2.83%)
  SOL: 75.9000 (-2.98%)
  BNB: 577.1100 (-1.02%)
  DOT: 0.8350 (-3.13%)
  LINK: 8.3870 (-2.08%)
  XRP: 1.1012 (-1.72%)
==================================================
[2026-07-16 22:00:35] 
==================================================
📊 整点汇报 2026-07-16 22:00
恐惧贪婪指数: 25 (恐惧)
今日PnL: +0.00 USDT (+0.0%)
持仓数: 4/4
  🟢 XRP LONG @1.1088 现价:1.1097 PnL:+0.16U (+0.08%)
  🔴 SOL SHORT @77.0822 现价:76.3300 PnL:+1.95U (+0.98%)
  🟢 BNB LONG @581.5100 现价:578.7500 PnL:-0.94U (-0.47%)
  🔴 LINK SHORT @8.4830 现价:8.4470 PnL:+0.85U (+0.42%)
  BTC: 64296.7000 (-1.21%)
  ETH: 1881.6300 (-2.25%)
  SOL: 76.3300 (-2.15%)
  BNB: 578.7500 (-0.70%)
  DOT: 0.8460 (-1.63%)
  LINK: 8.4470 (-0.72%)
  XRP: 1.1097 (-1.08%)
==================================================
[2026-07-16 23:00:44] 
==================================================
📊 整点汇报 2026-07-16 23:00
恐惧贪婪指数: 25 (恐惧)
今日PnL: +0.00 USDT (+0.0%)
持仓数: 4/4
  🟢 XRP LONG @1.1088 现价:1.1112 PnL:+0.43U (+0.22%)
  🔴 SOL SHORT @77.0822 现价:76.4100 PnL:+1.74U (+0.87%)
  🟢 BNB LONG @581.5100 现价:580.1300 PnL:-0.47U (-0.24%)
  🔴 LINK SHORT @8.4830 现价:8.4340 PnL:+1.16U (+0.58%)
  BTC: 64497.1000 (-1.33%)
  ETH: 1882.4800 (-2.47%)
  SOL: 76.4100 (-2.21%)
  BNB: 580.1300 (-0.30%)
  DOT: 0.8490 (-1.16%)
  LINK: 8.4340 (-1.39%)
  XRP: 1.1112 (-1.24%)
==================================================
