[2026-06-28 00:00:29] 
==================================================
📊 整点汇报 2026-06-28 00:00
恐惧贪婪指数: 15 (极度恐惧)
今日PnL: +0.00 USDT (+0.0%)
持仓数: 1/4
  🔴 BNB SHORT @563.0100 现价:565.6600 PnL:-0.95U (-0.47%)
  BTC: 60796.5000 (+0.86%)
  ETH: 1604.2900 (+1.55%)
  SOL: 72.7800 (+1.10%)
  BNB: 565.6600 (+0.01%)
  DOT: 0.8460 (-0.94%)
  LINK: 7.4490 (+1.64%)
  XRP: 1.0745 (+2.91%)
==================================================
[2026-06-28 01:00:20] 
==================================================
📊 整点汇报 2026-06-28 01:00
恐惧贪婪指数: 15 (极度恐惧)
今日PnL: +0.00 USDT (+0.0%)
持仓数: 1/4
  🔴 BNB SHORT @563.0100 现价:566.9000 PnL:-1.40U (-0.69%)
  BTC: 60747.7000 (+1.19%)
  ETH: 1606.1000 (+1.80%)
  SOL: 72.6200 (+0.19%)
  BNB: 566.9000 (-0.08%)
  DOT: 0.8430 (-1.52%)
  LINK: 7.4470 (+1.36%)
  XRP: 1.0695 (+2.40%)
==================================================
[2026-06-28 02:00:51] 
==================================================
📊 整点汇报 2026-06-28 02:00
恐惧贪婪指数: 15 (极度恐惧)
今日PnL: +0.00 USDT (+0.0%)
持仓数: 1/4
  🔴 BNB SHORT @563.0100 现价:563.6700 PnL:-0.24U (-0.12%)
  BTC: 60500.1000 (+0.82%)
  ETH: 1590.7300 (+0.54%)
  SOL: 72.0100 (-0.84%)
  BNB: 563.6700 (-0.69%)
  DOT: 0.8330 (-2.91%)
  LINK: 7.3740 (+0.15%)
  XRP: 1.0600 (+1.24%)
==================================================
[2026-06-28 03:00:25] 
==================================================
📊 整点汇报 2026-06-28 03:00
恐惧贪婪指数: 15 (极度恐惧)
今日PnL: +0.00 USDT (+0.0%)
持仓数: 1/4
  🔴 BNB SHORT @563.0100 现价:562.3600 PnL:+0.23U (+0.12%)
  BTC: 60516.5000 (+1.63%)
  ETH: 1593.0300 (+1.36%)
  SOL: 71.8600 (-0.91%)
  BNB: 562.3600 (-0.56%)
  DOT: 0.8330 (-2.46%)
  LINK: 7.3820 (+1.23%)
  XRP: 1.0582 (+1.74%)
==================================================
[2026-06-28 03:26:25] 🔴 开空 BTC @60367.9 | 评分:75 | 状态:ranging | AI:做多(65%) | ✅ 下单成功
[2026-06-28 04:00:16] 
==================================================
📊 整点汇报 2026-06-28 04:00
恐惧贪婪指数: 15 (极度恐惧)
今日PnL: +0.00 USDT (+0.0%)
持仓数: 2/4
  🔴 BNB SHORT @563.0100 现价:559.5500 PnL:+1.25U (+0.61%)
  🔴 BTC SHORT @60367.9000 现价:60152.5000 PnL:+0.65U (+0.36%)
  BTC: 60152.5000 (+0.52%)
  ETH: 1577.7500 (-0.04%)
  SOL: 71.1000 (-2.99%)
  BNB: 559.5500 (-1.40%)
  DOT: 0.8270 (-3.73%)
  LINK: 7.3220 (-0.41%)
  XRP: 1.0536 (+0.36%)
==================================================
[2026-06-28 05:00:34] 
==================================================
📊 整点汇报 2026-06-28 05:00
恐惧贪婪指数: 15 (极度恐惧)
今日PnL: +0.00 USDT (+0.0%)
持仓数: 2/4
  🔴 BNB SHORT @563.0100 现价:559.7300 PnL:+1.18U (+0.58%)
  🔴 BTC SHORT @60367.9000 现价:60242.7000 PnL:+0.38U (+0.21%)
  BTC: 60242.7000 (+0.90%)
  ETH: 1579.6400 (+0.55%)
  SOL: 71.2000 (-1.36%)
  BNB: 559.7300 (-0.99%)
  DOT: 0.8290 (-3.04%)
  LINK: 7.3340 (+0.30%)
  XRP: 1.0543 (+1.00%)
==================================================
[2026-06-28 05:57:38] 🔴 开空 ETH @1574.74 | 评分:75 | 状态:ranging | AI:做多(65%) | ✅ 下单成功
[2026-06-28 06:00:13] 
==================================================
📊 整点汇报 2026-06-28 06:00
恐惧贪婪指数: 15 (极度恐惧)
今日PnL: +0.00 USDT (+0.0%)
持仓数: 3/4
  🔴 BNB SHORT @563.0100 现价:557.7600 PnL:+1.89U (+0.93%)
  🔴 BTC SHORT @60367.9000 现价:60166.0000 PnL:+0.61U (+0.33%)
  🔴 ETH SHORT @1574.7400 现价:1574.7500 PnL:-0.00U (-0.00%)
  BTC: 60166.0000 (+0.40%)
  ETH: 1574.7500 (-0.02%)
  SOL: 70.9400 (-1.49%)
  BNB: 557.7600 (-1.83%)
  DOT: 0.8200 (-3.87%)
  LINK: 7.3030 (-0.19%)
  XRP: 1.0525 (+0.95%)
==================================================
[2026-06-28 06:18:47] 🔴 开空 DOT @0.808 | 评分:110 | 状态:trending | AI:做空(85%) | ✅ 下单成功
[2026-06-28 07:00:42] 
==================================================
📊 整点汇报 2026-06-28 07:00
恐惧贪婪指数: 15 (极度恐惧)
今日PnL: +0.00 USDT (+0.0%)
持仓数: 4/4
  🔴 BNB SHORT @563.0100 现价:559.2100 PnL:+1.37U (+0.67%)
  🔴 BTC SHORT @60367.9000 现价:60204.3000 PnL:+0.49U (+0.27%)
  🔴 ETH SHORT @1574.7400 现价:1578.5700 PnL:-0.49U (-0.24%)
  🔴 DOT SHORT @0.8080 现价:0.8160 PnL:-1.98U (-0.99%)
  BTC: 60204.3000 (+0.34%)
  ETH: 1578.5700 (+0.07%)
  SOL: 71.0500 (-1.03%)
  BNB: 559.2100 (-1.65%)
  DOT: 0.8160 (-4.34%)
  LINK: 7.3220 (-0.38%)
  XRP: 1.0531 (+0.54%)
==================================================
[2026-06-28 08:00:18] 
==================================================
📊 整点汇报 2026-06-28 08:00
恐惧贪婪指数: 15 (极度恐惧)
今日PnL: +0.00 USDT (+0.0%)
持仓数: 4/4
  🔴 BNB SHORT @563.0100 现价:557.4500 PnL:+2.00U (+0.99%)
  🔴 BTC SHORT @60367.9000 现价:60000.2000 PnL:+1.10U (+0.61%)
  🔴 ETH SHORT @1574.7400 现价:1573.2700 PnL:+0.19U (+0.09%)
  🔴 DOT SHORT @0.8080 现价:0.8150 PnL:-1.73U (-0.87%)
  BTC: 60000.2000 (-0.06%)
  ETH: 1573.2700 (-0.29%)
  SOL: 70.4600 (-2.00%)
  BNB: 557.4500 (-1.86%)
  DOT: 0.8150 (-4.34%)
  LINK: 7.2920 (-0.78%)
  XRP: 1.0470 (-0.14%)
==================================================
[2026-06-28 09:00:16] 
==================================================
📊 整点汇报 2026-06-28 09:00
恐惧贪婪指数: 18 (极度恐惧)
今日PnL: +0.00 USDT (+0.0%)
持仓数: 4/4
  🔴 BNB SHORT @563.0100 现价:558.2500 PnL:+1.71U (+0.85%)
  🔴 BTC SHORT @60367.9000 现价:60147.7000 PnL:+0.66U (+0.36%)
  🔴 ETH SHORT @1574.7400 现价:1573.5300 PnL:+0.15U (+0.08%)
  🔴 DOT SHORT @0.8080 现价:0.8100 PnL:-0.50U (-0.25%)
  BTC: 60147.7000 (+0.22%)
  ETH: 1573.5300 (-0.17%)
  SOL: 70.7000 (-1.53%)
  BNB: 558.2500 (-1.68%)
  DOT: 0.8100 (-4.59%)
  LINK: 7.2960 (-0.79%)
  XRP: 1.0497 (+0.26%)
==================================================
[2026-06-28 10:00:50] 
==================================================
📊 整点汇报 2026-06-28 10:00
恐惧贪婪指数: 18 (极度恐惧)
今日PnL: +0.00 USDT (+0.0%)
持仓数: 4/4
  🔴 BNB SHORT @563.0100 现价:558.2700 PnL:+1.71U (+0.84%)
  🔴 BTC SHORT @60367.9000 现价:60196.7000 PnL:+0.51U (+0.28%)
  🔴 ETH SHORT @1574.7400 现价:1574.3500 PnL:+0.05U (+0.02%)
  🔴 DOT SHORT @0.8080 现价:0.8090 PnL:-0.25U (-0.12%)
  BTC: 60196.7000 (+0.45%)
  ETH: 1574.3500 (+0.00%)
  SOL: 70.8000 (-0.84%)
  BNB: 558.2700 (-1.37%)
  DOT: 0.8090 (+0.00%)
  LINK: 7.2910 (-0.83%)
  XRP: 1.0510 (-0.06%)
==================================================
[2026-06-28 11:00:34] 
==================================================
📊 整点汇报 2026-06-28 11:00
恐惧贪婪指数: 18 (极度恐惧)
今日PnL: +0.00 USDT (+0.0%)
持仓数: 4/4
  🔴 BNB SHORT @563.0100 现价:557.8000 PnL:+1.88U (+0.93%)
  🔴 BTC SHORT @60367.9000 现价:60143.0000 PnL:+0.67U (+0.37%)
  🔴 ETH SHORT @1574.7400 现价:1572.0400 PnL:+0.34U (+0.17%)
  🔴 DOT SHORT @0.8080 现价:0.8130 PnL:-1.24U (-0.62%)
  BTC: 60143.0000 (-0.23%)
  ETH: 1572.0400 (-0.70%)
  SOL: 70.7100 (-1.97%)
  BNB: 557.8000 (-1.88%)
  DOT: 0.8130 (-5.36%)
  LINK: 7.3080 (-1.28%)
  XRP: 1.0459 (-1.51%)
==================================================
[2026-06-28 12:01:12] 
==================================================
📊 整点汇报 2026-06-28 12:00
恐惧贪婪指数: 18 (极度恐惧)
今日PnL: +0.00 USDT (+0.0%)
持仓数: 4/4
  🔴 BNB SHORT @563.0100 现价:558.9200 PnL:+1.47U (+0.73%)
  🔴 BTC SHORT @60367.9000 现价:60178.6000 PnL:+0.57U (+0.31%)
  🔴 ETH SHORT @1574.7400 现价:1574.2000 PnL:+0.07U (+0.03%)
  🔴 DOT SHORT @0.8080 现价:0.8170 PnL:-2.23U (-1.11%)
  BTC: 60178.6000 (-0.15%)
  ETH: 1574.2000 (-0.37%)
  SOL: 70.8300 (-1.97%)
  BNB: 558.9200 (-1.47%)
  DOT: 0.8170 (-4.11%)
  LINK: 7.3030 (+0.00%)
  XRP: 1.0492 (+0.00%)
==================================================
[2026-06-28 13:00:35] 
==================================================
📊 整点汇报 2026-06-28 13:00
恐惧贪婪指数: 18 (极度恐惧)
今日PnL: +0.00 USDT (+0.0%)
持仓数: 4/4
  🔴 BNB SHORT @563.0100 现价:557.1700 PnL:+2.10U (+1.04%)
  🔴 BTC SHORT @60367.9000 现价:60123.3000 PnL:+0.73U (+0.41%)
  🔴 ETH SHORT @1574.7400 现价:1573.3100 PnL:+0.18U (+0.09%)
  🔴 DOT SHORT @0.8080 现价:0.8170 PnL:-2.23U (-1.11%)
  BTC: 60123.3000 (-0.18%)
  ETH: 1573.3100 (-0.32%)
  SOL: 70.5500 (-1.84%)
  BNB: 557.1700 (-1.36%)
  DOT: 0.8170 (-3.77%)
  LINK: 7.2890 (+0.00%)
  XRP: 1.0476 (-1.09%)
==================================================
[2026-06-28 14:00:42] 
==================================================
📊 整点汇报 2026-06-28 14:00
恐惧贪婪指数: 18 (极度恐惧)
今日PnL: +0.00 USDT (+0.0%)
持仓数: 4/4
  🔴 BNB SHORT @563.0100 现价:556.3200 PnL:+2.41U (+1.19%)
  🔴 BTC SHORT @60367.9000 现价:59928.3000 PnL:+1.32U (+0.73%)
  🔴 ETH SHORT @1574.7400 现价:1568.3000 PnL:+0.82U (+0.41%)
  🔴 DOT SHORT @0.8080 现价:0.8110 PnL:-0.74U (-0.37%)
  BTC: 59928.3000 (-0.51%)
  ETH: 1568.3000 (-0.62%)
  SOL: 70.4900 (+0.00%)
  BNB: 556.3200 (-1.69%)
  DOT: 0.8110 (-4.59%)
  LINK: 7.2620 (-1.44%)
  XRP: 1.0473 (-0.94%)
==================================================
[2026-06-28 15:00:44] 
==================================================
📊 整点汇报 2026-06-28 15:00
恐惧贪婪指数: 18 (极度恐惧)
今日PnL: +0.00 USDT (+0.0%)
持仓数: 4/4
  🔴 BNB SHORT @563.0100 现价:555.1400 PnL:+2.83U (+1.40%)
  🔴 BTC SHORT @60367.9000 现价:59978.4000 PnL:+1.17U (+0.65%)
  🔴 ETH SHORT @1574.7400 现价:1568.0000 PnL:+0.86U (+0.43%)
  🔴 DOT SHORT @0.8080 现价:0.8100 PnL:-0.50U (-0.25%)
  BTC: 59978.4000 (-0.59%)
  ETH: 1568.0000 (-0.88%)
  SOL: 70.4300 (-2.30%)
  BNB: 555.1400 (-1.92%)
  DOT: 0.8100 (-4.03%)
  LINK: 7.2520 (-1.71%)
  XRP: 1.0442 (-1.39%)
==================================================
[2026-06-28 16:01:20] 
==================================================
📊 整点汇报 2026-06-28 16:01
恐惧贪婪指数: 18 (极度恐惧)
今日PnL: +0.00 USDT (+0.0%)
持仓数: 4/4
  🔴 BNB SHORT @563.0100 现价:556.4800 PnL:+2.35U (+1.16%)
  🔴 BTC SHORT @60367.9000 现价:60188.0000 PnL:+0.54U (+0.30%)
  🔴 ETH SHORT @1574.7400 现价:1574.9500 PnL:-0.03U (-0.01%)
  🔴 DOT SHORT @0.8080 现价:0.8150 PnL:-1.73U (-0.87%)
  BTC: 60188.0000 (-0.51%)
  ETH: 1574.9500 (-0.62%)
  SOL: 71.0300 (-1.72%)
  BNB: 556.4800 (-1.66%)
  DOT: 0.8150 (-3.55%)
  LINK: 7.2970 (-1.14%)
  XRP: 1.0503 (-0.85%)
==================================================
[2026-06-28 17:00:29] 
==================================================
📊 整点汇报 2026-06-28 17:00
恐惧贪婪指数: 18 (极度恐惧)
今日PnL: +0.00 USDT (+0.0%)
持仓数: 4/4
  🔴 BNB SHORT @563.0100 现价:557.6000 PnL:+1.95U (+0.96%)
  🔴 BTC SHORT @60367.9000 现价:60372.0000 PnL:-0.01U (-0.01%)
  🔴 ETH SHORT @1574.7400 现价:1580.8400 PnL:-0.77U (-0.39%)
  🔴 DOT SHORT @0.8080 现价:0.8170 PnL:-2.23U (-1.11%)
  BTC: 60372.0000 (-0.11%)
  ETH: 1580.8400 (-0.20%)
  SOL: 71.9100 (-0.12%)
  BNB: 557.6000 (-1.47%)
  DOT: 0.8170 (-3.20%)
  LINK: 7.3240 (-0.64%)
  XRP: 1.0540 (-0.27%)
==================================================
[2026-06-28 18:00:33] 
==================================================
📊 整点汇报 2026-06-28 18:00
恐惧贪婪指数: 18 (极度恐惧)
今日PnL: +0.00 USDT (+0.0%)
持仓数: 4/4
  🔴 BNB SHORT @563.0100 现价:555.5600 PnL:+2.68U (+1.32%)
  🔴 BTC SHORT @60367.9000 现价:60241.9000 PnL:+0.38U (+0.21%)
  🔴 ETH SHORT @1574.7400 现价:1578.5000 PnL:-0.48U (-0.24%)
  🔴 DOT SHORT @0.8080 现价:0.8050 PnL:+0.74U (+0.37%)
  BTC: 60241.9000 (-0.27%)
  ETH: 1578.5000 (-0.20%)
  SOL: 71.5200 (-0.43%)
  BNB: 555.5600 (-1.69%)
  DOT: 0.8050 (-4.62%)
  LINK: 7.2890 (-1.17%)
  XRP: 1.0494 (-0.78%)
==================================================
[2026-06-28 19:00:43] 
==================================================
📊 整点汇报 2026-06-28 19:00
恐惧贪婪指数: 18 (极度恐惧)
今日PnL: +0.00 USDT (+0.0%)
持仓数: 4/4
  🔴 BNB SHORT @563.0100 现价:555.6700 PnL:+2.64U (+1.30%)
  🔴 BTC SHORT @60367.9000 现价:60148.1000 PnL:+0.66U (+0.36%)
  🔴 ETH SHORT @1574.7400 现价:1576.3800 PnL:-0.21U (-0.10%)
  🔴 DOT SHORT @0.8080 现价:0.8060 PnL:+0.50U (+0.25%)
  BTC: 60148.1000 (-0.40%)
  ETH: 1576.3800 (-0.44%)
  SOL: 71.4200 (-0.81%)
  BNB: 555.6700 (-1.63%)
  DOT: 0.8060 (+0.00%)
  LINK: 7.2440 (-1.62%)
  XRP: 1.0480 (-0.99%)
==================================================
[2026-06-28 20:00:23] 
==================================================
📊 整点汇报 2026-06-28 20:00
恐惧贪婪指数: 18 (极度恐惧)
今日PnL: +0.00 USDT (+0.0%)
持仓数: 4/4
  🔴 BNB SHORT @563.0100 现价:557.2700 PnL:+2.07U (+1.02%)
  🔴 BTC SHORT @60367.9000 现价:60298.0000 PnL:+0.21U (+0.12%)
  🔴 ETH SHORT @1574.7400 现价:1581.8800 PnL:-0.91U (-0.45%)
  🔴 DOT SHORT @0.8080 现价:0.8110 PnL:-0.74U (-0.37%)
  BTC: 60298.0000 (-0.01%)
  ETH: 1581.8800 (-0.07%)
  SOL: 71.8700 (+0.12%)
  BNB: 557.2700 (-1.11%)
  DOT: 0.8110 (-3.68%)
  LINK: 7.2870 (-0.96%)
  XRP: 1.0517 (-0.66%)
==================================================
[2026-06-28 21:00:33] 
==================================================
📊 整点汇报 2026-06-28 21:00
恐惧贪婪指数: 18 (极度恐惧)
今日PnL: +0.00 USDT (+0.0%)
持仓数: 4/4
  🔴 BNB SHORT @563.0100 现价:556.8600 PnL:+2.21U (+1.09%)
  🔴 BTC SHORT @60367.9000 现价:60279.6000 PnL:+0.26U (+0.15%)
  🔴 ETH SHORT @1574.7400 现价:1582.6800 PnL:-1.01U (-0.50%)
  🔴 DOT SHORT @0.8080 现价:0.8110 PnL:-0.74U (-0.37%)
  BTC: 60279.6000 (-0.15%)
  ETH: 1582.6800 (+0.00%)
  SOL: 71.8400 (-0.22%)
  BNB: 556.8600 (-1.42%)
  DOT: 0.8110 (-3.80%)
  LINK: 7.2830 (-1.17%)
  XRP: 1.0513 (-0.90%)
==================================================
[2026-06-28 22:00:36] 
==================================================
📊 整点汇报 2026-06-28 22:00
恐惧贪婪指数: 18 (极度恐惧)
今日PnL: +0.00 USDT (+0.0%)
持仓数: 4/4
  🔴 BNB SHORT @563.0100 现价:555.6300 PnL:+2.66U (+1.31%)
  🔴 BTC SHORT @60367.9000 现价:60043.6000 PnL:+0.97U (+0.54%)
  🔴 ETH SHORT @1574.7400 现价:1578.8400 PnL:-0.52U (-0.26%)
  🔴 DOT SHORT @0.8080 现价:0.8000 PnL:+1.98U (+0.99%)
  BTC: 60043.6000 (+0.00%)
  ETH: 1578.8400 (-0.67%)
  SOL: 71.7100 (-0.79%)
  BNB: 555.6300 (-1.54%)
  DOT: 0.8000 (-5.33%)
  LINK: 7.2550 (-1.72%)
  XRP: 1.0490 (-1.32%)
==================================================
[2026-06-28 23:00:23] 
==================================================
📊 整点汇报 2026-06-28 23:00
恐惧贪婪指数: 18 (极度恐惧)
今日PnL: +0.00 USDT (+0.0%)
持仓数: 4/4
  🔴 BNB SHORT @563.0100 现价:555.5600 PnL:+2.68U (+1.32%)
  🔴 BTC SHORT @60367.9000 现价:60018.2000 PnL:+1.05U (+0.58%)
  🔴 ETH SHORT @1574.7400 现价:1581.2800 PnL:-0.83U (-0.42%)
  🔴 DOT SHORT @0.8080 现价:0.8080 PnL:+0.00U (+0.00%)
  BTC: 60018.2000 (-0.94%)
  ETH: 1581.2800 (-0.73%)
  SOL: 71.6700 (-1.38%)
  BNB: 555.5600 (-1.64%)
  DOT: 0.8080 (-4.27%)
  LINK: 7.2910 (-1.55%)
  XRP: 1.0525 (-1.41%)
==================================================
