[2026-07-10 00:06:49] 
==================================================
📊 整点汇报 2026-07-10 00:05
恐惧贪婪指数: 50 (中性)
今日PnL: -7.89 USDT (-7.9%)
持仓数: 0/4
  BTC: 63130.2000 (+2.47%)
  ETH: 1745.9900 (+0.00%)
  SOL: 77.9600 (+1.76%)
  BNB: 572.9500 (+1.95%)
  DOT: 0.8320 (+1.47%)
  LINK: 7.7380 (+2.49%)
  XRP: 1.0953 (+2.20%)
==================================================
[2026-07-10 00:36:41] ✅ 平仓 ETH 迷你仓修复 | 入场:1798.7500 出场:1798.7500 | PnL:0.00% (+0.00USDT) | 平100%仓 | ❌ 平仓失败
[2026-07-10 00:51:02] ✅ 平仓 ETH 迷你仓修复 | 入场:1798.7500 出场:1798.7500 | PnL:0.00% (+0.00USDT) | 平100%仓 | ❌ 平仓失败
[2026-07-10 01:00:47] 
==================================================
📊 整点汇报 2026-07-10 01:00
恐惧贪婪指数: 50 (中性)
今日PnL: +0.00 USDT (+0.0%)
持仓数: 1/4
  🔴 BNB SHORT @572.3300 现价:570.1700 PnL:+0.76U (+0.38%)
  BTC: 62705.4000 (+0.97%)
  ETH: 1738.3400 (+0.18%)
  SOL: 77.6300 (+0.49%)
  BNB: 570.1700 (+0.00%)
  DOT: 0.8250 (-0.24%)
  LINK: 7.6960 (+1.02%)
  XRP: 1.0880 (+0.43%)
==================================================
[2026-07-10 01:05:17] ✅ 平仓 ETH 迷你仓修复 | 入场:1798.7500 出场:1798.7500 | PnL:0.00% (+0.00USDT) | 平100%仓 | ❌ 平仓失败
[2026-07-10 02:02:39] 
==================================================
📊 整点汇报 2026-07-10 02:01
恐惧贪婪指数: 50 (中性)
今日PnL: +0.00 USDT (+0.0%)
持仓数: 0/4
  BTC: 62717.2000 (+1.01%)
  ETH: 1738.2000 (+0.25%)
  SOL: 77.6700 (+0.73%)
  BNB: 570.0200 (+0.64%)
  DOT: 0.8250 (-0.36%)
  LINK: 7.7040 (+0.00%)
  XRP: 1.0901 (+0.46%)
==================================================
[2026-07-10 03:01:50] 
==================================================
📊 整点汇报 2026-07-10 03:00
恐惧贪婪指数: 50 (中性)
今日PnL: +0.00 USDT (+0.0%)
持仓数: 0/4
  BTC: 62717.2000 (+1.01%)
  ETH: 1738.2000 (+0.25%)
  SOL: 77.6700 (+0.73%)
  BNB: 570.0200 (+0.64%)
  DOT: 0.8250 (-0.36%)
  LINK: 7.7040 (+0.00%)
  XRP: 1.0901 (+0.46%)
==================================================
[2026-07-10 04:06:31] 
==================================================
📊 整点汇报 2026-07-10 04:05
恐惧贪婪指数: 50 (中性)
今日PnL: +0.00 USDT (+0.0%)
持仓数: 0/4
  BTC: 62717.2000 (+1.01%)
  ETH: 1738.2000 (+0.25%)
  SOL: 77.6700 (+0.73%)
  BNB: 570.0200 (+0.64%)
  DOT: 0.8250 (-0.36%)
  LINK: 7.7040 (+0.00%)
  XRP: 1.0901 (+0.46%)
==================================================
[2026-07-10 05:04:42] 
==================================================
📊 整点汇报 2026-07-10 05:03
恐惧贪婪指数: 50 (中性)
今日PnL: +0.00 USDT (+0.0%)
持仓数: 0/4
  BTC: 62717.2000 (+1.01%)
  ETH: 1738.2000 (+0.25%)
  SOL: 77.6700 (+0.73%)
  BNB: 570.0200 (+0.64%)
  DOT: 0.8250 (-0.36%)
  LINK: 7.7040 (+0.00%)
  XRP: 1.0901 (+0.46%)
==================================================
[2026-07-10 06:03:46] 
==================================================
📊 整点汇报 2026-07-10 06:02
恐惧贪婪指数: 50 (中性)
今日PnL: +0.00 USDT (+0.0%)
持仓数: 0/4
  BTC: 62717.2000 (+1.01%)
  ETH: 1738.2000 (+0.25%)
  SOL: 77.6700 (+0.73%)
  BNB: 570.0200 (+0.64%)
  DOT: 0.8250 (-0.36%)
  LINK: 7.7040 (+0.00%)
  XRP: 1.0901 (+0.46%)
==================================================
[2026-07-10 07:02:42] 
==================================================
📊 整点汇报 2026-07-10 07:01
恐惧贪婪指数: 50 (中性)
今日PnL: +0.00 USDT (+0.0%)
持仓数: 0/4
  BTC: 62717.2000 (+1.01%)
  ETH: 1738.2000 (+0.25%)
  SOL: 77.6700 (+0.73%)
  BNB: 570.0200 (+0.64%)
  DOT: 0.8250 (-0.36%)
  LINK: 7.7040 (+0.00%)
  XRP: 1.0901 (+0.46%)
==================================================
[2026-07-10 08:01:55] 
==================================================
📊 整点汇报 2026-07-10 08:00
恐惧贪婪指数: 50 (中性)
今日PnL: +0.00 USDT (+0.0%)
持仓数: 0/4
  BTC: 62717.2000 (+1.01%)
  ETH: 1738.2000 (+0.25%)
  SOL: 77.6700 (+0.73%)
  BNB: 570.0200 (+0.64%)
  DOT: 0.8250 (-0.36%)
  LINK: 7.7040 (+0.00%)
  XRP: 1.0901 (+0.46%)
==================================================
[2026-07-10 08:48:33] ✅ 平仓 ETH 迷你仓修复 | 入场:1798.7500 出场:1798.7500 | PnL:0.00% (+0.00USDT) | 平100%仓 | ❌ 平仓失败
[2026-07-10 08:58:30] ✅ 平仓 ETH 迷你仓修复 | 入场:1798.7500 出场:1798.7500 | PnL:0.00% (+0.00USDT) | 平100%仓 | ❌ 平仓失败
[2026-07-10 09:00:32] 
==================================================
📊 整点汇报 2026-07-10 09:00
恐惧贪婪指数: 23 (极度恐惧)
今日PnL: +0.00 USDT (+0.0%)
持仓数: 1/4
  🔴 BNB SHORT @572.3300 现价:570.9000 PnL:+0.50U (+0.25%)
  BTC: 63048.0000 (+1.58%)
  ETH: 1741.8900 (+0.29%)
  SOL: 78.0300 (+0.45%)
  BNB: 570.9000 (+0.39%)
  DOT: 0.8230 (-0.24%)
  LINK: 7.7330 (+1.60%)
  XRP: 1.0916 (+0.37%)
==================================================
[2026-07-10 09:08:21] ✅ 平仓 ETH 迷你仓修复 | 入场:1798.7500 出场:1798.7500 | PnL:0.00% (+0.00USDT) | 平100%仓 | ❌ 平仓失败
[2026-07-10 09:18:26] ✅ 平仓 ETH 迷你仓修复 | 入场:1798.7500 出场:1798.7500 | PnL:0.00% (+0.00USDT) | 平100%仓 | ❌ 平仓失败
[2026-07-10 10:05:34] 
==================================================
📊 整点汇报 2026-07-10 10:04
恐惧贪婪指数: 50 (中性)
今日PnL: +0.00 USDT (+0.0%)
持仓数: 0/4
  BTC: 63266.0000 (+0.00%)
  ETH: 1746.0200 (-0.06%)
  SOL: 78.3800 (+0.01%)
  BNB: 571.6200 (+0.04%)
  DOT: 0.8260 (-0.72%)
  LINK: 7.7730 (+1.24%)
  XRP: 1.0955 (+0.28%)
==================================================
[2026-07-10 11:04:49] 
==================================================
📊 整点汇报 2026-07-10 11:03
恐惧贪婪指数: 50 (中性)
今日PnL: +0.00 USDT (+0.0%)
持仓数: 0/4
  BTC: 63266.0000 (+0.00%)
  ETH: 1746.0200 (-0.06%)
  SOL: 78.3800 (+0.01%)
  BNB: 571.6200 (+0.04%)
  DOT: 0.8260 (-0.72%)
  LINK: 7.7730 (+1.24%)
  XRP: 1.0955 (+0.28%)
==================================================
[2026-07-10 12:01:42] ✅ 平仓 ETH 迷你仓修复 | 入场:1798.7500 出场:1798.7500 | PnL:0.00% (+0.00USDT) | 平100%仓 | ❌ 平仓失败
[2026-07-10 12:02:31] 
==================================================
📊 整点汇报 2026-07-10 12:02
恐惧贪婪指数: 23 (极度恐惧)
今日PnL: +0.00 USDT (+0.0%)
持仓数: 1/4
  🔴 BNB SHORT @572.3300 现价:575.5500 PnL:-1.13U (-0.56%)
  BTC: 63890.0000 (+3.11%)
  ETH: 1774.6000 (+2.59%)
  SOL: 78.9000 (+2.14%)
  BNB: 575.5500 (+0.00%)
  DOT: 0.8450 (+2.30%)
  LINK: 7.9010 (+3.74%)
  XRP: 1.1061 (+1.71%)
==================================================
[2026-07-10 12:13:39] ✅ 平仓 ETH 迷你仓修复 | 入场:1798.7500 出场:1798.7500 | PnL:0.00% (+0.00USDT) | 平100%仓 | ❌ 平仓失败
[2026-07-10 12:24:52] ✅ 平仓 ETH 迷你仓修复 | 入场:1798.7500 出场:1798.7500 | PnL:0.00% (+0.00USDT) | 平100%仓 | ❌ 平仓失败
[2026-07-10 12:36:50] ✅ 平仓 ETH 迷你仓修复 | 入场:1798.7500 出场:1798.7500 | PnL:0.00% (+0.00USDT) | 平100%仓 | ❌ 平仓失败
[2026-07-10 12:48:28] ✅ 平仓 ETH 迷你仓修复 | 入场:1798.7500 出场:1798.7500 | PnL:0.00% (+0.00USDT) | 平100%仓 | ❌ 平仓失败
[2026-07-10 12:59:48] ✅ 平仓 ETH 迷你仓修复 | 入场:1798.7500 出场:1798.7500 | PnL:0.00% (+0.00USDT) | 平100%仓 | ❌ 平仓失败
[2026-07-10 13:00:23] 
==================================================
📊 整点汇报 2026-07-10 13:00
恐惧贪婪指数: 23 (极度恐惧)
今日PnL: +0.00 USDT (+0.0%)
持仓数: 1/4
  🔴 BNB SHORT @572.3300 现价:576.9100 PnL:-1.60U (-0.80%)
  BTC: 64054.2000 (+2.76%)
  ETH: 1773.7500 (+0.00%)
  SOL: 78.9500 (+1.39%)
  BNB: 576.9100 (+1.04%)
  DOT: 0.8430 (+1.20%)
  LINK: 7.8880 (+2.79%)
  XRP: 1.1094 (+1.45%)
==================================================
[2026-07-10 13:11:19] ✅ 平仓 ETH 迷你仓修复 | 入场:1798.7500 出场:1798.7500 | PnL:0.00% (+0.00USDT) | 平100%仓 | ❌ 平仓失败
[2026-07-10 13:23:20] ✅ 平仓 ETH 迷你仓修复 | 入场:1798.7500 出场:1798.7500 | PnL:0.00% (+0.00USDT) | 平100%仓 | ❌ 平仓失败
[2026-07-10 13:34:28] ✅ 平仓 ETH 迷你仓修复 | 入场:1798.7500 出场:1798.7500 | PnL:0.00% (+0.00USDT) | 平100%仓 | ❌ 平仓失败
[2026-07-10 13:45:33] ✅ 平仓 ETH 迷你仓修复 | 入场:1798.7500 出场:1798.7500 | PnL:0.00% (+0.00USDT) | 平100%仓 | ❌ 平仓失败
[2026-07-10 13:57:37] ✅ 平仓 ETH 迷你仓修复 | 入场:1798.7500 出场:1798.7500 | PnL:0.00% (+0.00USDT) | 平100%仓 | ❌ 平仓失败
[2026-07-10 14:00:34] 
==================================================
📊 整点汇报 2026-07-10 14:00
恐惧贪婪指数: 23 (极度恐惧)
今日PnL: +0.00 USDT (+0.0%)
持仓数: 1/4
  🔴 BNB SHORT @572.3300 现价:577.6800 PnL:-1.87U (-0.93%)
  BTC: 64079.5000 (+2.51%)
  ETH: 1778.0700 (+1.73%)
  SOL: 79.1300 (+1.03%)
  BNB: 577.6800 (+0.74%)
  DOT: 0.8490 (+1.55%)
  LINK: 7.9100 (+2.51%)
  XRP: 1.1091 (+0.92%)
==================================================
[2026-07-10 14:10:14] ✅ 平仓 ETH 迷你仓修复 | 入场:1798.7500 出场:1798.7500 | PnL:0.00% (+0.00USDT) | 平100%仓 | ❌ 平仓失败
[2026-07-10 14:22:27] ✅ 平仓 ETH 迷你仓修复 | 入场:1798.7500 出场:1798.7500 | PnL:0.00% (+0.00USDT) | 平100%仓 | ❌ 平仓失败
[2026-07-10 14:34:59] ✅ 平仓 ETH 迷你仓修复 | 入场:1798.7500 出场:1798.7500 | PnL:0.00% (+0.00USDT) | 平100%仓 | ❌ 平仓失败
[2026-07-10 14:47:45] ✅ 平仓 ETH 迷你仓修复 | 入场:1798.7500 出场:1798.7500 | PnL:0.00% (+0.00USDT) | 平100%仓 | ❌ 平仓失败
[2026-07-10 15:02:07] ✅ 平仓 ETH 迷你仓修复 | 入场:1798.7500 出场:1798.7500 | PnL:0.00% (+0.00USDT) | 平100%仓 | ❌ 平仓失败
[2026-07-10 15:03:51] 
==================================================
📊 整点汇报 2026-07-10 15:02
恐惧贪婪指数: 23 (极度恐惧)
今日PnL: +0.00 USDT (+0.0%)
持仓数: 1/4
  🔴 BNB SHORT @572.3300 现价:576.6900 PnL:-1.53U (-0.76%)
  BTC: 63840.3000 (+1.60%)
  ETH: 1770.3400 (+0.00%)
  SOL: 78.8700 (+0.59%)
  BNB: 576.6900 (+0.32%)
  DOT: 0.8420 (+0.72%)
  LINK: 7.8870 (+1.77%)
  XRP: 1.1048 (+0.52%)
==================================================
[2026-07-10 15:16:16] ✅ 平仓 ETH 迷你仓修复 | 入场:1798.7500 出场:1798.7500 | PnL:0.00% (+0.00USDT) | 平100%仓 | ❌ 平仓失败
[2026-07-10 15:29:45] ✅ 平仓 ETH 迷你仓修复 | 入场:1798.7500 出场:1798.7500 | PnL:0.00% (+0.00USDT) | 平100%仓 | ❌ 平仓失败
[2026-07-10 15:42:05] ✅ 平仓 ETH 迷你仓修复 | 入场:1798.7500 出场:1798.7500 | PnL:0.00% (+0.00USDT) | 平100%仓 | ❌ 平仓失败
[2026-07-10 15:54:59] ✅ 平仓 ETH 迷你仓修复 | 入场:1798.7500 出场:1798.7500 | PnL:0.00% (+0.00USDT) | 平100%仓 | ❌ 平仓失败
[2026-07-10 16:00:29] 
==================================================
📊 整点汇报 2026-07-10 16:00
恐惧贪婪指数: 23 (极度恐惧)
今日PnL: +0.00 USDT (+0.0%)
持仓数: 1/4
  🔴 BNB SHORT @572.3300 现价:574.6200 PnL:-0.80U (-0.40%)
  BTC: 63947.1000 (+0.00%)
  ETH: 1771.0800 (+1.09%)
  SOL: 78.7900 (+0.00%)
  BNB: 574.6200 (+0.29%)
  DOT: 0.8470 (+1.44%)
  LINK: 7.8910 (+2.14%)
  XRP: 1.1050 (+0.74%)
==================================================
[2026-07-10 17:01:46] 
==================================================
📊 整点汇报 2026-07-10 17:00
恐惧贪婪指数: 50 (中性)
今日PnL: +0.00 USDT (+0.0%)
持仓数: 0/4
  BTC: 63947.1000 (+1.56%)
  ETH: 1772.5500 (+1.20%)
  SOL: 78.8200 (+0.82%)
  BNB: 574.5400 (+0.00%)
  DOT: 0.8470 (+1.56%)
  LINK: 7.8950 (+2.21%)
  XRP: 1.1051 (+0.69%)
==================================================
[2026-07-10 18:01:48] 
==================================================
📊 整点汇报 2026-07-10 18:00
恐惧贪婪指数: 50 (中性)
今日PnL: +0.00 USDT (+0.0%)
持仓数: 0/4
  BTC: 63947.1000 (+1.56%)
  ETH: 1772.5500 (+1.20%)
  SOL: 78.8200 (+0.82%)
  BNB: 574.5400 (+0.00%)
  DOT: 0.8470 (+1.56%)
  LINK: 7.8950 (+2.21%)
  XRP: 1.1051 (+0.69%)
==================================================
[2026-07-10 18:11:53] ✅ 平仓 ETH 迷你仓修复 | 入场:1798.7500 出场:1798.7500 | PnL:0.00% (+0.00USDT) | 平100%仓 | ❌ 平仓失败
[2026-07-10 18:25:01] ✅ 平仓 ETH 迷你仓修复 | 入场:1798.7500 出场:1798.7500 | PnL:0.00% (+0.00USDT) | 平100%仓 | ❌ 平仓失败
[2026-07-10 18:38:16] ✅ 平仓 ETH 迷你仓修复 | 入场:1798.7500 出场:1798.7500 | PnL:0.00% (+0.00USDT) | 平100%仓 | ❌ 平仓失败
[2026-07-10 18:50:13] ✅ 平仓 ETH 迷你仓修复 | 入场:1798.7500 出场:1798.7500 | PnL:0.00% (+0.00USDT) | 平100%仓 | ❌ 平仓失败
[2026-07-10 19:00:28] 
==================================================
📊 整点汇报 2026-07-10 19:00
恐惧贪婪指数: 23 (极度恐惧)
今日PnL: +0.00 USDT (+0.0%)
持仓数: 1/4
  🔴 BNB SHORT @572.3300 现价:576.8100 PnL:-1.57U (-0.78%)
  BTC: 64405.6000 (+2.54%)
  ETH: 1797.1800 (+2.98%)
  SOL: 79.4200 (+0.00%)
  BNB: 576.8100 (+1.14%)
  DOT: 0.8820 (+6.52%)
  LINK: 7.9810 (+3.17%)
  XRP: 1.1141 (+2.08%)
==================================================
[2026-07-10 19:04:51] ✅ 平仓 ETH 迷你仓修复 | 入场:1798.7500 出场:1798.7500 | PnL:0.00% (+0.00USDT) | 平100%仓 | ❌ 平仓失败
[2026-07-10 19:17:28] ✅ 平仓 ETH 迷你仓修复 | 入场:1798.7500 出场:1798.7500 | PnL:0.00% (+0.00USDT) | 平100%仓 | ❌ 平仓失败
[2026-07-10 19:30:01] ✅ 平仓 ETH 迷你仓修复 | 入场:1798.7500 出场:1798.7500 | PnL:0.00% (+0.00USDT) | 平100%仓 | ❌ 平仓失败
[2026-07-10 19:42:38] ✅ 平仓 ETH 迷你仓修复 | 入场:1798.7500 出场:1798.7500 | PnL:0.00% (+0.00USDT) | 平100%仓 | ❌ 平仓失败
[2026-07-10 19:55:18] ✅ 平仓 ETH 迷你仓修复 | 入场:1798.7500 出场:1798.7500 | PnL:0.00% (+0.00USDT) | 平100%仓 | ❌ 平仓失败
[2026-07-10 20:00:41] 
==================================================
📊 整点汇报 2026-07-10 20:00
恐惧贪婪指数: 23 (极度恐惧)
今日PnL: +0.00 USDT (+0.0%)
持仓数: 1/4
  🔴 BNB SHORT @572.3300 现价:575.9400 PnL:-1.26U (-0.63%)
  BTC: 64382.2000 (+0.00%)
  ETH: 1800.1700 (+3.21%)
  SOL: 79.2900 (+2.19%)
  BNB: 575.9400 (+0.00%)
  DOT: 0.8850 (+6.24%)
  LINK: 7.9820 (+3.09%)
  XRP: 1.1120 (+1.75%)
==================================================
[2026-07-10 20:09:05] ✅ 平仓 ETH 迷你仓修复 | 入场:1798.7500 出场:1798.7500 | PnL:0.00% (+0.00USDT) | 平100%仓 | ❌ 平仓失败
[2026-07-10 20:22:37] ✅ 平仓 ETH 迷你仓修复 | 入场:1798.7500 出场:1798.7500 | PnL:0.00% (+0.00USDT) | 平100%仓 | ❌ 平仓失败
[2026-07-10 20:34:51] ✅ 平仓 ETH 迷你仓修复 | 入场:1798.7500 出场:1798.7500 | PnL:0.00% (+0.00USDT) | 平100%仓 | ❌ 平仓失败
[2026-07-10 20:47:41] ✅ 平仓 ETH 迷你仓修复 | 入场:1798.7500 出场:1798.7500 | PnL:0.00% (+0.00USDT) | 平100%仓 | ❌ 平仓失败
[2026-07-10 21:01:52] ✅ 平仓 ETH 迷你仓修复 | 入场:1798.7500 出场:1798.7500 | PnL:0.00% (+0.00USDT) | 平100%仓 | ❌ 平仓失败
[2026-07-10 21:03:24] 
==================================================
📊 整点汇报 2026-07-10 21:03
恐惧贪婪指数: 23 (极度恐惧)
今日PnL: +0.00 USDT (+0.0%)
持仓数: 1/4
  🔴 BNB SHORT @572.3300 现价:574.4000 PnL:-0.72U (-0.36%)
  BTC: 64314.2000 (+0.00%)
  ETH: 1793.9500 (+0.00%)
  SOL: 78.8900 (+1.56%)
  BNB: 574.4000 (+0.83%)
  DOT: 0.8760 (+5.54%)
  LINK: 7.9540 (+3.02%)
  XRP: 1.1069 (+1.10%)
==================================================
[2026-07-10 21:16:17] ✅ 平仓 ETH 迷你仓修复 | 入场:1798.7500 出场:1798.7500 | PnL:0.00% (+0.00USDT) | 平100%仓 | ❌ 平仓失败
[2026-07-10 21:28:45] ✅ 平仓 ETH 迷你仓修复 | 入场:1798.7500 出场:1798.7500 | PnL:0.00% (+0.00USDT) | 平100%仓 | ❌ 平仓失败
[2026-07-10 21:42:28] ✅ 平仓 ETH 迷你仓修复 | 入场:1798.7500 出场:1798.7500 | PnL:0.00% (+0.00USDT) | 平100%仓 | ❌ 平仓失败
[2026-07-10 21:59:16] ✅ 平仓 ETH 迷你仓修复 | 入场:1798.7500 出场:1798.7500 | PnL:0.00% (+0.00USDT) | 平100%仓 | ❌ 平仓失败
[2026-07-10 22:02:04] 
==================================================
📊 整点汇报 2026-07-10 22:01
恐惧贪婪指数: 50 (中性)
今日PnL: +0.00 USDT (+0.0%)
持仓数: 1/4
  🔴 BNB SHORT @572.3300 现价:576.0800 PnL:-1.31U (-0.66%)
  BTC: 64476.2000 (+2.40%)
  ETH: 1806.5700 (+3.51%)
  SOL: 79.1500 (+1.59%)
  BNB: 576.0800 (+0.96%)
  DOT: 0.8850 (+0.00%)
  LINK: 8.0010 (+3.32%)
  XRP: 1.1122 (+1.22%)
==================================================
[2026-07-10 22:10:49] 🔴 开空 XRP @1.1062 | 评分:65 | 状态:ranging | AI:做多(65%) | ✅ 下单成功
[2026-07-10 22:16:56] ✅ 平仓 ETH 迷你仓修复 | 入场:1798.7500 出场:1798.7500 | PnL:0.00% (+0.00USDT) | 平100%仓 | ❌ 平仓失败
[2026-07-10 22:32:56] ✅ 平仓 ETH 迷你仓修复 | 入场:1798.7500 出场:1798.7500 | PnL:0.00% (+0.00USDT) | 平100%仓 | ❌ 平仓失败
[2026-07-10 22:47:31] ✅ 平仓 ETH 迷你仓修复 | 入场:1798.7500 出场:1798.7500 | PnL:0.00% (+0.00USDT) | 平100%仓 | ❌ 平仓失败
[2026-07-10 23:02:05] ✅ 平仓 ETH 迷你仓修复 | 入场:1798.7500 出场:1798.7500 | PnL:0.00% (+0.00USDT) | 平100%仓 | ❌ 平仓失败
[2026-07-10 23:03:52] 
==================================================
📊 整点汇报 2026-07-10 23:03
恐惧贪婪指数: 23 (极度恐惧)
今日PnL: +0.00 USDT (+0.0%)
持仓数: 2/4
  🔴 XRP SHORT @1.1056 现价:1.1007 PnL:+0.89U (+0.44%)
  🔴 BNB SHORT @572.3300 现价:572.6400 PnL:-0.11U (-0.05%)
  BTC: 63941.5000 (+1.66%)
  ETH: 1783.6500 (+2.59%)
  SOL: 78.0600 (+0.35%)
  BNB: 572.6400 (+0.00%)
  DOT: 0.8700 (+4.57%)
  LINK: 7.8910 (+2.37%)
  XRP: 1.1007 (+0.00%)
==================================================
[2026-07-10 23:17:07] ✅ 平仓 ETH 迷你仓修复 | 入场:1798.7500 出场:1798.7500 | PnL:0.00% (+0.00USDT) | 平100%仓 | ❌ 平仓失败
