[2026-06-08 00:01:48] 
==================================================
📊 整点汇报 2026-06-08 00:00
恐惧贪婪指数: 50 (中性)
今日PnL: -23.71 USDT (-23.7%)
持仓数: 0/4
  BTC: 62080.1000 (+2.23%)
  ETH: 1629.2200 (+4.38%)
  SOL: 64.8900 (+4.36%)
  BNB: 591.5800 (+2.77%)
  DOT: 0.9620 (+2.56%)
  LINK: 7.7260 (+4.76%)
  XRP: 1.1334 (+3.57%)
==================================================
[2026-06-08 01:05:38] 
==================================================
📊 整点汇报 2026-06-08 01:04
恐惧贪婪指数: 50 (中性)
今日PnL: -23.71 USDT (-23.7%)
持仓数: 0/4
  BTC: 62080.1000 (+2.23%)
  ETH: 1629.2200 (+4.38%)
  SOL: 64.8900 (+4.36%)
  BNB: 591.5800 (+2.77%)
  DOT: 0.9620 (+2.56%)
  LINK: 7.7260 (+4.76%)
  XRP: 1.1334 (+3.57%)
==================================================
[2026-06-08 02:04:08] 
==================================================
📊 整点汇报 2026-06-08 02:02
恐惧贪婪指数: 50 (中性)
今日PnL: -23.71 USDT (-23.7%)
持仓数: 0/4
  BTC: 62080.1000 (+2.23%)
  ETH: 1629.2200 (+4.38%)
  SOL: 64.8900 (+4.36%)
  BNB: 591.5800 (+2.77%)
  DOT: 0.9620 (+2.56%)
  LINK: 7.7260 (+4.76%)
  XRP: 1.1334 (+3.57%)
==================================================
[2026-06-08 03:02:42] 
==================================================
📊 整点汇报 2026-06-08 03:01
恐惧贪婪指数: 50 (中性)
今日PnL: -23.71 USDT (-23.7%)
持仓数: 0/4
  BTC: 62080.1000 (+2.23%)
  ETH: 1629.2200 (+4.38%)
  SOL: 64.8900 (+4.36%)
  BNB: 591.5800 (+2.77%)
  DOT: 0.9620 (+2.56%)
  LINK: 7.7260 (+4.76%)
  XRP: 1.1334 (+3.57%)
==================================================
[2026-06-08 04:01:31] 
==================================================
📊 整点汇报 2026-06-08 04:00
恐惧贪婪指数: 50 (中性)
今日PnL: -23.71 USDT (-23.7%)
持仓数: 0/4
  BTC: 62080.1000 (+2.23%)
  ETH: 1629.2200 (+4.38%)
  SOL: 64.8900 (+4.36%)
  BNB: 591.5800 (+2.77%)
  DOT: 0.9620 (+2.56%)
  LINK: 7.7260 (+4.76%)
  XRP: 1.1334 (+3.57%)
==================================================
[2026-06-08 05:04:30] 
==================================================
📊 整点汇报 2026-06-08 05:03
恐惧贪婪指数: 50 (中性)
今日PnL: -23.71 USDT (-23.7%)
持仓数: 0/4
  BTC: 62080.1000 (+2.23%)
  ETH: 1629.2200 (+4.38%)
  SOL: 64.8900 (+4.36%)
  BNB: 591.5800 (+2.77%)
  DOT: 0.9620 (+2.56%)
  LINK: 7.7260 (+4.76%)
  XRP: 1.1334 (+3.57%)
==================================================
[2026-06-08 06:02:16] 
==================================================
📊 整点汇报 2026-06-08 06:00
恐惧贪婪指数: 50 (中性)
今日PnL: -23.71 USDT (-23.7%)
持仓数: 0/4
  BTC: 62080.1000 (+2.23%)
  ETH: 1629.2200 (+4.38%)
  SOL: 64.8900 (+4.36%)
  BNB: 591.5800 (+2.77%)
  DOT: 0.9620 (+2.56%)
  LINK: 7.7260 (+4.76%)
  XRP: 1.1334 (+3.57%)
==================================================
[2026-06-08 07:05:14] 
==================================================
📊 整点汇报 2026-06-08 07:03
恐惧贪婪指数: 50 (中性)
今日PnL: -23.71 USDT (-23.7%)
持仓数: 0/4
  BTC: 62080.1000 (+2.23%)
  ETH: 1629.2200 (+4.38%)
  SOL: 64.8900 (+4.36%)
  BNB: 591.5800 (+2.77%)
  DOT: 0.9620 (+2.56%)
  LINK: 7.7260 (+4.76%)
  XRP: 1.1334 (+3.57%)
==================================================
[2026-06-08 08:01:02] 
==================================================
📊 整点汇报 2026-06-08 08:00
恐惧贪婪指数: 50 (中性)
今日PnL: -0.83 USDT (-0.8%)
持仓数: 1/4
  🟢 SOL LONG @64.9000 现价:64.8900 PnL:-0.02U (-0.02%)
  BTC: 62080.1000 (+2.23%)
  ETH: 1629.2200 (+4.38%)
  SOL: 64.8900 (+4.36%)
  BNB: 591.5800 (+2.77%)
  DOT: 0.9620 (+2.56%)
  LINK: 7.7260 (+4.76%)
  XRP: 1.1334 (+3.57%)
==================================================
[2026-06-08 08:25:38] 🟢 开多 BTC @63220.6 | 评分:70 | 状态:ranging | AI:做空(0.7%) | ✅ 下单成功
[2026-06-08 08:40:12] 🟢 开多 XRP @1.1656 | 评分:70 | 状态:trending | AI:做空(0.78%) | ✅ 下单成功
[2026-06-08 08:52:27] 🟢 开多 LINK @8.003 | 评分:70 | 状态:trending | ✅ 下单成功
[2026-06-08 09:00:29] 
==================================================
📊 整点汇报 2026-06-08 09:00
恐惧贪婪指数: 8 (极度恐惧)
今日PnL: -0.83 USDT (-0.8%)
持仓数: 4/4
  🟢 SOL LONG @64.9000 现价:66.6500 PnL:+5.39U (+2.70%)
  🟢 BTC LONG @63220.6000 现价:63575.5000 PnL:+1.06U (+0.56%)
  🟢 XRP LONG @1.1656 现价:1.1623 PnL:-0.57U (-0.28%)
  🟢 LINK LONG @8.0030 现价:7.9740 PnL:-0.72U (-0.36%)
  BTC: 63575.5000 (+4.64%)
  ETH: 1696.5400 (+8.46%)
  SOL: 66.6500 (+7.36%)
  BNB: 605.9200 (+5.48%)
  DOT: 0.9760 (+3.72%)
  LINK: 7.9740 (+7.77%)
  XRP: 1.1623 (+6.76%)
==================================================
[2026-06-08 09:07:54] ✅ 平仓 SOL SL | 入场:64.9000 出场:66.3100 | PnL:2.17% (+4.34USDT) | 平100%仓 | ✅ 平仓成功
[2026-06-08 09:25:25] ❌ 平仓 LINK SL | 入场:8.0030 出场:7.8390 | PnL:-2.05% (-4.10USDT) | 平100%仓 | ✅ 平仓成功
[2026-06-08 09:31:10] ❌ 平仓 XRP SL | 入场:1.1656 出场:1.1423 | PnL:-2.00% (-4.00USDT) | 平100%仓 | ✅ 平仓成功
[2026-06-08 10:19:51] 
==================================================
📊 整点汇报 2026-06-08 10:19
恐惧贪婪指数: 50 (中性)
今日PnL: -5.74 USDT (-5.7%)
持仓数: 1/4
  🟢 BTC LONG @63251.1000 现价:63003.4000 PnL:-0.74U (-0.39%)
  BTC: 63003.4000 (+2.65%)
  ETH: 1680.4600 (+5.86%)
  SOL: 66.2800 (+4.71%)
  BNB: 602.8500 (+3.92%)
  DOT: 0.9670 (+1.47%)
  LINK: 7.9000 (+5.03%)
  XRP: 1.1542 (+3.89%)
==================================================
[2026-06-08 11:00:17] 
==================================================
📊 整点汇报 2026-06-08 11:00
恐惧贪婪指数: 8 (极度恐惧)
今日PnL: -5.74 USDT (-5.7%)
持仓数: 1/4
  🟢 BTC LONG @63251.1000 现价:63098.0000 PnL:-0.46U (-0.24%)
  BTC: 63098.0000 (+2.63%)
  ETH: 1682.8300 (+5.73%)
  SOL: 66.3700 (+4.52%)
  BNB: 602.2200 (+3.94%)
  DOT: 0.9680 (+1.57%)
  LINK: 7.9100 (+4.70%)
  XRP: 1.1554 (+3.30%)
==================================================
[2026-06-08 12:00:09] 
==================================================
📊 整点汇报 2026-06-08 12:00
恐惧贪婪指数: 8 (极度恐惧)
今日PnL: -5.74 USDT (-5.7%)
持仓数: 1/4
  🟢 BTC LONG @63251.1000 现价:63096.4000 PnL:-0.46U (-0.24%)
  BTC: 63096.4000 (+2.40%)
  ETH: 1677.8200 (+5.29%)
  SOL: 66.2800 (+4.07%)
  BNB: 603.3700 (+3.84%)
  DOT: 0.9680 (+1.25%)
  LINK: 7.8510 (+3.67%)
  XRP: 1.1504 (+2.93%)
==================================================
[2026-06-08 12:19:52] 🔴 开空 LINK @7.819 | 评分:55 | 状态:ranging | AI:做多(65%) | ✅ 下单成功
[2026-06-08 13:00:12] 
==================================================
📊 整点汇报 2026-06-08 13:00
恐惧贪婪指数: 8 (极度恐惧)
今日PnL: -5.74 USDT (-5.7%)
持仓数: 2/4
  🟢 BTC LONG @63251.1000 现价:62767.1000 PnL:-1.45U (-0.77%)
  🔴 LINK SHORT @7.8190 现价:7.7780 PnL:+1.05U (+0.52%)
  BTC: 62767.1000 (+1.48%)
  ETH: 1659.6300 (+3.95%)
  SOL: 65.5300 (+2.33%)
  BNB: 597.4400 (+2.48%)
  DOT: 0.9570 (-0.52%)
  LINK: 7.7780 (+2.44%)
  XRP: 1.1405 (+1.76%)
==================================================
[2026-06-08 14:00:16] 
==================================================
📊 整点汇报 2026-06-08 14:00
恐惧贪婪指数: 8 (极度恐惧)
今日PnL: -5.74 USDT (-5.7%)
持仓数: 2/4
  🟢 BTC LONG @63251.1000 现价:62697.6000 PnL:-1.66U (-0.88%)
  🔴 LINK SHORT @7.8190 现价:7.7270 PnL:+2.35U (+1.18%)
  BTC: 62697.6000 (+1.55%)
  ETH: 1652.2100 (+3.06%)
  SOL: 65.2300 (+1.56%)
  BNB: 595.2600 (+1.62%)
  DOT: 0.9550 (-0.73%)
  LINK: 7.7270 (+1.39%)
  XRP: 1.1350 (+1.39%)
==================================================
[2026-06-08 15:00:22] 
==================================================
📊 整点汇报 2026-06-08 15:00
恐惧贪婪指数: 8 (极度恐惧)
今日PnL: -5.74 USDT (-5.7%)
持仓数: 2/4
  🟢 BTC LONG @63251.1000 现价:62958.0000 PnL:-0.88U (-0.46%)
  🔴 LINK SHORT @7.8190 现价:7.8220 PnL:-0.08U (-0.04%)
  BTC: 62958.0000 (+1.36%)
  ETH: 1665.4300 (+3.39%)
  SOL: 65.6500 (+1.30%)
  BNB: 596.2200 (+1.27%)
  DOT: 0.9610 (-0.62%)
  LINK: 7.8220 (+1.81%)
  XRP: 1.1405 (+1.38%)
==================================================
[2026-06-08 16:00:23] 
==================================================
📊 整点汇报 2026-06-08 16:00
恐惧贪婪指数: 8 (极度恐惧)
今日PnL: -5.74 USDT (-5.7%)
持仓数: 2/4
  🟢 BTC LONG @63251.1000 现价:63237.8000 PnL:-0.04U (-0.02%)
  🔴 LINK SHORT @7.8190 现价:7.9030 PnL:-2.15U (-1.07%)
  BTC: 63237.8000 (+1.47%)
  ETH: 1671.3400 (+3.48%)
  SOL: 66.0500 (+1.82%)
  BNB: 596.4500 (+1.10%)
  DOT: 0.9650 (-0.31%)
  LINK: 7.9030 (+2.49%)
  XRP: 1.1472 (+0.97%)
==================================================
[2026-06-08 17:00:27] 
==================================================
📊 整点汇报 2026-06-08 17:00
恐惧贪婪指数: 8 (极度恐惧)
今日PnL: -5.74 USDT (-5.7%)
持仓数: 2/4
  🟢 BTC LONG @63251.1000 现价:63122.5000 PnL:-0.39U (-0.20%)
  🔴 LINK SHORT @7.8190 现价:7.8740 PnL:-1.41U (-0.70%)
  BTC: 63122.5000 (+0.50%)
  ETH: 1661.0700 (+1.82%)
  SOL: 65.6000 (-0.40%)
  BNB: 595.7100 (-0.17%)
  DOT: 0.9590 (-1.74%)
  LINK: 7.8740 (+0.95%)
  XRP: 1.1393 (-0.78%)
==================================================
[2026-06-08 18:00:14] 
==================================================
📊 整点汇报 2026-06-08 18:00
恐惧贪婪指数: 8 (极度恐惧)
今日PnL: -5.74 USDT (-5.7%)
持仓数: 2/4
  🟢 BTC LONG @63251.1000 现价:63465.0000 PnL:+0.64U (+0.34%)
  🔴 LINK SHORT @7.8190 现价:7.9150 PnL:-2.46U (-1.23%)
  BTC: 63465.0000 (+1.54%)
  ETH: 1669.9500 (+2.25%)
  SOL: 66.2800 (+2.03%)
  BNB: 600.0000 (+1.13%)
  DOT: 0.9680 (-0.10%)
  LINK: 7.9150 (+1.95%)
  XRP: 1.1495 (+0.37%)
==================================================
[2026-06-08 19:00:13] 
==================================================
📊 整点汇报 2026-06-08 19:00
恐惧贪婪指数: 8 (极度恐惧)
今日PnL: -5.74 USDT (-5.7%)
持仓数: 2/4
  🟢 BTC LONG @63251.1000 现价:63131.4000 PnL:-0.36U (-0.19%)
  🔴 LINK SHORT @7.8190 现价:7.8740 PnL:-1.41U (-0.70%)
  BTC: 63131.4000 (+1.26%)
  ETH: 1671.4300 (+2.81%)
  SOL: 66.1500 (+2.26%)
  BNB: 598.2500 (+0.87%)
  DOT: 0.9670 (+0.41%)
  LINK: 7.8740 (+2.22%)
  XRP: 1.1444 (+0.78%)
==================================================
[2026-06-08 19:22:33] ❌ 平仓 LINK SL | 入场:7.8190 出场:7.9850 | PnL:-2.12% (-4.25USDT) | 平100%仓 | ✅ 平仓成功
[2026-06-08 20:00:19] 
==================================================
📊 整点汇报 2026-06-08 20:00
恐惧贪婪指数: 8 (极度恐惧)
今日PnL: -9.68 USDT (-9.7%)
持仓数: 2/4
  🟢 LINK LONG @7.9860 现价:7.9630 PnL:-0.58U (-0.29%)
  🟢 BTC LONG @63251.1000 现价:63439.0000 PnL:+0.56U (+0.30%)
  BTC: 63439.0000 (+1.35%)
  ETH: 1682.8900 (+3.31%)
  SOL: 66.6600 (+2.62%)
  BNB: 602.5900 (+1.49%)
  DOT: 0.9800 (+0.93%)
  LINK: 7.9630 (+2.66%)
  XRP: 1.1576 (+1.60%)
==================================================
[2026-06-08 21:00:44] 
==================================================
📊 整点汇报 2026-06-08 21:00
恐惧贪婪指数: 8 (极度恐惧)
今日PnL: -9.68 USDT (-9.7%)
持仓数: 2/4
  🟢 LINK LONG @7.9860 现价:8.0140 PnL:+0.70U (+0.35%)
  🟢 BTC LONG @63251.1000 现价:63620.4000 PnL:+1.11U (+0.58%)
  BTC: 63620.4000 (+2.87%)
  ETH: 1693.4000 (+4.57%)
  SOL: 67.2100 (+4.61%)
  BNB: 602.1800 (+2.26%)
  DOT: 0.9820 (+2.51%)
  LINK: 8.0140 (+4.15%)
  XRP: 1.1651 (+3.75%)
==================================================
[2026-06-08 22:00:19] 
==================================================
📊 整点汇报 2026-06-08 22:00
恐惧贪婪指数: 8 (极度恐惧)
今日PnL: -9.68 USDT (-9.7%)
持仓数: 2/4
  🟢 LINK LONG @7.9860 现价:7.9750 PnL:-0.28U (-0.14%)
  🟢 BTC LONG @63251.1000 现价:63662.5000 PnL:+1.23U (+0.65%)
  BTC: 63662.5000 (+3.27%)
  ETH: 1685.2900 (+4.21%)
  SOL: 66.8300 (+3.95%)
  BNB: 600.9200 (+1.99%)
  DOT: 0.9770 (+1.77%)
  LINK: 7.9750 (+3.50%)
  XRP: 1.1623 (+3.62%)
==================================================
[2026-06-08 22:59:39] 🟢 开多 XRP @1.1735 | 评分:70 | 状态:trending | AI:做多(65%) | ✅ 下单成功
[2026-06-08 23:00:38] 
==================================================
📊 整点汇报 2026-06-08 23:00
恐惧贪婪指数: 8 (极度恐惧)
今日PnL: -9.68 USDT (-9.7%)
持仓数: 3/4
  🟢 LINK LONG @7.9860 现价:8.0540 PnL:+1.70U (+0.85%)
  🟢 BTC LONG @63251.1000 现价:63948.9000 PnL:+2.09U (+1.10%)
  🟢 XRP LONG @1.1735 现价:1.1732 PnL:-0.05U (-0.03%)
  BTC: 63948.9000 (+3.38%)
  ETH: 1690.2800 (+3.90%)
  SOL: 67.2400 (+3.73%)
  BNB: 603.4400 (+1.99%)
  DOT: 0.9810 (+1.55%)
  LINK: 8.0540 (+0.00%)
  XRP: 1.1732 (+3.59%)
==================================================
