[2026-06-29 00:00:43] 
==================================================
📊 整点汇报 2026-06-29 00:00
恐惧贪婪指数: 18 (极度恐惧)
今日PnL: +0.00 USDT (+0.0%)
持仓数: 4/4
  🔴 BNB SHORT @563.0100 现价:554.7300 PnL:+2.98U (+1.47%)
  🔴 BTC SHORT @60367.9000 现价:59844.6000 PnL:+1.57U (+0.87%)
  🔴 ETH SHORT @1574.7400 现价:1580.3000 PnL:-0.71U (-0.35%)
  🔴 DOT SHORT @0.8080 现价:0.8070 PnL:+0.25U (+0.12%)
  BTC: 59844.6000 (-1.57%)
  ETH: 1580.3000 (-1.38%)
  SOL: 71.9700 (-1.10%)
  BNB: 554.7300 (-1.92%)
  DOT: 0.8070 (-4.61%)
  LINK: 7.3080 (-1.87%)
  XRP: 1.0516 (-2.15%)
==================================================
[2026-06-29 01:00:15] 
==================================================
📊 整点汇报 2026-06-29 01:00
恐惧贪婪指数: 18 (极度恐惧)
今日PnL: +0.00 USDT (+0.0%)
持仓数: 4/4
  🔴 BNB SHORT @563.0100 现价:552.6300 PnL:+3.74U (+1.84%)
  🔴 BTC SHORT @60367.9000 现价:59658.6000 PnL:+2.13U (+1.17%)
  🔴 ETH SHORT @1574.7400 现价:1572.1600 PnL:+0.33U (+0.16%)
  🔴 DOT SHORT @0.8080 现价:0.8070 PnL:+0.25U (+0.12%)
  BTC: 59658.6000 (-1.82%)
  ETH: 1572.1600 (-2.12%)
  SOL: 71.5300 (-1.55%)
  BNB: 552.6300 (-2.51%)
  DOT: 0.8070 (-4.27%)
  LINK: 7.2430 (-2.77%)
  XRP: 1.0465 (-2.19%)
==================================================
[2026-06-29 02:00:24] 
==================================================
📊 整点汇报 2026-06-29 02:00
恐惧贪婪指数: 18 (极度恐惧)
今日PnL: +0.00 USDT (+0.0%)
持仓数: 4/4
  🔴 BNB SHORT @563.0100 现价:552.3400 PnL:+3.84U (+1.90%)
  🔴 BTC SHORT @60367.9000 现价:59568.2000 PnL:+2.40U (+1.32%)
  🔴 ETH SHORT @1574.7400 现价:1572.3700 PnL:+0.30U (+0.15%)
  🔴 DOT SHORT @0.8080 现价:0.8080 PnL:+0.00U (+0.00%)
  BTC: 59568.2000 (-1.70%)
  ETH: 1572.3700 (-1.28%)
  SOL: 71.5600 (-0.78%)
  BNB: 552.3400 (-2.07%)
  DOT: 0.8080 (-3.00%)
  LINK: 7.2500 (-1.80%)
  XRP: 1.0467 (-1.33%)
==================================================
[2026-06-29 03:04:00] 
==================================================
📊 整点汇报 2026-06-29 03:02
恐惧贪婪指数: 50 (中性)
今日PnL: +0.00 USDT (+0.0%)
持仓数: 0/4
  BTC: 59623.5000 (-1.42%)
  ETH: 1573.5800 (-0.96%)
  SOL: 71.6100 (-0.43%)
  BNB: 552.5400 (-1.93%)
  DOT: 0.8090 (-2.88%)
  LINK: 7.2550 (-1.49%)
  XRP: 1.0469 (+0.00%)
==================================================
[2026-06-29 04:02:51] 
==================================================
📊 整点汇报 2026-06-29 04:01
恐惧贪婪指数: 50 (中性)
今日PnL: +0.00 USDT (+0.0%)
持仓数: 0/4
  BTC: 59623.5000 (-1.42%)
  ETH: 1573.5800 (-0.96%)
  SOL: 71.6100 (-0.43%)
  BNB: 552.5400 (-1.93%)
  DOT: 0.8090 (-2.88%)
  LINK: 7.2550 (-1.49%)
  XRP: 1.0469 (+0.00%)
==================================================
[2026-06-29 05:02:02] 
==================================================
📊 整点汇报 2026-06-29 05:00
恐惧贪婪指数: 50 (中性)
今日PnL: +0.00 USDT (+0.0%)
持仓数: 0/4
  BTC: 59623.5000 (-1.42%)
  ETH: 1573.5800 (-0.96%)
  SOL: 71.6100 (-0.43%)
  BNB: 552.5400 (-1.93%)
  DOT: 0.8090 (-2.88%)
  LINK: 7.2550 (-1.49%)
  XRP: 1.0469 (+0.00%)
==================================================
[2026-06-29 06:01:52] 
==================================================
📊 整点汇报 2026-06-29 06:00
恐惧贪婪指数: 50 (中性)
今日PnL: +0.00 USDT (+0.0%)
持仓数: 0/4
  BTC: 59623.5000 (-1.42%)
  ETH: 1573.5800 (-0.96%)
  SOL: 71.6100 (-0.43%)
  BNB: 552.5400 (-1.93%)
  DOT: 0.8090 (-2.88%)
  LINK: 7.2550 (-1.49%)
  XRP: 1.0469 (+0.00%)
==================================================
[2026-06-29 07:05:50] 
==================================================
📊 整点汇报 2026-06-29 07:04
恐惧贪婪指数: 50 (中性)
今日PnL: +0.00 USDT (+0.0%)
持仓数: 0/4
  BTC: 59623.5000 (-1.42%)
  ETH: 1573.5800 (-0.96%)
  SOL: 71.6100 (-0.43%)
  BNB: 552.5400 (-1.93%)
  DOT: 0.8090 (-2.88%)
  LINK: 7.2550 (-1.49%)
  XRP: 1.0469 (+0.00%)
==================================================
[2026-06-29 08:00:56] 
==================================================
📊 整点汇报 2026-06-29 08:00
恐惧贪婪指数: 12 (极度恐惧)
今日PnL: +3.37 USDT (+3.4%)
持仓数: 3/4
  🔴 DOT SHORT @0.8080 现价:0.8090 PnL:-0.25U (-0.12%)
  🔴 ETH SHORT @1574.4400 现价:1573.5800 PnL:+0.11U (+0.05%)
  🔴 BTC SHORT @60366.9000 现价:59623.5000 PnL:+2.23U (+1.23%)
  BTC: 59623.5000 (-1.42%)
  ETH: 1573.5800 (-0.96%)
  SOL: 71.6100 (-0.43%)
  BNB: 552.5400 (-1.93%)
  DOT: 0.8090 (-2.88%)
  LINK: 7.2550 (-1.49%)
  XRP: 1.0469 (+0.00%)
==================================================
[2026-06-29 08:57:42] ✅ 平仓 BTC SL | 入场:60366.9000 出场:59550.1000 | PnL:1.35% (+2.45USDT) | 平100%仓 | ✅ 平仓成功
[2026-06-29 09:00:38] 
==================================================
📊 整点汇报 2026-06-29 09:00
恐惧贪婪指数: 12 (极度恐惧)
今日PnL: +5.90 USDT (+5.9%)
持仓数: 2/4
  🔴 DOT SHORT @0.8080 现价:0.8180 PnL:-2.47U (-1.24%)
  🔴 ETH SHORT @1574.4400 现价:1572.5300 PnL:+0.24U (+0.12%)
  BTC: 59591.3000 (-0.93%)
  ETH: 1572.5300 (-0.09%)
  SOL: 71.6300 (+1.31%)
  BNB: 552.4700 (-1.03%)
  DOT: 0.8180 (+0.99%)
  LINK: 7.2740 (-0.27%)
  XRP: 1.0448 (-0.47%)
==================================================
[2026-06-29 10:00:44] 
==================================================
📊 整点汇报 2026-06-29 10:00
恐惧贪婪指数: 12 (极度恐惧)
今日PnL: +5.90 USDT (+5.9%)
持仓数: 2/4
  🔴 DOT SHORT @0.8080 现价:0.8140 PnL:-1.48U (-0.74%)
  🔴 ETH SHORT @1574.4400 现价:1567.8400 PnL:+0.84U (+0.42%)
  BTC: 59436.0000 (-1.26%)
  ETH: 1567.8400 (-0.41%)
  SOL: 71.4500 (+0.93%)
  BNB: 552.5800 (-1.02%)
  DOT: 0.8140 (+0.49%)
  LINK: 7.2550 (-0.49%)
  XRP: 1.0427 (-0.82%)
==================================================
[2026-06-29 11:00:33] 
==================================================
📊 整点汇报 2026-06-29 11:00
恐惧贪婪指数: 12 (极度恐惧)
今日PnL: +5.90 USDT (+5.9%)
持仓数: 2/4
  🔴 DOT SHORT @0.8080 现价:0.8200 PnL:-2.97U (-1.49%)
  🔴 ETH SHORT @1574.4400 现价:1575.8200 PnL:-0.18U (-0.09%)
  BTC: 59726.7000 (-0.69%)
  ETH: 1575.8200 (+0.24%)
  SOL: 72.1200 (+1.97%)
  BNB: 554.2000 (-0.66%)
  DOT: 0.8200 (+0.98%)
  LINK: 7.2980 (-0.14%)
  XRP: 1.0460 (+0.02%)
==================================================
[2026-06-29 11:06:25] ❌ 平仓 DOT SL | 入场:0.8080 出场:0.8250 | PnL:-2.10% (-4.21USDT) | 平100%仓 | ✅ 平仓成功
[2026-06-29 11:06:58] ❌ 平仓 DOT TP1 | 入场:0.8250 出场:0.8250 | PnL:-0.00% (-0.00USDT) | 平100%仓 | ✅ 平仓成功
[2026-06-29 12:00:28] 
==================================================
📊 整点汇报 2026-06-29 12:00
恐惧贪婪指数: 12 (极度恐惧)
今日PnL: +2.18 USDT (+2.2%)
持仓数: 1/4
  🔴 ETH SHORT @1574.4400 现价:1583.0100 PnL:-1.09U (-0.54%)
  BTC: 59991.4000 (-0.30%)
  ETH: 1583.0100 (+0.58%)
  SOL: 72.6400 (+2.58%)
  BNB: 555.2600 (-0.65%)
  DOT: 0.8230 (+0.73%)
  LINK: 7.3240 (+0.25%)
  XRP: 1.0496 (+0.04%)
==================================================
[2026-06-29 13:00:23] 
==================================================
📊 整点汇报 2026-06-29 13:00
恐惧贪婪指数: 12 (极度恐惧)
今日PnL: +2.18 USDT (+2.2%)
持仓数: 1/4
  🔴 ETH SHORT @1574.4400 现价:1575.4600 PnL:-0.13U (-0.06%)
  BTC: 59870.0000 (-0.42%)
  ETH: 1575.4600 (+0.14%)
  SOL: 71.6500 (+1.56%)
  BNB: 551.6500 (-0.98%)
  DOT: 0.8180 (+0.00%)
  LINK: 7.2780 (-0.12%)
  XRP: 1.0425 (-0.49%)
==================================================
[2026-06-29 14:01:08] 
==================================================
📊 整点汇报 2026-06-29 14:00
恐惧贪婪指数: 12 (极度恐惧)
今日PnL: +2.18 USDT (+2.2%)
持仓数: 1/4
  🔴 ETH SHORT @1574.4400 现价:1582.2500 PnL:-0.99U (-0.50%)
  BTC: 59959.0000 (+0.05%)
  ETH: 1582.2500 (+0.89%)
  SOL: 72.2500 (+2.56%)
  BNB: 553.6000 (-0.48%)
  DOT: 0.8210 (+1.23%)
  LINK: 7.3050 (+0.59%)
  XRP: 1.0491 (+0.20%)
==================================================
[2026-06-29 15:01:21] 
==================================================
📊 整点汇报 2026-06-29 15:01
恐惧贪婪指数: 12 (极度恐惧)
今日PnL: +2.18 USDT (+2.2%)
持仓数: 1/4
  🔴 ETH SHORT @1574.4400 现价:1582.3700 PnL:-1.01U (-0.50%)
  BTC: 60051.7000 (+0.14%)
  ETH: 1582.3700 (+0.92%)
  SOL: 72.3300 (+2.71%)
  BNB: 554.3100 (+0.00%)
  DOT: 0.8230 (+1.60%)
  LINK: 7.3060 (+0.76%)
  XRP: 1.0478 (+0.35%)
==================================================
[2026-06-29 16:00:55] 
==================================================
📊 整点汇报 2026-06-29 16:00
恐惧贪婪指数: 12 (极度恐惧)
今日PnL: +2.18 USDT (+2.2%)
持仓数: 1/4
  🔴 ETH SHORT @1574.4400 现价:1579.6800 PnL:-0.67U (-0.33%)
  BTC: 60058.0000 (-0.27%)
  ETH: 1579.6800 (+0.30%)
  SOL: 72.7600 (+2.44%)
  BNB: 553.9500 (-0.46%)
  DOT: 0.8160 (+0.12%)
  LINK: 7.3200 (+0.30%)
  XRP: 1.0488 (-0.13%)
==================================================
[2026-06-29 17:00:38] 
==================================================
📊 整点汇报 2026-06-29 17:00
恐惧贪婪指数: 12 (极度恐惧)
今日PnL: +2.18 USDT (+2.2%)
持仓数: 1/4
  🔴 ETH SHORT @1574.4400 现价:1572.0700 PnL:+0.30U (+0.15%)
  BTC: 59820.1000 (-0.91%)
  ETH: 1572.0700 (-0.56%)
  SOL: 72.6900 (+1.07%)
  BNB: 553.3500 (-0.77%)
  DOT: 0.8140 (-0.49%)
  LINK: 7.3000 (-0.33%)
  XRP: 1.0435 (-1.00%)
==================================================
[2026-06-29 18:00:14] 
==================================================
📊 整点汇报 2026-06-29 18:00
恐惧贪婪指数: 12 (极度恐惧)
今日PnL: +2.18 USDT (+2.2%)
持仓数: 1/4
  🔴 ETH SHORT @1574.4400 现价:1575.1700 PnL:-0.09U (-0.05%)
  BTC: 60015.4000 (-0.36%)
  ETH: 1575.1700 (-0.22%)
  SOL: 72.8800 (+1.93%)
  BNB: 553.8800 (-0.30%)
  DOT: 0.8180 (+1.61%)
  LINK: 7.3180 (+0.37%)
  XRP: 1.0487 (-0.07%)
==================================================
[2026-06-29 19:00:27] 
==================================================
📊 整点汇报 2026-06-29 19:00
恐惧贪婪指数: 12 (极度恐惧)
今日PnL: +2.18 USDT (+2.2%)
持仓数: 1/4
  🔴 ETH SHORT @1574.4400 现价:1577.8000 PnL:-0.43U (-0.21%)
  BTC: 60054.3000 (-0.14%)
  ETH: 1577.8000 (+0.09%)
  SOL: 73.2000 (+2.49%)
  BNB: 554.1700 (-0.27%)
  DOT: 0.8200 (+1.74%)
  LINK: 7.3310 (+0.00%)
  XRP: 1.0515 (+0.33%)
==================================================
[2026-06-29 20:00:23] 
==================================================
📊 整点汇报 2026-06-29 20:00
恐惧贪婪指数: 12 (极度恐惧)
今日PnL: +2.18 USDT (+2.2%)
持仓数: 1/4
  🔴 ETH SHORT @1574.4400 现价:1573.6300 PnL:+0.10U (+0.05%)
  BTC: 59863.0000 (-0.74%)
  ETH: 1573.6300 (-0.53%)
  SOL: 72.4200 (+0.77%)
  BNB: 552.0700 (-0.94%)
  DOT: 0.8170 (+0.86%)
  LINK: 7.3020 (+0.22%)
  XRP: 1.0528 (+0.10%)
==================================================
[2026-06-29 21:00:42] 
==================================================
📊 整点汇报 2026-06-29 21:00
恐惧贪婪指数: 12 (极度恐惧)
今日PnL: +2.18 USDT (+2.2%)
持仓数: 1/4
  🔴 ETH SHORT @1574.4400 现价:1574.9700 PnL:-0.07U (-0.03%)
  BTC: 59904.0000 (-0.62%)
  ETH: 1574.9700 (-0.50%)
  SOL: 73.1700 (+1.82%)
  BNB: 553.5800 (-0.56%)
  DOT: 0.8230 (+1.60%)
  LINK: 7.3150 (+0.44%)
  XRP: 1.0559 (+0.44%)
==================================================
[2026-06-29 21:54:28] 🔴 开空 BTC @59509.4 | 评分:65 | 状态:ranging | AI:做空(0.7%) | ✅ 下单成功
[2026-06-29 22:00:54] 
==================================================
📊 整点汇报 2026-06-29 22:00
恐惧贪婪指数: 12 (极度恐惧)
今日PnL: +2.18 USDT (+2.2%)
持仓数: 2/4
  🔴 ETH SHORT @1574.4400 现价:1572.3600 PnL:+0.26U (+0.13%)
  🔴 BTC SHORT @59509.4000 现价:59628.9000 PnL:-0.36U (-0.20%)
  BTC: 59628.9000 (-0.70%)
  ETH: 1572.3600 (-0.44%)
  SOL: 73.5500 (+2.61%)
  BNB: 550.9000 (-0.85%)
  DOT: 0.8190 (+2.25%)
  LINK: 7.2710 (+0.23%)
  XRP: 1.0503 (+0.00%)
==================================================
[2026-06-29 23:00:45] 
==================================================
📊 整点汇报 2026-06-29 23:00
恐惧贪婪指数: 12 (极度恐惧)
今日PnL: +2.18 USDT (+2.2%)
持仓数: 2/4
  🔴 ETH SHORT @1574.4400 现价:1571.7900 PnL:+0.34U (+0.17%)
  🔴 BTC SHORT @59509.4000 现价:59394.5000 PnL:+0.34U (+0.19%)
  BTC: 59394.5000 (-1.04%)
  ETH: 1571.7900 (-0.59%)
  SOL: 73.6800 (+2.76%)
  BNB: 551.2400 (-0.74%)
  DOT: 0.8190 (+1.49%)
  LINK: 7.2350 (-0.75%)
  XRP: 1.0484 (-0.33%)
==================================================
