[2026-07-31 00:04:40] 
==================================================
📊 整点汇报 2026-07-31 00:03
恐惧贪婪指数: 50 (中性)
今日PnL: -8.22 USDT (-8.2%)
持仓数: 0/4
  BTC: 64054.9000 (+1.03%)
  ETH: 1909.5600 (+1.56%)
  SOL: 73.6400 (+0.72%)
  BNB: 569.6400 (+0.80%)
  DOT: 0.7606 (-1.21%)
  LINK: 8.3870 (+0.73%)
  XRP: 1.0844 (+2.63%)
==================================================
[2026-07-31 01:03:10] 
==================================================
📊 整点汇报 2026-07-31 01:01
恐惧贪婪指数: 50 (中性)
今日PnL: -8.22 USDT (-8.2%)
持仓数: 0/4
  BTC: 64054.9000 (+1.03%)
  ETH: 1909.5600 (+1.56%)
  SOL: 73.6400 (+0.72%)
  BNB: 569.6400 (+0.80%)
  DOT: 0.7606 (-1.21%)
  LINK: 8.3870 (+0.73%)
  XRP: 1.0844 (+2.63%)
==================================================
[2026-07-31 02:06:50] 
==================================================
📊 整点汇报 2026-07-31 02:05
恐惧贪婪指数: 50 (中性)
今日PnL: -8.22 USDT (-8.2%)
持仓数: 0/4
  BTC: 64054.9000 (+1.03%)
  ETH: 1909.5600 (+1.56%)
  SOL: 73.6400 (+0.72%)
  BNB: 569.6400 (+0.80%)
  DOT: 0.7606 (-1.21%)
  LINK: 8.3870 (+0.73%)
  XRP: 1.0844 (+2.63%)
==================================================
[2026-07-31 03:05:31] 
==================================================
📊 整点汇报 2026-07-31 03:04
恐惧贪婪指数: 50 (中性)
今日PnL: -8.22 USDT (-8.2%)
持仓数: 0/4
  BTC: 64054.9000 (+1.03%)
  ETH: 1909.5600 (+1.56%)
  SOL: 73.6400 (+0.72%)
  BNB: 569.6400 (+0.80%)
  DOT: 0.7606 (-1.21%)
  LINK: 8.3870 (+0.73%)
  XRP: 1.0844 (+2.63%)
==================================================
[2026-07-31 04:04:29] 
==================================================
📊 整点汇报 2026-07-31 04:02
恐惧贪婪指数: 50 (中性)
今日PnL: -8.22 USDT (-8.2%)
持仓数: 0/4
  BTC: 64054.9000 (+1.03%)
  ETH: 1909.5600 (+1.56%)
  SOL: 73.6400 (+0.72%)
  BNB: 569.6400 (+0.80%)
  DOT: 0.7606 (-1.21%)
  LINK: 8.3870 (+0.73%)
  XRP: 1.0844 (+2.63%)
==================================================
[2026-07-31 05:03:58] 
==================================================
📊 整点汇报 2026-07-31 05:02
恐惧贪婪指数: 50 (中性)
今日PnL: -8.22 USDT (-8.2%)
持仓数: 0/4
  BTC: 64054.9000 (+1.03%)
  ETH: 1909.5600 (+1.56%)
  SOL: 73.6400 (+0.72%)
  BNB: 569.6400 (+0.80%)
  DOT: 0.7606 (-1.21%)
  LINK: 8.3870 (+0.73%)
  XRP: 1.0844 (+2.63%)
==================================================
[2026-07-31 06:03:35] 
==================================================
📊 整点汇报 2026-07-31 06:02
恐惧贪婪指数: 50 (中性)
今日PnL: -8.22 USDT (-8.2%)
持仓数: 0/4
  BTC: 64054.9000 (+1.03%)
  ETH: 1909.5600 (+1.56%)
  SOL: 73.6400 (+0.72%)
  BNB: 569.6400 (+0.80%)
  DOT: 0.7606 (-1.21%)
  LINK: 8.3870 (+0.73%)
  XRP: 1.0844 (+2.63%)
==================================================
[2026-07-31 07:02:43] 
==================================================
📊 整点汇报 2026-07-31 07:01
恐惧贪婪指数: 50 (中性)
今日PnL: -8.22 USDT (-8.2%)
持仓数: 0/4
  BTC: 64054.9000 (+1.03%)
  ETH: 1909.5600 (+1.56%)
  SOL: 73.6400 (+0.72%)
  BNB: 569.6400 (+0.80%)
  DOT: 0.7606 (-1.21%)
  LINK: 8.3870 (+0.73%)
  XRP: 1.0844 (+2.63%)
==================================================
[2026-07-31 08:00:22] 
==================================================
📊 整点汇报 2026-07-31 08:00
恐惧贪婪指数: 50 (中性)
今日PnL: +0.00 USDT (+0.0%)
持仓数: 1/4
  🟢 ETH LONG @1972.2500 现价:1909.5600 PnL:-0.50U (-3.18%)
  BTC: 64054.9000 (+1.03%)
  ETH: 1909.5600 (+1.56%)
  SOL: 73.6400 (+0.72%)
  BNB: 569.6400 (+0.80%)
  DOT: 0.7682 (+0.51%)
  LINK: 8.4510 (+1.45%)
  XRP: 1.0825 (+0.87%)
==================================================
[2026-07-31 08:01:49] ✅ 平仓 ETH 迷你仓修复 | 入场:1972.2500 出场:1972.2500 | PnL:0.00% (+0.00USDT) | 平100%仓 | ❌ 平仓失败
[2026-07-31 08:09:15] ✅ 平仓 ETH 迷你仓修复 | 入场:1972.2500 出场:1972.2500 | PnL:0.00% (+0.00USDT) | 平100%仓 | ❌ 平仓失败
[2026-07-31 08:16:46] ✅ 平仓 ETH 迷你仓修复 | 入场:1972.2500 出场:1972.2500 | PnL:0.00% (+0.00USDT) | 平100%仓 | ❌ 平仓失败
[2026-07-31 08:23:54] ✅ 平仓 ETH 迷你仓修复 | 入场:1972.2500 出场:1972.2500 | PnL:0.00% (+0.00USDT) | 平100%仓 | ❌ 平仓失败
[2026-07-31 08:31:05] ✅ 平仓 ETH 迷你仓修复 | 入场:1972.2500 出场:1972.2500 | PnL:0.00% (+0.00USDT) | 平100%仓 | ❌ 平仓失败
[2026-07-31 08:38:09] ✅ 平仓 ETH 迷你仓修复 | 入场:1972.2500 出场:1972.2500 | PnL:0.00% (+0.00USDT) | 平100%仓 | ❌ 平仓失败
[2026-07-31 08:45:15] ✅ 平仓 ETH 迷你仓修复 | 入场:1972.2500 出场:1972.2500 | PnL:0.00% (+0.00USDT) | 平100%仓 | ❌ 平仓失败
[2026-07-31 08:52:24] ✅ 平仓 ETH 迷你仓修复 | 入场:1972.2500 出场:1972.2500 | PnL:0.00% (+0.00USDT) | 平100%仓 | ❌ 平仓失败
[2026-07-31 08:59:23] ✅ 平仓 ETH 迷你仓修复 | 入场:1972.2500 出场:1972.2500 | PnL:0.00% (+0.00USDT) | 平100%仓 | ❌ 平仓失败
[2026-07-31 09:00:12] 
==================================================
📊 整点汇报 2026-07-31 09:00
恐惧贪婪指数: 25 (恐惧)
今日PnL: +0.00 USDT (+0.0%)
持仓数: 1/4
  🟢 ETH LONG @1972.2500 现价:1914.6400 PnL:-0.46U (-2.92%)
  BTC: 64687.1000 (+1.70%)
  ETH: 1914.6400 (+1.02%)
  SOL: 74.4400 (+1.75%)
  BNB: 590.7900 (+3.30%)
  DOT: 0.7680 (+0.87%)
  LINK: 8.4310 (+1.37%)
  XRP: 1.0812 (+1.16%)
==================================================
[2026-07-31 09:06:15] ✅ 平仓 ETH 迷你仓修复 | 入场:1972.2500 出场:1972.2500 | PnL:0.00% (+0.00USDT) | 平100%仓 | ❌ 平仓失败
[2026-07-31 09:13:03] ✅ 平仓 ETH 迷你仓修复 | 入场:1972.2500 出场:1972.2500 | PnL:0.00% (+0.00USDT) | 平100%仓 | ❌ 平仓失败
[2026-07-31 09:19:50] ✅ 平仓 ETH 迷你仓修复 | 入场:1972.2500 出场:1972.2500 | PnL:0.00% (+0.00USDT) | 平100%仓 | ❌ 平仓失败
[2026-07-31 09:26:34] ✅ 平仓 ETH 迷你仓修复 | 入场:1972.2500 出场:1972.2500 | PnL:0.00% (+0.00USDT) | 平100%仓 | ❌ 平仓失败
[2026-07-31 09:33:22] ✅ 平仓 ETH 迷你仓修复 | 入场:1972.2500 出场:1972.2500 | PnL:0.00% (+0.00USDT) | 平100%仓 | ❌ 平仓失败
[2026-07-31 09:40:07] ✅ 平仓 ETH 迷你仓修复 | 入场:1972.2500 出场:1972.2500 | PnL:0.00% (+0.00USDT) | 平100%仓 | ❌ 平仓失败
[2026-07-31 09:47:15] ✅ 平仓 ETH 迷你仓修复 | 入场:1972.2500 出场:1972.2500 | PnL:0.00% (+0.00USDT) | 平100%仓 | ❌ 平仓失败
[2026-07-31 09:54:12] ✅ 平仓 ETH 迷你仓修复 | 入场:1972.2500 出场:1972.2500 | PnL:0.00% (+0.00USDT) | 平100%仓 | ❌ 平仓失败
[2026-07-31 10:00:14] 
==================================================
📊 整点汇报 2026-07-31 10:00
恐惧贪婪指数: 25 (恐惧)
今日PnL: +0.00 USDT (+0.0%)
持仓数: 1/4
  🟢 ETH LONG @1972.2500 现价:1909.4700 PnL:-0.50U (-3.18%)
  BTC: 64557.9000 (+0.47%)
  ETH: 1909.4700 (-0.39%)
  SOL: 74.3600 (+0.45%)
  BNB: 589.9300 (+2.31%)
  DOT: 0.7672 (-0.44%)
  LINK: 8.4000 (+0.24%)
  XRP: 1.0800 (+0.14%)
==================================================
[2026-07-31 10:01:07] ✅ 平仓 ETH 迷你仓修复 | 入场:1972.2500 出场:1972.2500 | PnL:0.00% (+0.00USDT) | 平100%仓 | ❌ 平仓失败
[2026-07-31 10:08:00] ✅ 平仓 ETH 迷你仓修复 | 入场:1972.2500 出场:1972.2500 | PnL:0.00% (+0.00USDT) | 平100%仓 | ❌ 平仓失败
[2026-07-31 10:14:56] ✅ 平仓 ETH 迷你仓修复 | 入场:1972.2500 出场:1972.2500 | PnL:0.00% (+0.00USDT) | 平100%仓 | ❌ 平仓失败
[2026-07-31 10:22:01] ✅ 平仓 ETH 迷你仓修复 | 入场:1972.2500 出场:1972.2500 | PnL:0.00% (+0.00USDT) | 平100%仓 | ❌ 平仓失败
[2026-07-31 10:29:17] ✅ 平仓 ETH 迷你仓修复 | 入场:1972.2500 出场:1972.2500 | PnL:0.00% (+0.00USDT) | 平100%仓 | ❌ 平仓失败
[2026-07-31 10:36:31] ✅ 平仓 ETH 迷你仓修复 | 入场:1972.2500 出场:1972.2500 | PnL:0.00% (+0.00USDT) | 平100%仓 | ❌ 平仓失败
[2026-07-31 10:44:01] ✅ 平仓 ETH 迷你仓修复 | 入场:1972.2500 出场:1972.2500 | PnL:0.00% (+0.00USDT) | 平100%仓 | ❌ 平仓失败
[2026-07-31 10:51:47] ✅ 平仓 ETH 迷你仓修复 | 入场:1972.2500 出场:1972.2500 | PnL:0.00% (+0.00USDT) | 平100%仓 | ❌ 平仓失败
[2026-07-31 10:53:08] 🔴 开空 LINK @8.361 | 评分:75 | 状态:ranging | AI:做多(65%) | ✅ 下单成功
[2026-07-31 10:59:11] ✅ 平仓 ETH 迷你仓修复 | 入场:1972.2500 出场:1972.2500 | PnL:0.00% (+0.00USDT) | 平100%仓 | ❌ 平仓失败
[2026-07-31 11:00:07] 
==================================================
📊 整点汇报 2026-07-31 11:00
恐惧贪婪指数: 25 (恐惧)
今日PnL: -0.01 USDT (-0.0%)
持仓数: 1/4
  🔴 LINK SHORT @8.3600 现价:8.3540 PnL:+0.14U (+0.07%)
  BTC: 64257.6000 (+0.16%)
  ETH: 1902.7100 (-0.39%)
  SOL: 74.1100 (+0.42%)
  BNB: 588.3700 (+2.32%)
  DOT: 0.7646 (-0.39%)
  LINK: 8.3540 (+0.07%)
  XRP: 1.0799 (+0.45%)
==================================================
[2026-07-31 11:06:41] ✅ 平仓 ETH 迷你仓修复 | 入场:1972.2500 出场:1972.2500 | PnL:0.00% (+0.00USDT) | 平100%仓 | ❌ 平仓失败
[2026-07-31 11:14:19] ✅ 平仓 ETH 迷你仓修复 | 入场:1972.2500 出场:1972.2500 | PnL:0.00% (+0.00USDT) | 平100%仓 | ❌ 平仓失败
[2026-07-31 11:21:54] ✅ 平仓 ETH 迷你仓修复 | 入场:1972.2500 出场:1972.2500 | PnL:0.00% (+0.00USDT) | 平100%仓 | ❌ 平仓失败
[2026-07-31 11:29:02] ✅ 平仓 ETH 迷你仓修复 | 入场:1972.2500 出场:1972.2500 | PnL:0.00% (+0.00USDT) | 平100%仓 | ❌ 平仓失败
[2026-07-31 11:36:08] ✅ 平仓 ETH 迷你仓修复 | 入场:1972.2500 出场:1972.2500 | PnL:0.00% (+0.00USDT) | 平100%仓 | ❌ 平仓失败
[2026-07-31 11:43:40] ✅ 平仓 ETH 迷你仓修复 | 入场:1972.2500 出场:1972.2500 | PnL:0.00% (+0.00USDT) | 平100%仓 | ❌ 平仓失败
[2026-07-31 11:50:54] ✅ 平仓 ETH 迷你仓修复 | 入场:1972.2500 出场:1972.2500 | PnL:0.00% (+0.00USDT) | 平100%仓 | ❌ 平仓失败
[2026-07-31 11:58:22] ✅ 平仓 ETH 迷你仓修复 | 入场:1972.2500 出场:1972.2500 | PnL:0.00% (+0.00USDT) | 平100%仓 | ❌ 平仓失败
[2026-07-31 12:00:23] 
==================================================
📊 整点汇报 2026-07-31 12:00
恐惧贪婪指数: 25 (恐惧)
今日PnL: -0.01 USDT (-0.0%)
持仓数: 1/4
  🔴 LINK SHORT @8.3600 现价:8.3620 PnL:-0.05U (-0.02%)
  BTC: 64360.0000 (+0.35%)
  ETH: 1908.8800 (-0.03%)
  SOL: 74.1300 (+0.62%)
  BNB: 589.8700 (+2.79%)
  DOT: 0.7684 (+0.35%)
  LINK: 8.3620 (+0.35%)
  XRP: 1.0809 (+0.59%)
==================================================
[2026-07-31 12:05:54] ✅ 平仓 ETH 迷你仓修复 | 入场:1972.2500 出场:1972.2500 | PnL:0.00% (+0.00USDT) | 平100%仓 | ❌ 平仓失败
[2026-07-31 12:13:38] ✅ 平仓 ETH 迷你仓修复 | 入场:1972.2500 出场:1972.2500 | PnL:0.00% (+0.00USDT) | 平100%仓 | ❌ 平仓失败
[2026-07-31 12:21:02] ✅ 平仓 ETH 迷你仓修复 | 入场:1972.2500 出场:1972.2500 | PnL:0.00% (+0.00USDT) | 平100%仓 | ❌ 平仓失败
[2026-07-31 12:28:55] ✅ 平仓 ETH 迷你仓修复 | 入场:1972.2500 出场:1972.2500 | PnL:0.00% (+0.00USDT) | 平100%仓 | ❌ 平仓失败
[2026-07-31 12:36:29] ✅ 平仓 ETH 迷你仓修复 | 入场:1972.2500 出场:1972.2500 | PnL:0.00% (+0.00USDT) | 平100%仓 | ❌ 平仓失败
[2026-07-31 12:44:17] ✅ 平仓 ETH 迷你仓修复 | 入场:1972.2500 出场:1972.2500 | PnL:0.00% (+0.00USDT) | 平100%仓 | ❌ 平仓失败
[2026-07-31 12:52:10] ✅ 平仓 ETH 迷你仓修复 | 入场:1972.2500 出场:1972.2500 | PnL:0.00% (+0.00USDT) | 平100%仓 | ❌ 平仓失败
[2026-07-31 13:00:13] ✅ 平仓 ETH 迷你仓修复 | 入场:1972.2500 出场:1972.2500 | PnL:0.00% (+0.00USDT) | 平100%仓 | ❌ 平仓失败
[2026-07-31 13:00:42] 
==================================================
📊 整点汇报 2026-07-31 13:00
恐惧贪婪指数: 25 (恐惧)
今日PnL: -0.01 USDT (-0.0%)
持仓数: 1/4
  🔴 LINK SHORT @8.3600 现价:8.3450 PnL:+0.36U (+0.18%)
  BTC: 64288.1000 (+0.47%)
  ETH: 1905.1200 (+0.18%)
  SOL: 73.8100 (+0.43%)
  BNB: 589.6700 (+3.05%)
  DOT: 0.7669 (+0.60%)
  LINK: 8.3450 (+0.61%)
  XRP: 1.0813 (+0.74%)
==================================================
[2026-07-31 13:08:32] ✅ 平仓 ETH 迷你仓修复 | 入场:1972.2500 出场:1972.2500 | PnL:0.00% (+0.00USDT) | 平100%仓 | ❌ 平仓失败
[2026-07-31 13:16:28] ✅ 平仓 ETH 迷你仓修复 | 入场:1972.2500 出场:1972.2500 | PnL:0.00% (+0.00USDT) | 平100%仓 | ❌ 平仓失败
[2026-07-31 13:24:10] ✅ 平仓 ETH 迷你仓修复 | 入场:1972.2500 出场:1972.2500 | PnL:0.00% (+0.00USDT) | 平100%仓 | ❌ 平仓失败
[2026-07-31 13:32:09] ✅ 平仓 ETH 迷你仓修复 | 入场:1972.2500 出场:1972.2500 | PnL:0.00% (+0.00USDT) | 平100%仓 | ❌ 平仓失败
[2026-07-31 13:40:22] ✅ 平仓 ETH 迷你仓修复 | 入场:1972.2500 出场:1972.2500 | PnL:0.00% (+0.00USDT) | 平100%仓 | ❌ 平仓失败
[2026-07-31 13:48:37] ✅ 平仓 ETH 迷你仓修复 | 入场:1972.2500 出场:1972.2500 | PnL:0.00% (+0.00USDT) | 平100%仓 | ❌ 平仓失败
[2026-07-31 13:56:38] ✅ 平仓 ETH 迷你仓修复 | 入场:1972.2500 出场:1972.2500 | PnL:0.00% (+0.00USDT) | 平100%仓 | ❌ 平仓失败
[2026-07-31 14:00:21] 
==================================================
📊 整点汇报 2026-07-31 14:00
恐惧贪婪指数: 25 (恐惧)
今日PnL: -0.01 USDT (-0.0%)
持仓数: 1/4
  🔴 LINK SHORT @8.3600 现价:8.3680 PnL:-0.19U (-0.10%)
  BTC: 64331.3000 (+0.51%)
  ETH: 1905.3500 (-0.01%)
  SOL: 74.2000 (+0.76%)
  BNB: 590.3600 (+2.96%)
  DOT: 0.7687 (+0.29%)
  LINK: 8.3680 (+0.96%)
  XRP: 1.0798 (+0.37%)
==================================================
[2026-07-31 14:04:46] ✅ 平仓 ETH 迷你仓修复 | 入场:1972.2500 出场:1972.2500 | PnL:0.00% (+0.00USDT) | 平100%仓 | ❌ 平仓失败
[2026-07-31 14:12:56] ✅ 平仓 ETH 迷你仓修复 | 入场:1972.2500 出场:1972.2500 | PnL:0.00% (+0.00USDT) | 平100%仓 | ❌ 平仓失败
[2026-07-31 14:20:59] ✅ 平仓 ETH 迷你仓修复 | 入场:1972.2500 出场:1972.2500 | PnL:0.00% (+0.00USDT) | 平100%仓 | ❌ 平仓失败
[2026-07-31 14:29:19] ✅ 平仓 ETH 迷你仓修复 | 入场:1972.2500 出场:1972.2500 | PnL:0.00% (+0.00USDT) | 平100%仓 | ❌ 平仓失败
[2026-07-31 14:37:45] ✅ 平仓 ETH 迷你仓修复 | 入场:1972.2500 出场:1972.2500 | PnL:0.00% (+0.00USDT) | 平100%仓 | ❌ 平仓失败
[2026-07-31 14:45:58] ✅ 平仓 ETH 迷你仓修复 | 入场:1972.2500 出场:1972.2500 | PnL:0.00% (+0.00USDT) | 平100%仓 | ❌ 平仓失败
[2026-07-31 14:54:12] ✅ 平仓 ETH 迷你仓修复 | 入场:1972.2500 出场:1972.2500 | PnL:0.00% (+0.00USDT) | 平100%仓 | ❌ 平仓失败
[2026-07-31 15:00:21] 
==================================================
📊 整点汇报 2026-07-31 15:00
恐惧贪婪指数: 25 (恐惧)
今日PnL: -0.01 USDT (-0.0%)
持仓数: 1/4
  🔴 LINK SHORT @8.3600 现价:8.3500 PnL:+0.24U (+0.12%)
  BTC: 64235.1000 (+0.40%)
  ETH: 1903.2500 (+0.20%)
  SOL: 74.1400 (+0.90%)
  BNB: 593.1100 (+3.33%)
  DOT: 0.7696 (+0.44%)
  LINK: 8.3500 (+1.05%)
  XRP: 1.0803 (+0.67%)
==================================================
[2026-07-31 15:02:26] ✅ 平仓 ETH 迷你仓修复 | 入场:1972.2500 出场:1972.2500 | PnL:0.00% (+0.00USDT) | 平100%仓 | ❌ 平仓失败
[2026-07-31 15:10:42] ✅ 平仓 ETH 迷你仓修复 | 入场:1972.2500 出场:1972.2500 | PnL:0.00% (+0.00USDT) | 平100%仓 | ❌ 平仓失败
[2026-07-31 15:13:53] 🔴 开空 XRP @1.075 | 评分:85 | 状态:trending | AI:做多(0.7%) | ✅ 下单成功
[2026-07-31 15:18:44] ✅ 平仓 ETH 迷你仓修复 | 入场:1972.2500 出场:1972.2500 | PnL:0.00% (+0.00USDT) | 平100%仓 | ❌ 平仓失败
[2026-07-31 15:27:09] ✅ 平仓 ETH 迷你仓修复 | 入场:1972.2500 出场:1972.2500 | PnL:0.00% (+0.00USDT) | 平100%仓 | ❌ 平仓失败
[2026-07-31 15:35:31] ✅ 平仓 ETH 迷你仓修复 | 入场:1972.2500 出场:1972.2500 | PnL:0.00% (+0.00USDT) | 平100%仓 | ❌ 平仓失败
[2026-07-31 15:43:42] ✅ 平仓 ETH 迷你仓修复 | 入场:1972.2500 出场:1972.2500 | PnL:0.00% (+0.00USDT) | 平100%仓 | ❌ 平仓失败
[2026-07-31 15:52:08] ✅ 平仓 ETH 迷你仓修复 | 入场:1972.2500 出场:1972.2500 | PnL:0.00% (+0.00USDT) | 平100%仓 | ❌ 平仓失败
[2026-07-31 16:00:49] ✅ 平仓 ETH 迷你仓修复 | 入场:1972.2500 出场:1972.2500 | PnL:0.00% (+0.00USDT) | 平100%仓 | ❌ 平仓失败
[2026-07-31 16:01:25] 
==================================================
📊 整点汇报 2026-07-31 16:01
恐惧贪婪指数: 25 (恐惧)
今日PnL: -0.01 USDT (-0.0%)
持仓数: 2/4
  🔴 XRP SHORT @1.0750 现价:1.0791 PnL:-0.76U (-0.38%)
  🔴 LINK SHORT @8.3600 现价:8.2940 PnL:+1.58U (+0.79%)
  BTC: 63940.0000 (-0.06%)
  ETH: 1889.3400 (-0.72%)
  SOL: 73.6400 (+0.31%)
  BNB: 590.2200 (+2.64%)
  DOT: 0.7707 (+0.00%)
  LINK: 8.2940 (+0.07%)
  XRP: 1.0791 (+0.23%)
==================================================
[2026-07-31 16:06:05] 🔴 开空 BTC @63906.8 | 评分:70 | 状态:ranging | AI:做多(65%) | ✅ 下单成功
[2026-07-31 16:09:32] ✅ 平仓 ETH 迷你仓修复 | 入场:1972.2500 出场:1972.2500 | PnL:0.00% (+0.00USDT) | 平100%仓 | ❌ 平仓失败
[2026-07-31 16:18:25] ✅ 平仓 ETH 迷你仓修复 | 入场:1972.2500 出场:1972.2500 | PnL:0.00% (+0.00USDT) | 平100%仓 | ❌ 平仓失败
[2026-07-31 16:26:39] ✅ 平仓 ETH 迷你仓修复 | 入场:1972.2500 出场:1972.2500 | PnL:0.00% (+0.00USDT) | 平100%仓 | ❌ 平仓失败
[2026-07-31 16:35:11] ✅ 平仓 ETH 迷你仓修复 | 入场:1972.2500 出场:1972.2500 | PnL:0.00% (+0.00USDT) | 平100%仓 | ❌ 平仓失败
[2026-07-31 16:43:56] ✅ 平仓 ETH 迷你仓修复 | 入场:1972.2500 出场:1972.2500 | PnL:0.00% (+0.00USDT) | 平100%仓 | ❌ 平仓失败
[2026-07-31 16:52:10] ✅ 平仓 ETH 迷你仓修复 | 入场:1972.2500 出场:1972.2500 | PnL:0.00% (+0.00USDT) | 平100%仓 | ❌ 平仓失败
[2026-07-31 17:00:34] ✅ 平仓 ETH 迷你仓修复 | 入场:1972.2500 出场:1972.2500 | PnL:0.00% (+0.00USDT) | 平100%仓 | ❌ 平仓失败
[2026-07-31 17:01:03] 
==================================================
📊 整点汇报 2026-07-31 17:00
恐惧贪婪指数: 25 (恐惧)
今日PnL: -0.01 USDT (-0.0%)
持仓数: 3/4
  🔴 XRP SHORT @1.0750 现价:1.0764 PnL:-0.26U (-0.13%)
  🔴 LINK SHORT @8.3600 现价:8.3220 PnL:+0.91U (+0.45%)
  🔴 BTC SHORT @63900.0000 现价:63812.6000 PnL:+0.26U (+0.14%)
  BTC: 63812.6000 (-0.73%)
  ETH: 1889.3200 (-1.30%)
  SOL: 73.6200 (-0.22%)
  BNB: 593.1500 (+2.39%)
  DOT: 0.7659 (-0.30%)
  LINK: 8.3220 (-0.12%)
  XRP: 1.0764 (-0.16%)
==================================================
[2026-07-31 17:08:39] ✅ 平仓 ETH 迷你仓修复 | 入场:1972.2500 出场:1972.2500 | PnL:0.00% (+0.00USDT) | 平100%仓 | ❌ 平仓失败
[2026-07-31 17:16:40] ✅ 平仓 ETH 迷你仓修复 | 入场:1972.2500 出场:1972.2500 | PnL:0.00% (+0.00USDT) | 平100%仓 | ❌ 平仓失败
[2026-07-31 17:24:48] ✅ 平仓 ETH 迷你仓修复 | 入场:1972.2500 出场:1972.2500 | PnL:0.00% (+0.00USDT) | 平100%仓 | ❌ 平仓失败
[2026-07-31 17:33:13] ✅ 平仓 ETH 迷你仓修复 | 入场:1972.2500 出场:1972.2500 | PnL:0.00% (+0.00USDT) | 平100%仓 | ❌ 平仓失败
[2026-07-31 17:41:29] ✅ 平仓 ETH 迷你仓修复 | 入场:1972.2500 出场:1972.2500 | PnL:0.00% (+0.00USDT) | 平100%仓 | ❌ 平仓失败
[2026-07-31 17:49:29] ✅ 平仓 ETH 迷你仓修复 | 入场:1972.2500 出场:1972.2500 | PnL:0.00% (+0.00USDT) | 平100%仓 | ❌ 平仓失败
[2026-07-31 17:57:20] ✅ 平仓 ETH 迷你仓修复 | 入场:1972.2500 出场:1972.2500 | PnL:0.00% (+0.00USDT) | 平100%仓 | ❌ 平仓失败
[2026-07-31 18:00:11] 
==================================================
📊 整点汇报 2026-07-31 18:00
恐惧贪婪指数: 25 (恐惧)
今日PnL: -0.01 USDT (-0.0%)
持仓数: 3/4
  🔴 XRP SHORT @1.0750 现价:1.0712 PnL:+0.71U (+0.35%)
  🔴 LINK SHORT @8.3600 现价:8.2480 PnL:+2.68U (+1.34%)
  🔴 BTC SHORT @63900.0000 现价:63675.4000 PnL:+0.67U (+0.35%)
  BTC: 63675.4000 (-1.36%)
  ETH: 1883.3700 (-1.78%)
  SOL: 73.4400 (-0.76%)
  BNB: 590.6000 (+1.87%)
  DOT: 0.7616 (-0.68%)
  LINK: 8.2480 (-1.32%)
  XRP: 1.0712 (-0.81%)
==================================================
[2026-07-31 18:04:56] ✅ 平仓 ETH 迷你仓修复 | 入场:1972.2500 出场:1972.2500 | PnL:0.00% (+0.00USDT) | 平100%仓 | ❌ 平仓失败
[2026-07-31 18:12:35] ✅ 平仓 ETH 迷你仓修复 | 入场:1972.2500 出场:1972.2500 | PnL:0.00% (+0.00USDT) | 平100%仓 | ❌ 平仓失败
[2026-07-31 18:20:13] ✅ 平仓 ETH 迷你仓修复 | 入场:1972.2500 出场:1972.2500 | PnL:0.00% (+0.00USDT) | 平100%仓 | ❌ 平仓失败
[2026-07-31 18:27:41] ✅ 平仓 ETH 迷你仓修复 | 入场:1972.2500 出场:1972.2500 | PnL:0.00% (+0.00USDT) | 平100%仓 | ❌ 平仓失败
[2026-07-31 18:35:07] ✅ 平仓 ETH 迷你仓修复 | 入场:1972.2500 出场:1972.2500 | PnL:0.00% (+0.00USDT) | 平100%仓 | ❌ 平仓失败
[2026-07-31 18:42:37] ✅ 平仓 ETH 迷你仓修复 | 入场:1972.2500 出场:1972.2500 | PnL:0.00% (+0.00USDT) | 平100%仓 | ❌ 平仓失败
[2026-07-31 18:50:33] ✅ 平仓 ETH 迷你仓修复 | 入场:1972.2500 出场:1972.2500 | PnL:0.00% (+0.00USDT) | 平100%仓 | ❌ 平仓失败
[2026-07-31 18:58:48] ✅ 平仓 ETH 迷你仓修复 | 入场:1972.2500 出场:1972.2500 | PnL:0.00% (+0.00USDT) | 平100%仓 | ❌ 平仓失败
[2026-07-31 19:00:38] 
==================================================
📊 整点汇报 2026-07-31 19:00
恐惧贪婪指数: 25 (恐惧)
今日PnL: -0.01 USDT (-0.0%)
持仓数: 3/4
  🔴 XRP SHORT @1.0750 现价:1.0709 PnL:+0.76U (+0.38%)
  🔴 LINK SHORT @8.3600 现价:8.2650 PnL:+2.27U (+1.14%)
  🔴 BTC SHORT @63900.0000 现价:63863.6000 PnL:+0.11U (+0.06%)
  BTC: 63863.6000 (-1.12%)
  ETH: 1885.4000 (-1.68%)
  SOL: 73.5500 (-0.39%)
  BNB: 590.7800 (+0.56%)
  DOT: 0.7594 (-1.03%)
  LINK: 8.2650 (-1.29%)
  XRP: 1.0709 (-0.71%)
==================================================
[2026-07-31 19:07:43] ✅ 平仓 ETH 迷你仓修复 | 入场:1972.2500 出场:1972.2500 | PnL:0.00% (+0.00USDT) | 平100%仓 | ❌ 平仓失败
[2026-07-31 19:15:29] ✅ 平仓 ETH 迷你仓修复 | 入场:1972.2500 出场:1972.2500 | PnL:0.00% (+0.00USDT) | 平100%仓 | ❌ 平仓失败
[2026-07-31 19:23:35] ✅ 平仓 ETH 迷你仓修复 | 入场:1972.2500 出场:1972.2500 | PnL:0.00% (+0.00USDT) | 平100%仓 | ❌ 平仓失败
[2026-07-31 19:31:52] ✅ 平仓 ETH 迷你仓修复 | 入场:1972.2500 出场:1972.2500 | PnL:0.00% (+0.00USDT) | 平100%仓 | ❌ 平仓失败
[2026-07-31 19:39:46] ✅ 平仓 ETH 迷你仓修复 | 入场:1972.2500 出场:1972.2500 | PnL:0.00% (+0.00USDT) | 平100%仓 | ❌ 平仓失败
[2026-07-31 19:48:01] ✅ 平仓 ETH 迷你仓修复 | 入场:1972.2500 出场:1972.2500 | PnL:0.00% (+0.00USDT) | 平100%仓 | ❌ 平仓失败
[2026-07-31 19:55:53] ✅ 平仓 ETH 迷你仓修复 | 入场:1972.2500 出场:1972.2500 | PnL:0.00% (+0.00USDT) | 平100%仓 | ❌ 平仓失败
[2026-07-31 20:00:19] 
==================================================
📊 整点汇报 2026-07-31 20:00
恐惧贪婪指数: 25 (恐惧)
今日PnL: -0.01 USDT (-0.0%)
持仓数: 3/4
  🔴 XRP SHORT @1.0750 现价:1.0710 PnL:+0.74U (+0.37%)
  🔴 LINK SHORT @8.3600 现价:8.2620 PnL:+2.34U (+1.17%)
  🔴 BTC SHORT @63900.0000 现价:63873.2000 PnL:+0.08U (+0.04%)
  BTC: 63873.2000 (-1.40%)
  ETH: 1885.5400 (-1.93%)
  SOL: 73.5500 (-0.88%)
  BNB: 591.4700 (+0.41%)
  DOT: 0.7588 (-1.11%)
  LINK: 8.2620 (-2.23%)
  XRP: 1.0710 (-1.13%)
==================================================
[2026-07-31 20:04:41] ✅ 平仓 ETH 迷你仓修复 | 入场:1972.2500 出场:1972.2500 | PnL:0.00% (+0.00USDT) | 平100%仓 | ❌ 平仓失败
[2026-07-31 20:13:10] ✅ 平仓 ETH 迷你仓修复 | 入场:1972.2500 出场:1972.2500 | PnL:0.00% (+0.00USDT) | 平100%仓 | ❌ 平仓失败
[2026-07-31 20:21:25] ✅ 平仓 ETH 迷你仓修复 | 入场:1972.2500 出场:1972.2500 | PnL:0.00% (+0.00USDT) | 平100%仓 | ❌ 平仓失败
[2026-07-31 20:29:42] ✅ 平仓 ETH 迷你仓修复 | 入场:1972.2500 出场:1972.2500 | PnL:0.00% (+0.00USDT) | 平100%仓 | ❌ 平仓失败
[2026-07-31 20:38:08] ✅ 平仓 ETH 迷你仓修复 | 入场:1972.2500 出场:1972.2500 | PnL:0.00% (+0.00USDT) | 平100%仓 | ❌ 平仓失败
[2026-07-31 20:46:47] ✅ 平仓 ETH 迷你仓修复 | 入场:1972.2500 出场:1972.2500 | PnL:0.00% (+0.00USDT) | 平100%仓 | ❌ 平仓失败
[2026-07-31 20:55:37] ✅ 平仓 ETH 迷你仓修复 | 入场:1972.2500 出场:1972.2500 | PnL:0.00% (+0.00USDT) | 平100%仓 | ❌ 平仓失败
[2026-07-31 21:00:20] 
==================================================
📊 整点汇报 2026-07-31 21:00
恐惧贪婪指数: 25 (恐惧)
今日PnL: -0.01 USDT (-0.0%)
持仓数: 3/4
  🔴 XRP SHORT @1.0750 现价:1.0710 PnL:+0.74U (+0.37%)
  🔴 LINK SHORT @8.3600 现价:8.2620 PnL:+2.34U (+1.17%)
  🔴 BTC SHORT @63900.0000 现价:63680.0000 PnL:+0.66U (+0.34%)
  BTC: 63680.0000 (-1.85%)
  ETH: 1882.8100 (-2.19%)
  SOL: 73.4000 (-1.34%)
  BNB: 591.7400 (+0.77%)
  DOT: 0.7637 (-0.49%)
  LINK: 8.2620 (-2.29%)
  XRP: 1.0710 (-1.14%)
==================================================
[2026-07-31 21:03:55] ✅ 平仓 ETH 迷你仓修复 | 入场:1972.2500 出场:1972.2500 | PnL:0.00% (+0.00USDT) | 平100%仓 | ❌ 平仓失败
[2026-07-31 21:12:18] ✅ 平仓 ETH 迷你仓修复 | 入场:1972.2500 出场:1972.2500 | PnL:0.00% (+0.00USDT) | 平100%仓 | ❌ 平仓失败
[2026-07-31 21:20:59] ✅ 平仓 ETH 迷你仓修复 | 入场:1972.2500 出场:1972.2500 | PnL:0.00% (+0.00USDT) | 平100%仓 | ❌ 平仓失败
[2026-07-31 21:30:02] ✅ 平仓 ETH 迷你仓修复 | 入场:1972.2500 出场:1972.2500 | PnL:0.00% (+0.00USDT) | 平100%仓 | ❌ 平仓失败
[2026-07-31 21:38:51] ✅ 平仓 ETH 迷你仓修复 | 入场:1972.2500 出场:1972.2500 | PnL:0.00% (+0.00USDT) | 平100%仓 | ❌ 平仓失败
[2026-07-31 21:47:56] ✅ 平仓 ETH 迷你仓修复 | 入场:1972.2500 出场:1972.2500 | PnL:0.00% (+0.00USDT) | 平100%仓 | ❌ 平仓失败
[2026-07-31 21:56:48] ✅ 平仓 ETH 迷你仓修复 | 入场:1972.2500 出场:1972.2500 | PnL:0.00% (+0.00USDT) | 平100%仓 | ❌ 平仓失败
[2026-07-31 22:00:12] 
==================================================
📊 整点汇报 2026-07-31 22:00
恐惧贪婪指数: 25 (恐惧)
今日PnL: -0.01 USDT (-0.0%)
持仓数: 3/4
  🔴 XRP SHORT @1.0750 现价:1.0658 PnL:+1.71U (+0.86%)
  🔴 LINK SHORT @8.3600 现价:8.1370 PnL:+5.33U (+2.67%)
  🔴 BTC SHORT @63900.0000 现价:63520.0000 PnL:+1.14U (+0.59%)
  BTC: 63520.0000 (-2.27%)
  ETH: 1867.6100 (-3.35%)
  SOL: 73.3900 (-1.70%)
  BNB: 589.2000 (+0.12%)
  DOT: 0.7581 (-1.43%)
  LINK: 8.1370 (-4.48%)
  XRP: 1.0658 (-1.80%)
==================================================
[2026-07-31 22:06:19] ✅ 平仓 ETH 迷你仓修复 | 入场:1972.2500 出场:1972.2500 | PnL:0.00% (+0.00USDT) | 平100%仓 | ❌ 平仓失败
[2026-07-31 22:19:18] ✅ 平仓 ETH 迷你仓修复 | 入场:1972.2500 出场:1972.2500 | PnL:0.00% (+0.00USDT) | 平100%仓 | ❌ 平仓失败
[2026-07-31 22:31:42] ✅ 平仓 ETH 迷你仓修复 | 入场:1972.2500 出场:1972.2500 | PnL:0.00% (+0.00USDT) | 平100%仓 | ❌ 平仓失败
[2026-07-31 22:42:22] ✅ 平仓 ETH 迷你仓修复 | 入场:1972.2500 出场:1972.2500 | PnL:0.00% (+0.00USDT) | 平100%仓 | ❌ 平仓失败
[2026-07-31 22:53:07] ✅ 平仓 ETH 迷你仓修复 | 入场:1972.2500 出场:1972.2500 | PnL:0.00% (+0.00USDT) | 平100%仓 | ❌ 平仓失败
[2026-07-31 23:00:17] 
==================================================
📊 整点汇报 2026-07-31 23:00
恐惧贪婪指数: 25 (恐惧)
今日PnL: -0.01 USDT (-0.0%)
持仓数: 3/4
  🔴 XRP SHORT @1.0750 现价:1.0618 PnL:+2.46U (+1.23%)
  🔴 LINK SHORT @8.3600 现价:8.1280 PnL:+5.55U (+2.78%)
  🔴 BTC SHORT @63900.0000 现价:62746.2000 PnL:+3.46U (+1.81%)
  BTC: 62746.2000 (-3.10%)
  ETH: 1859.9000 (-2.95%)
  SOL: 73.0100 (-2.06%)
  BNB: 587.0900 (-0.16%)
  DOT: 0.7531 (-2.19%)
  LINK: 8.1280 (-4.24%)
  XRP: 1.0618 (-2.32%)
==================================================
[2026-07-31 23:01:58] ✅ 平仓 ETH 迷你仓修复 | 入场:1972.2500 出场:1972.2500 | PnL:0.00% (+0.00USDT) | 平100%仓 | ❌ 平仓失败
[2026-07-31 23:23:13] ✅ 平仓 ETH 迷你仓修复 | 入场:1972.2500 出场:1972.2500 | PnL:0.00% (+0.00USDT) | 平100%仓 | ❌ 平仓失败
[2026-07-31 23:36:28] ✅ 平仓 ETH 迷你仓修复 | 入场:1972.2500 出场:1972.2500 | PnL:0.00% (+0.00USDT) | 平100%仓 | ❌ 平仓失败
[2026-07-31 23:45:22] ✅ 平仓 ETH 迷你仓修复 | 入场:1972.2500 出场:1972.2500 | PnL:0.00% (+0.00USDT) | 平100%仓 | ❌ 平仓失败
[2026-07-31 23:55:06] ✅ 平仓 ETH 迷你仓修复 | 入场:1972.2500 出场:1972.2500 | PnL:0.00% (+0.00USDT) | 平100%仓 | ❌ 平仓失败
