[2026-06-09 00:00:22] 
==================================================
📊 整点汇报 2026-06-09 00:00
恐惧贪婪指数: 50 (中性)
今日PnL: +0.00 USDT (+0.0%)
持仓数: 3/4
  🟢 XRP LONG @1.1731 现价:1.1703 PnL:-0.48U (-0.24%)
  🟢 LINK LONG @7.9860 现价:8.0170 PnL:+0.66U (+0.39%)
  🟢 BTC LONG @63251.1000 现价:63800.6000 PnL:+1.65U (+0.87%)
  BTC: 63800.6000 (+2.84%)
  ETH: 1690.9600 (+3.86%)
  SOL: 67.0900 (+3.42%)
  BNB: 604.1600 (+0.00%)
  DOT: 0.9880 (+2.50%)
  LINK: 8.0170 (+3.86%)
  XRP: 1.1703 (+3.30%)
==================================================
[2026-06-09 01:00:43] 
==================================================
📊 整点汇报 2026-06-09 01:00
恐惧贪婪指数: 8 (极度恐惧)
今日PnL: +0.00 USDT (+0.0%)
持仓数: 3/4
  🟢 XRP LONG @1.1731 现价:1.1645 PnL:-1.47U (-0.73%)
  🟢 LINK LONG @7.9860 现价:7.9910 PnL:+0.13U (+0.06%)
  🟢 BTC LONG @63251.1000 现价:63512.6000 PnL:+0.78U (+0.41%)
  BTC: 63512.6000 (+2.35%)
  ETH: 1682.2400 (+3.42%)
  SOL: 66.9100 (+2.86%)
  BNB: 604.2200 (+1.74%)
  DOT: 0.9800 (+1.24%)
  LINK: 7.9910 (+3.43%)
  XRP: 1.1645 (+2.39%)
==================================================
[2026-06-09 02:00:47] 
==================================================
📊 整点汇报 2026-06-09 02:00
恐惧贪婪指数: 8 (极度恐惧)
今日PnL: +0.00 USDT (+0.0%)
持仓数: 3/4
  🟢 XRP LONG @1.1731 现价:1.1730 PnL:-0.02U (-0.01%)
  🟢 LINK LONG @7.9860 现价:8.0370 PnL:+1.28U (+0.64%)
  🟢 BTC LONG @63251.1000 现价:63493.6000 PnL:+0.73U (+0.38%)
  BTC: 63493.6000 (+2.17%)
  ETH: 1685.6400 (+3.33%)
  SOL: 67.3100 (+3.11%)
  BNB: 608.0200 (+1.94%)
  DOT: 0.9870 (+2.07%)
  LINK: 8.0370 (+3.88%)
  XRP: 1.1730 (+2.59%)
==================================================
[2026-06-09 03:00:10] 
==================================================
📊 整点汇报 2026-06-09 03:00
恐惧贪婪指数: 8 (极度恐惧)
今日PnL: +0.00 USDT (+0.0%)
持仓数: 3/4
  🟢 XRP LONG @1.1731 现价:1.1748 PnL:+0.29U (+0.14%)
  🟢 LINK LONG @7.9860 现价:8.0120 PnL:+0.65U (+0.33%)
  🟢 BTC LONG @63251.1000 现价:63442.6000 PnL:+0.57U (+0.30%)
  BTC: 63442.6000 (+2.21%)
  ETH: 1683.7200 (+3.23%)
  SOL: 67.4100 (+3.68%)
  BNB: 607.9700 (+1.95%)
  DOT: 0.9850 (+2.39%)
  LINK: 8.0120 (+3.93%)
  XRP: 1.1748 (+2.78%)
==================================================
[2026-06-09 04:00:12] 
==================================================
📊 整点汇报 2026-06-09 04:00
恐惧贪婪指数: 8 (极度恐惧)
今日PnL: +0.00 USDT (+0.0%)
持仓数: 3/4
  🟢 XRP LONG @1.1731 现价:1.1772 PnL:+0.70U (+0.35%)
  🟢 LINK LONG @7.9860 现价:8.0570 PnL:+1.78U (+0.89%)
  🟢 BTC LONG @63251.1000 现价:63369.8000 PnL:+0.36U (+0.19%)
  BTC: 63369.8000 (+3.45%)
  ETH: 1683.4600 (+4.46%)
  SOL: 67.4100 (+5.51%)
  BNB: 607.6900 (+3.12%)
  DOT: 0.9870 (+4.67%)
  LINK: 8.0570 (+6.17%)
  XRP: 1.1772 (+4.78%)
==================================================
[2026-06-09 05:00:31] 
==================================================
📊 整点汇报 2026-06-09 05:00
恐惧贪婪指数: 8 (极度恐惧)
今日PnL: +0.00 USDT (+0.0%)
持仓数: 3/4
  🟢 XRP LONG @1.1731 现价:1.1770 PnL:+0.66U (+0.33%)
  🟢 LINK LONG @7.9860 现价:8.0430 PnL:+1.43U (+0.71%)
  🟢 BTC LONG @63251.1000 现价:63432.1000 PnL:+0.54U (+0.29%)
  BTC: 63432.1000 (+2.58%)
  ETH: 1688.4600 (+3.76%)
  SOL: 67.4200 (+4.29%)
  BNB: 607.0300 (+2.10%)
  DOT: 0.9840 (+3.36%)
  LINK: 8.0430 (+4.74%)
  XRP: 1.1770 (+3.99%)
==================================================
[2026-06-09 06:00:32] 
==================================================
📊 整点汇报 2026-06-09 06:00
恐惧贪婪指数: 8 (极度恐惧)
今日PnL: +0.00 USDT (+0.0%)
持仓数: 3/4
  🟢 XRP LONG @1.1731 现价:1.1789 PnL:+0.99U (+0.49%)
  🟢 LINK LONG @7.9860 现价:8.0580 PnL:+1.80U (+0.90%)
  🟢 BTC LONG @63251.1000 现价:63693.6000 PnL:+1.33U (+0.70%)
  BTC: 63693.6000 (+3.20%)
  ETH: 1704.4900 (+4.37%)
  SOL: 67.4300 (+4.48%)
  BNB: 608.2900 (+2.34%)
  DOT: 0.9840 (+3.80%)
  LINK: 8.0580 (+5.11%)
  XRP: 1.1789 (+4.37%)
==================================================
[2026-06-09 07:00:10] 
==================================================
📊 整点汇报 2026-06-09 07:00
恐惧贪婪指数: 50 (中性)
今日PnL: +0.00 USDT (+0.0%)
持仓数: 3/4
  🟢 XRP LONG @1.1731 现价:1.1771 PnL:+0.68U (+0.34%)
  🟢 LINK LONG @7.9860 现价:8.0380 PnL:+1.30U (+0.65%)
  🟢 BTC LONG @63251.1000 现价:63360.3000 PnL:+0.33U (+0.17%)
  BTC: 63360.3000 (+0.74%)
  ETH: 1701.6500 (+1.63%)
  SOL: 67.0800 (+1.82%)
  BNB: 606.6000 (+0.39%)
  DOT: 0.9800 (+1.03%)
  LINK: 8.0380 (+2.36%)
  XRP: 1.1771 (+2.02%)
==================================================
[2026-06-09 08:00:16] 
==================================================
📊 整点汇报 2026-06-09 08:00
恐惧贪婪指数: 8 (极度恐惧)
今日PnL: +0.00 USDT (+0.0%)
持仓数: 3/4
  🟢 XRP LONG @1.1731 现价:1.1677 PnL:-0.92U (-0.46%)
  🟢 LINK LONG @7.9860 现价:7.9930 PnL:+0.18U (+0.09%)
  🟢 BTC LONG @63251.1000 现价:63046.0000 PnL:-0.62U (-0.32%)
  BTC: 63046.0000 (-0.24%)
  ETH: 1689.7500 (+0.19%)
  SOL: 66.7800 (+0.65%)
  BNB: 602.1300 (-0.41%)
  DOT: 0.9730 (+0.31%)
  LINK: 7.9930 (+1.15%)
  XRP: 1.1677 (+1.15%)
==================================================
[2026-06-09 08:27:42] 🔴 开空 DOT @0.961 | 评分:100 | 状态:trending | AI:做多(65%) | ✅ 下单成功
[2026-06-09 08:39:58] ❌ 平仓 LINK SL | 入场:7.9860 出场:7.8260 | PnL:-2.00% (-4.01USDT) | 平100%仓 | ✅ 平仓成功
[2026-06-09 08:40:13] ❌ 平仓 LINK SL | 入场:7.9860 出场:7.8260 | PnL:-2.00% (-3.40USDT) | 平100%仓 | ✅ 平仓成功
[2026-06-09 09:00:16] 
==================================================
📊 整点汇报 2026-06-09 09:00
恐惧贪婪指数: 10 (极度恐惧)
今日PnL: -3.43 USDT (-3.4%)
持仓数: 4/4
  🔴 DOT SHORT @0.9610 现价:0.9520 PnL:+1.87U (+0.94%)
  🟢 XRP LONG @1.1731 现价:1.1525 PnL:-3.51U (-1.76%)
  🔴 LINK SHORT @7.8240 现价:7.8270 PnL:-0.08U (-0.04%)
  🟢 BTC LONG @63251.1000 现价:62499.5000 PnL:-2.25U (-1.19%)
  BTC: 62499.5000 (-1.72%)
  ETH: 1661.9900 (-1.99%)
  SOL: 65.3500 (-1.92%)
  BNB: 595.6700 (-1.67%)
  DOT: 0.9520 (-2.66%)
  LINK: 7.8270 (-1.77%)
  XRP: 1.1525 (-0.78%)
==================================================
[2026-06-09 10:00:51] 
==================================================
📊 整点汇报 2026-06-09 10:00
恐惧贪婪指数: 10 (极度恐惧)
今日PnL: -7.21 USDT (-7.2%)
持仓数: 3/4
  🔴 DOT SHORT @0.9610 现价:0.9570 PnL:+0.83U (+0.42%)
  🔴 LINK SHORT @7.8240 现价:7.8460 PnL:-0.56U (-0.28%)
  🟢 BTC LONG @63251.1000 现价:62766.5000 PnL:-1.45U (-0.77%)
  BTC: 62766.5000 (-0.64%)
  ETH: 1668.7000 (-0.89%)
  SOL: 65.9400 (-0.27%)
  BNB: 598.0400 (-0.85%)
  DOT: 0.9570 (-0.93%)
  LINK: 7.8460 (-0.65%)
  XRP: 1.1507 (+0.00%)
==================================================
[2026-06-09 10:20:32] 🔴 开空 ETH @1660.75 | 评分:70 | 状态:trending | AI:做多(65%) | ✅ 下单成功
[2026-06-09 11:00:12] 
==================================================
📊 整点汇报 2026-06-09 11:00
恐惧贪婪指数: 10 (极度恐惧)
今日PnL: -7.21 USDT (-7.2%)
持仓数: 4/4
  🔴 DOT SHORT @0.9610 现价:0.9570 PnL:+0.83U (+0.42%)
  🔴 LINK SHORT @7.8240 现价:7.8520 PnL:-0.72U (-0.36%)
  🟢 BTC LONG @63251.1000 现价:62805.2000 PnL:-1.34U (-0.70%)
  🔴 ETH SHORT @1660.7500 现价:1667.0200 PnL:-0.75U (-0.38%)
  BTC: 62805.2000 (-0.40%)
  ETH: 1667.0200 (-0.91%)
  SOL: 65.8400 (-0.80%)
  BNB: 598.3000 (-0.66%)
  DOT: 0.9570 (-1.14%)
  LINK: 7.8520 (-0.76%)
  XRP: 1.1513 (-0.35%)
==================================================
[2026-06-09 12:00:26] 
==================================================
📊 整点汇报 2026-06-09 12:00
恐惧贪婪指数: 10 (极度恐惧)
今日PnL: -7.21 USDT (-7.2%)
持仓数: 4/4
  🔴 DOT SHORT @0.9610 现价:0.9570 PnL:+0.83U (+0.42%)
  🔴 LINK SHORT @7.8240 现价:7.8750 PnL:-1.30U (-0.65%)
  🟢 BTC LONG @63251.1000 现价:62801.7000 PnL:-1.35U (-0.71%)
  🔴 ETH SHORT @1660.7500 现价:1668.7100 PnL:-0.96U (-0.48%)
  BTC: 62801.7000 (-0.49%)
  ETH: 1668.7100 (-0.57%)
  SOL: 65.9600 (-0.51%)
  BNB: 599.4600 (-0.67%)
  DOT: 0.9570 (-1.54%)
  LINK: 7.8750 (+0.29%)
  XRP: 1.1545 (+0.34%)
==================================================
[2026-06-09 13:00:17] 
==================================================
📊 整点汇报 2026-06-09 13:00
恐惧贪婪指数: 10 (极度恐惧)
今日PnL: -13.24 USDT (-13.2%)
持仓数: 3/4
  🔴 DOT SHORT @0.9610 现价:0.9700 PnL:-1.87U (-0.94%)
  🟢 LINK LONG @7.9510 现价:7.9680 PnL:+0.43U (+0.21%)
  🟢 BTC LONG @63251.1000 现价:63244.7000 PnL:-0.02U (-0.01%)
  BTC: 63244.7000 (+0.72%)
  ETH: 1686.6800 (+1.56%)
  SOL: 67.0100 (+2.23%)
  BNB: 602.7600 (+0.91%)
  DOT: 0.9700 (+1.25%)
  LINK: 7.9680 (+2.42%)
  XRP: 1.1661 (+2.20%)
==================================================
[2026-06-09 14:00:30] 
==================================================
📊 整点汇报 2026-06-09 14:00
恐惧贪婪指数: 10 (极度恐惧)
今日PnL: -13.24 USDT (-13.2%)
持仓数: 3/4
  🔴 DOT SHORT @0.9610 现价:0.9750 PnL:-2.91U (-1.46%)
  🟢 LINK LONG @7.9510 现价:7.9990 PnL:+1.21U (+0.60%)
  🟢 BTC LONG @63251.1000 现价:63318.4000 PnL:+0.20U (+0.11%)
  BTC: 63318.4000 (+1.02%)
  ETH: 1687.6100 (+2.15%)
  SOL: 67.3000 (+3.14%)
  BNB: 603.7400 (+1.43%)
  DOT: 0.9750 (+2.09%)
  LINK: 7.9990 (+3.52%)
  XRP: 1.1733 (+3.37%)
==================================================
[2026-06-09 15:00:48] 
==================================================
📊 整点汇报 2026-06-09 15:00
恐惧贪婪指数: 10 (极度恐惧)
今日PnL: -13.24 USDT (-13.2%)
持仓数: 3/4
  🔴 DOT SHORT @0.9610 现价:0.9710 PnL:-2.08U (-1.04%)
  🟢 LINK LONG @7.9510 现价:7.9560 PnL:+0.13U (+0.06%)
  🟢 BTC LONG @63251.1000 现价:63260.4000 PnL:+0.03U (+0.01%)
  BTC: 63260.4000 (+0.48%)
  ETH: 1685.2900 (+1.18%)
  SOL: 67.0200 (+1.99%)
  BNB: 604.5000 (+1.39%)
  DOT: 0.9710 (+1.04%)
  LINK: 7.9560 (+1.74%)
  XRP: 1.1724 (+2.80%)
==================================================
[2026-06-09 16:00:18] 
==================================================
📊 整点汇报 2026-06-09 16:00
恐惧贪婪指数: 10 (极度恐惧)
今日PnL: -13.24 USDT (-13.2%)
持仓数: 3/4
  🔴 DOT SHORT @0.9610 现价:0.9710 PnL:-2.08U (-1.04%)
  🟢 LINK LONG @7.9510 现价:7.9300 PnL:-0.53U (-0.26%)
  🟢 BTC LONG @63251.1000 现价:63170.6000 PnL:-0.24U (-0.13%)
  BTC: 63170.6000 (-0.17%)
  ETH: 1678.6800 (+0.41%)
  SOL: 66.8600 (+1.18%)
  BNB: 603.9400 (+1.22%)
  DOT: 0.9710 (+0.52%)
  LINK: 7.9300 (+0.25%)
  XRP: 1.1708 (+2.07%)
==================================================
[2026-06-09 17:00:11] 
==================================================
📊 整点汇报 2026-06-09 17:00
恐惧贪婪指数: 10 (极度恐惧)
今日PnL: -13.24 USDT (-13.2%)
持仓数: 3/4
  🔴 DOT SHORT @0.9610 现价:0.9680 PnL:-1.46U (-0.73%)
  🟢 LINK LONG @7.9510 现价:7.8950 PnL:-1.41U (-0.70%)
  🟢 BTC LONG @63251.1000 现价:62808.8000 PnL:-1.33U (-0.70%)
  BTC: 62808.8000 (-0.45%)
  ETH: 1675.0200 (+0.71%)
  SOL: 66.5600 (+1.51%)
  BNB: 602.0400 (+1.11%)
  DOT: 0.9680 (+0.83%)
  LINK: 7.8950 (+0.25%)
  XRP: 1.1673 (+2.47%)
==================================================
[2026-06-09 17:36:37] 🔴 开空 SOL @66.14 | 评分:80 | 状态:trending | AI:做多(65%) | ✅ 下单成功
[2026-06-09 18:00:16] 
==================================================
📊 整点汇报 2026-06-09 18:00
恐惧贪婪指数: 10 (极度恐惧)
今日PnL: -13.24 USDT (-13.2%)
持仓数: 4/4
  🔴 DOT SHORT @0.9610 现价:0.9640 PnL:-0.62U (-0.31%)
  🟢 LINK LONG @7.9510 现价:7.8600 PnL:-2.29U (-1.14%)
  🟢 BTC LONG @63251.1000 现价:62683.3000 PnL:-1.70U (-0.90%)
  🔴 SOL SHORT @66.1400 现价:66.1100 PnL:+0.09U (+0.05%)
  BTC: 62683.3000 (-1.19%)
  ETH: 1669.9600 (+0.02%)
  SOL: 66.1100 (-0.24%)
  BNB: 600.3000 (+0.04%)
  DOT: 0.9640 (-0.31%)
  LINK: 7.8600 (-0.61%)
  XRP: 1.1597 (+0.96%)
==================================================
[2026-06-09 19:00:44] 
==================================================
📊 整点汇报 2026-06-09 19:00
恐惧贪婪指数: 10 (极度恐惧)
今日PnL: -13.24 USDT (-13.2%)
持仓数: 4/4
  🔴 DOT SHORT @0.9610 现价:0.9680 PnL:-1.46U (-0.73%)
  🟢 LINK LONG @7.9510 现价:7.8910 PnL:-1.51U (-0.75%)
  🟢 BTC LONG @63251.1000 现价:62760.0000 PnL:-1.47U (-0.78%)
  🔴 SOL SHORT @66.1400 现价:66.3600 PnL:-0.66U (-0.33%)
  BTC: 62760.0000 (-0.59%)
  ETH: 1674.4300 (+0.18%)
  SOL: 66.3600 (+0.30%)
  BNB: 600.1800 (+0.32%)
  DOT: 0.9680 (+0.10%)
  LINK: 7.8910 (+0.22%)
  XRP: 1.1585 (+1.22%)
==================================================
[2026-06-09 20:00:16] 
==================================================
📊 整点汇报 2026-06-09 20:00
恐惧贪婪指数: 10 (极度恐惧)
今日PnL: -13.24 USDT (-13.2%)
持仓数: 4/4
  🔴 DOT SHORT @0.9610 现价:0.9650 PnL:-0.83U (-0.42%)
  🟢 LINK LONG @7.9510 现价:7.8970 PnL:-1.36U (-0.68%)
  🟢 BTC LONG @63251.1000 现价:62609.8000 PnL:-1.92U (-1.01%)
  🔴 SOL SHORT @66.1400 现价:65.9600 PnL:+0.54U (+0.27%)
  BTC: 62609.8000 (-1.25%)
  ETH: 1671.6900 (-0.68%)
  SOL: 65.9600 (-1.06%)
  BNB: 597.8100 (-0.76%)
  DOT: 0.9650 (-1.53%)
  LINK: 7.8970 (-0.98%)
  XRP: 1.1554 (-0.16%)
==================================================
[2026-06-09 21:00:23] 
==================================================
📊 整点汇报 2026-06-09 21:00
恐惧贪婪指数: 10 (极度恐惧)
今日PnL: -13.24 USDT (-13.2%)
持仓数: 4/4
  🔴 DOT SHORT @0.9610 现价:0.9680 PnL:-1.46U (-0.73%)
  🟢 LINK LONG @7.9510 现价:7.9140 PnL:-0.93U (-0.47%)
  🟢 BTC LONG @63251.1000 现价:62542.2000 PnL:-2.13U (-1.12%)
  🔴 SOL SHORT @66.1400 现价:66.1100 PnL:+0.09U (+0.05%)
  BTC: 62542.2000 (-1.73%)
  ETH: 1673.7200 (-1.18%)
  SOL: 66.1100 (-1.55%)
  BNB: 597.1400 (-0.84%)
  DOT: 0.9680 (-1.32%)
  LINK: 7.9140 (-1.20%)
  XRP: 1.1608 (-0.37%)
==================================================
[2026-06-09 21:16:05] 🔴 开空 BNB @597.15 | 评分:60 | 状态:ranging | AI:做空(75%) | ✅ 下单成功
[2026-06-09 21:18:25] 🔴 开空 BTC @62527.3 | 评分:60 | 状态:ranging | AI:做空(70%) | ✅ 下单成功
[2026-06-09 22:01:00] 
==================================================
📊 整点汇报 2026-06-09 22:00
恐惧贪婪指数: 50 (中性)
今日PnL: -17.76 USDT (-17.8%)
持仓数: 2/4
  🔴 BNB SHORT @597.1500 现价:596.0700 PnL:+0.36U (+0.18%)
  🔴 BTC SHORT @62527.3000 现价:62344.5000 PnL:+0.55U (+0.29%)
  BTC: 62344.5000 (-2.09%)
  ETH: 1669.7400 (-0.93%)
  SOL: 65.9700 (-1.20%)
  BNB: 596.0700 (-0.70%)
  DOT: 0.9700 (-0.51%)
  LINK: 7.9060 (-0.78%)
  XRP: 1.1592 (-0.14%)
==================================================
[2026-06-09 22:23:00] 🔴 开空 DOT @0.949 | 评分:110 | 状态:trending | AI:做空(0.7%) | ✅ 下单成功
[2026-06-09 22:25:10] 🔴 开空 LINK @7.797 | 评分:70 | 状态:trending | AI:做空(0.7%) | ✅ 下单成功
[2026-06-09 23:00:24] 
==================================================
📊 整点汇报 2026-06-09 23:00
恐惧贪婪指数: 10 (极度恐惧)
今日PnL: -17.76 USDT (-17.8%)
持仓数: 4/4
  🔴 BNB SHORT @597.1500 现价:588.9500 PnL:+2.71U (+1.37%)
  🔴 BTC SHORT @62527.3000 现价:61463.9000 PnL:+3.19U (+1.70%)
  🔴 DOT SHORT @0.9490 现价:0.9520 PnL:-0.63U (-0.32%)
  🔴 LINK SHORT @7.7970 现价:7.7840 PnL:+0.33U (+0.17%)
  BTC: 61463.9000 (-3.89%)
  ETH: 1643.0600 (-2.81%)
  SOL: 64.8900 (-3.50%)
  BNB: 588.9500 (-2.35%)
  DOT: 0.9520 (-3.06%)
  LINK: 7.7840 (-3.20%)
  XRP: 1.1359 (-3.20%)
==================================================
