[2026-08-03 01:39:34] ❌ 平仓 ETH SL | 入场:1972.2500 出场:1866.7000 | PnL:-5.35% (-0.84USDT) | 平100%仓 | ✅ 平仓成功
[2026-08-03 02:00:13] 
==================================================
📊 整点汇报 2026-08-03 02:00
恐惧贪婪指数: 27 (恐惧)
今日PnL: -0.85 USDT (-0.9%)
持仓数: 3/4
  🔴 XRP SHORT @1.0750 现价:1.0762 PnL:-0.22U (-0.11%)
  🟢 LINK LONG @8.0285 现价:8.2900 PnL:+5.55U (+3.26%)
  🔴 BTC SHORT @63900.0000 现价:63091.7000 PnL:+2.42U (+1.26%)
  BTC: 63091.7000 (+0.66%)
  ETH: 1860.6100 (+0.02%)
  SOL: 73.2300 (+1.88%)
  BNB: 587.9100 (+1.80%)
  DOT: 0.7987 (+3.21%)
  LINK: 8.2900 (+3.12%)
  XRP: 1.0762 (+1.66%)
==================================================
[2026-08-03 03:00:10] 
==================================================
📊 整点汇报 2026-08-03 03:00
恐惧贪婪指数: 27 (恐惧)
今日PnL: -0.85 USDT (-0.9%)
持仓数: 3/4
  🔴 XRP SHORT @1.0750 现价:1.0772 PnL:-0.41U (-0.20%)
  🟢 LINK LONG @8.0285 现价:8.3250 PnL:+6.29U (+3.69%)
  🔴 BTC SHORT @63900.0000 现价:63116.4000 PnL:+2.35U (+1.23%)
  BTC: 63116.4000 (+0.93%)
  ETH: 1871.5700 (+2.14%)
  SOL: 73.2100 (+3.07%)
  BNB: 590.6400 (+2.52%)
  DOT: 0.7952 (+3.46%)
  LINK: 8.3250 (+4.86%)
  XRP: 1.0772 (+2.33%)
==================================================
[2026-08-03 04:00:11] 
==================================================
📊 整点汇报 2026-08-03 04:00
恐惧贪婪指数: 27 (恐惧)
今日PnL: -0.85 USDT (-0.9%)
持仓数: 3/4
  🔴 XRP SHORT @1.0750 现价:1.0772 PnL:-0.41U (-0.20%)
  🟢 LINK LONG @8.0285 现价:8.3120 PnL:+6.02U (+3.53%)
  🔴 BTC SHORT @63900.0000 现价:63121.4000 PnL:+2.34U (+1.22%)
  BTC: 63121.4000 (+0.99%)
  ETH: 1879.7600 (+2.42%)
  SOL: 73.5100 (+3.21%)
  BNB: 590.6400 (+2.51%)
  DOT: 0.7966 (+3.40%)
  LINK: 8.3120 (+3.89%)
  XRP: 1.0772 (+2.42%)
==================================================
[2026-08-03 05:01:52] 
==================================================
📊 整点汇报 2026-08-03 05:00
恐惧贪婪指数: 27 (恐惧)
今日PnL: +0.00 USDT (+0.0%)
持仓数: 3/4
  🔴 XRP SHORT @1.0750 现价:1.0762 PnL:-0.22U (-0.11%)
  🟢 LINK LONG @8.0285 现价:8.2900 PnL:+6.51U (+3.26%)
  🔴 BTC SHORT @63900.0000 现价:63121.4000 PnL:+2.34U (+1.22%)
  BTC: 63121.4000 (+0.83%)
  ETH: 1880.3000 (+2.64%)
  SOL: 72.7800 (+1.79%)
  BNB: 590.6400 (+2.61%)
  DOT: 0.7954 (+3.12%)
  LINK: 8.2900 (+3.33%)
  XRP: 1.0762 (+0.00%)
==================================================
[2026-08-03 05:55:23] 🔴 开空 ETH @1884.5 | 评分:65 | 状态:ranging | AI:做空(75%) | ✅ 下单成功
[2026-08-03 06:00:31] 
==================================================
📊 整点汇报 2026-08-03 06:00
恐惧贪婪指数: 27 (恐惧)
今日PnL: -0.85 USDT (-0.9%)
持仓数: 4/4
  🔴 XRP SHORT @1.0750 现价:1.0762 PnL:-0.22U (-0.11%)
  🟢 LINK LONG @8.0285 现价:8.2890 PnL:+6.49U (+3.24%)
  🔴 BTC SHORT @63900.0000 现价:63122.3000 PnL:+2.33U (+1.22%)
  🔴 ETH SHORT @1884.5000 现价:1881.4100 PnL:+0.33U (+0.16%)
  BTC: 63122.3000 (+0.53%)
  ETH: 1881.4100 (+2.06%)
  SOL: 72.7700 (+1.35%)
  BNB: 590.5200 (+2.47%)
  DOT: 0.7952 (+2.08%)
  LINK: 8.2890 (+2.90%)
  XRP: 1.0762 (+1.63%)
==================================================
[2026-08-03 06:02:18] ✅ 平仓 LINK TP1 | 入场:8.0285 出场:8.3530 | PnL:4.04% (+8.08USDT) | 平100%仓 | ✅ 平仓成功
[2026-08-03 07:00:20] 
==================================================
📊 整点汇报 2026-08-03 07:00
恐惧贪婪指数: 27 (恐惧)
今日PnL: +4.70 USDT (+4.7%)
持仓数: 3/4
  🔴 XRP SHORT @1.0750 现价:1.0804 PnL:-1.00U (-0.50%)
  🔴 BTC SHORT @63900.0000 现价:63122.2000 PnL:+2.33U (+1.22%)
  🔴 ETH SHORT @1884.5000 现价:1881.6000 PnL:+0.31U (+0.15%)
  BTC: 63122.2000 (+0.50%)
  ETH: 1881.6000 (+1.98%)
  SOL: 72.7900 (+1.27%)
  BNB: 589.6800 (+2.35%)
  DOT: 0.7989 (+2.58%)
  LINK: 8.2890 (+2.77%)
  XRP: 1.0804 (+1.89%)
==================================================
[2026-08-03 08:00:04] 
==================================================
📊 整点汇报 2026-08-03 08:00
恐惧贪婪指数: 27 (恐惧)
今日PnL: +4.70 USDT (+4.7%)
持仓数: 3/4
  🔴 XRP SHORT @1.0750 现价:1.0804 PnL:-1.00U (-0.50%)
  🔴 BTC SHORT @63900.0000 现价:63086.6000 PnL:+2.44U (+1.27%)
  🔴 ETH SHORT @1884.5000 现价:1884.1300 PnL:+0.04U (+0.02%)
  BTC: 63086.6000 (+0.47%)
  ETH: 1884.1300 (+2.16%)
  SOL: 73.5100 (+2.24%)
  BNB: 590.6900 (+2.63%)
  DOT: 0.7989 (+2.34%)
  LINK: 8.3610 (+3.72%)
  XRP: 1.0804 (+1.92%)
==================================================
[2026-08-03 09:00:17] 
==================================================
📊 整点汇报 2026-08-03 09:00
恐惧贪婪指数: 28 (恐惧)
今日PnL: +4.70 USDT (+4.7%)
持仓数: 3/4
  🔴 XRP SHORT @1.0750 现价:1.0762 PnL:-0.22U (-0.11%)
  🔴 BTC SHORT @63900.0000 现价:63109.0000 PnL:+2.37U (+1.24%)
  🔴 ETH SHORT @1884.5000 现价:1873.6900 PnL:+1.15U (+0.57%)
  BTC: 63109.0000 (+0.50%)
  ETH: 1873.6900 (+1.71%)
  SOL: 73.0000 (+1.33%)
  BNB: 586.6900 (+2.04%)
  DOT: 0.7951 (+1.48%)
  LINK: 8.3500 (+3.57%)
  XRP: 1.0762 (+1.35%)
==================================================
[2026-08-03 09:01:02] 🟢 开多 DOT @0.7989 | 评分:65 | 状态:ranging | ✅ 下单成功
[2026-08-03 10:00:29] 
==================================================
📊 整点汇报 2026-08-03 10:00
恐惧贪婪指数: 28 (恐惧)
今日PnL: +4.70 USDT (+4.7%)
持仓数: 4/4
  🔴 XRP SHORT @1.0750 现价:1.0750 PnL:+0.00U (+0.00%)
  🔴 BTC SHORT @63900.0000 现价:63162.9000 PnL:+2.21U (+1.15%)
  🔴 ETH SHORT @1884.5000 现价:1866.0000 PnL:+1.96U (+0.98%)
  🟢 DOT LONG @0.7989 现价:0.7925 PnL:-1.60U (-0.80%)
  BTC: 63162.9000 (+0.30%)
  ETH: 1866.0000 (+0.59%)
  SOL: 72.9600 (+0.47%)
  BNB: 584.5600 (+1.15%)
  DOT: 0.7925 (+0.19%)
  LINK: 8.3300 (+2.13%)
  XRP: 1.0750 (+0.85%)
==================================================
[2026-08-03 11:00:12] 
==================================================
📊 整点汇报 2026-08-03 11:00
恐惧贪婪指数: 50 (中性)
今日PnL: +4.70 USDT (+4.7%)
持仓数: 4/4
  🔴 XRP SHORT @1.0750 现价:1.0736 PnL:+0.26U (+0.13%)
  🔴 BTC SHORT @63900.0000 现价:63119.0000 PnL:+2.34U (+1.22%)
  🔴 ETH SHORT @1884.5000 现价:1859.7200 PnL:+2.63U (+1.31%)
  🟢 DOT LONG @0.7989 现价:0.7898 PnL:-2.28U (-1.14%)
  BTC: 63119.0000 (-0.46%)
  ETH: 1859.7200 (-0.76%)
  SOL: 72.9800 (-0.18%)
  BNB: 586.0400 (+0.81%)
  DOT: 0.7898 (-1.10%)
  LINK: 8.3000 (+0.40%)
  XRP: 1.0736 (-0.17%)
==================================================
[2026-08-03 12:00:13] 
==================================================
📊 整点汇报 2026-08-03 12:00
恐惧贪婪指数: 28 (恐惧)
今日PnL: +4.70 USDT (+4.7%)
持仓数: 4/4
  🟢 DOT LONG @0.7989 现价:0.7888 PnL:-2.53U (-1.26%)
  🔴 ETH SHORT @1881.4100 现价:1856.0100 PnL:+2.69U (+1.35%)
  🔴 XRP SHORT @1.0750 现价:1.0708 PnL:+0.78U (+0.39%)
  🔴 BTC SHORT @63900.0000 现价:62850.5000 PnL:+3.15U (+1.64%)
  BTC: 62850.5000 (-0.89%)
  ETH: 1856.0100 (-1.05%)
  SOL: 72.8600 (-0.40%)
  BNB: 583.6600 (+0.17%)
  DOT: 0.7888 (-0.25%)
  LINK: 8.2500 (-0.47%)
  XRP: 1.0708 (-0.56%)
==================================================
[2026-08-03 12:01:56] ✅ 平仓 ETH SL | 入场:1881.4100 出场:1858.0400 | PnL:1.24% (+2.48USDT) | 平100%仓 | ✅ 平仓成功
[2026-08-03 12:05:50] 🔴 开空 ETH @1858.48 | 评分:65 | 状态:ranging | AI:做空(62%) | ✅ 下单成功
[2026-08-03 13:00:28] 
==================================================
📊 整点汇报 2026-08-03 13:00
恐惧贪婪指数: 28 (恐惧)
今日PnL: +8.04 USDT (+8.0%)
持仓数: 4/4
  🟢 DOT LONG @0.7989 现价:0.7908 PnL:-2.03U (-1.01%)
  🔴 XRP SHORT @1.0750 现价:1.0697 PnL:+0.99U (+0.49%)
  🔴 BTC SHORT @63900.0000 现价:62818.2000 PnL:+3.25U (+1.69%)
  🔴 ETH SHORT @1858.4800 现价:1852.0000 PnL:+0.70U (+0.35%)
  BTC: 62818.2000 (-1.20%)
  ETH: 1852.0000 (-1.36%)
  SOL: 72.8200 (-0.91%)
  BNB: 582.9900 (-0.39%)
  DOT: 0.7908 (-0.43%)
  LINK: 8.2360 (-1.67%)
  XRP: 1.0697 (-1.09%)
==================================================
[2026-08-03 14:00:22] 
==================================================
📊 整点汇报 2026-08-03 14:00
恐惧贪婪指数: 28 (恐惧)
今日PnL: +8.04 USDT (+8.0%)
持仓数: 4/4
  🟢 DOT LONG @0.7989 现价:0.7961 PnL:-0.70U (-0.35%)
  🔴 XRP SHORT @1.0750 现价:1.0720 PnL:+0.56U (+0.28%)
  🔴 BTC SHORT @63900.0000 现价:62822.7000 PnL:+3.23U (+1.69%)
  🔴 ETH SHORT @1858.4800 现价:1857.8800 PnL:+0.06U (+0.03%)
  BTC: 62822.7000 (-0.96%)
  ETH: 1857.8800 (-0.81%)
  SOL: 72.8800 (-0.94%)
  BNB: 583.3500 (-0.30%)
  DOT: 0.7961 (+0.21%)
  LINK: 8.2610 (-1.43%)
  XRP: 1.0720 (-0.99%)
==================================================
[2026-08-03 15:03:26] 
==================================================
📊 整点汇报 2026-08-03 15:03
恐惧贪婪指数: 50 (中性)
今日PnL: +8.04 USDT (+8.0%)
持仓数: 4/4
  🟢 DOT LONG @0.7989 现价:0.7934 PnL:-1.38U (-0.69%)
  🔴 ETH SHORT @1848.4000 现价:1843.6800 PnL:+0.51U (+0.26%)
  🔴 XRP SHORT @1.0750 现价:1.0695 PnL:+1.02U (+0.51%)
  🔴 BTC SHORT @63900.0000 现价:62631.4000 PnL:+3.81U (+1.99%)
  BTC: 62631.4000 (-1.32%)
  ETH: 1843.6800 (-1.62%)
  SOL: 72.5600 (-1.16%)
  BNB: 582.6100 (-0.47%)
  DOT: 0.7934 (+0.20%)
  LINK: 8.2260 (-1.73%)
  XRP: 1.0695 (-1.15%)
==================================================
[2026-08-03 16:26:06] 
==================================================
📊 整点汇报 2026-08-03 16:25
恐惧贪婪指数: 50 (中性)
今日PnL: +8.04 USDT (+8.0%)
持仓数: 4/4
  🟢 DOT LONG @0.7989 现价:0.7915 PnL:-1.85U (-0.93%)
  🔴 ETH SHORT @1848.4000 现价:1833.9300 PnL:+1.56U (+0.78%)
  🔴 XRP SHORT @1.0750 现价:1.0653 PnL:+1.80U (+0.90%)
  🔴 BTC SHORT @63900.0000 现价:62437.0000 PnL:+4.39U (+2.29%)
  BTC: 62437.0000 (-1.63%)
  ETH: 1833.9300 (-2.13%)
  SOL: 72.2500 (-1.55%)
  BNB: 582.7000 (-0.34%)
  DOT: 0.7915 (-0.10%)
  LINK: 8.1960 (-1.96%)
  XRP: 1.0653 (-1.55%)
==================================================
[2026-08-03 17:00:27] 
==================================================
📊 整点汇报 2026-08-03 17:00
恐惧贪婪指数: 28 (恐惧)
今日PnL: +8.04 USDT (+8.0%)
持仓数: 4/4
  🟢 DOT LONG @0.7989 现价:0.7971 PnL:-0.45U (-0.23%)
  🔴 ETH SHORT @1848.4000 现价:1839.1800 PnL:+1.00U (+0.50%)
  🔴 XRP SHORT @1.0750 现价:1.0672 PnL:+1.45U (+0.73%)
  🔴 BTC SHORT @63900.0000 现价:62502.7000 PnL:+4.19U (+2.19%)
  BTC: 62502.7000 (-1.08%)
  ETH: 1839.1800 (-1.50%)
  SOL: 72.3300 (-1.12%)
  BNB: 584.5600 (+0.08%)
  DOT: 0.7971 (+0.21%)
  LINK: 8.2190 (-1.33%)
  XRP: 1.0672 (-1.16%)
==================================================
[2026-08-03 18:00:45] 
==================================================
📊 整点汇报 2026-08-03 18:00
恐惧贪婪指数: 28 (恐惧)
今日PnL: +8.04 USDT (+8.0%)
持仓数: 4/4
  🟢 DOT LONG @0.7989 现价:0.8040 PnL:+1.28U (+0.64%)
  🔴 ETH SHORT @1848.4000 现价:1851.7000 PnL:-0.36U (-0.18%)
  🔴 XRP SHORT @1.0750 现价:1.0711 PnL:+0.73U (+0.36%)
  🔴 BTC SHORT @63900.0000 现价:62812.2000 PnL:+3.26U (+1.70%)
  BTC: 62812.2000 (-0.69%)
  ETH: 1851.7000 (-0.98%)
  SOL: 72.7100 (-0.89%)
  BNB: 586.9700 (+0.45%)
  DOT: 0.8040 (+0.61%)
  LINK: 8.2520 (-1.11%)
  XRP: 1.0711 (-1.04%)
==================================================
[2026-08-03 19:00:19] 
==================================================
📊 整点汇报 2026-08-03 19:00
恐惧贪婪指数: 28 (恐惧)
今日PnL: +8.04 USDT (+8.0%)
持仓数: 4/4
  🟢 DOT LONG @0.7989 现价:0.8038 PnL:+1.23U (+0.61%)
  🔴 ETH SHORT @1848.4000 现价:1844.2800 PnL:+0.44U (+0.22%)
  🔴 XRP SHORT @1.0750 现价:1.0697 PnL:+0.99U (+0.49%)
  🔴 BTC SHORT @63900.0000 现价:62697.4000 PnL:+3.61U (+1.88%)
  BTC: 62697.4000 (-0.76%)
  ETH: 1844.2800 (-1.04%)
  SOL: 72.5800 (-0.92%)
  BNB: 587.4700 (+0.56%)
  DOT: 0.8038 (+1.09%)
  LINK: 8.2090 (-1.18%)
  XRP: 1.0697 (-0.99%)
==================================================
[2026-08-03 20:22:07] 
==================================================
📊 整点汇报 2026-08-03 20:21
恐惧贪婪指数: 50 (中性)
今日PnL: +8.04 USDT (+8.0%)
持仓数: 4/4
  🟢 DOT LONG @0.7989 现价:0.8092 PnL:+2.58U (+1.29%)
  🔴 ETH SHORT @1848.4000 现价:1841.2500 PnL:+0.77U (+0.39%)
  🔴 XRP SHORT @1.0750 现价:1.0653 PnL:+1.80U (+0.90%)
  🔴 BTC SHORT @63900.0000 现价:62622.8000 PnL:+3.83U (+2.00%)
  BTC: 62622.8000 (-0.83%)
  ETH: 1841.2500 (-0.44%)
  SOL: 72.4600 (-0.90%)
  BNB: 586.8100 (+0.68%)
  DOT: 0.8092 (+1.81%)
  LINK: 8.1830 (-1.16%)
  XRP: 1.0653 (-1.32%)
==================================================
[2026-08-03 21:00:19] 
==================================================
📊 整点汇报 2026-08-03 21:00
恐惧贪婪指数: 28 (恐惧)
今日PnL: +8.04 USDT (+8.0%)
持仓数: 4/4
  🟢 DOT LONG @0.7989 现价:0.8124 PnL:+3.38U (+1.69%)
  🔴 ETH SHORT @1848.4000 现价:1839.0600 PnL:+1.01U (+0.51%)
  🔴 XRP SHORT @1.0750 现价:1.0655 PnL:+1.77U (+0.88%)
  🔴 BTC SHORT @63900.0000 现价:62668.9000 PnL:+3.69U (+1.93%)
  BTC: 62668.9000 (-0.67%)
  ETH: 1839.0600 (-0.52%)
  SOL: 72.3900 (-0.73%)
  BNB: 587.1800 (+0.86%)
  DOT: 0.8124 (+2.15%)
  LINK: 8.1770 (-1.38%)
  XRP: 1.0655 (-1.08%)
==================================================
[2026-08-03 21:21:14] ✅ 平仓 BTC SL | 入场:63900.0000 出场:62832.1000 | PnL:1.67% (+3.20USDT) | 平100%仓 | ✅ 平仓成功
[2026-08-03 22:00:23] 
==================================================
📊 整点汇报 2026-08-03 22:00
恐惧贪婪指数: 28 (恐惧)
今日PnL: +11.24 USDT (+11.2%)
持仓数: 3/4
  🟢 DOT LONG @0.7989 现价:0.8263 PnL:+6.86U (+3.43%)
  🔴 ETH SHORT @1848.4000 现价:1851.7100 PnL:-0.36U (-0.18%)
  🔴 XRP SHORT @1.0750 现价:1.0753 PnL:-0.06U (-0.03%)
  BTC: 63251.6000 (+0.26%)
  ETH: 1851.7100 (+0.00%)
  SOL: 73.1800 (+0.33%)
  BNB: 588.4800 (+0.90%)
  DOT: 0.8263 (+3.75%)
  LINK: 8.2800 (-0.22%)
  XRP: 1.0753 (-0.18%)
==================================================
[2026-08-03 23:00:22] 
==================================================
📊 整点汇报 2026-08-03 23:00
恐惧贪婪指数: 28 (恐惧)
今日PnL: +11.24 USDT (+11.2%)
持仓数: 3/4
  🟢 DOT LONG @0.7989 现价:0.8234 PnL:+6.13U (+3.07%)
  🔴 ETH SHORT @1848.4000 现价:1869.4400 PnL:-2.27U (-1.14%)
  🔴 XRP SHORT @1.0750 现价:1.0818 PnL:-1.26U (-0.63%)
  BTC: 63865.1000 (+1.24%)
  ETH: 1869.4400 (+0.82%)
  SOL: 73.7000 (+0.88%)
  BNB: 590.0000 (+0.93%)
  DOT: 0.8234 (+3.55%)
  LINK: 8.2990 (+0.11%)
  XRP: 1.0818 (+0.43%)
==================================================
[2026-08-03 23:07:11] ✅ 平仓 DOT SL | 入场:0.7989 出场:0.8191 | PnL:2.53% (+5.06USDT) | 平100%仓 | ✅ 平仓成功
