[2026-08-04 00:00:29] 
==================================================
📊 整点汇报 2026-08-04 00:00
恐惧贪婪指数: 28 (恐惧)
今日PnL: +0.00 USDT (+0.0%)
持仓数: 2/4
  🔴 ETH SHORT @1848.4000 现价:1862.0000 PnL:-1.47U (-0.74%)
  🔴 XRP SHORT @1.0750 现价:1.0834 PnL:-1.56U (-0.78%)
  BTC: 63629.7000 (+0.86%)
  ETH: 1862.0000 (+0.28%)
  SOL: 73.5600 (+0.64%)
  BNB: 592.9000 (+1.04%)
  DOT: 0.8261 (+3.56%)
  LINK: 8.2480 (-0.51%)
  XRP: 1.0834 (+0.58%)
==================================================
[2026-08-04 01:00:33] 
==================================================
📊 整点汇报 2026-08-04 01:00
恐惧贪婪指数: 28 (恐惧)
今日PnL: +0.00 USDT (+0.0%)
持仓数: 2/4
  🔴 ETH SHORT @1848.4000 现价:1865.5000 PnL:-1.85U (-0.93%)
  🔴 XRP SHORT @1.0750 现价:1.0815 PnL:-1.21U (-0.60%)
  BTC: 63737.2000 (+1.01%)
  ETH: 1865.5000 (+0.46%)
  SOL: 73.3800 (+0.70%)
  BNB: 592.7400 (+0.78%)
  DOT: 0.8255 (+3.63%)
  LINK: 8.2410 (-0.69%)
  XRP: 1.0815 (+0.49%)
==================================================
[2026-08-04 02:00:14] 
==================================================
📊 整点汇报 2026-08-04 02:00
恐惧贪婪指数: 28 (恐惧)
今日PnL: +0.00 USDT (+0.0%)
持仓数: 2/4
  🔴 ETH SHORT @1848.4000 现价:1866.4400 PnL:-1.95U (-0.98%)
  🔴 XRP SHORT @1.0750 现价:1.0809 PnL:-1.10U (-0.55%)
  BTC: 63857.8000 (+1.21%)
  ETH: 1866.4400 (+0.06%)
  SOL: 73.6600 (+0.59%)
  BNB: 592.5200 (+0.79%)
  DOT: 0.8256 (+3.35%)
  LINK: 8.2460 (-0.72%)
  XRP: 1.0809 (+0.34%)
==================================================
[2026-08-04 02:12:01] 🟢 开多 SOL @73.94 | 评分:80 | 状态:trending | AI:做多(0.62%) | ✅ 下单成功
[2026-08-04 02:41:50] 🔴 开空 LINK @8.229 | 评分:70 | 状态:ranging | AI:做空(62%) | ✅ 下单成功
[2026-08-04 03:00:46] 
==================================================
📊 整点汇报 2026-08-04 03:00
恐惧贪婪指数: 28 (恐惧)
今日PnL: +0.00 USDT (+0.0%)
持仓数: 4/4
  🔴 ETH SHORT @1848.4000 现价:1867.8000 PnL:-2.10U (-1.05%)
  🔴 XRP SHORT @1.0750 现价:1.0818 PnL:-1.26U (-0.63%)
  🟢 SOL LONG @73.9400 现价:73.9300 PnL:-0.03U (-0.01%)
  🔴 LINK SHORT @8.2290 现价:8.2340 PnL:-0.12U (-0.06%)
  BTC: 63863.1000 (+0.00%)
  ETH: 1867.8000 (-0.13%)
  SOL: 73.9300 (+0.78%)
  BNB: 591.9700 (+0.27%)
  DOT: 0.8312 (+4.34%)
  LINK: 8.2340 (-1.09%)
  XRP: 1.0818 (+0.43%)
==================================================
[2026-08-04 04:00:13] 
==================================================
📊 整点汇报 2026-08-04 04:00
恐惧贪婪指数: 28 (恐惧)
今日PnL: +0.00 USDT (+0.0%)
持仓数: 4/4
  🔴 ETH SHORT @1848.4000 现价:1870.0000 PnL:-2.33U (-1.17%)
  🔴 XRP SHORT @1.0750 现价:1.0799 PnL:-0.91U (-0.46%)
  🟢 SOL LONG @73.9400 现价:74.0100 PnL:+0.19U (+0.09%)
  🔴 LINK SHORT @8.2290 现价:8.2310 PnL:-0.05U (-0.02%)
  BTC: 63871.0000 (+1.19%)
  ETH: 1870.0000 (-0.19%)
  SOL: 74.0100 (+0.68%)
  BNB: 592.0200 (+0.26%)
  DOT: 0.8246 (+3.52%)
  LINK: 8.2310 (-1.17%)
  XRP: 1.0799 (+0.25%)
==================================================
[2026-08-04 05:00:47] 
==================================================
📊 整点汇报 2026-08-04 05:00
恐惧贪婪指数: 28 (恐惧)
今日PnL: +0.00 USDT (+0.0%)
持仓数: 4/4
  🔴 ETH SHORT @1848.4000 现价:1864.5300 PnL:-1.74U (-0.87%)
  🔴 XRP SHORT @1.0750 现价:1.0832 PnL:-1.53U (-0.76%)
  🟢 SOL LONG @73.9400 现价:73.8000 PnL:-0.38U (-0.19%)
  🔴 LINK SHORT @8.2290 现价:8.2190 PnL:+0.24U (+0.12%)
  BTC: 63778.2000 (+1.04%)
  ETH: 1864.5300 (-0.87%)
  SOL: 73.8000 (+0.43%)
  BNB: 591.4700 (+0.14%)
  DOT: 0.8219 (+3.18%)
  LINK: 8.2190 (-0.86%)
  XRP: 1.0832 (+0.56%)
==================================================
[2026-08-04 06:00:49] 
==================================================
📊 整点汇报 2026-08-04 06:00
恐惧贪婪指数: 28 (恐惧)
今日PnL: +0.00 USDT (+0.0%)
持仓数: 4/4
  🔴 ETH SHORT @1848.4000 现价:1862.5000 PnL:-1.52U (-0.76%)
  🔴 XRP SHORT @1.0750 现价:1.0799 PnL:-0.91U (-0.46%)
  🟢 SOL LONG @73.9400 现价:73.6900 PnL:-0.68U (-0.34%)
  🔴 LINK SHORT @8.2290 现价:8.2090 PnL:+0.49U (+0.24%)
  BTC: 63605.1000 (+0.83%)
  ETH: 1862.5000 (-1.37%)
  SOL: 73.6900 (+0.71%)
  BNB: 590.3600 (-0.03%)
  DOT: 0.8235 (+3.55%)
  LINK: 8.2090 (-1.17%)
  XRP: 1.0799 (+0.24%)
==================================================
[2026-08-04 07:00:31] 
==================================================
📊 整点汇报 2026-08-04 07:00
恐惧贪婪指数: 28 (恐惧)
今日PnL: +0.00 USDT (+0.0%)
持仓数: 4/4
  🔴 ETH SHORT @1848.4000 现价:1853.3000 PnL:-0.53U (-0.27%)
  🔴 XRP SHORT @1.0750 现价:1.0758 PnL:-0.15U (-0.07%)
  🟢 SOL LONG @73.9400 现价:73.5100 PnL:-1.16U (-0.58%)
  🔴 LINK SHORT @8.2290 现价:8.1920 PnL:+0.90U (+0.45%)
  BTC: 63568.0000 (+0.77%)
  ETH: 1853.3000 (-1.57%)
  SOL: 73.5100 (+0.45%)
  BNB: 590.2700 (+0.10%)
  DOT: 0.8227 (+2.98%)
  LINK: 8.1920 (-1.93%)
  XRP: 1.0758 (-0.43%)
==================================================
[2026-08-04 08:00:25] 
==================================================
📊 整点汇报 2026-08-04 08:00
恐惧贪婪指数: 28 (恐惧)
今日PnL: +0.00 USDT (+0.0%)
持仓数: 4/4
  🔴 ETH SHORT @1848.4000 现价:1858.6000 PnL:-1.10U (-0.55%)
  🔴 XRP SHORT @1.0750 现价:1.0753 PnL:-0.06U (-0.03%)
  🟢 SOL LONG @73.9400 现价:73.5200 PnL:-1.13U (-0.57%)
  🔴 LINK SHORT @8.2290 现价:8.1840 PnL:+1.09U (+0.55%)
  BTC: 63493.3000 (+0.59%)
  ETH: 1858.6000 (-1.39%)
  SOL: 73.5200 (+0.01%)
  BNB: 589.7200 (-0.16%)
  DOT: 0.8241 (+3.15%)
  LINK: 8.1840 (-2.12%)
  XRP: 1.0753 (-0.46%)
==================================================
[2026-08-04 09:00:23] 
==================================================
📊 整点汇报 2026-08-04 09:00
恐惧贪婪指数: 25 (恐惧)
今日PnL: +0.00 USDT (+0.0%)
持仓数: 4/4
  🔴 ETH SHORT @1848.4000 现价:1849.2100 PnL:-0.09U (-0.04%)
  🔴 XRP SHORT @1.0750 现价:1.0697 PnL:+0.99U (+0.49%)
  🟢 SOL LONG @73.9400 现价:73.1900 PnL:-2.03U (-1.01%)
  🔴 LINK SHORT @8.2290 现价:8.1140 PnL:+2.79U (+1.40%)
  BTC: 63331.1000 (+0.31%)
  ETH: 1849.2100 (-1.49%)
  SOL: 73.1900 (+0.26%)
  BNB: 589.2900 (+0.41%)
  DOT: 0.8213 (+2.80%)
  LINK: 8.1140 (-2.15%)
  XRP: 1.0697 (-0.60%)
==================================================
[2026-08-04 10:00:52] 
==================================================
📊 整点汇报 2026-08-04 10:00
恐惧贪婪指数: 25 (恐惧)
今日PnL: +0.00 USDT (+0.0%)
持仓数: 4/4
  🔴 ETH SHORT @1848.4000 现价:1866.8300 PnL:-1.99U (-1.00%)
  🔴 XRP SHORT @1.0750 现价:1.0777 PnL:-0.50U (-0.25%)
  🟢 SOL LONG @73.9400 现价:73.7400 PnL:-0.54U (-0.27%)
  🔴 LINK SHORT @8.2290 现价:8.2170 PnL:+0.29U (+0.15%)
  BTC: 63828.1000 (+1.07%)
  ETH: 1866.8300 (+0.19%)
  SOL: 73.7400 (+1.05%)
  BNB: 592.6000 (+1.35%)
  DOT: 0.8368 (+5.64%)
  LINK: 8.2170 (-1.37%)
  XRP: 1.0777 (+0.23%)
==================================================
[2026-08-04 11:00:26] 
==================================================
📊 整点汇报 2026-08-04 11:00
恐惧贪婪指数: 25 (恐惧)
今日PnL: +0.00 USDT (+0.0%)
持仓数: 4/4
  🔴 ETH SHORT @1848.4000 现价:1863.6200 PnL:-1.64U (-0.82%)
  🔴 XRP SHORT @1.0750 现价:1.0778 PnL:-0.52U (-0.26%)
  🟢 SOL LONG @73.9400 现价:73.8400 PnL:-0.27U (-0.14%)
  🔴 LINK SHORT @8.2290 现价:8.1970 PnL:+0.78U (+0.39%)
  BTC: 63804.6000 (+1.08%)
  ETH: 1863.6200 (+0.07%)
  SOL: 73.8400 (+1.19%)
  BNB: 591.1700 (+0.88%)
  DOT: 0.8435 (+6.80%)
  LINK: 8.1970 (-1.24%)
  XRP: 1.0778 (+0.39%)
==================================================
[2026-08-04 12:00:12] 
==================================================
📊 整点汇报 2026-08-04 12:00
恐惧贪婪指数: 25 (恐惧)
今日PnL: +0.00 USDT (+0.0%)
持仓数: 4/4
  🔴 ETH SHORT @1848.4000 现价:1862.1400 PnL:-1.48U (-0.74%)
  🔴 XRP SHORT @1.0750 现价:1.0771 PnL:-0.39U (-0.20%)
  🟢 SOL LONG @73.9400 现价:73.6700 PnL:-0.73U (-0.37%)
  🔴 LINK SHORT @8.2290 现价:8.1920 PnL:+0.90U (+0.45%)
  BTC: 63780.1000 (+1.40%)
  ETH: 1862.1400 (+0.17%)
  SOL: 73.6700 (+1.04%)
  BNB: 591.3500 (+1.24%)
  DOT: 0.8403 (+6.53%)
  LINK: 8.1920 (-0.76%)
  XRP: 1.0771 (+0.53%)
==================================================
[2026-08-04 13:00:33] 
==================================================
📊 整点汇报 2026-08-04 13:00
恐惧贪婪指数: 25 (恐惧)
今日PnL: +0.00 USDT (+0.0%)
持仓数: 4/4
  🔴 ETH SHORT @1848.4000 现价:1864.3000 PnL:-1.72U (-0.86%)
  🔴 XRP SHORT @1.0750 现价:1.0787 PnL:-0.69U (-0.34%)
  🟢 SOL LONG @73.9400 现价:73.8200 PnL:-0.32U (-0.16%)
  🔴 LINK SHORT @8.2290 现价:8.2220 PnL:+0.17U (+0.09%)
  BTC: 64082.6000 (+2.01%)
  ETH: 1864.3000 (+0.63%)
  SOL: 73.8200 (+1.36%)
  BNB: 592.4000 (+1.54%)
  DOT: 0.8376 (+5.88%)
  LINK: 8.2220 (-0.19%)
  XRP: 1.0787 (+0.82%)
==================================================
[2026-08-04 14:00:29] 
==================================================
📊 整点汇报 2026-08-04 14:00
恐惧贪婪指数: 25 (恐惧)
今日PnL: +0.00 USDT (+0.0%)
持仓数: 4/4
  🔴 ETH SHORT @1848.4000 现价:1861.3200 PnL:-1.40U (-0.70%)
  🔴 XRP SHORT @1.0750 现价:1.0760 PnL:-0.19U (-0.09%)
  🟢 SOL LONG @73.9400 现价:73.7200 PnL:-0.59U (-0.30%)
  🔴 LINK SHORT @8.2290 现价:8.1840 PnL:+1.09U (+0.55%)
  BTC: 63773.0000 (+1.50%)
  ETH: 1861.3200 (+0.28%)
  SOL: 73.7200 (+1.17%)
  BNB: 590.0600 (+1.16%)
  DOT: 0.8356 (+5.04%)
  LINK: 8.1840 (-0.93%)
  XRP: 1.0760 (+0.37%)
==================================================
[2026-08-04 15:00:35] 
==================================================
📊 整点汇报 2026-08-04 15:00
恐惧贪婪指数: 50 (中性)
今日PnL: +0.00 USDT (+0.0%)
持仓数: 4/4
  🔴 ETH SHORT @1848.4000 现价:1852.0300 PnL:-0.39U (-0.20%)
  🔴 XRP SHORT @1.0750 现价:1.0734 PnL:+0.30U (+0.15%)
  🔴 LINK SHORT @8.2280 现价:8.1380 PnL:+2.19U (+1.09%)
  🟢 SOL LONG @73.9457 现价:73.3900 PnL:-1.50U (-0.75%)
  BTC: 63648.9000 (+1.60%)
  ETH: 1852.0300 (+0.19%)
  SOL: 73.3900 (+1.06%)
  BNB: 591.0500 (+1.45%)
  DOT: 0.8333 (+4.86%)
  LINK: 8.1380 (-1.08%)
  XRP: 1.0734 (+0.36%)
==================================================
[2026-08-04 16:00:28] 
==================================================
📊 整点汇报 2026-08-04 16:00
恐惧贪婪指数: 25 (恐惧)
今日PnL: +0.00 USDT (+0.0%)
持仓数: 4/4
  🔴 ETH SHORT @1848.4000 现价:1863.6500 PnL:-1.65U (-0.83%)
  🔴 XRP SHORT @1.0750 现价:1.0783 PnL:-0.61U (-0.31%)
  🔴 LINK SHORT @8.2280 现价:8.1720 PnL:+1.36U (+0.68%)
  🟢 SOL LONG @73.9457 现价:73.6900 PnL:-0.69U (-0.35%)
  BTC: 63711.0000 (+1.80%)
  ETH: 1863.6500 (+1.16%)
  SOL: 73.6900 (+1.67%)
  BNB: 591.1000 (+1.22%)
  DOT: 0.8357 (+5.34%)
  LINK: 8.1720 (-0.54%)
  XRP: 1.0783 (+1.00%)
==================================================
[2026-08-04 17:00:26] 💰 账户余额快照：4853.98 USDT
[2026-08-04 17:00:26] 
==================================================
📊 整点汇报 2026-08-04 17:00
恐惧贪婪指数: 25 (恐惧)
今日PnL: +0.00 USDT (+0.0%)
持仓数: 4/4
  🔴 ETH SHORT @1848.4000 现价:1857.3600 PnL:-0.97U (-0.48%)
  🔴 XRP SHORT @1.0750 现价:1.0745 PnL:+0.09U (+0.05%)
  🔴 LINK SHORT @8.2280 现价:8.1560 PnL:+1.75U (+0.88%)
  🟢 SOL LONG @73.9457 现价:73.3300 PnL:-1.66U (-0.83%)
  BTC: 63543.0000 (+1.65%)
  ETH: 1857.3600 (+0.98%)
  SOL: 73.3300 (+1.40%)
  BNB: 590.3000 (+0.98%)
  DOT: 0.8351 (+4.77%)
  LINK: 8.1560 (-0.77%)
  XRP: 1.0745 (+0.68%)
==================================================
