[2026-07-25 00:02:49] 
==================================================
📊 整点汇报 2026-07-25 00:01
恐惧贪婪指数: 50 (中性)
今日PnL: +5.97 USDT (+6.0%)
持仓数: 0/4
  BTC: 64056.5000 (-1.19%)
  ETH: 1862.3400 (-1.47%)
  SOL: 73.9600 (-2.79%)
  BNB: 561.7600 (-0.65%)
  DOT: 0.7979 (-1.69%)
  LINK: 8.3650 (-1.15%)
  XRP: 1.0912 (-1.48%)
==================================================
[2026-07-25 01:01:45] 
==================================================
📊 整点汇报 2026-07-25 01:00
恐惧贪婪指数: 50 (中性)
今日PnL: +5.97 USDT (+6.0%)
持仓数: 0/4
  BTC: 64056.5000 (-1.19%)
  ETH: 1862.3400 (-1.47%)
  SOL: 73.9600 (-2.79%)
  BNB: 561.7600 (-0.65%)
  DOT: 0.7979 (-1.69%)
  LINK: 8.3650 (-1.15%)
  XRP: 1.0912 (-1.48%)
==================================================
[2026-07-25 02:01:31] 
==================================================
📊 整点汇报 2026-07-25 02:00
恐惧贪婪指数: 50 (中性)
今日PnL: +5.97 USDT (+6.0%)
持仓数: 0/4
  BTC: 64056.5000 (-1.19%)
  ETH: 1862.3400 (-1.47%)
  SOL: 73.9600 (-2.79%)
  BNB: 561.7600 (-0.65%)
  DOT: 0.7979 (-1.69%)
  LINK: 8.3650 (-1.15%)
  XRP: 1.0912 (-1.48%)
==================================================
[2026-07-25 03:05:30] 
==================================================
📊 整点汇报 2026-07-25 03:04
恐惧贪婪指数: 50 (中性)
今日PnL: +5.97 USDT (+6.0%)
持仓数: 0/4
  BTC: 64056.5000 (-1.19%)
  ETH: 1862.3400 (-1.47%)
  SOL: 73.9600 (-2.79%)
  BNB: 561.7600 (-0.65%)
  DOT: 0.7979 (-1.69%)
  LINK: 8.3650 (-1.15%)
  XRP: 1.0912 (-1.48%)
==================================================
[2026-07-25 04:04:01] 
==================================================
📊 整点汇报 2026-07-25 04:02
恐惧贪婪指数: 50 (中性)
今日PnL: +5.97 USDT (+6.0%)
持仓数: 0/4
  BTC: 64056.5000 (-1.19%)
  ETH: 1862.3400 (-1.47%)
  SOL: 73.9600 (-2.79%)
  BNB: 561.7600 (-0.65%)
  DOT: 0.7979 (-1.69%)
  LINK: 8.3650 (-1.15%)
  XRP: 1.0912 (-1.48%)
==================================================
[2026-07-25 05:03:23] 
==================================================
📊 整点汇报 2026-07-25 05:01
恐惧贪婪指数: 50 (中性)
今日PnL: +5.97 USDT (+6.0%)
持仓数: 0/4
  BTC: 64056.5000 (-1.19%)
  ETH: 1862.3400 (-1.47%)
  SOL: 73.9600 (-2.79%)
  BNB: 561.7600 (-0.65%)
  DOT: 0.7979 (-1.69%)
  LINK: 8.3650 (-1.15%)
  XRP: 1.0912 (-1.48%)
==================================================
[2026-07-25 06:02:29] 
==================================================
📊 整点汇报 2026-07-25 06:01
恐惧贪婪指数: 50 (中性)
今日PnL: +5.97 USDT (+6.0%)
持仓数: 0/4
  BTC: 64056.5000 (-1.19%)
  ETH: 1862.3400 (-1.47%)
  SOL: 73.9600 (-2.79%)
  BNB: 561.7600 (-0.65%)
  DOT: 0.7979 (-1.69%)
  LINK: 8.3650 (-1.15%)
  XRP: 1.0912 (-1.48%)
==================================================
[2026-07-25 07:01:53] 
==================================================
📊 整点汇报 2026-07-25 07:00
恐惧贪婪指数: 50 (中性)
今日PnL: +5.97 USDT (+6.0%)
持仓数: 0/4
  BTC: 64056.5000 (-1.19%)
  ETH: 1862.3400 (-1.47%)
  SOL: 73.9600 (-2.79%)
  BNB: 561.7600 (-0.65%)
  DOT: 0.7979 (-1.69%)
  LINK: 8.3650 (-1.15%)
  XRP: 1.0912 (-1.48%)
==================================================
[2026-07-25 08:01:03] 
==================================================
📊 整点汇报 2026-07-25 08:00
恐惧贪婪指数: 50 (中性)
今日PnL: +0.00 USDT (+0.0%)
持仓数: 4/4
  🟢 DOT LONG @0.7933 现价:0.7979 PnL:+1.16U (+0.58%)
  🔴 BTC SHORT @64066.3000 现价:64056.5000 PnL:+0.03U (+0.02%)
  🟢 SOL LONG @73.9700 现价:73.9600 PnL:-0.02U (-0.01%)
  🔴 BNB SHORT @568.9800 现价:561.7600 PnL:+2.53U (+1.27%)
  BTC: 64056.5000 (-1.19%)
  ETH: 1862.3400 (-1.47%)
  SOL: 73.9600 (-2.79%)
  BNB: 561.7600 (-0.65%)
  DOT: 0.7979 (-1.69%)
  LINK: 8.3650 (-1.15%)
  XRP: 1.0912 (-1.48%)
==================================================
[2026-07-25 09:00:36] 
==================================================
📊 整点汇报 2026-07-25 09:00
恐惧贪婪指数: 27 (恐惧)
今日PnL: +0.00 USDT (+0.0%)
持仓数: 4/4
  🟢 DOT LONG @0.7933 现价:0.8084 PnL:+3.81U (+1.90%)
  🔴 BTC SHORT @64066.3000 现价:64069.1000 PnL:-0.01U (-0.00%)
  🟢 SOL LONG @73.9700 现价:74.0900 PnL:+0.32U (+0.16%)
  🔴 BNB SHORT @568.9800 现价:565.2100 PnL:+1.32U (+0.66%)
  BTC: 64069.1000 (-1.30%)
  ETH: 1859.6200 (-0.58%)
  SOL: 74.0900 (-2.24%)
  BNB: 565.2100 (-0.53%)
  DOT: 0.8084 (-0.82%)
  LINK: 8.3370 (-1.16%)
  XRP: 1.0933 (+0.00%)
==================================================
[2026-07-25 10:00:11] 
==================================================
📊 整点汇报 2026-07-25 10:00
恐惧贪婪指数: 27 (恐惧)
今日PnL: +0.00 USDT (+0.0%)
持仓数: 4/4
  🟢 DOT LONG @0.7933 现价:0.8081 PnL:+3.73U (+1.87%)
  🔴 BTC SHORT @64066.3000 现价:64035.7000 PnL:+0.09U (+0.05%)
  🟢 SOL LONG @73.9700 现价:74.0700 PnL:+0.27U (+0.14%)
  🔴 BNB SHORT @568.9800 现价:565.2200 PnL:+1.32U (+0.66%)
  BTC: 64035.7000 (-1.57%)
  ETH: 1858.9400 (-0.82%)
  SOL: 74.0700 (-2.10%)
  BNB: 565.2200 (-0.55%)
  DOT: 0.8081 (-1.28%)
  LINK: 8.3230 (-1.32%)
  XRP: 1.0919 (-1.51%)
==================================================
[2026-07-25 11:00:26] 
==================================================
📊 整点汇报 2026-07-25 11:00
恐惧贪婪指数: 27 (恐惧)
今日PnL: +0.00 USDT (+0.0%)
持仓数: 4/4
  🟢 DOT LONG @0.7933 现价:0.8087 PnL:+3.88U (+1.94%)
  🔴 BTC SHORT @64066.3000 现价:64033.1000 PnL:+0.10U (+0.05%)
  🟢 SOL LONG @73.9700 现价:74.0600 PnL:+0.24U (+0.12%)
  🔴 BNB SHORT @568.9800 现价:566.3000 PnL:+0.94U (+0.47%)
  BTC: 64033.1000 (-1.49%)
  ETH: 1858.0300 (-0.48%)
  SOL: 74.0600 (-1.87%)
  BNB: 566.3000 (-0.24%)
  DOT: 0.8087 (-0.52%)
  LINK: 8.3330 (-0.88%)
  XRP: 1.0924 (-1.22%)
==================================================
[2026-07-25 12:00:19] 
==================================================
📊 整点汇报 2026-07-25 12:00
恐惧贪婪指数: 27 (恐惧)
今日PnL: +0.00 USDT (+0.0%)
持仓数: 4/4
  🟢 DOT LONG @0.7933 现价:0.8114 PnL:+4.56U (+2.28%)
  🔴 BTC SHORT @64066.3000 现价:64057.6000 PnL:+0.03U (+0.01%)
  🟢 SOL LONG @73.9700 现价:74.1000 PnL:+0.35U (+0.18%)
  🔴 BNB SHORT @568.9800 现价:565.8700 PnL:+1.09U (+0.55%)
  BTC: 64057.6000 (-2.09%)
  ETH: 1858.1600 (-1.16%)
  SOL: 74.1000 (-2.27%)
  BNB: 565.8700 (-0.64%)
  DOT: 0.8114 (-0.45%)
  LINK: 8.3380 (-1.32%)
  XRP: 1.0909 (-1.77%)
==================================================
[2026-07-25 13:00:14] 
==================================================
📊 整点汇报 2026-07-25 13:00
恐惧贪婪指数: 27 (恐惧)
今日PnL: +0.00 USDT (+0.0%)
持仓数: 4/4
  🟢 DOT LONG @0.7933 现价:0.8120 PnL:+4.71U (+2.36%)
  🔴 BTC SHORT @64066.3000 现价:64165.3000 PnL:-0.30U (-0.15%)
  🟢 SOL LONG @73.9700 现价:74.2600 PnL:+0.78U (+0.39%)
  🔴 BNB SHORT @568.9800 现价:565.9700 PnL:+1.05U (+0.53%)
  BTC: 64165.3000 (-1.68%)
  ETH: 1861.3100 (-0.68%)
  SOL: 74.2600 (-1.77%)
  BNB: 565.9700 (-0.28%)
  DOT: 0.8120 (-0.04%)
  LINK: 8.3340 (-1.21%)
  XRP: 1.0928 (-1.21%)
==================================================
[2026-07-25 14:00:40] 
==================================================
📊 整点汇报 2026-07-25 14:00
恐惧贪婪指数: 27 (恐惧)
今日PnL: +0.00 USDT (+0.0%)
持仓数: 4/4
  🟢 DOT LONG @0.7933 现价:0.8151 PnL:+5.50U (+2.75%)
  🔴 BTC SHORT @64066.3000 现价:63993.0000 PnL:+0.22U (+0.11%)
  🟢 SOL LONG @73.9700 现价:73.9400 PnL:-0.08U (-0.04%)
  🔴 BNB SHORT @568.9800 现价:565.2800 PnL:+1.30U (+0.65%)
  BTC: 63993.0000 (-1.96%)
  ETH: 1857.4000 (-1.21%)
  SOL: 73.9400 (-2.36%)
  BNB: 565.2800 (-0.47%)
  DOT: 0.8151 (+0.69%)
  LINK: 8.3160 (+0.00%)
  XRP: 1.0909 (-1.67%)
==================================================
[2026-07-25 14:33:36] ✅ 平仓 DOT SL | 入场:0.7933 出场:0.8101 | PnL:2.12% (+4.24USDT) | 平100%仓 | ✅ 平仓成功
[2026-07-25 14:33:54] ✅ 平仓 DOT SL | 入场:0.7933 出场:0.8101 | PnL:2.12% (+0.20USDT) | 平100%仓 | ✅ 平仓成功
[2026-07-25 15:00:48] 
==================================================
📊 整点汇报 2026-07-25 15:00
恐惧贪婪指数: 27 (恐惧)
今日PnL: +4.21 USDT (+4.2%)
持仓数: 3/4
  🔴 BTC SHORT @64066.3000 现价:63935.2000 PnL:+0.39U (+0.20%)
  🟢 SOL LONG @73.9700 现价:73.9900 PnL:+0.05U (+0.03%)
  🔴 BNB SHORT @568.9800 现价:565.3100 PnL:+1.28U (+0.65%)
  BTC: 63935.2000 (-2.30%)
  ETH: 1857.2500 (-1.58%)
  SOL: 73.9900 (-2.39%)
  BNB: 565.3100 (-0.59%)
  DOT: 0.8132 (+0.43%)
  LINK: 8.3100 (-1.87%)
  XRP: 1.0890 (-2.16%)
==================================================
[2026-07-25 16:00:42] 
==================================================
📊 整点汇报 2026-07-25 16:00
恐惧贪婪指数: 27 (恐惧)
今日PnL: +4.21 USDT (+4.2%)
持仓数: 3/4
  🔴 BTC SHORT @64066.3000 现价:63998.1000 PnL:+0.20U (+0.11%)
  🟢 SOL LONG @73.9700 现价:73.7500 PnL:-0.59U (-0.30%)
  🔴 BNB SHORT @568.9800 现价:565.0900 PnL:+1.36U (+0.68%)
  BTC: 63998.1000 (-2.24%)
  ETH: 1855.4200 (-2.08%)
  SOL: 73.7500 (-2.97%)
  BNB: 565.0900 (-0.81%)
  DOT: 0.8108 (-0.06%)
  LINK: 8.2940 (-3.08%)
  XRP: 1.0878 (-2.29%)
==================================================
[2026-07-25 16:08:46] 🔴 开空 ETH @1852.91 | 评分:70 | 状态:ranging | AI:做空(75%) | ✅ 下单成功
[2026-07-25 17:00:11] 
==================================================
📊 整点汇报 2026-07-25 17:00
恐惧贪婪指数: 27 (恐惧)
今日PnL: +4.21 USDT (+4.2%)
持仓数: 4/4
  🔴 BTC SHORT @64066.3000 现价:63856.6000 PnL:+0.63U (+0.33%)
  🟢 SOL LONG @73.9700 现价:73.7500 PnL:-0.59U (-0.30%)
  🔴 BNB SHORT @568.9800 现价:565.0300 PnL:+1.38U (+0.69%)
  🔴 ETH SHORT @1852.9100 现价:1852.3300 PnL:+0.06U (+0.03%)
  BTC: 63856.6000 (-2.27%)
  ETH: 1852.3300 (-1.88%)
  SOL: 73.7500 (-2.64%)
  BNB: 565.0300 (-0.61%)
  DOT: 0.8107 (+0.01%)
  LINK: 8.2730 (-2.96%)
  XRP: 1.0861 (-2.27%)
==================================================
[2026-07-25 18:00:06] 
==================================================
📊 整点汇报 2026-07-25 18:00
恐惧贪婪指数: 27 (恐惧)
今日PnL: +4.21 USDT (+4.2%)
持仓数: 4/4
  🔴 BTC SHORT @64066.3000 现价:63937.0000 PnL:+0.39U (+0.20%)
  🟢 SOL LONG @73.9700 现价:73.9400 PnL:-0.08U (-0.04%)
  🔴 BNB SHORT @568.9800 现价:566.0000 PnL:+1.04U (+0.52%)
  🔴 ETH SHORT @1852.9100 现价:1856.9200 PnL:-0.43U (-0.22%)
  BTC: 63937.0000 (-1.75%)
  ETH: 1856.9200 (-1.57%)
  SOL: 73.9400 (-2.21%)
  BNB: 566.0000 (-0.44%)
  DOT: 0.8154 (+1.14%)
  LINK: 8.2870 (-2.70%)
  XRP: 1.0879 (-1.82%)
==================================================
[2026-07-25 19:00:25] 
==================================================
📊 整点汇报 2026-07-25 19:00
恐惧贪婪指数: 27 (恐惧)
今日PnL: +4.21 USDT (+4.2%)
持仓数: 4/4
  🔴 BTC SHORT @64066.3000 现价:64014.8000 PnL:+0.15U (+0.08%)
  🟢 SOL LONG @73.9700 现价:73.9300 PnL:-0.11U (-0.05%)
  🔴 BNB SHORT @568.9800 现价:565.9700 PnL:+1.05U (+0.53%)
  🔴 ETH SHORT @1852.9100 现价:1856.8700 PnL:-0.43U (-0.21%)
  BTC: 64014.8000 (-1.40%)
  ETH: 1856.8700 (-1.36%)
  SOL: 73.9300 (-1.99%)
  BNB: 565.9700 (-0.22%)
  DOT: 0.8145 (+1.62%)
  LINK: 8.3090 (-1.90%)
  XRP: 1.0902 (-1.46%)
==================================================
[2026-07-25 20:00:21] 
==================================================
📊 整点汇报 2026-07-25 20:00
恐惧贪婪指数: 27 (恐惧)
今日PnL: +4.21 USDT (+4.2%)
持仓数: 4/4
  🔴 BTC SHORT @64066.3000 现价:64049.8000 PnL:+0.05U (+0.03%)
  🟢 SOL LONG @73.9700 现价:73.8700 PnL:-0.27U (-0.14%)
  🔴 BNB SHORT @568.9800 现价:566.0400 PnL:+1.03U (+0.52%)
  🔴 ETH SHORT @1852.9100 现价:1856.8800 PnL:-0.43U (-0.21%)
  BTC: 64049.8000 (-1.40%)
  ETH: 1856.8800 (-1.41%)
  SOL: 73.8700 (-1.69%)
  BNB: 566.0400 (-0.16%)
  DOT: 0.8138 (+1.32%)
  LINK: 8.3120 (-1.75%)
  XRP: 1.0893 (-1.19%)
==================================================
[2026-07-25 21:00:29] 
==================================================
📊 整点汇报 2026-07-25 21:00
恐惧贪婪指数: 27 (恐惧)
今日PnL: +4.21 USDT (+4.2%)
持仓数: 4/4
  🔴 BTC SHORT @64066.3000 现价:64078.4000 PnL:-0.04U (-0.02%)
  🟢 SOL LONG @73.9700 现价:73.9100 PnL:-0.16U (-0.08%)
  🔴 BNB SHORT @568.9800 现价:567.1500 PnL:+0.64U (+0.32%)
  🔴 ETH SHORT @1852.9100 现价:1859.1400 PnL:-0.67U (-0.34%)
  BTC: 64078.4000 (-1.25%)
  ETH: 1859.1400 (-0.80%)
  SOL: 73.9100 (-1.22%)
  BNB: 567.1500 (+0.37%)
  DOT: 0.8177 (+2.26%)
  LINK: 8.3670 (-0.91%)
  XRP: 1.0905 (-1.01%)
==================================================
[2026-07-25 22:00:15] 
==================================================
📊 整点汇报 2026-07-25 22:00
恐惧贪婪指数: 27 (恐惧)
今日PnL: +4.21 USDT (+4.2%)
持仓数: 4/4
  🔴 BTC SHORT @64066.3000 现价:64155.5000 PnL:-0.27U (-0.14%)
  🟢 SOL LONG @73.9700 现价:73.9200 PnL:-0.13U (-0.07%)
  🔴 BNB SHORT @568.9800 现价:568.6700 PnL:+0.11U (+0.05%)
  🔴 ETH SHORT @1852.9100 现价:1864.7900 PnL:-1.28U (-0.64%)
  BTC: 64155.5000 (-1.15%)
  ETH: 1864.7900 (+0.18%)
  SOL: 73.9200 (-0.71%)
  BNB: 568.6700 (+0.64%)
  DOT: 0.8224 (+3.50%)
  LINK: 8.3560 (-0.13%)
  XRP: 1.0906 (-1.00%)
==================================================
[2026-07-25 23:00:42] 
==================================================
📊 整点汇报 2026-07-25 23:00
恐惧贪婪指数: 27 (恐惧)
今日PnL: +4.21 USDT (+4.2%)
持仓数: 4/4
  🔴 BTC SHORT @64066.3000 现价:64176.0000 PnL:-0.33U (-0.17%)
  🟢 SOL LONG @73.9700 现价:73.9900 PnL:+0.05U (+0.03%)
  🔴 BNB SHORT @568.9800 现价:567.3100 PnL:+0.58U (+0.29%)
  🔴 ETH SHORT @1852.9100 现价:1867.8900 PnL:-1.62U (-0.81%)
  BTC: 64176.0000 (-0.05%)
  ETH: 1867.8900 (+0.35%)
  SOL: 73.9900 (+0.03%)
  BNB: 567.3100 (+1.15%)
  DOT: 0.8209 (+3.13%)
  LINK: 8.3520 (+0.06%)
  XRP: 1.0929 (+0.06%)
==================================================
[2026-07-25 23:33:42] 🟢 开多 BTC @64192.9 | 评分:65 | 状态:ranging | ❌ 下单失败：请求异常：HTTPSConnectionPool(host='testnet.binancefuture.com', port=443): Max retries exceeded with url: /fapi/v1/order?symbol=BTCUSDT&side=BUY&type=MARKET&quantity=0.003&reduceOnly=false&timestamp=1784993598792&recvWindow=30000&newClientOrderId=oc_1784993598_2ed0b46c8b&signature=aee317fbfce7afb2107362dd69aef576d4320108b3eddecb143deab4f7959795 (Caused by SSLError(SSLEOFError(8, '[SSL: UNEXPECTED_EOF_WHILE_READING] EOF occurred in violation of protocol (_ssl.c:1033)')))
[2026-07-25 23:34:55] 🟢 开多 ETH @1869.02 | 评分:65 | 状态:ranging | ❌ 下单失败：请求异常：HTTPSConnectionPool(host='testnet.binancefuture.com', port=443): Max retries exceeded with url: /fapi/v1/order?symbol=ETHUSDT&side=BUY&type=MARKET&quantity=0.107&reduceOnly=false&timestamp=1784993670682&recvWindow=30000&newClientOrderId=oc_1784993670_7ed37f2934&signature=f39217ff9c6bfb1968e1b9126dc80ca28a182d909cdffef9e5094a4a939d1469 (Caused by SSLError(SSLEOFError(8, '[SSL: UNEXPECTED_EOF_WHILE_READING] EOF occurred in violation of protocol (_ssl.c:1033)')))
[2026-07-25 23:36:11] 🟢 开多 XRP @1.0951 | 评分:80 | 状态:ranging | ❌ 下单失败：请求异常：HTTPSConnectionPool(host='testnet.binancefuture.com', port=443): Max retries exceeded with url: /fapi/v1/order?symbol=XRPUSDT&side=BUY&type=MARKET&quantity=182.6&reduceOnly=false&timestamp=1784993748172&recvWindow=30000&newClientOrderId=oc_1784993748_04da0ae4d9&signature=1cf0f9bffbca25815884f0e155bed0b5fb077fbaea3dcc8afab3be6e89220d41 (Caused by SSLError(SSLEOFError(8, '[SSL: UNEXPECTED_EOF_WHILE_READING] EOF occurred in violation of protocol (_ssl.c:1033)')))
[2026-07-25 23:43:13] 🟢 开多 BTC @64192.9 | 评分:65 | 状态:ranging | ❌ 下单失败：请求异常：HTTPSConnectionPool(host='testnet.binancefuture.com', port=443): Max retries exceeded with url: /fapi/v1/order?symbol=BTCUSDT&side=BUY&type=MARKET&quantity=0.003&reduceOnly=false&timestamp=1784994169832&recvWindow=30000&newClientOrderId=oc_1784994169_9a730f89e0&signature=047c9ea0276ae0dcfb5a9721c9a83047326b292d9ae1251d52405f1e8a9a02a1 (Caused by SSLError(SSLEOFError(8, '[SSL: UNEXPECTED_EOF_WHILE_READING] EOF occurred in violation of protocol (_ssl.c:1033)')))
[2026-07-25 23:44:24] 🟢 开多 ETH @1869.02 | 评分:65 | 状态:ranging | ❌ 下单失败：请求异常：HTTPSConnectionPool(host='testnet.binancefuture.com', port=443): Max retries exceeded with url: /fapi/v1/order?symbol=ETHUSDT&side=BUY&type=MARKET&quantity=0.107&reduceOnly=false&timestamp=1784994242827&recvWindow=30000&newClientOrderId=oc_1784994242_bc416f0a32&signature=8f12b5a5c78b4a46deb1e28a38d3cf6d18b11794a63ffc927b1076bded62a51a (Caused by SSLError(SSLEOFError(8, '[SSL: UNEXPECTED_EOF_WHILE_READING] EOF occurred in violation of protocol (_ssl.c:1033)')))
[2026-07-25 23:45:39] 🟢 开多 XRP @1.0951 | 评分:80 | 状态:ranging | ❌ 下单失败：请求异常：HTTPSConnectionPool(host='testnet.binancefuture.com', port=443): Max retries exceeded with url: /fapi/v1/order?symbol=XRPUSDT&side=BUY&type=MARKET&quantity=182.6&reduceOnly=false&timestamp=1784994316005&recvWindow=30000&newClientOrderId=oc_1784994316_2d6a9a5243&signature=81b86cd027b05d8066a65efa7230c4568557081f4ce0d41cecfd2fcc35cd5b3b (Caused by SSLError(SSLEOFError(8, '[SSL: UNEXPECTED_EOF_WHILE_READING] EOF occurred in violation of protocol (_ssl.c:1033)')))
[2026-07-25 23:52:39] 🟢 开多 BTC @64192.9 | 评分:65 | 状态:ranging | ❌ 下单失败：请求异常：HTTPSConnectionPool(host='testnet.binancefuture.com', port=443): Max retries exceeded with url: /fapi/v1/order?symbol=BTCUSDT&side=BUY&type=MARKET&quantity=0.003&reduceOnly=false&timestamp=1784994735908&recvWindow=30000&newClientOrderId=oc_1784994735_38d41f2818&signature=dea74da583f8a9e6f26014a8d67e05e407672779f04cb8efa7af9a80ffd9ac2b (Caused by SSLError(SSLEOFError(8, '[SSL: UNEXPECTED_EOF_WHILE_READING] EOF occurred in violation of protocol (_ssl.c:1033)')))
[2026-07-25 23:53:50] 🟢 开多 ETH @1869.02 | 评分:65 | 状态:ranging | ❌ 下单失败：请求异常：HTTPSConnectionPool(host='testnet.binancefuture.com', port=443): Max retries exceeded with url: /fapi/v1/order?symbol=ETHUSDT&side=BUY&type=MARKET&quantity=0.107&reduceOnly=false&timestamp=1784994806932&recvWindow=30000&newClientOrderId=oc_1784994806_b25e8a340d&signature=e7c03da71b0eb52c3ac6aa2846c72149acdbe073a3906d657b2a56620e4250b1 (Caused by SSLError(SSLEOFError(8, '[SSL: UNEXPECTED_EOF_WHILE_READING] EOF occurred in violation of protocol (_ssl.c:1033)')))
[2026-07-25 23:55:02] 🟢 开多 XRP @1.0951 | 评分:80 | 状态:ranging | ❌ 下单失败：请求异常：HTTPSConnectionPool(host='testnet.binancefuture.com', port=443): Max retries exceeded with url: /fapi/v1/order?symbol=XRPUSDT&side=BUY&type=MARKET&quantity=182.6&reduceOnly=false&timestamp=1784994879785&recvWindow=30000&newClientOrderId=oc_1784994879_9fc883a134&signature=b24b78968c35ae9e7cee1dc1c91be2339d180cc01ab1c2698d3f3af0044439c8 (Caused by SSLError(SSLEOFError(8, '[SSL: UNEXPECTED_EOF_WHILE_READING] EOF occurred in violation of protocol (_ssl.c:1033)')))
