[2026-05-25 13:27:21] 
==================================================
📊 整点汇报 2026-05-25 13:27
恐惧贪婪指数: 50 (中性)
今日PnL: +0.00 USDT (+0.0%)
持仓数: 4/4
  🟢 SOL LONG @85.4400 现价:85.9000 PnL:+1.08U (+0.54%)
  🟢 ETH LONG @2105.6723 现价:2107.9800 PnL:+0.22U (+0.11%)
  🟢 BNB LONG @659.5893 现价:660.6700 PnL:+0.32U (+0.16%)
  🟢 LINK LONG @9.3970 现价:9.4950 PnL:+2.09U (+1.04%)
  BTC: 77370.7000 (+0.92%)
  ETH: 2107.9800 (-0.29%)
  SOL: 85.9000 (+0.29%)
  BNB: 660.6700 (+0.88%)
  DOT: 1.2600 (-1.10%)
  LINK: 9.4950 (-0.37%)
  XRP: 1.3575 (+0.08%)
==================================================
[2026-05-25 14:00:01] 
==================================================
📊 整点汇报 2026-05-25 14:00
恐惧贪婪指数: 30 (恐惧)
今日PnL: +0.00 USDT (+0.0%)
持仓数: 4/4
  🟢 SOL LONG @85.4400 现价:85.9300 PnL:+1.15U (+0.57%)
  🟢 ETH LONG @2105.6723 现价:2107.4700 PnL:+0.17U (+0.09%)
  🟢 BNB LONG @659.5893 现价:661.1300 PnL:+0.46U (+0.23%)
  🟢 LINK LONG @9.3970 现价:9.5070 PnL:+2.34U (+1.17%)
  BTC: 77370.0000 (+0.76%)
  ETH: 2107.4700 (-0.55%)
  SOL: 85.9300 (-0.19%)
  BNB: 661.1300 (+0.81%)
  DOT: 1.2610 (-1.18%)
  LINK: 9.5070 (-0.62%)
  XRP: 1.3577 (-0.09%)
==================================================
[2026-05-25 15:04:42] 
==================================================
📊 整点汇报 2026-05-25 15:04
恐惧贪婪指数: 50 (中性)
今日PnL: +0.00 USDT (+0.0%)
持仓数: 0/4
  BTC: 77212.5000 (+0.64%)
  ETH: 2098.7000 (-0.91%)
  SOL: 85.6200 (-0.37%)
  BNB: 659.7300 (+0.66%)
  DOT: 1.2540 (-1.57%)
  LINK: 9.4800 (-0.59%)
  XRP: 1.3537 (-0.38%)
==================================================
[2026-05-25 16:01:37] 
==================================================
📊 整点汇报 2026-05-25 16:01
恐惧贪婪指数: 50 (中性)
今日PnL: +0.00 USDT (+0.0%)
持仓数: 0/4
  BTC: 77212.5000 (+0.64%)
  ETH: 2098.7000 (-0.91%)
  SOL: 85.6200 (-0.37%)
  BNB: 659.7300 (+0.66%)
  DOT: 1.2540 (-1.57%)
  LINK: 9.4800 (-0.59%)
  XRP: 1.3537 (-0.38%)
==================================================
[2026-05-25 17:04:12] 
==================================================
📊 整点汇报 2026-05-25 17:04
恐惧贪婪指数: 50 (中性)
今日PnL: +0.00 USDT (+0.0%)
持仓数: 0/4
  BTC: 77212.5000 (+0.64%)
  ETH: 2098.7000 (-0.91%)
  SOL: 85.6200 (-0.37%)
  BNB: 659.7300 (+0.66%)
  DOT: 1.2540 (-1.57%)
  LINK: 9.4800 (-0.59%)
  XRP: 1.3537 (-0.38%)
==================================================
[2026-05-25 18:01:02] 
==================================================
📊 整点汇报 2026-05-25 18:00
恐惧贪婪指数: 50 (中性)
今日PnL: +0.00 USDT (+0.0%)
持仓数: 0/4
  BTC: 77212.5000 (+0.64%)
  ETH: 2098.7000 (-0.91%)
  SOL: 85.6200 (-0.37%)
  BNB: 659.7300 (+0.66%)
  DOT: 1.2540 (-1.57%)
  LINK: 9.4800 (-0.59%)
  XRP: 1.3537 (-0.38%)
==================================================
[2026-05-25 18:43:56] ✅ 平仓 LINK TP1 | 入场:9.3970 出场:9.5570 | PnL:1.70% (+3.41USDT) | 平100%仓 | ✅ 平仓成功
[2026-05-25 22:12:48] 
==================================================
📊 整点汇报 2026-05-25 22:12
恐惧贪婪指数: 50 (中性)
今日PnL: +0.00 USDT (+0.0%)
持仓数: 3/4
  🟢 SOL LONG @85.4400 现价:86.1200 PnL:+1.59U (+0.80%)
  🟢 ETH LONG @2105.6723 现价:2118.5700 PnL:+1.23U (+0.61%)
  🟢 BNB LONG @659.5893 现价:671.3600 PnL:+3.53U (+1.78%)
  BTC: 77396.8000 (+0.94%)
  ETH: 2118.5700 (+0.47%)
  SOL: 86.1200 (+0.39%)
  BNB: 671.3600 (+2.05%)
  DOT: 1.2760 (+0.95%)
  LINK: 9.5980 (+1.37%)
  XRP: 1.3598 (+0.37%)
==================================================
[2026-05-25 22:13:39] 🟢 开多 DOT @1.275 | 评分:80 | 状态:trending | AI:震荡(65%) | ✅ 下单成功
[2026-05-25 22:23:34] ✅ 平仓 BNB TP1 | 入场:659.5893 出场:671.1800 | PnL:1.76% (+3.51USDT) | 平100%仓 | ✅ 平仓成功
[2026-05-25 22:27:33] 🟢 开多 LINK @9.626 | 评分:80 | 状态:trending | AI:震荡(0%) | ✅ 下单成功
[2026-05-25 22:28:43] 🟢 开多 XRP @1.3613 | 评分:65 | 状态:ranging | AI:震荡(65%) | ✅ 下单成功
[2026-05-25 23:00:06] 
==================================================
📊 整点汇报 2026-05-25 23:00
恐惧贪婪指数: 50 (中性)
今日PnL: +55.46 USDT (+55.5%)
持仓数: 4/4
  🟢 SOL LONG @85.4400 现价:86.2900 PnL:+1.99U (+0.99%)
  🟢 ETH LONG @2105.6723 现价:2127.4100 PnL:+2.07U (+1.03%)
  🟢 XRP LONG @1.3615 现价:1.3607 PnL:-0.12U (-0.06%)
  🟢 LINK LONG @9.6290 现价:9.6090 PnL:-0.42U (-0.21%)
  BTC: 77693.8000 (+1.61%)
  ETH: 2127.4100 (+1.43%)
  SOL: 86.2900 (+1.33%)
  BNB: 671.7700 (+2.38%)
  DOT: 1.2750 (+1.27%)
  LINK: 9.6090 (+1.93%)
  XRP: 1.3607 (+0.86%)
==================================================
