[2026-06-10 00:00:46] 
==================================================
📊 整点汇报 2026-06-10 00:00
恐惧贪婪指数: 10 (极度恐惧)
今日PnL: +0.00 USDT (+0.0%)
持仓数: 4/4
  🔴 BNB SHORT @597.1500 现价:586.9300 PnL:+3.37U (+1.71%)
  🔴 BTC SHORT @62527.3000 现价:61169.9000 PnL:+4.07U (+2.17%)
  🔴 DOT SHORT @0.9490 现价:0.9420 PnL:+1.47U (+0.74%)
  🔴 LINK SHORT @7.7970 现价:7.7240 PnL:+1.87U (+0.94%)
  BTC: 61169.9000 (-4.09%)
  ETH: 1635.8600 (-3.26%)
  SOL: 64.4600 (-3.93%)
  BNB: 586.9300 (-2.86%)
  DOT: 0.9420 (-4.37%)
  LINK: 7.7240 (-3.69%)
  XRP: 1.1272 (-3.72%)
==================================================
[2026-06-10 01:00:45] 
==================================================
📊 整点汇报 2026-06-10 01:00
恐惧贪婪指数: 10 (极度恐惧)
今日PnL: +0.00 USDT (+0.0%)
持仓数: 4/4
  🔴 BNB SHORT @597.1500 现价:588.8000 PnL:+2.76U (+1.40%)
  🔴 BTC SHORT @62527.3000 现价:61345.4000 PnL:+3.55U (+1.89%)
  🔴 DOT SHORT @0.9490 现价:0.9350 PnL:+2.95U (+1.48%)
  🔴 LINK SHORT @7.7970 现价:7.7330 PnL:+1.64U (+0.82%)
  BTC: 61345.4000 (-3.42%)
  ETH: 1626.7800 (-3.62%)
  SOL: 64.1600 (-4.09%)
  BNB: 588.8000 (-2.56%)
  DOT: 0.9350 (-4.49%)
  LINK: 7.7330 (-3.22%)
  XRP: 1.1282 (-3.07%)
==================================================
[2026-06-10 01:05:56] ✅ 平仓 BNB SL | 入场:597.1500 出场:590.4500 | PnL:1.12% (+2.21USDT) | 平100%仓 | ✅ 平仓成功
[2026-06-10 01:06:19] ✅ 平仓 BNB TP1 | 入场:590.4500 出场:590.4500 | PnL:0.00% (+0.00USDT) | 平100%仓 | ✅ 平仓成功
[2026-06-10 01:08:15] ✅ 平仓 BTC SL | 入场:62527.3000 出场:61509.4000 | PnL:1.63% (+3.05USDT) | 平100%仓 | ✅ 平仓成功
[2026-06-10 02:00:43] 
==================================================
📊 整点汇报 2026-06-10 02:00
恐惧贪婪指数: 10 (极度恐惧)
今日PnL: +5.58 USDT (+5.6%)
持仓数: 2/4
  🔴 DOT SHORT @0.9490 现价:0.9520 PnL:-0.63U (-0.32%)
  🔴 LINK SHORT @7.7970 现价:7.8020 PnL:-0.13U (-0.06%)
  BTC: 61697.2000 (-2.83%)
  ETH: 1642.6300 (-2.54%)
  SOL: 64.9600 (-3.48%)
  BNB: 592.1500 (-2.60%)
  DOT: 0.9520 (-3.44%)
  LINK: 7.8020 (-2.90%)
  XRP: 1.1383 (-2.83%)
==================================================
[2026-06-10 03:00:10] 
==================================================
📊 整点汇报 2026-06-10 03:00
恐惧贪婪指数: 10 (极度恐惧)
今日PnL: +5.58 USDT (+5.6%)
持仓数: 2/4
  🔴 DOT SHORT @0.9490 现价:0.9590 PnL:-2.11U (-1.05%)
  🔴 LINK SHORT @7.7970 现价:7.8520 PnL:-1.41U (-0.71%)
  BTC: 61756.4000 (-2.65%)
  ETH: 1652.1200 (-1.83%)
  SOL: 65.2700 (-3.12%)
  BNB: 594.8100 (-2.18%)
  DOT: 0.9590 (-2.64%)
  LINK: 7.8520 (-1.94%)
  XRP: 1.1388 (-3.05%)
==================================================
[2026-06-10 04:00:08] 
==================================================
📊 整点汇报 2026-06-10 04:00
恐惧贪婪指数: 10 (极度恐惧)
今日PnL: +5.58 USDT (+5.6%)
持仓数: 2/4
  🔴 DOT SHORT @0.9490 现价:0.9630 PnL:-2.95U (-1.48%)
  🔴 LINK SHORT @7.7970 现价:7.8690 PnL:-1.85U (-0.92%)
  BTC: 62043.5000 (-2.11%)
  ETH: 1656.0300 (-1.65%)
  SOL: 65.4800 (-2.69%)
  BNB: 597.0500 (-1.73%)
  DOT: 0.9630 (-2.43%)
  LINK: 7.8690 (-2.25%)
  XRP: 1.1415 (-2.88%)
==================================================
[2026-06-10 04:22:02] 🔴 开空 DOT @0.964 | 评分:55 | 状态:ranging | AI:做空(85%) | ✅ 下单成功
[2026-06-10 05:00:14] 
==================================================
📊 整点汇报 2026-06-10 05:00
恐惧贪婪指数: 10 (极度恐惧)
今日PnL: +1.79 USDT (+1.8%)
持仓数: 2/4
  🔴 LINK SHORT @7.7790 现价:7.9080 PnL:-3.32U (-1.66%)
  🔴 DOT SHORT @0.9640 现价:0.9620 PnL:+0.42U (+0.21%)
  BTC: 62099.8000 (-2.10%)
  ETH: 1659.1100 (-1.65%)
  SOL: 65.5900 (-2.66%)
  BNB: 597.2800 (-1.56%)
  DOT: 0.9620 (-2.14%)
  LINK: 7.9080 (-1.53%)
  XRP: 1.1431 (-2.67%)
==================================================
[2026-06-10 06:00:11] 
==================================================
📊 整点汇报 2026-06-10 06:00
恐惧贪婪指数: 10 (极度恐惧)
今日PnL: +1.79 USDT (+1.8%)
持仓数: 2/4
  🔴 LINK SHORT @7.7790 现价:7.8420 PnL:-1.62U (-0.81%)
  🔴 DOT SHORT @0.9640 现价:0.9560 PnL:+1.66U (+0.83%)
  BTC: 61781.1000 (-3.06%)
  ETH: 1648.1200 (-3.44%)
  SOL: 64.8800 (-4.04%)
  BNB: 595.0500 (-2.23%)
  DOT: 0.9560 (-3.14%)
  LINK: 7.8420 (-2.83%)
  XRP: 1.1359 (-3.93%)
==================================================
[2026-06-10 06:54:54] 🔴 开空 ETH @1641.78 | 评分:60 | 状态:ranging | ✅ 下单成功
[2026-06-10 06:59:03] 🔴 开空 BTC @61685.3 | 评分:60 | 状态:ranging | AI:做空(75%) | ✅ 下单成功
[2026-06-10 07:00:43] 
==================================================
📊 整点汇报 2026-06-10 07:00
恐惧贪婪指数: 10 (极度恐惧)
今日PnL: +1.79 USDT (+1.8%)
持仓数: 4/4
  🔴 LINK SHORT @7.7790 现价:7.8250 PnL:-1.18U (-0.59%)
  🔴 DOT SHORT @0.9640 现价:0.9560 PnL:+1.66U (+0.83%)
  🔴 ETH SHORT @1641.7800 现价:1639.2400 PnL:+0.31U (+0.15%)
  🔴 BTC SHORT @61685.3000 现价:61679.7000 PnL:+0.02U (+0.01%)
  BTC: 61679.7000 (-2.63%)
  ETH: 1639.2400 (-3.67%)
  SOL: 64.8200 (-3.37%)
  BNB: 593.0600 (-2.23%)
  DOT: 0.9560 (-2.55%)
  LINK: 7.8250 (-2.61%)
  XRP: 1.1347 (-3.57%)
==================================================
[2026-06-10 08:00:15] 
==================================================
📊 整点汇报 2026-06-10 08:00
恐惧贪婪指数: 10 (极度恐惧)
今日PnL: +1.79 USDT (+1.8%)
持仓数: 4/4
  🔴 LINK SHORT @7.7790 现价:7.8350 PnL:-1.44U (-0.72%)
  🔴 DOT SHORT @0.9640 现价:0.9560 PnL:+1.66U (+0.83%)
  🔴 ETH SHORT @1641.7800 现价:1638.4300 PnL:+0.41U (+0.20%)
  🔴 BTC SHORT @61685.3000 现价:61679.6000 PnL:+0.02U (+0.01%)
  BTC: 61679.6000 (-2.17%)
  ETH: 1638.4300 (-3.03%)
  SOL: 64.8400 (-2.75%)
  BNB: 593.7200 (-1.40%)
  DOT: 0.9560 (-1.75%)
  LINK: 7.8350 (-1.98%)
  XRP: 1.1368 (-2.67%)
==================================================
[2026-06-10 09:00:32] 
==================================================
📊 整点汇报 2026-06-10 09:00
恐惧贪婪指数: 9 (极度恐惧)
今日PnL: +1.79 USDT (+1.8%)
持仓数: 4/4
  🔴 LINK SHORT @7.7790 现价:7.8560 PnL:-1.98U (-0.99%)
  🔴 DOT SHORT @0.9640 现价:0.9600 PnL:+0.83U (+0.41%)
  🔴 ETH SHORT @1641.7800 现价:1643.5600 PnL:-0.22U (-0.11%)
  🔴 BTC SHORT @61685.3000 现价:61800.0000 PnL:-0.34U (-0.19%)
  BTC: 61800.0000 (-1.08%)
  ETH: 1643.5600 (-1.10%)
  SOL: 65.0600 (-0.43%)
  BNB: 593.4900 (-0.37%)
  DOT: 0.9600 (+0.95%)
  LINK: 7.8560 (+0.37%)
  XRP: 1.1364 (-1.40%)
==================================================
[2026-06-10 10:00:31] 
==================================================
📊 整点汇报 2026-06-10 10:00
恐惧贪婪指数: 9 (极度恐惧)
今日PnL: +1.79 USDT (+1.8%)
持仓数: 4/4
  🔴 LINK SHORT @7.7790 现价:7.8020 PnL:-0.59U (-0.30%)
  🔴 DOT SHORT @0.9640 现价:0.9580 PnL:+1.25U (+0.62%)
  🔴 ETH SHORT @1641.7800 现价:1637.7400 PnL:+0.49U (+0.25%)
  🔴 BTC SHORT @61685.3000 现价:61714.6000 PnL:-0.09U (-0.05%)
  BTC: 61714.6000 (-1.67%)
  ETH: 1637.7400 (-1.78%)
  SOL: 64.8800 (-1.61%)
  BNB: 592.1600 (-0.98%)
  DOT: 0.9580 (-0.10%)
  LINK: 7.8020 (-0.55%)
  XRP: 1.1287 (-1.94%)
==================================================
[2026-06-10 11:00:57] 
==================================================
📊 整点汇报 2026-06-10 11:00
恐惧贪婪指数: 9 (极度恐惧)
今日PnL: +1.79 USDT (+1.8%)
持仓数: 4/4
  🔴 LINK SHORT @7.7790 现价:7.7230 PnL:+1.44U (+0.72%)
  🔴 DOT SHORT @0.9640 现价:0.9470 PnL:+3.53U (+1.76%)
  🔴 ETH SHORT @1641.7800 现价:1624.6500 PnL:+2.09U (+1.04%)
  🔴 BTC SHORT @61685.3000 现价:61301.6000 PnL:+1.15U (+0.62%)
  BTC: 61301.6000 (-2.39%)
  ETH: 1624.6500 (-2.52%)
  SOL: 64.2700 (-2.38%)
  BNB: 587.6200 (-1.80%)
  DOT: 0.9470 (-1.04%)
  LINK: 7.7230 (-1.59%)
  XRP: 1.1167 (-3.05%)
==================================================
[2026-06-10 12:00:33] 
==================================================
📊 整点汇报 2026-06-10 12:00
恐惧贪婪指数: 9 (极度恐惧)
今日PnL: +4.70 USDT (+4.7%)
持仓数: 3/4
  🔴 ETH SHORT @1641.5200 现价:1629.6000 PnL:+1.45U (+0.73%)
  🔴 LINK SHORT @7.7790 现价:7.7460 PnL:+0.85U (+0.42%)
  🔴 BTC SHORT @61678.7000 现价:61516.4000 PnL:+0.49U (+0.26%)
  BTC: 61516.4000 (-2.05%)
  ETH: 1629.6000 (-2.36%)
  SOL: 64.4700 (-2.09%)
  BNB: 588.1900 (-1.88%)
  DOT: 0.9490 (-0.73%)
  LINK: 7.7460 (-1.66%)
  XRP: 1.1188 (-3.09%)
==================================================
[2026-06-10 12:35:44] 🔴 开空 BNB @586.28 | 评分:60 | 状态:ranging | AI:做多(65%) | ✅ 下单成功
[2026-06-10 13:00:14] 
==================================================
📊 整点汇报 2026-06-10 13:00
恐惧贪婪指数: 9 (极度恐惧)
今日PnL: +4.70 USDT (+4.7%)
持仓数: 4/4
  🔴 ETH SHORT @1641.5200 现价:1624.8200 PnL:+2.04U (+1.02%)
  🔴 LINK SHORT @7.7790 现价:7.7030 PnL:+1.95U (+0.98%)
  🔴 BTC SHORT @61678.7000 现价:61278.9000 PnL:+1.20U (+0.65%)
  🔴 BNB SHORT @586.2800 现价:585.5400 PnL:+0.25U (+0.13%)
  BTC: 61278.9000 (-3.13%)
  ETH: 1624.8200 (-3.67%)
  SOL: 64.2200 (-4.21%)
  BNB: 585.5400 (-2.89%)
  DOT: 0.9420 (-2.88%)
  LINK: 7.7030 (-3.34%)
  XRP: 1.1151 (-4.48%)
==================================================
[2026-06-10 14:00:13] 
==================================================
📊 整点汇报 2026-06-10 14:00
恐惧贪婪指数: 9 (极度恐惧)
今日PnL: +4.70 USDT (+4.7%)
持仓数: 4/4
  🔴 ETH SHORT @1641.5200 现价:1627.2900 PnL:+1.74U (+0.87%)
  🔴 LINK SHORT @7.7790 现价:7.6950 PnL:+2.16U (+1.08%)
  🔴 BTC SHORT @61678.7000 现价:61290.8000 PnL:+1.16U (+0.63%)
  🔴 BNB SHORT @586.2800 现价:585.8600 PnL:+0.14U (+0.07%)
  BTC: 61290.8000 (-3.21%)
  ETH: 1627.2900 (-3.58%)
  SOL: 64.0700 (-4.76%)
  BNB: 585.8600 (-2.94%)
  DOT: 0.9410 (-3.39%)
  LINK: 7.6950 (-3.80%)
  XRP: 1.1113 (-5.21%)
==================================================
[2026-06-10 15:00:25] 
==================================================
📊 整点汇报 2026-06-10 15:00
恐惧贪婪指数: 9 (极度恐惧)
今日PnL: +4.70 USDT (+4.7%)
持仓数: 4/4
  🔴 ETH SHORT @1641.5200 现价:1631.5600 PnL:+1.22U (+0.61%)
  🔴 LINK SHORT @7.7790 现价:7.7170 PnL:+1.59U (+0.80%)
  🔴 BTC SHORT @61678.7000 现价:61439.9000 PnL:+0.72U (+0.39%)
  🔴 BNB SHORT @586.2800 现价:586.4000 PnL:-0.04U (-0.02%)
  BTC: 61439.9000 (-2.89%)
  ETH: 1631.5600 (-3.19%)
  SOL: 64.1800 (-4.25%)
  BNB: 586.4000 (-2.90%)
  DOT: 0.9420 (-3.09%)
  LINK: 7.7170 (-2.92%)
  XRP: 1.1115 (-5.10%)
==================================================
[2026-06-10 16:00:20] 
==================================================
📊 整点汇报 2026-06-10 16:00
恐惧贪婪指数: 9 (极度恐惧)
今日PnL: +4.70 USDT (+4.7%)
持仓数: 4/4
  🔴 ETH SHORT @1641.5200 现价:1639.1200 PnL:+0.29U (+0.15%)
  🔴 LINK SHORT @7.7790 现价:7.7760 PnL:+0.08U (+0.04%)
  🔴 BTC SHORT @61678.7000 现价:61660.1000 PnL:+0.06U (+0.03%)
  🔴 BNB SHORT @586.2800 现价:589.0100 PnL:-0.93U (-0.47%)
  BTC: 61660.1000 (-2.39%)
  ETH: 1639.1200 (-2.35%)
  SOL: 64.6300 (-3.33%)
  BNB: 589.0100 (-2.47%)
  DOT: 0.9460 (-2.67%)
  LINK: 7.7760 (-1.97%)
  XRP: 1.1162 (-4.66%)
==================================================
[2026-06-10 17:00:19] 
==================================================
📊 整点汇报 2026-06-10 17:00
恐惧贪婪指数: 9 (极度恐惧)
今日PnL: +4.70 USDT (+4.7%)
持仓数: 4/4
  🔴 ETH SHORT @1641.5200 现价:1620.5300 PnL:+2.56U (+1.28%)
  🔴 LINK SHORT @7.7790 现价:7.6690 PnL:+2.83U (+1.41%)
  🔴 BTC SHORT @61678.7000 现价:61258.0000 PnL:+1.26U (+0.68%)
  🔴 BNB SHORT @586.2800 现价:584.8700 PnL:+0.48U (+0.24%)
  BTC: 61258.0000 (-2.47%)
  ETH: 1620.5300 (-3.20%)
  SOL: 63.5700 (-4.49%)
  BNB: 584.8700 (+0.00%)
  DOT: 0.9360 (-3.31%)
  LINK: 7.6690 (-2.88%)
  XRP: 1.1069 (-5.17%)
==================================================
[2026-06-10 17:36:49] ✅ 平仓 ETH SL | 入场:1641.5200 出场:1621.6500 | PnL:1.21% (+2.42USDT) | 平100%仓 | ✅ 平仓成功
[2026-06-10 17:38:09] ✅ 平仓 ETH TP1 | 入场:1621.6200 出场:1621.6500 | PnL:0.00% (+0.00USDT) | 平100%仓 | ❌ 平仓失败
[2026-06-10 18:00:21] 
==================================================
📊 整点汇报 2026-06-10 18:00
恐惧贪婪指数: 9 (极度恐惧)
今日PnL: +7.30 USDT (+7.3%)
持仓数: 4/4
  🟢 ETH LONG @1621.6200 现价:1623.7100 PnL:+0.26U (+0.13%)
  🔴 BNB SHORT @586.2400 现价:585.1800 PnL:+0.36U (+0.18%)
  🔴 LINK SHORT @7.7790 现价:7.6950 PnL:+2.16U (+1.08%)
  🔴 BTC SHORT @61678.7000 现价:61315.2000 PnL:+1.09U (+0.59%)
  BTC: 61315.2000 (-2.18%)
  ETH: 1623.7100 (-2.77%)
  SOL: 63.6000 (-3.84%)
  BNB: 585.1800 (-2.53%)
  DOT: 0.9370 (-2.80%)
  LINK: 7.6950 (-2.11%)
  XRP: 1.1089 (-4.41%)
==================================================
[2026-06-10 19:00:38] 
==================================================
📊 整点汇报 2026-06-10 19:00
恐惧贪婪指数: 9 (极度恐惧)
今日PnL: +7.33 USDT (+7.3%)
持仓数: 3/4
  🔴 BNB SHORT @586.2400 现价:585.0300 PnL:+0.41U (+0.21%)
  🔴 LINK SHORT @7.7790 现价:7.6930 PnL:+2.21U (+1.11%)
  🔴 BTC SHORT @61678.7000 现价:61353.7000 PnL:+0.97U (+0.53%)
  BTC: 61353.7000 (-2.24%)
  ETH: 1627.3100 (-2.84%)
  SOL: 63.6600 (-4.07%)
  BNB: 585.0300 (-2.54%)
  DOT: 0.9390 (-3.00%)
  LINK: 7.6930 (-2.52%)
  XRP: 1.1102 (-4.21%)
==================================================
[2026-06-10 19:08:12] 🔴 开空 DOT @0.93 | 评分:55 | 状态:ranging | AI:做多(65%) | ✅ 下单成功
[2026-06-10 20:00:51] 
==================================================
📊 整点汇报 2026-06-10 20:00
恐惧贪婪指数: 9 (极度恐惧)
今日PnL: +7.33 USDT (+7.3%)
持仓数: 4/4
  🔴 DOT SHORT @0.9290 现价:0.9270 PnL:+0.43U (+0.22%)
  🔴 BNB SHORT @586.2400 现价:583.1700 PnL:+1.04U (+0.52%)
  🔴 LINK SHORT @7.7790 现价:7.6340 PnL:+3.72U (+1.86%)
  🔴 BTC SHORT @61678.7000 现价:61004.7000 PnL:+2.02U (+1.09%)
  BTC: 61004.7000 (-2.71%)
  ETH: 1618.8200 (-3.18%)
  SOL: 63.4700 (-3.75%)
  BNB: 583.1700 (-2.39%)
  DOT: 0.9270 (-4.04%)
  LINK: 7.6340 (-3.10%)
  XRP: 1.1037 (-4.42%)
==================================================
[2026-06-10 20:30:52] ✅ 平仓 LINK SL | 入场:7.7790 出场:7.6920 | PnL:1.12% (+2.23USDT) | 平100%仓 | ✅ 平仓成功
[2026-06-10 20:31:14] ❌ 平仓 LINK TP1 | 入场:7.7290 出场:7.6920 | PnL:-0.48% (-0.79USDT) | 平100%仓 | ✅ 平仓成功
[2026-06-10 20:40:25] 🔴 开空 LINK @7.767 | 评分:70 | 状态:trending | AI:做空(0.65%) | ✅ 下单成功
[2026-06-10 21:00:22] 
==================================================
📊 整点汇报 2026-06-10 21:00
恐惧贪婪指数: 9 (极度恐惧)
今日PnL: +7.19 USDT (+7.2%)
持仓数: 3/4
  🔴 BNB SHORT @586.2400 现价:589.4700 PnL:-1.10U (-0.55%)
  🔴 BTC SHORT @61678.7000 现价:61644.0000 PnL:+0.10U (+0.06%)
  🔴 LINK SHORT @7.7670 现价:7.7370 PnL:+0.77U (+0.39%)
  BTC: 61644.0000 (-1.45%)
  ETH: 1637.2900 (-2.17%)
  SOL: 64.2000 (-2.90%)
  BNB: 589.4700 (-1.29%)
  DOT: 0.9420 (-2.69%)
  LINK: 7.7370 (-2.20%)
  XRP: 1.1177 (-3.68%)
==================================================
[2026-06-10 21:40:21] 🟢 开多 SOL @65.07 | 评分:85 | 状态:trending | AI:做空(0.85%) | ✅ 下单成功
[2026-06-10 22:01:24] 
==================================================
📊 整点汇报 2026-06-10 22:00
恐惧贪婪指数: 9 (极度恐惧)
今日PnL: +7.19 USDT (+7.2%)
持仓数: 4/4
  🔴 BNB SHORT @586.2400 现价:593.2500 PnL:-2.38U (-1.20%)
  🔴 BTC SHORT @61678.7000 现价:62104.2000 PnL:-1.28U (-0.69%)
  🔴 LINK SHORT @7.7670 现价:7.8430 PnL:-1.96U (-0.98%)
  🟢 SOL LONG @65.0700 现价:65.0100 PnL:-0.18U (-0.09%)
  BTC: 62104.2000 (-0.38%)
  ETH: 1650.5300 (-1.13%)
  SOL: 65.0100 (-1.46%)
  BNB: 593.2500 (-0.33%)
  DOT: 0.9490 (+0.00%)
  LINK: 7.8430 (-0.80%)
  XRP: 1.1291 (-2.51%)
==================================================
[2026-06-10 23:00:29] 
==================================================
📊 整点汇报 2026-06-10 23:00
恐惧贪婪指数: 9 (极度恐惧)
今日PnL: +7.19 USDT (+7.2%)
持仓数: 4/4
  🔴 BNB SHORT @586.2400 现价:591.5200 PnL:-1.80U (-0.90%)
  🔴 BTC SHORT @61678.7000 现价:61981.9000 PnL:-0.91U (-0.49%)
  🔴 LINK SHORT @7.7670 现价:7.7630 PnL:+0.10U (+0.05%)
  🟢 SOL LONG @65.0700 现价:64.9000 PnL:-0.52U (-0.26%)
  BTC: 61981.9000 (+0.89%)
  ETH: 1642.8600 (+0.05%)
  SOL: 64.9000 (+0.05%)
  BNB: 591.5200 (+0.63%)
  DOT: 0.9440 (-0.63%)
  LINK: 7.7630 (-0.23%)
  XRP: 1.1187 (-1.49%)
==================================================
