[2026-06-16 00:00:20] 
==================================================
📊 整点汇报 2026-06-16 00:00
恐惧贪婪指数: 50 (中性)
今日PnL: +0.00 USDT (+0.0%)
持仓数: 4/4
  🟢 SOL LONG @72.9400 现价:75.1600 PnL:+6.08U (+3.04%)
  🔴 BNB SHORT @633.0100 现价:629.1600 PnL:+1.23U (+0.61%)
  🟢 XRP LONG @1.2384 现价:1.2677 PnL:+4.73U (+2.37%)
  🟢 LINK LONG @8.4530 现价:8.5630 PnL:+2.60U (+1.30%)
  BTC: 67218.3000 (+5.01%)
  ETH: 1843.1400 (+10.87%)
  SOL: 75.1600 (+11.48%)
  BNB: 629.1600 (+3.43%)
  DOT: 1.0430 (+8.99%)
  LINK: 8.5630 (+9.26%)
  XRP: 1.2677 (+11.80%)
==================================================
[2026-06-16 00:29:21] 🟢 开多 XRP @1.2751 | 评分:70 | 状态:trending | AI:做空(0%) | ✅ 下单成功
[2026-06-16 00:32:48] ✅ 平仓 SOL TP1 | 入场:72.9400 出场:75.9200 | PnL:4.09% (+8.17USDT) | 平100%仓 | ✅ 平仓成功
[2026-06-16 01:00:23] 
==================================================
📊 整点汇报 2026-06-16 01:00
恐惧贪婪指数: 20 (极度恐惧)
今日PnL: +11.62 USDT (+11.6%)
持仓数: 3/4
  🔴 BNB SHORT @633.0100 现价:628.1100 PnL:+1.57U (+0.77%)
  🟢 LINK LONG @8.4530 现价:8.5560 PnL:+2.44U (+1.22%)
  🟢 XRP LONG @1.2751 现价:1.2803 PnL:+0.82U (+0.41%)
  BTC: 67134.1000 (+4.92%)
  ETH: 1842.5200 (+10.89%)
  SOL: 75.6000 (+12.00%)
  BNB: 628.1100 (+3.55%)
  DOT: 1.0380 (+8.47%)
  LINK: 8.5560 (+9.12%)
  XRP: 1.2803 (+12.66%)
==================================================
[2026-06-16 02:00:15] 
==================================================
📊 整点汇报 2026-06-16 02:00
恐惧贪婪指数: 20 (极度恐惧)
今日PnL: +11.62 USDT (+11.6%)
持仓数: 3/4
  🔴 BNB SHORT @633.0100 现价:625.5000 PnL:+2.40U (+1.19%)
  🟢 LINK LONG @8.4530 现价:8.4880 PnL:+0.83U (+0.41%)
  🟢 XRP LONG @1.2751 现价:1.2790 PnL:+0.61U (+0.31%)
  BTC: 66822.4000 (+4.88%)
  ETH: 1827.9000 (+10.00%)
  SOL: 75.2400 (+11.77%)
  BNB: 625.5000 (+3.48%)
  DOT: 1.0330 (+8.74%)
  LINK: 8.4880 (+8.65%)
  XRP: 1.2790 (+12.92%)
==================================================
[2026-06-16 03:00:19] 
==================================================
📊 整点汇报 2026-06-16 03:00
恐惧贪婪指数: 20 (极度恐惧)
今日PnL: +11.62 USDT (+11.6%)
持仓数: 3/4
  🔴 BNB SHORT @633.0100 现价:622.2600 PnL:+3.44U (+1.70%)
  🟢 LINK LONG @8.4530 现价:8.4570 PnL:+0.09U (+0.05%)
  🟢 XRP LONG @1.2751 现价:1.2829 PnL:+1.22U (+0.61%)
  BTC: 66813.3000 (+4.78%)
  ETH: 1827.6200 (+10.00%)
  SOL: 75.2500 (+11.66%)
  BNB: 622.2600 (+2.90%)
  DOT: 1.0300 (+8.42%)
  LINK: 8.4570 (+8.30%)
  XRP: 1.2829 (+13.33%)
==================================================
[2026-06-16 04:00:22] 
==================================================
📊 整点汇报 2026-06-16 04:00
恐惧贪婪指数: 20 (极度恐惧)
今日PnL: +11.62 USDT (+11.6%)
持仓数: 3/4
  🔴 BNB SHORT @633.0100 现价:621.0700 PnL:+3.82U (+1.89%)
  🟢 LINK LONG @8.4530 现价:8.4080 PnL:-1.06U (-0.53%)
  🟢 XRP LONG @1.2751 现价:1.2671 PnL:-1.26U (-0.63%)
  BTC: 66553.3000 (+4.45%)
  ETH: 1819.9700 (+9.33%)
  SOL: 75.1900 (+11.33%)
  BNB: 621.0700 (+2.90%)
  DOT: 1.0190 (+7.15%)
  LINK: 8.4080 (+7.57%)
  XRP: 1.2671 (+11.92%)
==================================================
[2026-06-16 04:56:11] 🔴 开空 DOT @1.014 | 评分:65 | 状态:ranging | AI:做多(65%) | ✅ 下单成功
[2026-06-16 05:00:33] 
==================================================
📊 整点汇报 2026-06-16 05:00
恐惧贪婪指数: 20 (极度恐惧)
今日PnL: +11.62 USDT (+11.6%)
持仓数: 4/4
  🔴 BNB SHORT @633.0100 现价:619.8300 PnL:+4.22U (+2.08%)
  🟢 LINK LONG @8.4530 现价:8.3710 PnL:-1.94U (-0.97%)
  🟢 XRP LONG @1.2751 现价:1.2639 PnL:-1.76U (-0.88%)
  🔴 DOT SHORT @1.0140 现价:1.0150 PnL:-0.20U (-0.10%)
  BTC: 66489.7000 (+3.92%)
  ETH: 1815.3600 (+8.72%)
  SOL: 74.8900 (+10.51%)
  BNB: 619.8300 (+2.43%)
  DOT: 1.0150 (+6.39%)
  LINK: 8.3710 (+6.65%)
  XRP: 1.2639 (+11.14%)
==================================================
[2026-06-16 05:32:00] ❌ 平仓 XRP SL | 入场:1.2751 出场:1.2495 | PnL:-2.01% (-4.02USDT) | 平100%仓 | ✅ 平仓成功
[2026-06-16 05:32:19] ✅ 平仓 XRP TP1 | 入场:1.2495 出场:1.2495 | PnL:0.00% (+0.00USDT) | 平100%仓 | ✅ 平仓成功
[2026-06-16 06:00:17] 
==================================================
📊 整点汇报 2026-06-16 06:00
恐惧贪婪指数: 20 (极度恐惧)
今日PnL: +7.77 USDT (+7.8%)
持仓数: 3/4
  🔴 BNB SHORT @633.0100 现价:619.5500 PnL:+4.31U (+2.13%)
  🟢 LINK LONG @8.4530 现价:8.3470 PnL:-2.51U (-1.25%)
  🔴 DOT SHORT @1.0140 现价:1.0140 PnL:+0.00U (+0.00%)
  BTC: 66340.5000 (+1.42%)
  ETH: 1810.2000 (+5.27%)
  SOL: 74.4000 (+6.10%)
  BNB: 619.5500 (+0.66%)
  DOT: 1.0140 (+2.74%)
  LINK: 8.3470 (+3.11%)
  XRP: 1.2495 (+6.76%)
==================================================
[2026-06-16 06:24:43] 🔴 开空 XRP @1.2484 | 评分:65 | 状态:ranging | AI:做多(65%) | ✅ 下单成功
[2026-06-16 06:27:23] ❌ 平仓 LINK SL | 入场:8.4530 出场:8.2670 | PnL:-2.20% (-4.40USDT) | 平100%仓 | ✅ 平仓成功
[2026-06-16 06:27:54] 🔴 开空 LINK @8.267 | 评分:95 | 状态:trending | AI:做多(65%) | ✅ 下单成功
[2026-06-16 07:00:25] 
==================================================
📊 整点汇报 2026-06-16 07:00
恐惧贪婪指数: 20 (极度恐惧)
今日PnL: +3.41 USDT (+3.4%)
持仓数: 4/4
  🔴 BNB SHORT @633.0100 现价:616.0100 PnL:+5.44U (+2.69%)
  🔴 DOT SHORT @1.0140 现价:1.0030 PnL:+2.17U (+1.08%)
  🔴 XRP SHORT @1.2484 现价:1.2396 PnL:+1.41U (+0.70%)
  🔴 LINK SHORT @8.2670 现价:8.2640 PnL:+0.07U (+0.04%)
  BTC: 66188.7000 (+1.22%)
  ETH: 1789.9700 (+4.00%)
  SOL: 73.7500 (+4.88%)
  BNB: 616.0100 (+0.29%)
  DOT: 1.0030 (+1.72%)
  LINK: 8.2640 (+1.79%)
  XRP: 1.2396 (+5.76%)
==================================================
[2026-06-16 08:00:32] 
==================================================
📊 整点汇报 2026-06-16 08:00
恐惧贪婪指数: 20 (极度恐惧)
今日PnL: +3.41 USDT (+3.4%)
持仓数: 4/4
  🔴 BNB SHORT @633.0100 现价:618.2600 PnL:+4.72U (+2.33%)
  🔴 DOT SHORT @1.0140 现价:1.0100 PnL:+0.79U (+0.39%)
  🔴 XRP SHORT @1.2484 现价:1.2375 PnL:+1.75U (+0.87%)
  🔴 LINK SHORT @8.2670 现价:8.2940 PnL:-0.65U (-0.33%)
  BTC: 66326.5000 (+1.07%)
  ETH: 1795.1500 (+4.22%)
  SOL: 73.9400 (+4.18%)
  BNB: 618.2600 (+0.45%)
  DOT: 1.0100 (+1.81%)
  LINK: 8.2940 (+1.70%)
  XRP: 1.2375 (+5.29%)
==================================================
[2026-06-16 09:00:09] 
==================================================
📊 整点汇报 2026-06-16 09:00
恐惧贪婪指数: 23 (极度恐惧)
今日PnL: +3.41 USDT (+3.4%)
持仓数: 4/4
  🔴 BNB SHORT @633.0100 现价:616.1300 PnL:+5.40U (+2.67%)
  🔴 DOT SHORT @1.0140 现价:1.0090 PnL:+0.99U (+0.49%)
  🔴 XRP SHORT @1.2484 现价:1.2345 PnL:+2.23U (+1.11%)
  🔴 LINK SHORT @8.2670 现价:8.2800 PnL:-0.31U (-0.16%)
  BTC: 66224.6000 (+1.09%)
  ETH: 1788.6300 (+3.79%)
  SOL: 73.9800 (+3.82%)
  BNB: 616.1300 (+0.07%)
  DOT: 1.0090 (+1.61%)
  LINK: 8.2800 (+1.45%)
  XRP: 1.2345 (+5.00%)
==================================================
[2026-06-16 10:00:42] 
==================================================
📊 整点汇报 2026-06-16 10:00
恐惧贪婪指数: 23 (极度恐惧)
今日PnL: +3.41 USDT (+3.4%)
持仓数: 4/4
  🔴 BNB SHORT @633.0100 现价:616.0700 PnL:+5.42U (+2.68%)
  🔴 DOT SHORT @1.0140 现价:1.0090 PnL:+0.99U (+0.49%)
  🔴 XRP SHORT @1.2484 现价:1.2280 PnL:+3.27U (+1.63%)
  🔴 LINK SHORT @8.2670 现价:8.2520 PnL:+0.36U (+0.18%)
  BTC: 66325.7000 (+2.09%)
  ETH: 1791.0500 (+4.43%)
  SOL: 73.8300 (+4.07%)
  BNB: 616.0700 (+0.07%)
  DOT: 1.0090 (+1.71%)
  LINK: 8.2520 (+1.10%)
  XRP: 1.2280 (+4.17%)
==================================================
[2026-06-16 11:00:13] 
==================================================
📊 整点汇报 2026-06-16 11:00
恐惧贪婪指数: 23 (极度恐惧)
今日PnL: +3.41 USDT (+3.4%)
持仓数: 4/4
  🔴 BNB SHORT @633.0100 现价:612.5400 PnL:+6.55U (+3.23%)
  🔴 DOT SHORT @1.0140 现价:0.9980 PnL:+3.16U (+1.58%)
  🔴 XRP SHORT @1.2484 现价:1.2167 PnL:+5.08U (+2.54%)
  🔴 LINK SHORT @8.2670 现价:8.1760 PnL:+2.20U (+1.10%)
  BTC: 65704.8000 (+0.16%)
  ETH: 1769.2700 (+3.31%)
  SOL: 72.9500 (+3.18%)
  BNB: 612.5400 (-0.42%)
  DOT: 0.9980 (+0.50%)
  LINK: 8.1760 (+1.25%)
  XRP: 1.2167 (+3.79%)
==================================================
[2026-06-16 11:37:11] ✅ 平仓 XRP SL | 入场:1.2484 出场:1.2248 | PnL:1.89% (+3.78USDT) | 平100%仓 | ✅ 平仓成功
[2026-06-16 12:00:27] 
==================================================
📊 整点汇报 2026-06-16 12:00
恐惧贪婪指数: 23 (极度恐惧)
今日PnL: +7.25 USDT (+7.2%)
持仓数: 3/4
  🔴 BNB SHORT @633.0100 现价:615.4000 PnL:+5.64U (+2.78%)
  🔴 DOT SHORT @1.0140 现价:1.0100 PnL:+0.79U (+0.39%)
  🔴 LINK SHORT @8.2670 现价:8.2510 PnL:+0.39U (+0.19%)
  BTC: 66119.9000 (+0.00%)
  ETH: 1778.3200 (+3.67%)
  SOL: 73.7000 (+3.15%)
  BNB: 615.4000 (-0.05%)
  DOT: 1.0100 (+1.71%)
  LINK: 8.2510 (+2.18%)
  XRP: 1.2266 (+4.61%)
==================================================
[2026-06-16 13:00:17] 
==================================================
📊 整点汇报 2026-06-16 13:00
恐惧贪婪指数: 23 (极度恐惧)
今日PnL: +7.25 USDT (+7.2%)
持仓数: 3/4
  🔴 BNB SHORT @633.0100 现价:613.1600 PnL:+6.35U (+3.14%)
  🔴 DOT SHORT @1.0140 现价:1.0020 PnL:+2.37U (+1.18%)
  🔴 LINK SHORT @8.2670 现价:8.1880 PnL:+1.91U (+0.96%)
  BTC: 65817.3000 (+0.95%)
  ETH: 1760.6000 (+2.07%)
  SOL: 73.3600 (+4.65%)
  BNB: 613.1600 (-0.32%)
  DOT: 1.0020 (+0.91%)
  LINK: 8.1880 (+0.31%)
  XRP: 1.2225 (+4.09%)
==================================================
[2026-06-16 14:00:19] 
==================================================
📊 整点汇报 2026-06-16 14:00
恐惧贪婪指数: 23 (极度恐惧)
今日PnL: +7.25 USDT (+7.2%)
持仓数: 3/4
  🔴 DOT SHORT @1.0130 现价:1.0060 PnL:+1.38U (+0.69%)
  🔴 BNB SHORT @633.0100 现价:613.9600 PnL:+6.29U (+3.01%)
  🔴 LINK SHORT @8.2660 现价:8.2040 PnL:+1.50U (+0.75%)
  BTC: 66063.2000 (+1.64%)
  ETH: 1761.1800 (+2.84%)
  SOL: 73.6300 (+5.04%)
  BNB: 613.9600 (-0.29%)
  DOT: 1.0060 (+1.31%)
  LINK: 8.2040 (+1.61%)
  XRP: 1.2249 (+3.87%)
==================================================
[2026-06-16 15:00:15] 
==================================================
📊 整点汇报 2026-06-16 15:00
恐惧贪婪指数: 23 (极度恐惧)
今日PnL: +7.25 USDT (+7.2%)
持仓数: 3/4
  🔴 DOT SHORT @1.0130 现价:1.0100 PnL:+0.59U (+0.30%)
  🔴 BNB SHORT @633.0100 现价:615.7000 PnL:+5.71U (+2.73%)
  🔴 LINK SHORT @8.2660 现价:8.2580 PnL:+0.19U (+0.10%)
  BTC: 66410.0000 (+0.77%)
  ETH: 1770.7400 (+2.99%)
  SOL: 74.1400 (+3.95%)
  BNB: 615.7000 (-0.37%)
  DOT: 1.0100 (+0.60%)
  LINK: 8.2580 (+0.77%)
  XRP: 1.2350 (+4.47%)
==================================================
[2026-06-16 16:00:22] 
==================================================
📊 整点汇报 2026-06-16 16:00
恐惧贪婪指数: 23 (极度恐惧)
今日PnL: +7.25 USDT (+7.2%)
持仓数: 3/4
  🔴 DOT SHORT @1.0130 现价:1.0150 PnL:-0.39U (-0.20%)
  🔴 BNB SHORT @633.0100 现价:616.1700 PnL:+5.56U (+2.66%)
  🔴 LINK SHORT @8.2660 现价:8.2820 PnL:-0.39U (-0.19%)
  BTC: 66341.8000 (+1.06%)
  ETH: 1773.4000 (+3.34%)
  SOL: 74.4100 (+4.48%)
  BNB: 616.1700 (+0.05%)
  DOT: 1.0150 (+1.70%)
  LINK: 8.2820 (+1.27%)
  XRP: 1.2348 (+4.58%)
==================================================
[2026-06-16 17:00:24] 
==================================================
📊 整点汇报 2026-06-16 17:00
恐惧贪婪指数: 23 (极度恐惧)
今日PnL: +7.25 USDT (+7.2%)
持仓数: 3/4
  🔴 DOT SHORT @1.0130 现价:1.0300 PnL:-3.35U (-1.68%)
  🔴 BNB SHORT @633.0100 现价:619.2500 PnL:+4.54U (+2.17%)
  🔴 LINK SHORT @8.2660 现价:8.3990 PnL:-3.22U (-1.61%)
  BTC: 66920.3000 (+1.93%)
  ETH: 1801.7300 (+4.77%)
  SOL: 75.3100 (+5.70%)
  BNB: 619.2500 (+0.47%)
  DOT: 1.0300 (+3.00%)
  LINK: 8.3990 (+2.35%)
  XRP: 1.2468 (+5.63%)
==================================================
[2026-06-16 18:00:12] 
==================================================
📊 整点汇报 2026-06-16 18:00
恐惧贪婪指数: 23 (极度恐惧)
今日PnL: +7.25 USDT (+7.2%)
持仓数: 3/4
  🔴 DOT SHORT @1.0130 现价:1.0230 PnL:-1.97U (-0.99%)
  🔴 BNB SHORT @633.0100 现价:615.5400 PnL:+5.77U (+2.76%)
  🔴 LINK SHORT @8.2660 现价:8.3450 PnL:-1.91U (-0.96%)
  BTC: 66484.9000 (+1.42%)
  ETH: 1788.4800 (+4.17%)
  SOL: 74.8100 (+5.10%)
  BNB: 615.5400 (+0.15%)
  DOT: 1.0230 (+1.99%)
  LINK: 8.3450 (+1.76%)
  XRP: 1.2380 (+4.50%)
==================================================
[2026-06-16 19:00:47] 
==================================================
📊 整点汇报 2026-06-16 19:00
恐惧贪婪指数: 23 (极度恐惧)
今日PnL: +7.25 USDT (+7.2%)
持仓数: 3/4
  🔴 DOT SHORT @1.0130 现价:1.0230 PnL:-1.97U (-0.99%)
  🔴 BNB SHORT @633.0100 现价:614.5700 PnL:+6.09U (+2.91%)
  🔴 LINK SHORT @8.2660 现价:8.3400 PnL:-1.79U (-0.90%)
  BTC: 66488.5000 (+0.91%)
  ETH: 1793.0600 (+3.27%)
  SOL: 74.6500 (+3.90%)
  BNB: 614.5700 (-0.52%)
  DOT: 1.0230 (+0.69%)
  LINK: 8.3400 (+0.11%)
  XRP: 1.2389 (+3.44%)
==================================================
[2026-06-16 20:00:17] 
==================================================
📊 整点汇报 2026-06-16 20:00
恐惧贪婪指数: 23 (极度恐惧)
今日PnL: +7.25 USDT (+7.2%)
持仓数: 3/4
  🔴 DOT SHORT @1.0130 现价:1.0210 PnL:-1.58U (-0.79%)
  🔴 BNB SHORT @633.0100 现价:614.6500 PnL:+6.06U (+2.90%)
  🔴 LINK SHORT @8.2660 现价:8.3280 PnL:-1.50U (-0.75%)
  BTC: 66444.0000 (+0.42%)
  ETH: 1798.1700 (+2.04%)
  SOL: 74.6200 (+2.81%)
  BNB: 614.6500 (-0.99%)
  DOT: 1.0210 (+0.10%)
  LINK: 8.3280 (+0.31%)
  XRP: 1.2374 (+0.52%)
==================================================
[2026-06-16 20:32:30] ❌ 平仓 LINK SL | 入场:8.2660 出场:8.4320 | PnL:-2.01% (-4.02USDT) | 平100%仓 | ✅ 平仓成功
[2026-06-16 20:33:03] ✅ 平仓 LINK TP1 | 入场:8.4320 出场:8.4320 | PnL:0.00% (+0.00USDT) | 平100%仓 | ✅ 平仓成功
[2026-06-16 21:00:22] 
==================================================
📊 整点汇报 2026-06-16 21:00
恐惧贪婪指数: 23 (极度恐惧)
今日PnL: +5.26 USDT (+5.3%)
持仓数: 0/4
  BTC: 66399.9000 (-0.19%)
  ETH: 1814.5400 (+2.17%)
  SOL: 74.9300 (+3.04%)
  BNB: 614.8200 (-1.58%)
  DOT: 1.0270 (+0.20%)
  LINK: 8.3860 (+0.46%)
  XRP: 1.2439 (+0.49%)
==================================================
[2026-06-16 22:00:41] 🔴 开空 LINK @8.258 | 评分:80 | 状态:trending | AI:做空(70%) | ✅ 下单成功
[2026-06-16 22:00:57] 
==================================================
📊 整点汇报 2026-06-16 22:00
恐惧贪婪指数: 23 (极度恐惧)
今日PnL: +5.26 USDT (+5.3%)
持仓数: 1/4
  🔴 LINK SHORT @8.2580 现价:8.2580 PnL:+0.00U (+0.00%)
  BTC: 66051.0000 (-0.59%)
  ETH: 1799.9800 (-0.82%)
  SOL: 74.1100 (+0.71%)
  BNB: 606.7900 (-3.20%)
  DOT: 1.0130 (-2.13%)
  LINK: 8.2580 (-2.57%)
  XRP: 1.2263 (-1.02%)
==================================================
[2026-06-16 22:18:06] 🔴 开空 DOT @1.008 | 评分:80 | 状态:trending | AI:做多(65%) | ✅ 下单成功
[2026-06-16 22:19:53] 🔴 开空 SOL @73.31 | 评分:110 | 状态:trending | AI:做多(65%) | ✅ 下单成功
[2026-06-16 22:22:38] 🔴 开空 ETH @1780.01 | 评分:80 | 状态:trending | AI:做空(65%) | ✅ 下单成功
[2026-06-16 23:00:17] 
==================================================
📊 整点汇报 2026-06-16 23:00
恐惧贪婪指数: 23 (极度恐惧)
今日PnL: +5.26 USDT (+5.3%)
持仓数: 4/4
  🔴 LINK SHORT @8.2580 现价:8.1560 PnL:+2.47U (+1.24%)
  🔴 DOT SHORT @1.0080 现价:0.9950 PnL:+2.58U (+1.29%)
  🔴 SOL SHORT @73.3100 现价:72.9300 PnL:+1.04U (+0.52%)
  🔴 ETH SHORT @1780.0100 现价:1780.0000 PnL:+0.00U (+0.00%)
  BTC: 65622.5000 (-1.47%)
  ETH: 1780.0000 (-1.90%)
  SOL: 72.9300 (-1.10%)
  BNB: 605.7800 (-3.68%)
  DOT: 0.9950 (-3.49%)
  LINK: 8.1560 (-3.52%)
  XRP: 1.2088 (-2.81%)
==================================================
