[2026-07-08 00:00:55] 
==================================================
📊 整点汇报 2026-07-08 00:00
恐惧贪婪指数: 27 (恐惧)
今日PnL: +0.00 USDT (+0.0%)
持仓数: 1/4
  🟢 ETH LONG @1798.7500 现价:1796.4800 PnL:-0.02U (-0.13%)
  BTC: 63902.3000 (+1.44%)
  ETH: 1796.4800 (+0.66%)
  SOL: 82.0700 (+0.90%)
  BNB: 585.0100 (+0.03%)
  DOT: 0.8730 (+0.00%)
  LINK: 7.9970 (+0.00%)
  XRP: 1.1297 (-1.17%)
==================================================
[2026-07-08 00:11:58] ✅ 平仓 ETH 迷你仓修复 | 入场:1798.7500 出场:1798.7500 | PnL:0.00% (+0.00USDT) | 平100%仓 | ❌ 平仓失败
[2026-07-08 00:26:42] ✅ 平仓 ETH 迷你仓修复 | 入场:1798.7500 出场:1798.7500 | PnL:0.00% (+0.00USDT) | 平100%仓 | ❌ 平仓失败
[2026-07-08 00:41:39] ✅ 平仓 ETH 迷你仓修复 | 入场:1798.7500 出场:1798.7500 | PnL:0.00% (+0.00USDT) | 平100%仓 | ❌ 平仓失败
[2026-07-08 00:48:13] 🟢 开多 LINK @8.02 | 评分:70 | 状态:ranging | AI:做空(0.7%) | ✅ 下单成功
[2026-07-08 00:56:00] ✅ 平仓 ETH 迷你仓修复 | 入场:1798.7500 出场:1798.7500 | PnL:0.00% (+0.00USDT) | 平100%仓 | ❌ 平仓失败
[2026-07-08 01:00:53] 
==================================================
📊 整点汇报 2026-07-08 01:00
恐惧贪婪指数: 27 (恐惧)
今日PnL: +0.00 USDT (+0.0%)
持仓数: 1/4
  🟢 LINK LONG @8.0180 现价:8.0120 PnL:-0.15U (-0.07%)
  BTC: 63997.7000 (+0.52%)
  ETH: 1802.6500 (+0.61%)
  SOL: 82.1700 (+0.17%)
  BNB: 585.7300 (+0.09%)
  DOT: 0.8730 (-1.80%)
  LINK: 8.0120 (-0.31%)
  XRP: 1.1291 (-2.06%)
==================================================
[2026-07-08 01:12:11] ✅ 平仓 ETH 迷你仓修复 | 入场:1798.7500 出场:1798.7500 | PnL:0.00% (+0.00USDT) | 平100%仓 | ❌ 平仓失败
[2026-07-08 01:25:58] ✅ 平仓 ETH 迷你仓修复 | 入场:1798.7500 出场:1798.7500 | PnL:0.00% (+0.00USDT) | 平100%仓 | ❌ 平仓失败
[2026-07-08 02:01:50] 
==================================================
📊 整点汇报 2026-07-08 02:00
恐惧贪婪指数: 50 (中性)
今日PnL: +0.00 USDT (+0.0%)
持仓数: 0/4
  BTC: 64135.2000 (+0.47%)
  ETH: 1805.4600 (+0.92%)
  SOL: 82.4200 (+0.00%)
  BNB: 585.9500 (+0.42%)
  DOT: 0.8710 (-1.47%)
  LINK: 8.0010 (+0.00%)
  XRP: 1.1288 (-1.90%)
==================================================
[2026-07-08 03:01:40] 
==================================================
📊 整点汇报 2026-07-08 03:00
恐惧贪婪指数: 50 (中性)
今日PnL: +0.00 USDT (+0.0%)
持仓数: 0/4
  BTC: 64135.2000 (+0.47%)
  ETH: 1805.4600 (+0.92%)
  SOL: 82.4200 (+0.00%)
  BNB: 585.9500 (+0.42%)
  DOT: 0.8710 (-1.47%)
  LINK: 8.0010 (+0.00%)
  XRP: 1.1288 (-1.90%)
==================================================
[2026-07-08 04:05:55] 
==================================================
📊 整点汇报 2026-07-08 04:04
恐惧贪婪指数: 50 (中性)
今日PnL: +0.00 USDT (+0.0%)
持仓数: 0/4
  BTC: 64135.2000 (+0.47%)
  ETH: 1805.4600 (+0.92%)
  SOL: 82.4200 (+0.00%)
  BNB: 585.9500 (+0.42%)
  DOT: 0.8710 (-1.47%)
  LINK: 8.0010 (+0.00%)
  XRP: 1.1288 (-1.90%)
==================================================
[2026-07-08 05:05:29] 
==================================================
📊 整点汇报 2026-07-08 05:04
恐惧贪婪指数: 50 (中性)
今日PnL: +0.00 USDT (+0.0%)
持仓数: 0/4
  BTC: 64135.2000 (+0.47%)
  ETH: 1805.4600 (+0.92%)
  SOL: 82.4200 (+0.00%)
  BNB: 585.9500 (+0.42%)
  DOT: 0.8710 (-1.47%)
  LINK: 8.0010 (+0.00%)
  XRP: 1.1288 (-1.90%)
==================================================
[2026-07-08 06:04:35] 
==================================================
📊 整点汇报 2026-07-08 06:03
恐惧贪婪指数: 50 (中性)
今日PnL: +0.00 USDT (+0.0%)
持仓数: 0/4
  BTC: 64135.2000 (+0.47%)
  ETH: 1805.4600 (+0.92%)
  SOL: 82.4200 (+0.00%)
  BNB: 585.9500 (+0.42%)
  DOT: 0.8710 (-1.47%)
  LINK: 8.0010 (+0.00%)
  XRP: 1.1288 (-1.90%)
==================================================
[2026-07-08 07:02:57] 
==================================================
📊 整点汇报 2026-07-08 07:01
恐惧贪婪指数: 50 (中性)
今日PnL: +0.00 USDT (+0.0%)
持仓数: 0/4
  BTC: 64135.2000 (+0.47%)
  ETH: 1805.4600 (+0.92%)
  SOL: 82.4200 (+0.00%)
  BNB: 585.9500 (+0.42%)
  DOT: 0.8710 (-1.47%)
  LINK: 8.0010 (+0.00%)
  XRP: 1.1288 (-1.90%)
==================================================
[2026-07-08 08:01:50] 
==================================================
📊 整点汇报 2026-07-08 08:00
恐惧贪婪指数: 50 (中性)
今日PnL: +0.00 USDT (+0.0%)
持仓数: 0/4
  BTC: 64135.2000 (+0.47%)
  ETH: 1805.4600 (+0.92%)
  SOL: 82.4200 (+0.00%)
  BNB: 585.9500 (+0.42%)
  DOT: 0.8710 (-1.47%)
  LINK: 8.0010 (+0.00%)
  XRP: 1.1288 (-1.90%)
==================================================
[2026-07-08 09:06:07] 
==================================================
📊 整点汇报 2026-07-08 09:04
恐惧贪婪指数: 50 (中性)
今日PnL: +0.00 USDT (+0.0%)
持仓数: 0/4
  BTC: 64135.2000 (+0.47%)
  ETH: 1805.4600 (+0.92%)
  SOL: 82.4200 (+0.00%)
  BNB: 585.9500 (+0.42%)
  DOT: 0.8710 (-1.47%)
  LINK: 8.0010 (+0.00%)
  XRP: 1.1288 (-1.90%)
==================================================
[2026-07-08 09:40:36] 🔴 开空 BNB @572.2 | 评分:80 | 状态:trending | AI:做多(65%) | ✅ 下单成功
[2026-07-08 09:43:03] ✅ 平仓 ETH 迷你仓修复 | 入场:1798.7500 出场:1798.7500 | PnL:0.00% (+0.00USDT) | 平100%仓 | ❌ 平仓失败
[2026-07-08 09:43:34] ❌ 平仓 LINK SL | 入场:8.0180 出场:7.7540 | PnL:-3.29% (-6.58USDT) | 平100%仓 | ✅ 平仓成功
[2026-07-08 09:44:04] 🔴 开空 DOT @0.842 | 评分:70 | 状态:trending | AI:做空(0.7%) | ✅ 下单成功
[2026-07-08 09:54:05] ✅ 平仓 ETH 迷你仓修复 | 入场:1798.7500 出场:1798.7500 | PnL:0.00% (+0.00USDT) | 平100%仓 | ❌ 平仓失败
[2026-07-08 09:56:41] 🔴 开空 LINK @7.745 | 评分:80 | 状态:trending | AI:做空(65%) | ✅ 下单成功
[2026-07-08 10:00:11] 
==================================================
📊 整点汇报 2026-07-08 10:00
恐惧贪婪指数: 20 (极度恐惧)
今日PnL: -6.45 USDT (-6.5%)
持仓数: 3/4
  🔴 DOT SHORT @0.8420 现价:0.8400 PnL:+0.48U (+0.24%)
  🔴 BNB SHORT @572.3300 现价:572.3000 PnL:+0.01U (+0.01%)
  🔴 LINK SHORT @7.7450 现价:7.7450 PnL:+0.00U (+0.00%)
  BTC: 63096.3000 (-1.32%)
  ETH: 1755.6000 (-2.08%)
  SOL: 79.0400 (-3.50%)
  BNB: 572.3000 (-1.91%)
  DOT: 0.8400 (-4.54%)
  LINK: 7.7450 (-3.01%)
  XRP: 1.0990 (-3.74%)
==================================================
[2026-07-08 10:04:40] ✅ 平仓 ETH 迷你仓修复 | 入场:1798.7500 出场:1798.7500 | PnL:0.00% (+0.00USDT) | 平100%仓 | ❌ 平仓失败
[2026-07-08 10:16:39] ✅ 平仓 ETH 迷你仓修复 | 入场:1798.7500 出场:1798.7500 | PnL:0.00% (+0.00USDT) | 平100%仓 | ❌ 平仓失败
[2026-07-08 10:28:13] ✅ 平仓 ETH 迷你仓修复 | 入场:1798.7500 出场:1798.7500 | PnL:0.00% (+0.00USDT) | 平100%仓 | ❌ 平仓失败
[2026-07-08 10:39:56] ✅ 平仓 ETH 迷你仓修复 | 入场:1798.7500 出场:1798.7500 | PnL:0.00% (+0.00USDT) | 平100%仓 | ❌ 平仓失败
[2026-07-08 10:53:07] ✅ 平仓 ETH 迷你仓修复 | 入场:1798.7500 出场:1798.7500 | PnL:0.00% (+0.00USDT) | 平100%仓 | ❌ 平仓失败
[2026-07-08 11:00:30] 
==================================================
📊 整点汇报 2026-07-08 11:00
恐惧贪婪指数: 20 (极度恐惧)
今日PnL: -6.45 USDT (-6.5%)
持仓数: 3/4
  🔴 DOT SHORT @0.8420 现价:0.8340 PnL:+1.90U (+0.95%)
  🔴 LINK SHORT @7.7390 现价:7.7290 PnL:+0.26U (+0.13%)
  🔴 BNB SHORT @572.3300 现价:571.2600 PnL:+0.37U (+0.19%)
  BTC: 62929.4000 (-0.57%)
  ETH: 1757.8800 (-1.17%)
  SOL: 79.0300 (-2.82%)
  BNB: 571.2600 (-1.69%)
  DOT: 0.8340 (-3.92%)
  LINK: 7.7290 (-2.41%)
  XRP: 1.0994 (-2.75%)
==================================================
[2026-07-08 11:05:41] ✅ 平仓 ETH 迷你仓修复 | 入场:1798.7500 出场:1798.7500 | PnL:0.00% (+0.00USDT) | 平100%仓 | ❌ 平仓失败
[2026-07-08 11:18:16] ✅ 平仓 ETH 迷你仓修复 | 入场:1798.7500 出场:1798.7500 | PnL:0.00% (+0.00USDT) | 平100%仓 | ❌ 平仓失败
[2026-07-08 11:29:50] ✅ 平仓 ETH 迷你仓修复 | 入场:1798.7500 出场:1798.7500 | PnL:0.00% (+0.00USDT) | 平100%仓 | ❌ 平仓失败
[2026-07-08 11:41:27] ✅ 平仓 ETH 迷你仓修复 | 入场:1798.7500 出场:1798.7500 | PnL:0.00% (+0.00USDT) | 平100%仓 | ❌ 平仓失败
[2026-07-08 11:53:26] ✅ 平仓 ETH 迷你仓修复 | 入场:1798.7500 出场:1798.7500 | PnL:0.00% (+0.00USDT) | 平100%仓 | ❌ 平仓失败
[2026-07-08 12:00:57] 
==================================================
📊 整点汇报 2026-07-08 12:00
恐惧贪婪指数: 20 (极度恐惧)
今日PnL: -6.45 USDT (-6.5%)
持仓数: 3/4
  🔴 DOT SHORT @0.8420 现价:0.8330 PnL:+2.14U (+1.07%)
  🔴 LINK SHORT @7.7390 现价:7.6910 PnL:+1.24U (+0.62%)
  🔴 BNB SHORT @572.3300 现价:569.3500 PnL:+1.04U (+0.52%)
  BTC: 62782.7000 (-0.60%)
  ETH: 1750.7600 (-1.09%)
  SOL: 78.6600 (-2.89%)
  BNB: 569.3500 (-1.69%)
  DOT: 0.8330 (-3.14%)
  LINK: 7.6910 (-2.85%)
  XRP: 1.0947 (-3.03%)
==================================================
[2026-07-08 12:06:20] ✅ 平仓 ETH 迷你仓修复 | 入场:1798.7500 出场:1798.7500 | PnL:0.00% (+0.00USDT) | 平100%仓 | ❌ 平仓失败
[2026-07-08 12:50:21] ✅ 平仓 ETH 迷你仓修复 | 入场:1798.7500 出场:1798.7500 | PnL:0.00% (+0.00USDT) | 平100%仓 | ❌ 平仓失败
[2026-07-08 13:00:12] 
==================================================
📊 整点汇报 2026-07-08 13:00
恐惧贪婪指数: 50 (中性)
今日PnL: -6.45 USDT (-6.5%)
持仓数: 3/4
  🔴 DOT SHORT @0.8420 现价:0.8340 PnL:+1.90U (+0.95%)
  🔴 LINK SHORT @7.7390 现价:7.7020 PnL:+0.96U (+0.48%)
  🔴 BNB SHORT @572.3300 现价:569.7700 PnL:+0.90U (+0.45%)
  BTC: 62689.7000 (-0.51%)
  ETH: 1755.0800 (-0.64%)
  SOL: 78.4700 (-2.90%)
  BNB: 569.7700 (-1.62%)
  DOT: 0.8340 (-3.02%)
  LINK: 7.7020 (-2.12%)
  XRP: 1.0943 (-2.71%)
==================================================
[2026-07-08 13:07:58] ✅ 平仓 ETH 迷你仓修复 | 入场:1798.7500 出场:1798.7500 | PnL:0.00% (+0.00USDT) | 平100%仓 | ❌ 平仓失败
[2026-07-08 13:20:50] ✅ 平仓 ETH 迷你仓修复 | 入场:1798.7500 出场:1798.7500 | PnL:0.00% (+0.00USDT) | 平100%仓 | ❌ 平仓失败
[2026-07-08 13:33:08] ✅ 平仓 ETH 迷你仓修复 | 入场:1798.7500 出场:1798.7500 | PnL:0.00% (+0.00USDT) | 平100%仓 | ❌ 平仓失败
[2026-07-08 13:46:47] ✅ 平仓 ETH 迷你仓修复 | 入场:1798.7500 出场:1798.7500 | PnL:0.00% (+0.00USDT) | 平100%仓 | ❌ 平仓失败
[2026-07-08 13:59:01] ✅ 平仓 ETH 迷你仓修复 | 入场:1798.7500 出场:1798.7500 | PnL:0.00% (+0.00USDT) | 平100%仓 | ❌ 平仓失败
[2026-07-08 14:00:20] 
==================================================
📊 整点汇报 2026-07-08 14:00
恐惧贪婪指数: 20 (极度恐惧)
今日PnL: -6.45 USDT (-6.5%)
持仓数: 3/4
  🔴 DOT SHORT @0.8420 现价:0.8340 PnL:+1.90U (+0.95%)
  🔴 LINK SHORT @7.7390 现价:7.6850 PnL:+1.40U (+0.70%)
  🔴 BNB SHORT @572.3300 现价:569.0900 PnL:+1.13U (+0.57%)
  BTC: 62627.0000 (-0.94%)
  ETH: 1753.3200 (-1.04%)
  SOL: 78.4500 (-3.30%)
  BNB: 569.0900 (-1.87%)
  DOT: 0.8340 (-3.47%)
  LINK: 7.6850 (-2.60%)
  XRP: 1.0914 (-3.27%)
==================================================
[2026-07-08 14:12:27] ✅ 平仓 ETH 迷你仓修复 | 入场:1798.7500 出场:1798.7500 | PnL:0.00% (+0.00USDT) | 平100%仓 | ❌ 平仓失败
[2026-07-08 14:26:47] ✅ 平仓 ETH 迷你仓修复 | 入场:1798.7500 出场:1798.7500 | PnL:0.00% (+0.00USDT) | 平100%仓 | ❌ 平仓失败
[2026-07-08 14:40:22] ✅ 平仓 ETH 迷你仓修复 | 入场:1798.7500 出场:1798.7500 | PnL:0.00% (+0.00USDT) | 平100%仓 | ❌ 平仓失败
[2026-07-08 14:52:25] ✅ 平仓 ETH 迷你仓修复 | 入场:1798.7500 出场:1798.7500 | PnL:0.00% (+0.00USDT) | 平100%仓 | ❌ 平仓失败
[2026-07-08 15:00:42] 
==================================================
📊 整点汇报 2026-07-08 15:00
恐惧贪婪指数: 20 (极度恐惧)
今日PnL: -6.45 USDT (-6.5%)
持仓数: 3/4
  🔴 DOT SHORT @0.8420 现价:0.8340 PnL:+1.90U (+0.95%)
  🔴 LINK SHORT @7.7390 现价:7.6720 PnL:+1.73U (+0.87%)
  🔴 BNB SHORT @572.3300 现价:566.7300 PnL:+1.96U (+0.98%)
  BTC: 62617.0000 (-1.11%)
  ETH: 1750.8600 (-1.53%)
  SOL: 78.1500 (-4.09%)
  BNB: 566.7300 (-2.36%)
  DOT: 0.8340 (-3.92%)
  LINK: 7.6720 (-3.18%)
  XRP: 1.0906 (-3.67%)
==================================================
[2026-07-08 15:05:19] ✅ 平仓 ETH 迷你仓修复 | 入场:1798.7500 出场:1798.7500 | PnL:0.00% (+0.00USDT) | 平100%仓 | ❌ 平仓失败
[2026-07-08 15:17:54] ✅ 平仓 ETH 迷你仓修复 | 入场:1798.7500 出场:1798.7500 | PnL:0.00% (+0.00USDT) | 平100%仓 | ❌ 平仓失败
[2026-07-08 15:30:45] ✅ 平仓 ETH 迷你仓修复 | 入场:1798.7500 出场:1798.7500 | PnL:0.00% (+0.00USDT) | 平100%仓 | ❌ 平仓失败
[2026-07-08 15:43:33] ✅ 平仓 ETH 迷你仓修复 | 入场:1798.7500 出场:1798.7500 | PnL:0.00% (+0.00USDT) | 平100%仓 | ❌ 平仓失败
[2026-07-08 15:57:15] ✅ 平仓 ETH 迷你仓修复 | 入场:1798.7500 出场:1798.7500 | PnL:0.00% (+0.00USDT) | 平100%仓 | ❌ 平仓失败
[2026-07-08 16:00:37] 
==================================================
📊 整点汇报 2026-07-08 16:00
恐惧贪婪指数: 20 (极度恐惧)
今日PnL: -6.45 USDT (-6.5%)
持仓数: 3/4
  🔴 DOT SHORT @0.8420 现价:0.8400 PnL:+0.48U (+0.24%)
  🔴 LINK SHORT @7.7390 现价:7.6970 PnL:+1.09U (+0.54%)
  🔴 BNB SHORT @572.3300 现价:568.1800 PnL:+1.45U (+0.73%)
  BTC: 62858.9000 (-0.40%)
  ETH: 1755.9700 (-0.92%)
  SOL: 78.2300 (-3.95%)
  BNB: 568.1800 (-1.82%)
  DOT: 0.8400 (-2.44%)
  LINK: 7.6970 (-2.66%)
  XRP: 1.0931 (-2.97%)
==================================================
[2026-07-08 16:11:51] ✅ 平仓 ETH 迷你仓修复 | 入场:1798.7500 出场:1798.7500 | PnL:0.00% (+0.00USDT) | 平100%仓 | ❌ 平仓失败
[2026-07-08 16:25:10] ✅ 平仓 ETH 迷你仓修复 | 入场:1798.7500 出场:1798.7500 | PnL:0.00% (+0.00USDT) | 平100%仓 | ❌ 平仓失败
[2026-07-08 16:38:03] ✅ 平仓 ETH 迷你仓修复 | 入场:1798.7500 出场:1798.7500 | PnL:0.00% (+0.00USDT) | 平100%仓 | ❌ 平仓失败
[2026-07-08 16:48:30] ✅ 平仓 DOT SL | 入场:0.8420 出场:0.8320 | PnL:1.19% (+2.38USDT) | 平100%仓 | ✅ 平仓成功
[2026-07-08 16:48:58] ✅ 平仓 LINK SL | 入场:7.7390 出场:7.6220 | PnL:1.51% (+3.02USDT) | 平100%仓 | ✅ 平仓成功
[2026-07-08 16:49:26] ❌ 平仓 DOT TP1 | 入场:0.8320 出场:0.8320 | PnL:-0.00% (-0.00USDT) | 平100%仓 | ✅ 平仓成功
[2026-07-08 16:49:44] ❌ 平仓 LINK TP1 | 入场:7.6290 出场:7.6220 | PnL:-0.09% (-0.15USDT) | 平100%仓 | ✅ 平仓成功
[2026-07-08 16:53:37] ✅ 平仓 ETH 迷你仓修复 | 入场:1798.7500 出场:1798.7500 | PnL:0.00% (+0.00USDT) | 平100%仓 | ❌ 平仓失败
[2026-07-08 17:00:30] 
==================================================
📊 整点汇报 2026-07-08 17:00
恐惧贪婪指数: 20 (极度恐惧)
今日PnL: -0.82 USDT (-0.8%)
持仓数: 1/4
  🔴 BNB SHORT @572.3300 现价:561.8600 PnL:+3.66U (+1.83%)
  BTC: 62014.6000 (-1.71%)
  ETH: 1734.4800 (+0.00%)
  SOL: 77.2300 (-5.02%)
  BNB: 561.8600 (-2.77%)
  DOT: 0.8260 (-4.07%)
  LINK: 7.5750 (-4.11%)
  XRP: 1.0803 (-4.00%)
==================================================
[2026-07-08 17:05:53] ✅ 平仓 ETH 迷你仓修复 | 入场:1798.7500 出场:1798.7500 | PnL:0.00% (+0.00USDT) | 平100%仓 | ❌ 平仓失败
[2026-07-08 17:18:42] ✅ 平仓 ETH 迷你仓修复 | 入场:1798.7500 出场:1798.7500 | PnL:0.00% (+0.00USDT) | 平100%仓 | ❌ 平仓失败
[2026-07-08 17:21:43] 🔴 开空 DOT @0.822 | 评分:80 | 状态:ranging | AI:做空(75%) | ✅ 下单成功
[2026-07-08 17:26:36] 🔴 开空 LINK @7.552 | 评分:75 | 状态:ranging | AI:做多(65%) | ✅ 下单成功
[2026-07-08 17:33:40] ✅ 平仓 ETH 迷你仓修复 | 入场:1798.7500 出场:1798.7500 | PnL:0.00% (+0.00USDT) | 平100%仓 | ❌ 平仓失败
[2026-07-08 18:04:51] 
==================================================
📊 整点汇报 2026-07-08 18:03
恐惧贪婪指数: 50 (中性)
今日PnL: -0.82 USDT (-0.8%)
持仓数: 3/4
  🔴 DOT SHORT @0.8220 现价:0.8230 PnL:-0.24U (-0.12%)
  🔴 LINK SHORT @7.5510 现价:7.5570 PnL:-0.16U (-0.08%)
  🔴 BNB SHORT @572.3300 现价:561.6600 PnL:+3.73U (+1.86%)
  BTC: 61891.3000 (-1.97%)
  ETH: 1732.8400 (-2.27%)
  SOL: 77.0700 (-5.10%)
  BNB: 561.6600 (-2.81%)
  DOT: 0.8230 (-4.41%)
  LINK: 7.5570 (-4.46%)
  XRP: 1.0780 (-4.20%)
==================================================
[2026-07-08 18:10:11] ✅ 平仓 ETH 迷你仓修复 | 入场:1798.7500 出场:1798.7500 | PnL:0.00% (+0.00USDT) | 平100%仓 | ❌ 平仓失败
[2026-07-08 18:25:33] ✅ 平仓 ETH 迷你仓修复 | 入场:1798.7500 出场:1798.7500 | PnL:0.00% (+0.00USDT) | 平100%仓 | ❌ 平仓失败
[2026-07-08 18:40:03] ✅ 平仓 ETH 迷你仓修复 | 入场:1798.7500 出场:1798.7500 | PnL:0.00% (+0.00USDT) | 平100%仓 | ❌ 平仓失败
[2026-07-08 18:53:36] ✅ 平仓 ETH 迷你仓修复 | 入场:1798.7500 出场:1798.7500 | PnL:0.00% (+0.00USDT) | 平100%仓 | ❌ 平仓失败
[2026-07-08 19:00:19] 
==================================================
📊 整点汇报 2026-07-08 19:00
恐惧贪婪指数: 20 (极度恐惧)
今日PnL: -0.82 USDT (-0.8%)
持仓数: 3/4
  🔴 DOT SHORT @0.8220 现价:0.8310 PnL:-2.19U (-1.09%)
  🔴 LINK SHORT @7.5510 现价:7.6050 PnL:-1.43U (-0.72%)
  🔴 BNB SHORT @572.3300 现价:563.0700 PnL:+3.24U (+1.62%)
  BTC: 62105.4000 (-1.76%)
  ETH: 1738.1100 (-2.04%)
  SOL: 77.2600 (-4.56%)
  BNB: 563.0700 (-2.70%)
  DOT: 0.8310 (+0.00%)
  LINK: 7.6050 (-3.79%)
  XRP: 1.0826 (-3.62%)
==================================================
[2026-07-08 19:07:01] ✅ 平仓 ETH 迷你仓修复 | 入场:1798.7500 出场:1798.7500 | PnL:0.00% (+0.00USDT) | 平100%仓 | ❌ 平仓失败
[2026-07-08 19:22:32] ✅ 平仓 ETH 迷你仓修复 | 入场:1798.7500 出场:1798.7500 | PnL:0.00% (+0.00USDT) | 平100%仓 | ❌ 平仓失败
[2026-07-08 20:02:27] 
==================================================
📊 整点汇报 2026-07-08 20:00
恐惧贪婪指数: 50 (中性)
今日PnL: -0.82 USDT (-0.8%)
持仓数: 0/4
  BTC: 62095.4000 (-1.64%)
  ETH: 1738.3900 (-1.92%)
  SOL: 77.1900 (-4.60%)
  BNB: 563.9000 (-2.51%)
  DOT: 0.8310 (-3.60%)
  LINK: 7.6040 (+0.00%)
  XRP: 1.0821 (-3.46%)
==================================================
[2026-07-08 21:02:01] 
==================================================
📊 整点汇报 2026-07-08 21:00
恐惧贪婪指数: 50 (中性)
今日PnL: -0.82 USDT (-0.8%)
持仓数: 0/4
  BTC: 62095.4000 (-1.64%)
  ETH: 1738.3900 (-1.92%)
  SOL: 77.1900 (-4.60%)
  BNB: 563.9000 (-2.51%)
  DOT: 0.8310 (-3.60%)
  LINK: 7.6040 (+0.00%)
  XRP: 1.0821 (-3.46%)
==================================================
[2026-07-08 21:28:13] ✅ 平仓 ETH 迷你仓修复 | 入场:1798.7500 出场:1798.7500 | PnL:0.00% (+0.00USDT) | 平100%仓 | ❌ 平仓失败
[2026-07-08 21:42:23] ✅ 平仓 ETH 迷你仓修复 | 入场:1798.7500 出场:1798.7500 | PnL:0.00% (+0.00USDT) | 平100%仓 | ❌ 平仓失败
[2026-07-08 21:59:55] ✅ 平仓 ETH 迷你仓修复 | 入场:1798.7500 出场:1798.7500 | PnL:0.00% (+0.00USDT) | 平100%仓 | ❌ 平仓失败
[2026-07-08 22:02:18] 
==================================================
📊 整点汇报 2026-07-08 22:01
恐惧贪婪指数: 20 (极度恐惧)
今日PnL: -0.82 USDT (-0.8%)
持仓数: 3/4
  🔴 DOT SHORT @0.8220 现价:0.8250 PnL:-0.73U (-0.36%)
  🔴 LINK SHORT @7.5510 现价:7.5870 PnL:-0.95U (-0.48%)
  🔴 BNB SHORT @572.3300 现价:564.0800 PnL:+2.89U (+1.44%)
  BTC: 61690.2000 (-2.25%)
  ETH: 1735.0700 (-1.86%)
  SOL: 76.9600 (-4.92%)
  BNB: 564.0800 (+0.00%)
  DOT: 0.8250 (-3.96%)
  LINK: 7.5870 (-3.44%)
  XRP: 1.0800 (-3.56%)
==================================================
[2026-07-08 22:17:18] ✅ 平仓 ETH 迷你仓修复 | 入场:1798.7500 出场:1798.7500 | PnL:0.00% (+0.00USDT) | 平100%仓 | ❌ 平仓失败
[2026-07-08 22:33:42] ✅ 平仓 ETH 迷你仓修复 | 入场:1798.7500 出场:1798.7500 | PnL:0.00% (+0.00USDT) | 平100%仓 | ❌ 平仓失败
[2026-07-08 22:50:38] ✅ 平仓 ETH 迷你仓修复 | 入场:1798.7500 出场:1798.7500 | PnL:0.00% (+0.00USDT) | 平100%仓 | ❌ 平仓失败
[2026-07-08 23:01:03] 
==================================================
📊 整点汇报 2026-07-08 23:00
恐惧贪婪指数: 20 (极度恐惧)
今日PnL: -0.82 USDT (-0.8%)
持仓数: 3/4
  🔴 DOT SHORT @0.8220 现价:0.8220 PnL:+0.00U (+0.00%)
  🔴 LINK SHORT @7.5510 现价:7.5790 PnL:-0.74U (-0.37%)
  🔴 BNB SHORT @572.3300 现价:564.7400 PnL:+2.66U (+1.33%)
  BTC: 61920.0000 (-2.25%)
  ETH: 1728.5900 (-3.28%)
  SOL: 77.0600 (-5.74%)
  BNB: 564.7400 (-2.88%)
  DOT: 0.8220 (+0.00%)
  LINK: 7.5790 (-4.27%)
  XRP: 1.0775 (-4.15%)
==================================================
[2026-07-08 23:07:08] ✅ 平仓 ETH 迷你仓修复 | 入场:1798.7500 出场:1798.7500 | PnL:0.00% (+0.00USDT) | 平100%仓 | ❌ 平仓失败
[2026-07-08 23:19:20] 🔴 开空 ETH @1722.1 | 评分:75 | 状态:trending | ❌ 下单失败：请求异常：HTTPSConnectionPool(host='testnet.binancefuture.com', port=443): Max retries exceeded with url: /fapi/v1/order?symbol=ETHUSDT&side=SELL&type=MARKET&quantity=0.116&reduceOnly=false&timestamp=1783523936243&recvWindow=30000&newClientOrderId=oc_1783523936_03c78ac458&signature=fe4dca9c9c9aba9a0bef3535fb0225318654c03b5e7c2ca5ba8b42ba5957787e (Caused by SSLError(SSLEOFError(8, '[SSL: UNEXPECTED_EOF_WHILE_READING] EOF occurred in violation of protocol (_ssl.c:1033)')))
[2026-07-08 23:26:27] 🔴 开空 ETH @1722.1 | 评分:75 | 状态:trending | ❌ 下单失败：请求异常：HTTPSConnectionPool(host='testnet.binancefuture.com', port=443): Max retries exceeded with url: /fapi/v1/order?symbol=ETHUSDT&side=SELL&type=MARKET&quantity=0.116&reduceOnly=false&timestamp=1783524360366&recvWindow=30000&newClientOrderId=oc_1783524360_d329ec15d3&signature=495c30215e327122cb6daf07f82a772b75dcc20975658ede14e3b4de9bc3f2fa (Caused by SSLError(SSLEOFError(8, '[SSL: UNEXPECTED_EOF_WHILE_READING] EOF occurred in violation of protocol (_ssl.c:1033)')))
[2026-07-08 23:33:34] 🔴 开空 ETH @1722.1 | 评分:75 | 状态:trending | ❌ 下单失败：请求异常：HTTPSConnectionPool(host='testnet.binancefuture.com', port=443): Max retries exceeded with url: /fapi/v1/order?symbol=ETHUSDT&side=SELL&type=MARKET&quantity=0.116&reduceOnly=false&timestamp=1783524795299&recvWindow=30000&newClientOrderId=oc_1783524795_f4eaed00b3&signature=194ec368a4b2ed83e5ea075cad2cd85893e2515c39111719bc1ee8a552139d70 (Caused by SSLError(SSLEOFError(8, '[SSL: UNEXPECTED_EOF_WHILE_READING] EOF occurred in violation of protocol (_ssl.c:1033)')))
[2026-07-08 23:42:02] 🔴 开空 LINK @7.55 | 评分:70 | 状态:trending | ❌ 下单失败：请求异常：HTTPSConnectionPool(host='testnet.binancefuture.com', port=443): Max retries exceeded with url: /fapi/v1/order?symbol=LINKUSDT&side=SELL&type=MARKET&quantity=26.49&reduceOnly=false&timestamp=1783525300419&recvWindow=30000&newClientOrderId=oc_1783525300_29802319b6&signature=86b974a9176bb116558ee5c12da4cac65a14b725601fc61b43aaca411482dd84 (Caused by SSLError(SSLEOFError(8, '[SSL: UNEXPECTED_EOF_WHILE_READING] EOF occurred in violation of protocol (_ssl.c:1033)')))
[2026-07-08 23:49:01] 🔴 开空 LINK @7.55 | 评分:70 | 状态:trending | ❌ 下单失败：请求异常：HTTPSConnectionPool(host='testnet.binancefuture.com', port=443): Max retries exceeded with url: /fapi/v1/order?symbol=LINKUSDT&side=SELL&type=MARKET&quantity=26.49&reduceOnly=false&timestamp=1783525717108&recvWindow=30000&newClientOrderId=oc_1783525717_301aabaeee&signature=76fbd0d7edf4b51901e21b00800076dcaa9e8a585c9fd778df205260a76e9b64 (Caused by SSLError(SSLEOFError(8, '[SSL: UNEXPECTED_EOF_WHILE_READING] EOF occurred in violation of protocol (_ssl.c:1033)')))
[2026-07-08 23:56:00] 🔴 开空 LINK @7.55 | 评分:70 | 状态:trending | ❌ 下单失败：请求异常：HTTPSConnectionPool(host='testnet.binancefuture.com', port=443): Max retries exceeded with url: /fapi/v1/order?symbol=LINKUSDT&side=SELL&type=MARKET&quantity=26.49&reduceOnly=false&timestamp=1783526139338&recvWindow=30000&newClientOrderId=oc_1783526139_cd87b8bb55&signature=b4aeb1798ac5daf1feca36efd6c3ba611d99da1c1ed0078e05301ed1003decec (Caused by SSLError(SSLEOFError(8, '[SSL: UNEXPECTED_EOF_WHILE_READING] EOF occurred in violation of protocol (_ssl.c:1033)')))
