[2026-07-29 00:05:59] 
==================================================
📊 整点汇报 2026-07-29 00:04
恐惧贪婪指数: 50 (中性)
今日PnL: +3.26 USDT (+3.3%)
持仓数: 3/4
  🔴 XRP SHORT @1.0609 现价:1.0640 PnL:-0.58U (-0.29%)
  🔴 LINK SHORT @8.2660 现价:8.3640 PnL:-2.37U (-1.19%)
  🔴 BNB SHORT @568.9800 现价:573.2000 PnL:-1.48U (-0.74%)
  BTC: 63960.2000 (-0.98%)
  ETH: 1917.0200 (-0.62%)
  SOL: 74.1700 (-1.59%)
  BNB: 573.2000 (+0.72%)
  DOT: 0.7619 (-3.83%)
  LINK: 8.3640 (-2.57%)
  XRP: 1.0640 (-2.17%)
==================================================
[2026-07-29 01:05:06] 
==================================================
📊 整点汇报 2026-07-29 01:03
恐惧贪婪指数: 50 (中性)
今日PnL: +3.26 USDT (+3.3%)
持仓数: 0/4
  BTC: 63960.2000 (-0.98%)
  ETH: 1917.0200 (-0.62%)
  SOL: 74.1700 (-1.59%)
  BNB: 573.2000 (+0.72%)
  DOT: 0.7619 (-3.83%)
  LINK: 8.3640 (-2.57%)
  XRP: 1.0640 (-2.17%)
==================================================
[2026-07-29 02:04:17] 
==================================================
📊 整点汇报 2026-07-29 02:02
恐惧贪婪指数: 50 (中性)
今日PnL: +3.26 USDT (+3.3%)
持仓数: 0/4
  BTC: 63960.2000 (-0.98%)
  ETH: 1917.0200 (-0.62%)
  SOL: 74.1700 (-1.59%)
  BNB: 573.2000 (+0.72%)
  DOT: 0.7619 (-3.83%)
  LINK: 8.3640 (-2.57%)
  XRP: 1.0640 (-2.17%)
==================================================
[2026-07-29 03:03:43] 
==================================================
📊 整点汇报 2026-07-29 03:02
恐惧贪婪指数: 50 (中性)
今日PnL: +3.26 USDT (+3.3%)
持仓数: 0/4
  BTC: 63960.2000 (-0.98%)
  ETH: 1917.0200 (-0.62%)
  SOL: 74.1700 (-1.59%)
  BNB: 573.2000 (+0.72%)
  DOT: 0.7619 (-3.83%)
  LINK: 8.3640 (-2.57%)
  XRP: 1.0640 (-2.17%)
==================================================
[2026-07-29 04:02:59] 
==================================================
📊 整点汇报 2026-07-29 04:01
恐惧贪婪指数: 50 (中性)
今日PnL: +3.26 USDT (+3.3%)
持仓数: 0/4
  BTC: 63960.2000 (-0.98%)
  ETH: 1917.0200 (-0.62%)
  SOL: 74.1700 (-1.59%)
  BNB: 573.2000 (+0.72%)
  DOT: 0.7619 (-3.83%)
  LINK: 8.3640 (-2.57%)
  XRP: 1.0640 (-2.17%)
==================================================
[2026-07-29 05:02:14] 
==================================================
📊 整点汇报 2026-07-29 05:00
恐惧贪婪指数: 50 (中性)
今日PnL: +3.26 USDT (+3.3%)
持仓数: 0/4
  BTC: 63960.2000 (-0.98%)
  ETH: 1917.0200 (-0.62%)
  SOL: 74.1700 (-1.59%)
  BNB: 573.2000 (+0.72%)
  DOT: 0.7619 (-3.83%)
  LINK: 8.3640 (-2.57%)
  XRP: 1.0640 (-2.17%)
==================================================
[2026-07-29 06:01:43] 
==================================================
📊 整点汇报 2026-07-29 06:00
恐惧贪婪指数: 50 (中性)
今日PnL: +3.26 USDT (+3.3%)
持仓数: 0/4
  BTC: 63960.2000 (-0.98%)
  ETH: 1917.0200 (-0.62%)
  SOL: 74.1700 (-1.59%)
  BNB: 573.2000 (+0.72%)
  DOT: 0.7619 (-3.83%)
  LINK: 8.3640 (-2.57%)
  XRP: 1.0640 (-2.17%)
==================================================
[2026-07-29 07:04:41] 
==================================================
📊 整点汇报 2026-07-29 07:03
恐惧贪婪指数: 50 (中性)
今日PnL: +3.26 USDT (+3.3%)
持仓数: 0/4
  BTC: 63960.2000 (-0.98%)
  ETH: 1917.0200 (-0.62%)
  SOL: 74.1700 (-1.59%)
  BNB: 573.2000 (+0.72%)
  DOT: 0.7619 (-3.83%)
  LINK: 8.3640 (-2.57%)
  XRP: 1.0640 (-2.17%)
==================================================
[2026-07-29 07:28:42] ✅ 平仓 ETH 迷你仓修复 | 入场:1972.2500 出场:1972.2500 | PnL:0.00% (+0.00USDT) | 平100%仓 | ❌ 平仓失败
[2026-07-29 07:35:26] ✅ 平仓 ETH 迷你仓修复 | 入场:1972.2500 出场:1972.2500 | PnL:0.00% (+0.00USDT) | 平100%仓 | ❌ 平仓失败
[2026-07-29 07:42:10] ✅ 平仓 ETH 迷你仓修复 | 入场:1972.2500 出场:1972.2500 | PnL:0.00% (+0.00USDT) | 平100%仓 | ❌ 平仓失败
[2026-07-29 07:49:00] ✅ 平仓 ETH 迷你仓修复 | 入场:1972.2500 出场:1972.2500 | PnL:0.00% (+0.00USDT) | 平100%仓 | ❌ 平仓失败
[2026-07-29 07:55:45] ✅ 平仓 ETH 迷你仓修复 | 入场:1972.2500 出场:1972.2500 | PnL:0.00% (+0.00USDT) | 平100%仓 | ❌ 平仓失败
[2026-07-29 08:00:09] 
==================================================
📊 整点汇报 2026-07-29 08:00
恐惧贪婪指数: 29 (恐惧)
今日PnL: -3.96 USDT (-4.0%)
持仓数: 2/4
  🔴 XRP SHORT @1.0609 现价:1.0686 PnL:-1.45U (-0.73%)
  🔴 BNB SHORT @568.9800 现价:571.6000 PnL:-0.92U (-0.46%)
  BTC: 63902.7000 (+0.28%)
  ETH: 1921.3600 (+1.59%)
  SOL: 73.7700 (-0.53%)
  BNB: 571.6000 (+0.89%)
  DOT: 0.7607 (+0.34%)
  LINK: 8.4420 (+0.85%)
  XRP: 1.0686 (+0.31%)
==================================================
[2026-07-29 08:02:33] ✅ 平仓 ETH 迷你仓修复 | 入场:1972.2500 出场:1972.2500 | PnL:0.00% (+0.00USDT) | 平100%仓 | ❌ 平仓失败
[2026-07-29 08:09:19] ✅ 平仓 ETH 迷你仓修复 | 入场:1972.2500 出场:1972.2500 | PnL:0.00% (+0.00USDT) | 平100%仓 | ❌ 平仓失败
[2026-07-29 08:16:05] ✅ 平仓 ETH 迷你仓修复 | 入场:1972.2500 出场:1972.2500 | PnL:0.00% (+0.00USDT) | 平100%仓 | ❌ 平仓失败
[2026-07-29 08:22:54] ✅ 平仓 ETH 迷你仓修复 | 入场:1972.2500 出场:1972.2500 | PnL:0.00% (+0.00USDT) | 平100%仓 | ❌ 平仓失败
[2026-07-29 08:29:41] ✅ 平仓 ETH 迷你仓修复 | 入场:1972.2500 出场:1972.2500 | PnL:0.00% (+0.00USDT) | 平100%仓 | ❌ 平仓失败
[2026-07-29 08:36:32] ✅ 平仓 ETH 迷你仓修复 | 入场:1972.2500 出场:1972.2500 | PnL:0.00% (+0.00USDT) | 平100%仓 | ❌ 平仓失败
[2026-07-29 08:43:23] ✅ 平仓 ETH 迷你仓修复 | 入场:1972.2500 出场:1972.2500 | PnL:0.00% (+0.00USDT) | 平100%仓 | ❌ 平仓失败
[2026-07-29 08:50:12] ✅ 平仓 ETH 迷你仓修复 | 入场:1972.2500 出场:1972.2500 | PnL:0.00% (+0.00USDT) | 平100%仓 | ❌ 平仓失败
[2026-07-29 08:56:58] ✅ 平仓 ETH 迷你仓修复 | 入场:1972.2500 出场:1972.2500 | PnL:0.00% (+0.00USDT) | 平100%仓 | ❌ 平仓失败
[2026-07-29 09:00:19] 
==================================================
📊 整点汇报 2026-07-29 09:00
恐惧贪婪指数: 29 (恐惧)
今日PnL: -3.96 USDT (-4.0%)
持仓数: 2/4
  🔴 XRP SHORT @1.0609 现价:1.0780 PnL:-3.22U (-1.61%)
  🔴 BNB SHORT @568.9800 现价:572.1800 PnL:-1.12U (-0.56%)
  BTC: 63967.7000 (+0.75%)
  ETH: 1916.3400 (+1.98%)
  SOL: 73.7400 (+0.08%)
  BNB: 572.1800 (+1.07%)
  DOT: 0.7644 (+0.95%)
  LINK: 8.4710 (+1.39%)
  XRP: 1.0780 (+1.78%)
==================================================
[2026-07-29 09:03:51] ✅ 平仓 ETH 迷你仓修复 | 入场:1972.2500 出场:1972.2500 | PnL:0.00% (+0.00USDT) | 平100%仓 | ❌ 平仓失败
[2026-07-29 09:10:54] ✅ 平仓 ETH 迷你仓修复 | 入场:1972.2500 出场:1972.2500 | PnL:0.00% (+0.00USDT) | 平100%仓 | ❌ 平仓失败
[2026-07-29 09:17:55] ✅ 平仓 ETH 迷你仓修复 | 入场:1972.2500 出场:1972.2500 | PnL:0.00% (+0.00USDT) | 平100%仓 | ❌ 平仓失败
[2026-07-29 09:25:01] ✅ 平仓 ETH 迷你仓修复 | 入场:1972.2500 出场:1972.2500 | PnL:0.00% (+0.00USDT) | 平100%仓 | ❌ 平仓失败
[2026-07-29 09:32:14] ✅ 平仓 ETH 迷你仓修复 | 入场:1972.2500 出场:1972.2500 | PnL:0.00% (+0.00USDT) | 平100%仓 | ❌ 平仓失败
[2026-07-29 09:39:20] ✅ 平仓 ETH 迷你仓修复 | 入场:1972.2500 出场:1972.2500 | PnL:0.00% (+0.00USDT) | 平100%仓 | ❌ 平仓失败
[2026-07-29 09:46:28] ✅ 平仓 ETH 迷你仓修复 | 入场:1972.2500 出场:1972.2500 | PnL:0.00% (+0.00USDT) | 平100%仓 | ❌ 平仓失败
[2026-07-29 09:53:36] ✅ 平仓 ETH 迷你仓修复 | 入场:1972.2500 出场:1972.2500 | PnL:0.00% (+0.00USDT) | 平100%仓 | ❌ 平仓失败
[2026-07-29 10:00:43] ✅ 平仓 ETH 迷你仓修复 | 入场:1972.2500 出场:1972.2500 | PnL:0.00% (+0.00USDT) | 平100%仓 | ❌ 平仓失败
[2026-07-29 10:01:05] 
==================================================
📊 整点汇报 2026-07-29 10:00
恐惧贪婪指数: 29 (恐惧)
今日PnL: -3.96 USDT (-4.0%)
持仓数: 2/4
  🔴 XRP SHORT @1.0609 现价:1.0717 PnL:-2.04U (-1.02%)
  🔴 BNB SHORT @568.9800 现价:570.8500 PnL:-0.65U (-0.33%)
  BTC: 63703.7000 (+0.72%)
  ETH: 1904.3700 (+1.55%)
  SOL: 73.2300 (+0.11%)
  BNB: 570.8500 (+0.97%)
  DOT: 0.7539 (-0.70%)
  LINK: 8.3870 (+0.90%)
  XRP: 1.0717 (+1.39%)
==================================================
[2026-07-29 10:08:01] ✅ 平仓 ETH 迷你仓修复 | 入场:1972.2500 出场:1972.2500 | PnL:0.00% (+0.00USDT) | 平100%仓 | ❌ 平仓失败
[2026-07-29 10:15:43] ✅ 平仓 ETH 迷你仓修复 | 入场:1972.2500 出场:1972.2500 | PnL:0.00% (+0.00USDT) | 平100%仓 | ❌ 平仓失败
[2026-07-29 10:23:25] ✅ 平仓 ETH 迷你仓修复 | 入场:1972.2500 出场:1972.2500 | PnL:0.00% (+0.00USDT) | 平100%仓 | ❌ 平仓失败
[2026-07-29 10:30:46] ✅ 平仓 ETH 迷你仓修复 | 入场:1972.2500 出场:1972.2500 | PnL:0.00% (+0.00USDT) | 平100%仓 | ❌ 平仓失败
[2026-07-29 10:38:11] ✅ 平仓 ETH 迷你仓修复 | 入场:1972.2500 出场:1972.2500 | PnL:0.00% (+0.00USDT) | 平100%仓 | ❌ 平仓失败
[2026-07-29 10:45:52] ✅ 平仓 ETH 迷你仓修复 | 入场:1972.2500 出场:1972.2500 | PnL:0.00% (+0.00USDT) | 平100%仓 | ❌ 平仓失败
[2026-07-29 10:53:24] ✅ 平仓 ETH 迷你仓修复 | 入场:1972.2500 出场:1972.2500 | PnL:0.00% (+0.00USDT) | 平100%仓 | ❌ 平仓失败
[2026-07-29 11:01:04] ✅ 平仓 ETH 迷你仓修复 | 入场:1972.2500 出场:1972.2500 | PnL:0.00% (+0.00USDT) | 平100%仓 | ❌ 平仓失败
[2026-07-29 11:01:28] 
==================================================
📊 整点汇报 2026-07-29 11:01
恐惧贪婪指数: 29 (恐惧)
今日PnL: -3.96 USDT (-4.0%)
持仓数: 2/4
  🔴 XRP SHORT @1.0609 现价:1.0789 PnL:-3.39U (-1.70%)
  🔴 BNB SHORT @568.9800 现价:570.7900 PnL:-0.63U (-0.32%)
  BTC: 63945.2000 (+1.25%)
  ETH: 1910.0100 (+1.85%)
  SOL: 73.6400 (+0.41%)
  BNB: 570.7900 (+0.92%)
  DOT: 0.7627 (+0.20%)
  LINK: 8.3760 (+0.67%)
  XRP: 1.0789 (+2.07%)
==================================================
[2026-07-29 11:08:46] ✅ 平仓 ETH 迷你仓修复 | 入场:1972.2500 出场:1972.2500 | PnL:0.00% (+0.00USDT) | 平100%仓 | ❌ 平仓失败
[2026-07-29 11:16:14] ✅ 平仓 ETH 迷你仓修复 | 入场:1972.2500 出场:1972.2500 | PnL:0.00% (+0.00USDT) | 平100%仓 | ❌ 平仓失败
[2026-07-29 11:23:41] ✅ 平仓 ETH 迷你仓修复 | 入场:1972.2500 出场:1972.2500 | PnL:0.00% (+0.00USDT) | 平100%仓 | ❌ 平仓失败
[2026-07-29 11:31:20] ✅ 平仓 ETH 迷你仓修复 | 入场:1972.2500 出场:1972.2500 | PnL:0.00% (+0.00USDT) | 平100%仓 | ❌ 平仓失败
[2026-07-29 11:38:58] ✅ 平仓 ETH 迷你仓修复 | 入场:1972.2500 出场:1972.2500 | PnL:0.00% (+0.00USDT) | 平100%仓 | ❌ 平仓失败
[2026-07-29 11:46:40] ✅ 平仓 ETH 迷你仓修复 | 入场:1972.2500 出场:1972.2500 | PnL:0.00% (+0.00USDT) | 平100%仓 | ❌ 平仓失败
[2026-07-29 11:54:17] ✅ 平仓 ETH 迷你仓修复 | 入场:1972.2500 出场:1972.2500 | PnL:0.00% (+0.00USDT) | 平100%仓 | ❌ 平仓失败
[2026-07-29 11:54:42] 🔴 开空 LINK @8.335 | 评分:70 | 状态:trending | AI:做多(65%) | ✅ 下单成功
[2026-07-29 12:00:14] 
==================================================
📊 整点汇报 2026-07-29 12:00
恐惧贪婪指数: 29 (恐惧)
今日PnL: -3.96 USDT (-4.0%)
持仓数: 3/4
  🔴 XRP SHORT @1.0609 现价:1.0709 PnL:-1.89U (-0.94%)
  🔴 BNB SHORT @568.9800 现价:567.6400 PnL:+0.47U (+0.24%)
  🔴 LINK SHORT @8.3350 现价:8.3310 PnL:+0.10U (+0.05%)
  BTC: 63710.1000 (+0.70%)
  ETH: 1891.9300 (+0.66%)
  SOL: 73.0400 (-0.22%)
  BNB: 567.6400 (+0.16%)
  DOT: 0.7579 (-0.34%)
  LINK: 8.3310 (+0.02%)
  XRP: 1.0709 (+1.29%)
==================================================
[2026-07-29 12:02:23] ✅ 平仓 ETH 迷你仓修复 | 入场:1972.2500 出场:1972.2500 | PnL:0.00% (+0.00USDT) | 平100%仓 | ❌ 平仓失败
[2026-07-29 12:11:47] ✅ 平仓 ETH 迷你仓修复 | 入场:1972.2500 出场:1972.2500 | PnL:0.00% (+0.00USDT) | 平100%仓 | ❌ 平仓失败
[2026-07-29 12:19:26] ✅ 平仓 ETH 迷你仓修复 | 入场:1972.2500 出场:1972.2500 | PnL:0.00% (+0.00USDT) | 平100%仓 | ❌ 平仓失败
[2026-07-29 12:27:14] ✅ 平仓 ETH 迷你仓修复 | 入场:1972.2500 出场:1972.2500 | PnL:0.00% (+0.00USDT) | 平100%仓 | ❌ 平仓失败
[2026-07-29 12:35:18] ✅ 平仓 ETH 迷你仓修复 | 入场:1972.2500 出场:1972.2500 | PnL:0.00% (+0.00USDT) | 平100%仓 | ❌ 平仓失败
[2026-07-29 12:44:14] ✅ 平仓 ETH 迷你仓修复 | 入场:1972.2500 出场:1972.2500 | PnL:0.00% (+0.00USDT) | 平100%仓 | ❌ 平仓失败
[2026-07-29 12:52:42] ✅ 平仓 ETH 迷你仓修复 | 入场:1972.2500 出场:1972.2500 | PnL:0.00% (+0.00USDT) | 平100%仓 | ❌ 平仓失败
[2026-07-29 13:01:10] ✅ 平仓 ETH 迷你仓修复 | 入场:1972.2500 出场:1972.2500 | PnL:0.00% (+0.00USDT) | 平100%仓 | ❌ 平仓失败
[2026-07-29 13:01:49] 
==================================================
📊 整点汇报 2026-07-29 13:01
恐惧贪婪指数: 29 (恐惧)
今日PnL: -3.96 USDT (-4.0%)
持仓数: 3/4
  🔴 XRP SHORT @1.0609 现价:1.0803 PnL:-3.66U (-1.83%)
  🔴 LINK SHORT @8.3330 现价:8.3570 PnL:-0.58U (-0.29%)
  🔴 BNB SHORT @568.9800 现价:568.9800 PnL:+0.00U (+0.00%)
  BTC: 63925.0000 (+0.98%)
  ETH: 1904.7000 (+1.42%)
  SOL: 73.4100 (+0.34%)
  BNB: 568.9800 (+0.65%)
  DOT: 0.7606 (-0.12%)
  LINK: 8.3570 (+0.13%)
  XRP: 1.0803 (+2.31%)
==================================================
[2026-07-29 13:03:08] ❌ 平仓 XRP SL | 入场:1.0609 出场:1.0833 | PnL:-2.11% (-4.22USDT) | 平100%仓 | ✅ 平仓成功
[2026-07-29 13:09:56] ✅ 平仓 ETH 迷你仓修复 | 入场:1972.2500 出场:1972.2500 | PnL:0.00% (+0.00USDT) | 平100%仓 | ❌ 平仓失败
[2026-07-29 13:18:48] ✅ 平仓 ETH 迷你仓修复 | 入场:1972.2500 出场:1972.2500 | PnL:0.00% (+0.00USDT) | 平100%仓 | ❌ 平仓失败
[2026-07-29 13:28:03] ✅ 平仓 ETH 迷你仓修复 | 入场:1972.2500 出场:1972.2500 | PnL:0.00% (+0.00USDT) | 平100%仓 | ❌ 平仓失败
[2026-07-29 13:36:42] ✅ 平仓 ETH 迷你仓修复 | 入场:1972.2500 出场:1972.2500 | PnL:0.00% (+0.00USDT) | 平100%仓 | ❌ 平仓失败
[2026-07-29 13:45:21] ✅ 平仓 ETH 迷你仓修复 | 入场:1972.2500 出场:1972.2500 | PnL:0.00% (+0.00USDT) | 平100%仓 | ❌ 平仓失败
[2026-07-29 13:53:51] ✅ 平仓 ETH 迷你仓修复 | 入场:1972.2500 出场:1972.2500 | PnL:0.00% (+0.00USDT) | 平100%仓 | ❌ 平仓失败
[2026-07-29 14:00:27] 
==================================================
📊 整点汇报 2026-07-29 14:00
恐惧贪婪指数: 29 (恐惧)
今日PnL: -8.22 USDT (-8.2%)
持仓数: 2/4
  🔴 LINK SHORT @8.3330 现价:8.3960 PnL:-1.51U (-0.76%)
  🔴 BNB SHORT @568.9800 现价:570.0000 PnL:-0.36U (-0.18%)
  BTC: 64045.4000 (+0.94%)
  ETH: 1911.6300 (+1.51%)
  SOL: 73.6400 (+0.48%)
  BNB: 570.0000 (+0.70%)
  DOT: 0.7604 (-1.18%)
  LINK: 8.3960 (+0.68%)
  XRP: 1.0859 (+2.71%)
==================================================
[2026-07-29 14:02:39] ✅ 平仓 ETH 迷你仓修复 | 入场:1972.2500 出场:1972.2500 | PnL:0.00% (+0.00USDT) | 平100%仓 | ❌ 平仓失败
[2026-07-29 15:08:51] 
==================================================
📊 整点汇报 2026-07-29 15:06
恐惧贪婪指数: 50 (中性)
今日PnL: -8.22 USDT (-8.2%)
持仓数: 0/4
  BTC: 64054.9000 (+1.03%)
  ETH: 1909.5600 (+1.56%)
  SOL: 73.6400 (+0.72%)
  BNB: 569.6400 (+0.80%)
  DOT: 0.7606 (-1.21%)
  LINK: 8.3870 (+0.73%)
  XRP: 1.0844 (+2.63%)
==================================================
[2026-07-29 16:02:24] 
==================================================
📊 整点汇报 2026-07-29 16:00
恐惧贪婪指数: 50 (中性)
今日PnL: -8.22 USDT (-8.2%)
持仓数: 0/4
  BTC: 64054.9000 (+1.03%)
  ETH: 1909.5600 (+1.56%)
  SOL: 73.6400 (+0.72%)
  BNB: 569.6400 (+0.80%)
  DOT: 0.7606 (-1.21%)
  LINK: 8.3870 (+0.73%)
  XRP: 1.0844 (+2.63%)
==================================================
[2026-07-29 17:02:31] 
==================================================
📊 整点汇报 2026-07-29 17:00
恐惧贪婪指数: 50 (中性)
今日PnL: -8.22 USDT (-8.2%)
持仓数: 0/4
  BTC: 64054.9000 (+1.03%)
  ETH: 1909.5600 (+1.56%)
  SOL: 73.6400 (+0.72%)
  BNB: 569.6400 (+0.80%)
  DOT: 0.7606 (-1.21%)
  LINK: 8.3870 (+0.73%)
  XRP: 1.0844 (+2.63%)
==================================================
[2026-07-29 18:03:05] 
==================================================
📊 整点汇报 2026-07-29 18:00
恐惧贪婪指数: 50 (中性)
今日PnL: -8.22 USDT (-8.2%)
持仓数: 0/4
  BTC: 64054.9000 (+1.03%)
  ETH: 1909.5600 (+1.56%)
  SOL: 73.6400 (+0.72%)
  BNB: 569.6400 (+0.80%)
  DOT: 0.7606 (-1.21%)
  LINK: 8.3870 (+0.73%)
  XRP: 1.0844 (+2.63%)
==================================================
[2026-07-29 19:03:40] 
==================================================
📊 整点汇报 2026-07-29 19:01
恐惧贪婪指数: 50 (中性)
今日PnL: -8.22 USDT (-8.2%)
持仓数: 0/4
  BTC: 64054.9000 (+1.03%)
  ETH: 1909.5600 (+1.56%)
  SOL: 73.6400 (+0.72%)
  BNB: 569.6400 (+0.80%)
  DOT: 0.7606 (-1.21%)
  LINK: 8.3870 (+0.73%)
  XRP: 1.0844 (+2.63%)
==================================================
[2026-07-29 20:04:15] 
==================================================
📊 整点汇报 2026-07-29 20:02
恐惧贪婪指数: 50 (中性)
今日PnL: -8.22 USDT (-8.2%)
持仓数: 0/4
  BTC: 64054.9000 (+1.03%)
  ETH: 1909.5600 (+1.56%)
  SOL: 73.6400 (+0.72%)
  BNB: 569.6400 (+0.80%)
  DOT: 0.7606 (-1.21%)
  LINK: 8.3870 (+0.73%)
  XRP: 1.0844 (+2.63%)
==================================================
[2026-07-29 21:04:49] 
==================================================
📊 整点汇报 2026-07-29 21:02
恐惧贪婪指数: 50 (中性)
今日PnL: -8.22 USDT (-8.2%)
持仓数: 0/4
  BTC: 64054.9000 (+1.03%)
  ETH: 1909.5600 (+1.56%)
  SOL: 73.6400 (+0.72%)
  BNB: 569.6400 (+0.80%)
  DOT: 0.7606 (-1.21%)
  LINK: 8.3870 (+0.73%)
  XRP: 1.0844 (+2.63%)
==================================================
[2026-07-29 22:06:21] 
==================================================
📊 整点汇报 2026-07-29 22:04
恐惧贪婪指数: 50 (中性)
今日PnL: -8.22 USDT (-8.2%)
持仓数: 0/4
  BTC: 64054.9000 (+1.03%)
  ETH: 1909.5600 (+1.56%)
  SOL: 73.6400 (+0.72%)
  BNB: 569.6400 (+0.80%)
  DOT: 0.7606 (-1.21%)
  LINK: 8.3870 (+0.73%)
  XRP: 1.0844 (+2.63%)
==================================================
[2026-07-29 23:06:55] 
==================================================
📊 整点汇报 2026-07-29 23:04
恐惧贪婪指数: 50 (中性)
今日PnL: -8.22 USDT (-8.2%)
持仓数: 0/4
  BTC: 64054.9000 (+1.03%)
  ETH: 1909.5600 (+1.56%)
  SOL: 73.6400 (+0.72%)
  BNB: 569.6400 (+0.80%)
  DOT: 0.7606 (-1.21%)
  LINK: 8.3870 (+0.73%)
  XRP: 1.0844 (+2.63%)
==================================================
