[2026-07-11 00:05:57] 
==================================================
📊 整点汇报 2026-07-11 00:04
恐惧贪婪指数: 50 (中性)
今日PnL: +0.00 USDT (+0.0%)
持仓数: 0/4
  BTC: 64103.4000 (+0.00%)
  ETH: 1791.5000 (+2.52%)
  SOL: 78.1100 (+0.20%)
  BNB: 573.8000 (+0.11%)
  DOT: 0.8740 (+5.05%)
  LINK: 7.9250 (+0.00%)
  XRP: 1.1023 (+0.80%)
==================================================
[2026-07-11 01:04:33] 
==================================================
📊 整点汇报 2026-07-11 01:03
恐惧贪婪指数: 50 (中性)
今日PnL: +0.00 USDT (+0.0%)
持仓数: 0/4
  BTC: 64103.4000 (+0.00%)
  ETH: 1791.5000 (+2.52%)
  SOL: 78.1100 (+0.20%)
  BNB: 573.8000 (+0.11%)
  DOT: 0.8740 (+5.05%)
  LINK: 7.9250 (+0.00%)
  XRP: 1.1023 (+0.80%)
==================================================
[2026-07-11 02:03:25] 
==================================================
📊 整点汇报 2026-07-11 02:01
恐惧贪婪指数: 50 (中性)
今日PnL: +0.00 USDT (+0.0%)
持仓数: 0/4
  BTC: 64103.4000 (+0.00%)
  ETH: 1791.5000 (+2.52%)
  SOL: 78.1100 (+0.20%)
  BNB: 573.8000 (+0.11%)
  DOT: 0.8740 (+5.05%)
  LINK: 7.9250 (+0.00%)
  XRP: 1.1023 (+0.80%)
==================================================
[2026-07-11 03:02:52] 
==================================================
📊 整点汇报 2026-07-11 03:01
恐惧贪婪指数: 50 (中性)
今日PnL: +0.00 USDT (+0.0%)
持仓数: 0/4
  BTC: 64103.4000 (+0.00%)
  ETH: 1791.5000 (+2.52%)
  SOL: 78.1100 (+0.20%)
  BNB: 573.8000 (+0.11%)
  DOT: 0.8740 (+5.05%)
  LINK: 7.9250 (+0.00%)
  XRP: 1.1023 (+0.80%)
==================================================
[2026-07-11 04:01:31] 
==================================================
📊 整点汇报 2026-07-11 04:00
恐惧贪婪指数: 50 (中性)
今日PnL: +0.00 USDT (+0.0%)
持仓数: 0/4
  BTC: 64103.4000 (+0.00%)
  ETH: 1791.5000 (+2.52%)
  SOL: 78.1100 (+0.20%)
  BNB: 573.8000 (+0.11%)
  DOT: 0.8740 (+5.05%)
  LINK: 7.9250 (+0.00%)
  XRP: 1.1023 (+0.80%)
==================================================
[2026-07-11 05:06:19] 
==================================================
📊 整点汇报 2026-07-11 05:04
恐惧贪婪指数: 50 (中性)
今日PnL: +0.00 USDT (+0.0%)
持仓数: 0/4
  BTC: 64103.4000 (+0.00%)
  ETH: 1791.5000 (+2.52%)
  SOL: 78.1100 (+0.20%)
  BNB: 573.8000 (+0.11%)
  DOT: 0.8740 (+5.05%)
  LINK: 7.9250 (+0.00%)
  XRP: 1.1023 (+0.80%)
==================================================
[2026-07-11 06:04:53] 
==================================================
📊 整点汇报 2026-07-11 06:03
恐惧贪婪指数: 50 (中性)
今日PnL: +0.00 USDT (+0.0%)
持仓数: 0/4
  BTC: 64103.4000 (+0.00%)
  ETH: 1791.5000 (+2.52%)
  SOL: 78.1100 (+0.20%)
  BNB: 573.8000 (+0.11%)
  DOT: 0.8740 (+5.05%)
  LINK: 7.9250 (+0.00%)
  XRP: 1.1023 (+0.80%)
==================================================
[2026-07-11 07:03:32] 
==================================================
📊 整点汇报 2026-07-11 07:02
恐惧贪婪指数: 50 (中性)
今日PnL: +0.00 USDT (+0.0%)
持仓数: 0/4
  BTC: 64103.4000 (+0.00%)
  ETH: 1791.5000 (+2.52%)
  SOL: 78.1100 (+0.20%)
  BNB: 573.8000 (+0.11%)
  DOT: 0.8740 (+5.05%)
  LINK: 7.9250 (+0.00%)
  XRP: 1.1023 (+0.80%)
==================================================
[2026-07-11 08:02:30] 
==================================================
📊 整点汇报 2026-07-11 08:01
恐惧贪婪指数: 50 (中性)
今日PnL: +0.00 USDT (+0.0%)
持仓数: 0/4
  BTC: 64103.4000 (+0.00%)
  ETH: 1791.5000 (+2.52%)
  SOL: 78.1100 (+0.20%)
  BNB: 573.8000 (+0.11%)
  DOT: 0.8740 (+5.05%)
  LINK: 7.9250 (+0.00%)
  XRP: 1.1023 (+0.80%)
==================================================
[2026-07-11 09:01:40] 
==================================================
📊 整点汇报 2026-07-11 09:00
恐惧贪婪指数: 50 (中性)
今日PnL: +0.00 USDT (+0.0%)
持仓数: 0/4
  BTC: 64103.4000 (+0.00%)
  ETH: 1791.5000 (+2.52%)
  SOL: 78.1100 (+0.20%)
  BNB: 573.8000 (+0.11%)
  DOT: 0.8740 (+5.05%)
  LINK: 7.9250 (+0.00%)
  XRP: 1.1023 (+0.80%)
==================================================
[2026-07-11 10:05:22] 
==================================================
📊 整点汇报 2026-07-11 10:03
恐惧贪婪指数: 50 (中性)
今日PnL: +0.00 USDT (+0.0%)
持仓数: 0/4
  BTC: 64103.4000 (+0.00%)
  ETH: 1791.5000 (+2.52%)
  SOL: 78.1100 (+0.20%)
  BNB: 573.8000 (+0.11%)
  DOT: 0.8740 (+5.05%)
  LINK: 7.9250 (+0.00%)
  XRP: 1.1023 (+0.80%)
==================================================
[2026-07-11 11:04:17] 
==================================================
📊 整点汇报 2026-07-11 11:02
恐惧贪婪指数: 50 (中性)
今日PnL: +0.00 USDT (+0.0%)
持仓数: 0/4
  BTC: 64103.4000 (+0.00%)
  ETH: 1791.5000 (+2.52%)
  SOL: 78.1100 (+0.20%)
  BNB: 573.8000 (+0.11%)
  DOT: 0.8740 (+5.05%)
  LINK: 7.9250 (+0.00%)
  XRP: 1.1023 (+0.80%)
==================================================
[2026-07-11 11:47:37] ✅ 平仓 ETH 迷你仓修复 | 入场:1798.7500 出场:1798.7500 | PnL:0.00% (+0.00USDT) | 平100%仓 | ❌ 平仓失败
[2026-07-11 12:00:16] ✅ 平仓 ETH 迷你仓修复 | 入场:1798.7500 出场:1798.7500 | PnL:0.00% (+0.00USDT) | 平100%仓 | ❌ 平仓失败
[2026-07-11 12:01:08] 
==================================================
📊 整点汇报 2026-07-11 12:00
恐惧贪婪指数: 26 (恐惧)
今日PnL: +0.00 USDT (+0.0%)
持仓数: 2/4
  🔴 XRP SHORT @1.1056 现价:1.1086 PnL:-0.54U (-0.27%)
  🔴 BNB SHORT @572.3300 现价:575.9700 PnL:-1.27U (-0.64%)
  BTC: 64140.6000 (+0.39%)
  ETH: 1796.5000 (+1.25%)
  SOL: 77.8000 (-1.38%)
  BNB: 575.9700 (+0.07%)
  DOT: 0.8820 (+4.38%)
  LINK: 7.9950 (+1.19%)
  XRP: 1.1086 (+0.24%)
==================================================
[2026-07-11 13:00:38] 
==================================================
📊 整点汇报 2026-07-11 13:00
恐惧贪婪指数: 50 (中性)
今日PnL: +0.00 USDT (+0.0%)
持仓数: 3/4
  🟢 ETH LONG @1798.7500 现价:1795.0400 PnL:-0.03U (-0.21%)
  🔴 XRP SHORT @1.1056 现价:1.1060 PnL:-0.07U (-0.04%)
  🔴 BNB SHORT @572.3300 现价:575.0700 PnL:-0.96U (-0.48%)
  BTC: 64092.6000 (+0.23%)
  ETH: 1795.0400 (+1.04%)
  SOL: 77.7100 (-1.68%)
  BNB: 575.0700 (+0.00%)
  DOT: 0.8810 (+4.26%)
  LINK: 7.9910 (+1.02%)
  XRP: 1.1060 (+0.00%)
==================================================
[2026-07-11 13:06:33] ✅ 平仓 ETH 迷你仓修复 | 入场:1798.7500 出场:1798.7500 | PnL:0.00% (+0.00USDT) | 平100%仓 | ❌ 平仓失败
[2026-07-11 13:19:19] ✅ 平仓 ETH 迷你仓修复 | 入场:1798.7500 出场:1798.7500 | PnL:0.00% (+0.00USDT) | 平100%仓 | ❌ 平仓失败
[2026-07-11 13:32:32] ✅ 平仓 ETH 迷你仓修复 | 入场:1798.7500 出场:1798.7500 | PnL:0.00% (+0.00USDT) | 平100%仓 | ❌ 平仓失败
[2026-07-11 13:45:13] ✅ 平仓 ETH 迷你仓修复 | 入场:1798.7500 出场:1798.7500 | PnL:0.00% (+0.00USDT) | 平100%仓 | ❌ 平仓失败
[2026-07-11 13:59:21] ✅ 平仓 ETH 迷你仓修复 | 入场:1798.7500 出场:1798.7500 | PnL:0.00% (+0.00USDT) | 平100%仓 | ❌ 平仓失败
[2026-07-11 14:00:28] 
==================================================
📊 整点汇报 2026-07-11 14:00
恐惧贪婪指数: 26 (恐惧)
今日PnL: +0.00 USDT (+0.0%)
持仓数: 2/4
  🔴 XRP SHORT @1.1056 现价:1.1057 PnL:-0.02U (-0.01%)
  🔴 BNB SHORT @572.3300 现价:575.5300 PnL:-1.12U (-0.56%)
  BTC: 64144.8000 (+0.08%)
  ETH: 1797.1000 (+1.09%)
  SOL: 77.8100 (-1.63%)
  BNB: 575.5300 (-0.29%)
  DOT: 0.8780 (+3.42%)
  LINK: 8.0010 (+0.00%)
  XRP: 1.1057 (-0.30%)
==================================================
[2026-07-11 14:13:44] ✅ 平仓 ETH 迷你仓修复 | 入场:1798.7500 出场:1798.7500 | PnL:0.00% (+0.00USDT) | 平100%仓 | ❌ 平仓失败
[2026-07-11 14:27:18] ✅ 平仓 ETH 迷你仓修复 | 入场:1798.7500 出场:1798.7500 | PnL:0.00% (+0.00USDT) | 平100%仓 | ❌ 平仓失败
[2026-07-11 14:41:08] ✅ 平仓 ETH 迷你仓修复 | 入场:1798.7500 出场:1798.7500 | PnL:0.00% (+0.00USDT) | 平100%仓 | ❌ 平仓失败
[2026-07-11 14:53:27] ✅ 平仓 ETH 迷你仓修复 | 入场:1798.7500 出场:1798.7500 | PnL:0.00% (+0.00USDT) | 平100%仓 | ❌ 平仓失败
[2026-07-11 15:00:31] 
==================================================
📊 整点汇报 2026-07-11 15:00
恐惧贪婪指数: 26 (恐惧)
今日PnL: +0.00 USDT (+0.0%)
持仓数: 2/4
  🔴 XRP SHORT @1.1056 现价:1.1069 PnL:-0.24U (-0.12%)
  🔴 BNB SHORT @572.3300 现价:576.6500 PnL:-1.51U (-0.75%)
  BTC: 64224.7000 (+0.61%)
  ETH: 1798.4100 (+1.62%)
  SOL: 78.0000 (-1.06%)
  BNB: 576.6500 (+0.01%)
  DOT: 0.8780 (+0.00%)
  LINK: 7.9800 (+1.18%)
  XRP: 1.1069 (+0.00%)
==================================================
[2026-07-11 15:06:53] ✅ 平仓 ETH 迷你仓修复 | 入场:1798.7500 出场:1798.7500 | PnL:0.00% (+0.00USDT) | 平100%仓 | ❌ 平仓失败
[2026-07-11 15:21:21] ✅ 平仓 ETH 迷你仓修复 | 入场:1798.7500 出场:1798.7500 | PnL:0.00% (+0.00USDT) | 平100%仓 | ❌ 平仓失败
[2026-07-11 15:34:10] ✅ 平仓 ETH 迷你仓修复 | 入场:1798.7500 出场:1798.7500 | PnL:0.00% (+0.00USDT) | 平100%仓 | ❌ 平仓失败
[2026-07-11 15:47:29] ✅ 平仓 ETH 迷你仓修复 | 入场:1798.7500 出场:1798.7500 | PnL:0.00% (+0.00USDT) | 平100%仓 | ❌ 平仓失败
[2026-07-11 16:01:29] ✅ 平仓 ETH 迷你仓修复 | 入场:1798.7500 出场:1798.7500 | PnL:0.00% (+0.00USDT) | 平100%仓 | ❌ 平仓失败
[2026-07-11 16:03:01] 
==================================================
📊 整点汇报 2026-07-11 16:02
恐惧贪婪指数: 26 (恐惧)
今日PnL: +0.00 USDT (+0.0%)
持仓数: 2/4
  🔴 XRP SHORT @1.1056 现价:1.1077 PnL:-0.38U (-0.19%)
  🔴 BNB SHORT @572.3300 现价:577.4700 PnL:-1.80U (-0.90%)
  BTC: 64132.1000 (+0.29%)
  ETH: 1798.6500 (+1.56%)
  SOL: 77.9500 (-1.04%)
  BNB: 577.4700 (+0.48%)
  DOT: 0.8760 (+3.55%)
  LINK: 7.9900 (+1.25%)
  XRP: 1.1077 (+0.23%)
==================================================
[2026-07-11 16:14:43] ✅ 平仓 ETH 迷你仓修复 | 入场:1798.7500 出场:1798.7500 | PnL:0.00% (+0.00USDT) | 平100%仓 | ❌ 平仓失败
[2026-07-11 16:27:11] ✅ 平仓 ETH 迷你仓修复 | 入场:1798.7500 出场:1798.7500 | PnL:0.00% (+0.00USDT) | 平100%仓 | ❌ 平仓失败
[2026-07-11 16:39:51] ✅ 平仓 ETH 迷你仓修复 | 入场:1798.7500 出场:1798.7500 | PnL:0.00% (+0.00USDT) | 平100%仓 | ❌ 平仓失败
[2026-07-11 16:52:15] ✅ 平仓 ETH 迷你仓修复 | 入场:1798.7500 出场:1798.7500 | PnL:0.00% (+0.00USDT) | 平100%仓 | ❌ 平仓失败
[2026-07-11 17:00:45] 
==================================================
📊 整点汇报 2026-07-11 17:00
恐惧贪婪指数: 26 (恐惧)
今日PnL: +0.00 USDT (+0.0%)
持仓数: 2/4
  🔴 XRP SHORT @1.1056 现价:1.1076 PnL:-0.36U (-0.18%)
  🔴 BNB SHORT @572.3300 现价:579.4600 PnL:-2.50U (-1.25%)
  BTC: 64229.1000 (+0.00%)
  ETH: 1800.4200 (+0.92%)
  SOL: 78.0900 (-1.34%)
  BNB: 579.4600 (+0.52%)
  DOT: 0.8790 (+0.00%)
  LINK: 8.0030 (+0.60%)
  XRP: 1.1076 (-0.36%)
==================================================
[2026-07-11 17:05:21] ✅ 平仓 ETH 迷你仓修复 | 入场:1798.7500 出场:1798.7500 | PnL:0.00% (+0.00USDT) | 平100%仓 | ❌ 平仓失败
[2026-07-11 17:18:05] ✅ 平仓 ETH 迷你仓修复 | 入场:1798.7500 出场:1798.7500 | PnL:0.00% (+0.00USDT) | 平100%仓 | ❌ 平仓失败
[2026-07-11 17:30:16] ✅ 平仓 ETH 迷你仓修复 | 入场:1798.7500 出场:1798.7500 | PnL:0.00% (+0.00USDT) | 平100%仓 | ❌ 平仓失败
[2026-07-11 17:43:49] ✅ 平仓 ETH 迷你仓修复 | 入场:1798.7500 出场:1798.7500 | PnL:0.00% (+0.00USDT) | 平100%仓 | ❌ 平仓失败
[2026-07-11 18:00:30] 
==================================================
📊 整点汇报 2026-07-11 18:00
恐惧贪婪指数: 26 (恐惧)
今日PnL: +0.00 USDT (+0.0%)
持仓数: 3/4
  🟢 ETH LONG @1798.7500 现价:1794.5500 PnL:-0.47U (-0.23%)
  🔴 XRP SHORT @1.1056 现价:1.1061 PnL:-0.09U (-0.05%)
  🔴 BNB SHORT @572.3300 现价:577.9900 PnL:-1.98U (-0.99%)
  BTC: 64153.1000 (-0.33%)
  ETH: 1794.5500 (+0.18%)
  SOL: 77.8000 (-1.65%)
  BNB: 577.9900 (+0.16%)
  DOT: 0.8790 (-0.45%)
  LINK: 7.9730 (+0.05%)
  XRP: 1.1061 (-0.82%)
==================================================
[2026-07-11 19:00:40] 
==================================================
📊 整点汇报 2026-07-11 19:00
恐惧贪婪指数: 50 (中性)
今日PnL: +0.00 USDT (+0.0%)
持仓数: 3/4
  🟢 ETH LONG @1798.7500 现价:1797.6200 PnL:-0.13U (-0.06%)
  🔴 XRP SHORT @1.1056 现价:1.1085 PnL:-0.52U (-0.26%)
  🔴 BNB SHORT @572.3300 现价:579.1900 PnL:-2.40U (-1.20%)
  BTC: 64152.6000 (-0.39%)
  ETH: 1797.6200 (+0.04%)
  SOL: 78.0300 (-1.75%)
  BNB: 579.1900 (+0.40%)
  DOT: 0.8770 (-0.34%)
  LINK: 7.9780 (-0.09%)
  XRP: 1.1085 (+0.00%)
==================================================
[2026-07-11 20:02:14] 
==================================================
📊 整点汇报 2026-07-11 20:01
恐惧贪婪指数: 26 (恐惧)
今日PnL: +0.00 USDT (+0.0%)
持仓数: 3/4
  🟢 ETH LONG @1798.7500 现价:1799.1700 PnL:+0.05U (+0.02%)
  🔴 XRP SHORT @1.1056 现价:1.1088 PnL:-0.58U (-0.29%)
  🔴 BNB SHORT @572.3300 现价:578.7800 PnL:-2.26U (-1.13%)
  BTC: 64161.5000 (-0.31%)
  ETH: 1799.1700 (+0.15%)
  SOL: 78.0300 (+0.00%)
  BNB: 578.7800 (+0.00%)
  DOT: 0.8800 (-0.11%)
  LINK: 7.9980 (+0.34%)
  XRP: 1.1088 (-0.05%)
==================================================
[2026-07-11 21:02:33] 
==================================================
📊 整点汇报 2026-07-11 21:01
恐惧贪婪指数: 50 (中性)
今日PnL: +0.00 USDT (+0.0%)
持仓数: 0/4
  BTC: 64161.5000 (-0.31%)
  ETH: 1799.1700 (+0.15%)
  SOL: 78.0300 (+0.00%)
  BNB: 578.7800 (+0.00%)
  DOT: 0.8800 (-0.11%)
  LINK: 7.9980 (+0.34%)
  XRP: 1.1088 (-0.05%)
==================================================
[2026-07-11 22:02:04] 
==================================================
📊 整点汇报 2026-07-11 22:00
恐惧贪婪指数: 50 (中性)
今日PnL: +0.00 USDT (+0.0%)
持仓数: 0/4
  BTC: 64161.5000 (-0.31%)
  ETH: 1799.1700 (+0.15%)
  SOL: 78.0300 (+0.00%)
  BNB: 578.7800 (+0.00%)
  DOT: 0.8800 (-0.11%)
  LINK: 7.9980 (+0.34%)
  XRP: 1.1088 (-0.05%)
==================================================
[2026-07-11 23:01:31] 
==================================================
📊 整点汇报 2026-07-11 23:00
恐惧贪婪指数: 50 (中性)
今日PnL: +0.00 USDT (+0.0%)
持仓数: 0/4
  BTC: 64161.5000 (-0.31%)
  ETH: 1799.1700 (+0.15%)
  SOL: 78.0300 (+0.00%)
  BNB: 578.7800 (+0.00%)
  DOT: 0.8800 (-0.11%)
  LINK: 7.9980 (+0.34%)
  XRP: 1.1088 (-0.05%)
==================================================
[2026-07-11 23:15:53] 🟢 开多 LINK @8.083 | 评分:80 | 状态:ranging | ❌ 下单失败：请求异常：HTTPSConnectionPool(host='testnet.binancefuture.com', port=443): Max retries exceeded with url: /fapi/v1/order?symbol=LINKUSDT&side=BUY&type=MARKET&quantity=24.74&reduceOnly=false&timestamp=1783782931265&recvWindow=30000&newClientOrderId=oc_1783782931_fc958140df&signature=4091b4f28c7078940cf469ce8f73801ea6caad1a1f8da934972e41f17aa1f34d (Caused by SSLError(SSLEOFError(8, '[SSL: UNEXPECTED_EOF_WHILE_READING] EOF occurred in violation of protocol (_ssl.c:1033)')))
[2026-07-11 23:22:58] 🟢 开多 BTC @64423.9 | 评分:80 | 状态:ranging | ❌ 下单失败：请求异常：HTTPSConnectionPool(host='testnet.binancefuture.com', port=443): Max retries exceeded with url: /fapi/v1/order?symbol=BTCUSDT&side=BUY&type=MARKET&quantity=0.003&reduceOnly=false&timestamp=1783783356679&recvWindow=30000&newClientOrderId=oc_1783783356_5eeb135371&signature=49255d958c54ee4ac111a0dd5aedc54652f9ad02a7f634b5c0e6fc5d4425a25f (Caused by SSLError(SSLEOFError(8, '[SSL: UNEXPECTED_EOF_WHILE_READING] EOF occurred in violation of protocol (_ssl.c:1033)')))
[2026-07-11 23:24:17] 🟢 开多 LINK @8.083 | 评分:80 | 状态:ranging | ❌ 下单失败：请求异常：HTTPSConnectionPool(host='testnet.binancefuture.com', port=443): Max retries exceeded with url: /fapi/v1/order?symbol=LINKUSDT&side=BUY&type=MARKET&quantity=24.74&reduceOnly=false&timestamp=1783783435107&recvWindow=30000&newClientOrderId=oc_1783783435_0f1c2e3005&signature=5eaf433e24b18cadf019f5d9c909c4f0c369615fe1e6d7201eb9fcf06cd05055 (Caused by SSLError(SSLEOFError(8, '[SSL: UNEXPECTED_EOF_WHILE_READING] EOF occurred in violation of protocol (_ssl.c:1033)')))
[2026-07-11 23:31:27] 🟢 开多 BTC @64423.9 | 评分:80 | 状态:ranging | ❌ 下单失败：请求异常：HTTPSConnectionPool(host='testnet.binancefuture.com', port=443): Max retries exceeded with url: /fapi/v1/order?symbol=BTCUSDT&side=BUY&type=MARKET&quantity=0.003&reduceOnly=false&timestamp=1783783863923&recvWindow=30000&newClientOrderId=oc_1783783863_d7cf6dae23&signature=31501447e66ac0b49fccba0998ca365bc4e1d4fccb67d0d28d27aebeccc32b49 (Caused by SSLError(SSLEOFError(8, '[SSL: UNEXPECTED_EOF_WHILE_READING] EOF occurred in violation of protocol (_ssl.c:1033)')))
[2026-07-11 23:32:48] 🟢 开多 LINK @8.083 | 评分:80 | 状态:ranging | ❌ 下单失败：请求异常：HTTPSConnectionPool(host='testnet.binancefuture.com', port=443): Max retries exceeded with url: /fapi/v1/order?symbol=LINKUSDT&side=BUY&type=MARKET&quantity=24.74&reduceOnly=false&timestamp=1783783944709&recvWindow=30000&newClientOrderId=oc_1783783944_2e4c38446e&signature=c1e901b9b55768c90738415ed4923569e804682dcc24ce62bb951331b7a479dc (Caused by SSLError(SSLEOFError(8, '[SSL: UNEXPECTED_EOF_WHILE_READING] EOF occurred in violation of protocol (_ssl.c:1033)')))
[2026-07-11 23:40:01] 🟢 开多 BTC @64423.9 | 评分:80 | 状态:ranging | ❌ 下单失败：请求异常：HTTPSConnectionPool(host='testnet.binancefuture.com', port=443): Max retries exceeded with url: /fapi/v1/order?symbol=BTCUSDT&side=BUY&type=MARKET&quantity=0.003&reduceOnly=false&timestamp=1783784375659&recvWindow=30000&newClientOrderId=oc_1783784375_d5cf3b5000&signature=6183e7f1a2eb9e051310411b4d2644684ed18879919aa59ec289d39dbed9a673 (Caused by SSLError(SSLEOFError(8, '[SSL: UNEXPECTED_EOF_WHILE_READING] EOF occurred in violation of protocol (_ssl.c:1033)')))
[2026-07-11 23:41:25] 🟢 开多 LINK @8.083 | 评分:80 | 状态:ranging | ❌ 下单失败：请求异常：HTTPSConnectionPool(host='testnet.binancefuture.com', port=443): Max retries exceeded with url: /fapi/v1/order?symbol=LINKUSDT&side=BUY&type=MARKET&quantity=24.74&reduceOnly=false&timestamp=1783784460818&recvWindow=30000&newClientOrderId=oc_1783784460_7270914eab&signature=2fa46f1ff141dd4c6596db7559a1950fc33b301cca3cbf50d049651d20295ede (Caused by SSLError(SSLEOFError(8, '[SSL: UNEXPECTED_EOF_WHILE_READING] EOF occurred in violation of protocol (_ssl.c:1033)')))
[2026-07-11 23:48:52] 🟢 开多 BTC @64423.9 | 评分:80 | 状态:ranging | ✅ 下单成功
