[2026-06-13 00:00:42] 
==================================================
📊 整点汇报 2026-06-13 00:00
恐惧贪婪指数: 12 (极度恐惧)
今日PnL: +0.00 USDT (+0.0%)
持仓数: 1/4
  🔴 BTC SHORT @63130.0000 现价:63597.9000 PnL:-1.40U (-0.74%)
  BTC: 63597.9000 (+1.48%)
  ETH: 1662.4200 (+1.15%)
  SOL: 67.1800 (+2.55%)
  BNB: 605.6100 (+1.11%)
  DOT: 0.9480 (+0.21%)
  LINK: 7.8090 (+0.73%)
  XRP: 1.1274 (+1.41%)
==================================================
[2026-06-13 01:00:15] 
==================================================
📊 整点汇报 2026-06-13 01:00
恐惧贪婪指数: 12 (极度恐惧)
今日PnL: +0.00 USDT (+0.0%)
持仓数: 1/4
  🔴 BTC SHORT @63130.0000 现价:63944.5000 PnL:-2.44U (-1.29%)
  BTC: 63944.5000 (+2.16%)
  ETH: 1671.7200 (+2.00%)
  SOL: 67.9500 (+3.98%)
  BNB: 608.7100 (+1.67%)
  DOT: 0.9610 (+1.80%)
  LINK: 7.8870 (+1.47%)
  XRP: 1.1350 (+2.48%)
==================================================
[2026-06-13 02:00:13] 
==================================================
📊 整点汇报 2026-06-13 02:00
恐惧贪婪指数: 12 (极度恐惧)
今日PnL: +0.00 USDT (+0.0%)
持仓数: 1/4
  🔴 BTC SHORT @63130.0000 现价:63823.3000 PnL:-2.08U (-1.10%)
  BTC: 63823.3000 (+0.68%)
  ETH: 1667.8700 (-1.01%)
  SOL: 67.3400 (+0.57%)
  BNB: 607.1400 (+0.23%)
  DOT: 0.9570 (-1.34%)
  LINK: 7.8730 (-0.57%)
  XRP: 1.1317 (-0.34%)
==================================================
[2026-06-13 03:00:13] 
==================================================
📊 整点汇报 2026-06-13 03:00
恐惧贪婪指数: 12 (极度恐惧)
今日PnL: +0.00 USDT (+0.0%)
持仓数: 1/4
  🔴 BTC SHORT @63130.0000 现价:63717.9000 PnL:-1.76U (-0.93%)
  BTC: 63717.9000 (+0.44%)
  ETH: 1666.0800 (-1.02%)
  SOL: 67.0400 (+0.42%)
  BNB: 606.4000 (+0.23%)
  DOT: 0.9550 (-0.83%)
  LINK: 7.8360 (-1.09%)
  XRP: 1.1298 (-0.65%)
==================================================
[2026-06-13 04:00:18] 
==================================================
📊 整点汇报 2026-06-13 04:00
恐惧贪婪指数: 12 (极度恐惧)
今日PnL: +0.00 USDT (+0.0%)
持仓数: 1/4
  🔴 BTC SHORT @63130.0000 现价:63599.9000 PnL:-1.41U (-0.74%)
  BTC: 63599.9000 (+0.02%)
  ETH: 1665.6500 (-0.93%)
  SOL: 66.7500 (-0.22%)
  BNB: 603.7000 (-0.17%)
  DOT: 0.9570 (-0.62%)
  LINK: 7.8370 (-1.27%)
  XRP: 1.1313 (-1.01%)
==================================================
[2026-06-13 05:00:20] 
==================================================
📊 整点汇报 2026-06-13 05:00
恐惧贪婪指数: 12 (极度恐惧)
今日PnL: +0.00 USDT (+0.0%)
持仓数: 1/4
  🔴 BTC SHORT @63130.0000 现价:63398.1000 PnL:-0.80U (-0.42%)
  BTC: 63398.1000 (+0.05%)
  ETH: 1664.3200 (-0.40%)
  SOL: 66.6500 (+0.17%)
  BNB: 603.2300 (+0.06%)
  DOT: 0.9560 (-0.10%)
  LINK: 7.8380 (-0.70%)
  XRP: 1.1324 (-0.25%)
==================================================
[2026-06-13 06:00:10] 
==================================================
📊 整点汇报 2026-06-13 06:00
恐惧贪婪指数: 12 (极度恐惧)
今日PnL: +0.00 USDT (+0.0%)
持仓数: 1/4
  🔴 BTC SHORT @63130.0000 现价:63440.5000 PnL:-0.93U (-0.49%)
  BTC: 63440.5000 (-0.01%)
  ETH: 1663.6900 (-0.71%)
  SOL: 66.5400 (-0.51%)
  BNB: 604.0300 (+0.07%)
  DOT: 0.9500 (-0.94%)
  LINK: 7.8490 (-0.88%)
  XRP: 1.1294 (-0.96%)
==================================================
[2026-06-13 07:00:15] 
==================================================
📊 整点汇报 2026-06-13 07:00
恐惧贪婪指数: 12 (极度恐惧)
今日PnL: +0.00 USDT (+0.0%)
持仓数: 1/4
  🔴 BTC SHORT @63130.0000 现价:63501.7000 PnL:-1.12U (-0.59%)
  BTC: 63501.7000 (+0.02%)
  ETH: 1661.8800 (-0.81%)
  SOL: 66.5800 (-0.40%)
  BNB: 603.2000 (-0.13%)
  DOT: 0.9540 (-0.10%)
  LINK: 7.8420 (-0.89%)
  XRP: 1.1303 (-1.06%)
==================================================
[2026-06-13 07:21:29] 🔴 开空 LINK @7.813 | 评分:90 | 状态:trending | AI:做空(0.7%) | ✅ 下单成功
[2026-06-13 08:00:13] 
==================================================
📊 整点汇报 2026-06-13 08:00
恐惧贪婪指数: 12 (极度恐惧)
今日PnL: +0.00 USDT (+0.0%)
持仓数: 2/4
  🔴 BTC SHORT @63130.0000 现价:63546.9000 PnL:-1.25U (-0.66%)
  🔴 LINK SHORT @7.8130 现价:7.8600 PnL:-1.20U (-0.60%)
  BTC: 63546.9000 (-0.07%)
  ETH: 1665.4100 (-0.43%)
  SOL: 66.7700 (-0.12%)
  BNB: 604.1400 (-0.28%)
  DOT: 0.9570 (+0.63%)
  LINK: 7.8600 (-0.25%)
  XRP: 1.1318 (-0.89%)
==================================================
[2026-06-13 09:00:12] 
==================================================
📊 整点汇报 2026-06-13 09:00
恐惧贪婪指数: 13 (极度恐惧)
今日PnL: +0.00 USDT (+0.0%)
持仓数: 2/4
  🔴 BTC SHORT @63130.0000 现价:63594.5000 PnL:-1.39U (-0.74%)
  🔴 LINK SHORT @7.8130 现价:7.8850 PnL:-1.84U (-0.92%)
  BTC: 63594.5000 (-0.02%)
  ETH: 1667.0000 (-0.29%)
  SOL: 66.9700 (+0.17%)
  BNB: 605.2700 (+0.13%)
  DOT: 0.9610 (+1.16%)
  LINK: 7.8850 (-0.08%)
  XRP: 1.1339 (-0.72%)
==================================================
[2026-06-13 09:58:58] 🟢 开多 BNB @606.29 | 评分:65 | 状态:ranging | ✅ 下单成功
[2026-06-13 10:00:11] 🟢 开多 SOL @67.38 | 评分:80 | 状态:trending | AI:做空(0.8%) | ✅ 下单成功
[2026-06-13 10:00:19] 
==================================================
📊 整点汇报 2026-06-13 10:00
恐惧贪婪指数: 13 (极度恐惧)
今日PnL: +0.00 USDT (+0.0%)
持仓数: 4/4
  🔴 BTC SHORT @63130.0000 现价:63776.6000 PnL:-1.94U (-1.02%)
  🔴 LINK SHORT @7.8130 现价:7.9370 PnL:-3.17U (-1.59%)
  🟢 BNB LONG @606.2900 现价:606.2800 PnL:-0.00U (-0.00%)
  🟢 SOL LONG @67.3800 现价:67.3800 PnL:+0.00U (+0.00%)
  BTC: 63776.6000 (+0.61%)
  ETH: 1672.7200 (+0.48%)
  SOL: 67.3800 (+1.17%)
  BNB: 606.2800 (+0.73%)
  DOT: 0.9680 (+2.22%)
  LINK: 7.9370 (+0.76%)
  XRP: 1.1388 (+0.04%)
==================================================
[2026-06-13 11:00:12] 
==================================================
📊 整点汇报 2026-06-13 11:00
恐惧贪婪指数: 13 (极度恐惧)
今日PnL: +0.00 USDT (+0.0%)
持仓数: 4/4
  🔴 BTC SHORT @63130.0000 现价:63612.1000 PnL:-1.45U (-0.76%)
  🔴 LINK SHORT @7.8130 现价:7.9050 PnL:-2.36U (-1.18%)
  🟢 BNB LONG @606.2900 现价:604.2100 PnL:-0.69U (-0.34%)
  🟢 SOL LONG @67.3800 现价:66.9300 PnL:-1.34U (-0.67%)
  BTC: 63612.1000 (+0.07%)
  ETH: 1667.4500 (-0.42%)
  SOL: 66.9300 (-0.21%)
  BNB: 604.2100 (-0.17%)
  DOT: 0.9680 (+1.90%)
  LINK: 7.9050 (+0.06%)
  XRP: 1.1341 (-0.99%)
==================================================
[2026-06-13 12:00:14] 
==================================================
📊 整点汇报 2026-06-13 12:00
恐惧贪婪指数: 13 (极度恐惧)
今日PnL: +0.00 USDT (+0.0%)
持仓数: 4/4
  🔴 BTC SHORT @63130.0000 现价:63518.9000 PnL:-1.17U (-0.62%)
  🔴 LINK SHORT @7.8130 现价:7.8870 PnL:-1.89U (-0.95%)
  🟢 BNB LONG @606.2900 现价:600.7000 PnL:-1.84U (-0.92%)
  🟢 SOL LONG @67.3800 现价:66.8400 PnL:-1.60U (-0.80%)
  BTC: 63518.9000 (+0.04%)
  ETH: 1665.1600 (-0.43%)
  SOL: 66.8400 (-0.22%)
  BNB: 600.7000 (-0.31%)
  DOT: 0.9670 (+1.47%)
  LINK: 7.8870 (-0.18%)
  XRP: 1.1331 (-0.91%)
==================================================
[2026-06-13 13:00:28] 
==================================================
📊 整点汇报 2026-06-13 13:00
恐惧贪婪指数: 13 (极度恐惧)
今日PnL: +0.00 USDT (+0.0%)
持仓数: 4/4
  🔴 BTC SHORT @63130.0000 现价:63479.9000 PnL:-1.05U (-0.55%)
  🔴 LINK SHORT @7.8130 现价:7.8690 PnL:-1.43U (-0.72%)
  🟢 BNB LONG @606.2900 现价:599.9000 PnL:-2.11U (-1.05%)
  🟢 SOL LONG @67.3800 现价:66.6500 PnL:-2.17U (-1.08%)
  BTC: 63479.9000 (-0.29%)
  ETH: 1663.7700 (-0.77%)
  SOL: 66.6500 (-0.58%)
  BNB: 599.9000 (-0.69%)
  DOT: 0.9650 (+0.84%)
  LINK: 7.8690 (-0.53%)
  XRP: 1.1328 (-1.12%)
==================================================
[2026-06-13 14:00:49] 
==================================================
📊 整点汇报 2026-06-13 14:00
恐惧贪婪指数: 13 (极度恐惧)
今日PnL: +0.00 USDT (+0.0%)
持仓数: 4/4
  🔴 BTC SHORT @63130.0000 现价:63524.1000 PnL:-1.18U (-0.62%)
  🔴 LINK SHORT @7.8130 现价:7.9030 PnL:-2.30U (-1.15%)
  🟢 BNB LONG @606.2900 现价:600.5400 PnL:-1.90U (-0.95%)
  🟢 SOL LONG @67.3800 现价:66.7200 PnL:-1.96U (-0.98%)
  BTC: 63524.1000 (+0.31%)
  ETH: 1663.5000 (+0.01%)
  SOL: 66.7200 (+0.04%)
  BNB: 600.5400 (-0.07%)
  DOT: 0.9650 (+1.58%)
  LINK: 7.9030 (+0.78%)
  XRP: 1.1318 (-0.63%)
==================================================
[2026-06-13 15:00:16] 
==================================================
📊 整点汇报 2026-06-13 15:00
恐惧贪婪指数: 13 (极度恐惧)
今日PnL: +0.00 USDT (+0.0%)
持仓数: 4/4
  🔴 BTC SHORT @63130.0000 现价:63707.3000 PnL:-1.73U (-0.91%)
  🔴 LINK SHORT @7.8130 现价:7.9200 PnL:-2.74U (-1.37%)
  🟢 BNB LONG @606.2900 现价:603.0000 PnL:-1.09U (-0.54%)
  🟢 SOL LONG @67.3800 现价:67.1300 PnL:-0.74U (-0.37%)
  BTC: 63707.3000 (+1.16%)
  ETH: 1669.4800 (+0.78%)
  SOL: 67.1300 (+1.57%)
  BNB: 603.0000 (+0.76%)
  DOT: 0.9810 (+4.25%)
  LINK: 7.9200 (+1.85%)
  XRP: 1.1369 (+0.68%)
==================================================
[2026-06-13 16:00:27] 
==================================================
📊 整点汇报 2026-06-13 16:00
恐惧贪婪指数: 13 (极度恐惧)
今日PnL: +0.00 USDT (+0.0%)
持仓数: 4/4
  🔴 BTC SHORT @63130.0000 现价:63804.6000 PnL:-2.02U (-1.07%)
  🔴 LINK SHORT @7.8130 现价:7.9600 PnL:-3.76U (-1.88%)
  🟢 BNB LONG @606.2900 现价:603.4400 PnL:-0.94U (-0.47%)
  🟢 SOL LONG @67.3800 现价:67.3300 PnL:-0.15U (-0.07%)
  BTC: 63804.6000 (+1.18%)
  ETH: 1675.5100 (+0.85%)
  SOL: 67.3300 (+1.55%)
  BNB: 603.4400 (+0.54%)
  DOT: 0.9920 (+4.86%)
  LINK: 7.9600 (+1.93%)
  XRP: 1.1409 (+0.67%)
==================================================
[2026-06-13 16:39:32] 🟢 开多 XRP @1.1454 | 评分:80 | 状态:ranging | AI:做空(0.85%) | ✅ 下单成功
[2026-06-13 17:00:33] 
==================================================
📊 整点汇报 2026-06-13 17:00
恐惧贪婪指数: 13 (极度恐惧)
今日PnL: -3.74 USDT (-3.7%)
持仓数: 4/4
  🟢 SOL LONG @67.4400 现价:67.2800 PnL:-0.48U (-0.24%)
  🟢 BNB LONG @606.7200 现价:604.1300 PnL:-0.85U (-0.43%)
  🟢 XRP LONG @1.1455 现价:1.1426 PnL:-0.51U (-0.25%)
  🔴 BTC SHORT @63130.0000 现价:63806.0000 PnL:-2.03U (-1.07%)
  BTC: 63806.0000 (+0.56%)
  ETH: 1674.5400 (+0.11%)
  SOL: 67.2800 (+0.58%)
  BNB: 604.1300 (-0.24%)
  DOT: 0.9810 (+2.51%)
  LINK: 7.9570 (+1.13%)
  XRP: 1.1426 (+0.04%)
==================================================
[2026-06-13 18:00:12] 
==================================================
📊 整点汇报 2026-06-13 18:00
恐惧贪婪指数: 13 (极度恐惧)
今日PnL: -3.74 USDT (-3.7%)
持仓数: 4/4
  🟢 SOL LONG @67.4400 现价:67.3200 PnL:-0.36U (-0.18%)
  🟢 BNB LONG @606.7200 现价:604.0400 PnL:-0.88U (-0.44%)
  🟢 XRP LONG @1.1455 现价:1.1425 PnL:-0.52U (-0.26%)
  🔴 BTC SHORT @63130.0000 现价:63720.1000 PnL:-1.77U (-0.93%)
  BTC: 63720.1000 (-0.02%)
  ETH: 1672.9400 (-0.43%)
  SOL: 67.3200 (+0.21%)
  BNB: 604.0400 (-0.55%)
  DOT: 0.9820 (+1.97%)
  LINK: 7.9470 (+0.54%)
  XRP: 1.1425 (-0.35%)
==================================================
[2026-06-13 19:00:20] 
==================================================
📊 整点汇报 2026-06-13 19:00
恐惧贪婪指数: 13 (极度恐惧)
今日PnL: -3.74 USDT (-3.7%)
持仓数: 4/4
  🟢 SOL LONG @67.4400 现价:67.3900 PnL:-0.15U (-0.07%)
  🟢 BNB LONG @606.7200 现价:605.2600 PnL:-0.48U (-0.24%)
  🟢 XRP LONG @1.1455 现价:1.1440 PnL:-0.26U (-0.13%)
  🔴 BTC SHORT @63130.0000 现价:63817.2000 PnL:-2.06U (-1.09%)
  BTC: 63817.2000 (+0.18%)
  ETH: 1673.3400 (-0.06%)
  SOL: 67.3900 (+0.91%)
  BNB: 605.2600 (-0.19%)
  DOT: 0.9790 (+1.45%)
  LINK: 7.9580 (+0.88%)
  XRP: 1.1440 (+0.08%)
==================================================
[2026-06-13 20:00:21] 
==================================================
📊 整点汇报 2026-06-13 20:00
恐惧贪婪指数: 13 (极度恐惧)
今日PnL: -3.74 USDT (-3.7%)
持仓数: 4/4
  🟢 SOL LONG @67.4400 现价:67.8600 PnL:+1.25U (+0.62%)
  🟢 BNB LONG @606.7200 现价:606.9900 PnL:+0.09U (+0.04%)
  🟢 XRP LONG @1.1455 现价:1.1478 PnL:+0.40U (+0.20%)
  🔴 BTC SHORT @63130.0000 现价:63916.0000 PnL:-2.36U (-1.25%)
  BTC: 63916.0000 (+0.29%)
  ETH: 1677.5700 (+0.26%)
  SOL: 67.8600 (+1.44%)
  BNB: 606.9900 (-0.01%)
  DOT: 0.9850 (+1.97%)
  LINK: 7.9850 (+1.14%)
  XRP: 1.1478 (+0.61%)
==================================================
[2026-06-13 21:00:21] 
==================================================
📊 整点汇报 2026-06-13 21:00
恐惧贪婪指数: 13 (极度恐惧)
今日PnL: -3.74 USDT (-3.7%)
持仓数: 4/4
  🟢 SOL LONG @67.4400 现价:67.9000 PnL:+1.37U (+0.68%)
  🟢 BNB LONG @606.7200 现价:608.8500 PnL:+0.70U (+0.35%)
  🟢 XRP LONG @1.1455 现价:1.1527 PnL:+1.26U (+0.63%)
  🔴 BTC SHORT @63130.0000 现价:64112.5000 PnL:-2.95U (-1.56%)
  BTC: 64112.5000 (+1.07%)
  ETH: 1680.0000 (+0.89%)
  SOL: 67.9000 (+1.78%)
  BNB: 608.8500 (+0.39%)
  DOT: 0.9910 (+3.23%)
  LINK: 8.0070 (+1.61%)
  XRP: 1.1527 (+1.53%)
==================================================
[2026-06-13 22:00:16] 
==================================================
📊 整点汇报 2026-06-13 22:00
恐惧贪婪指数: 13 (极度恐惧)
今日PnL: -3.74 USDT (-3.7%)
持仓数: 4/4
  🟢 SOL LONG @67.4400 现价:67.9500 PnL:+1.51U (+0.76%)
  🟢 BNB LONG @606.7200 现价:608.9400 PnL:+0.73U (+0.37%)
  🟢 XRP LONG @1.1455 现价:1.1511 PnL:+0.98U (+0.49%)
  🔴 BTC SHORT @63130.0000 现价:64039.9000 PnL:-2.73U (-1.44%)
  BTC: 64039.9000 (+1.35%)
  ETH: 1676.6600 (+1.27%)
  SOL: 67.9500 (+2.17%)
  BNB: 608.9400 (+0.56%)
  DOT: 0.9850 (+3.47%)
  LINK: 7.9900 (+2.49%)
  XRP: 1.1511 (+1.99%)
==================================================
[2026-06-13 23:00:47] 
==================================================
📊 整点汇报 2026-06-13 23:00
恐惧贪婪指数: 13 (极度恐惧)
今日PnL: -3.74 USDT (-3.7%)
持仓数: 4/4
  🟢 SOL LONG @67.4400 现价:68.1900 PnL:+2.23U (+1.11%)
  🟢 BNB LONG @606.7200 现价:610.9000 PnL:+1.38U (+0.69%)
  🟢 XRP LONG @1.1455 现价:1.1542 PnL:+1.52U (+0.76%)
  🔴 BTC SHORT @63130.0000 现价:64134.4000 PnL:-3.01U (-1.59%)
  BTC: 64134.4000 (+0.57%)
  ETH: 1679.3600 (+0.00%)
  SOL: 68.1900 (+0.40%)
  BNB: 610.9000 (+0.14%)
  DOT: 0.9880 (+1.75%)
  LINK: 8.0050 (+0.49%)
  XRP: 1.1542 (+0.55%)
==================================================
