[2026-07-03 00:00:50] 
==================================================
📊 整点汇报 2026-07-03 00:00
恐惧贪婪指数: 19 (极度恐惧)
今日PnL: +0.00 USDT (+0.0%)
持仓数: 1/4
  🟢 XRP LONG @1.0937 现价:1.0936 PnL:-0.03U (-0.01%)
  BTC: 61555.4000 (+2.44%)
  ETH: 1699.4700 (+4.94%)
  SOL: 80.8200 (+4.42%)
  BNB: 563.1900 (+1.44%)
  DOT: 0.8500 (+0.59%)
  LINK: 7.7910 (+5.13%)
  XRP: 1.0936 (+3.12%)
==================================================
[2026-07-03 01:00:19] 
==================================================
📊 整点汇报 2026-07-03 01:00
恐惧贪婪指数: 19 (极度恐惧)
今日PnL: +0.00 USDT (+0.0%)
持仓数: 1/4
  🟢 XRP LONG @1.0937 现价:1.0910 PnL:-0.50U (-0.25%)
  BTC: 61602.5000 (+2.84%)
  ETH: 1698.6400 (+5.25%)
  SOL: 80.5600 (+4.50%)
  BNB: 562.2000 (+1.84%)
  DOT: 0.8470 (+1.07%)
  LINK: 7.7960 (+5.81%)
  XRP: 1.0910 (+3.31%)
==================================================
[2026-07-03 02:06:14] 
==================================================
📊 整点汇报 2026-07-03 02:04
恐惧贪婪指数: 50 (中性)
今日PnL: +0.00 USDT (+0.0%)
持仓数: 0/4
  BTC: 61623.4000 (+2.88%)
  ETH: 1698.2000 (+5.26%)
  SOL: 80.5400 (+4.26%)
  BNB: 562.2200 (+1.81%)
  DOT: 0.8470 (+1.32%)
  LINK: 7.7740 (+5.51%)
  XRP: 1.0910 (+3.21%)
==================================================
[2026-07-03 03:05:39] 
==================================================
📊 整点汇报 2026-07-03 03:04
恐惧贪婪指数: 50 (中性)
今日PnL: +0.00 USDT (+0.0%)
持仓数: 0/4
  BTC: 61623.4000 (+2.88%)
  ETH: 1698.2000 (+5.26%)
  SOL: 80.5400 (+4.26%)
  BNB: 562.2200 (+1.81%)
  DOT: 0.8470 (+1.32%)
  LINK: 7.7740 (+5.51%)
  XRP: 1.0910 (+3.21%)
==================================================
[2026-07-03 04:04:22] 
==================================================
📊 整点汇报 2026-07-03 04:02
恐惧贪婪指数: 50 (中性)
今日PnL: +0.00 USDT (+0.0%)
持仓数: 0/4
  BTC: 61623.4000 (+2.88%)
  ETH: 1698.2000 (+5.26%)
  SOL: 80.5400 (+4.26%)
  BNB: 562.2200 (+1.81%)
  DOT: 0.8470 (+1.32%)
  LINK: 7.7740 (+5.51%)
  XRP: 1.0910 (+3.21%)
==================================================
[2026-07-03 05:03:03] 
==================================================
📊 整点汇报 2026-07-03 05:01
恐惧贪婪指数: 50 (中性)
今日PnL: +0.00 USDT (+0.0%)
持仓数: 0/4
  BTC: 61623.4000 (+2.88%)
  ETH: 1698.2000 (+5.26%)
  SOL: 80.5400 (+4.26%)
  BNB: 562.2200 (+1.81%)
  DOT: 0.8470 (+1.32%)
  LINK: 7.7740 (+5.51%)
  XRP: 1.0910 (+3.21%)
==================================================
[2026-07-03 06:02:17] 
==================================================
📊 整点汇报 2026-07-03 06:00
恐惧贪婪指数: 50 (中性)
今日PnL: +0.00 USDT (+0.0%)
持仓数: 0/4
  BTC: 61623.4000 (+2.88%)
  ETH: 1698.2000 (+5.26%)
  SOL: 80.5400 (+4.26%)
  BNB: 562.2200 (+1.81%)
  DOT: 0.8470 (+1.32%)
  LINK: 7.7740 (+5.51%)
  XRP: 1.0910 (+3.21%)
==================================================
[2026-07-03 07:01:32] 
==================================================
📊 整点汇报 2026-07-03 07:00
恐惧贪婪指数: 50 (中性)
今日PnL: +0.00 USDT (+0.0%)
持仓数: 0/4
  BTC: 61623.4000 (+2.88%)
  ETH: 1698.2000 (+5.26%)
  SOL: 80.5400 (+4.26%)
  BNB: 562.2200 (+1.81%)
  DOT: 0.8470 (+1.32%)
  LINK: 7.7740 (+5.51%)
  XRP: 1.0910 (+3.21%)
==================================================
[2026-07-03 08:00:22] 
==================================================
📊 整点汇报 2026-07-03 08:00
恐惧贪婪指数: 19 (极度恐惧)
今日PnL: +0.00 USDT (+0.0%)
持仓数: 1/4
  🟢 XRP LONG @1.0937 现价:1.0872 PnL:-1.20U (-0.60%)
  BTC: 61453.4000 (+2.36%)
  ETH: 1701.0200 (+5.71%)
  SOL: 80.6700 (+4.18%)
  BNB: 558.9500 (+1.46%)
  DOT: 0.8400 (+1.45%)
  LINK: 7.7740 (+5.65%)
  XRP: 1.0872 (+3.28%)
==================================================
[2026-07-03 08:34:04] 🔴 开空 BTC @61272.1 | 评分:75 | 状态:ranging | AI:做多(65%) | ✅ 下单成功
[2026-07-03 08:40:21] 🔴 开空 BTC @61276.4 | 评分:75 | 状态:ranging | AI:做多(65%) | ✅ 下单成功
[2026-07-03 09:00:27] 
==================================================
📊 整点汇报 2026-07-03 09:00
恐惧贪婪指数: 21 (极度恐惧)
今日PnL: +0.00 USDT (+0.0%)
持仓数: 2/4
  🟢 XRP LONG @1.0937 现价:1.0840 PnL:-1.78U (-0.89%)
  🔴 BTC SHORT @61276.4000 现价:61301.7000 PnL:-0.08U (-0.04%)
  BTC: 61301.7000 (+2.62%)
  ETH: 1696.1000 (+5.86%)
  SOL: 80.7800 (+4.60%)
  BNB: 558.3300 (+1.89%)
  DOT: 0.8380 (+1.33%)
  LINK: 7.7240 (+5.22%)
  XRP: 1.0840 (+3.52%)
==================================================
[2026-07-03 09:03:09] 🔴 开空 LINK @7.727 | 评分:75 | 状态:trending | AI:做多(65%) | ✅ 下单成功
[2026-07-03 09:57:36] 🟢 开多 BNB @561.99 | 评分:80 | 状态:trending | AI:做多(70%) | ✅ 下单成功
[2026-07-03 10:00:29] 
==================================================
📊 整点汇报 2026-07-03 10:00
恐惧贪婪指数: 21 (极度恐惧)
今日PnL: +0.00 USDT (+0.0%)
持仓数: 4/4
  🟢 XRP LONG @1.0937 现价:1.0935 PnL:-0.05U (-0.02%)
  🔴 BTC SHORT @61276.4000 现价:61589.9000 PnL:-0.94U (-0.51%)
  🔴 LINK SHORT @7.7270 现价:7.8110 PnL:-2.17U (-1.09%)
  🟢 BNB LONG @561.9900 现价:561.9300 PnL:-0.02U (-0.01%)
  BTC: 61589.9000 (+2.45%)
  ETH: 1711.5600 (+5.75%)
  SOL: 81.4600 (+4.25%)
  BNB: 561.9300 (+2.02%)
  DOT: 0.8500 (+1.68%)
  LINK: 7.8110 (+5.27%)
  XRP: 1.0935 (+3.49%)
==================================================
[2026-07-03 11:00:35] 
==================================================
📊 整点汇报 2026-07-03 11:00
恐惧贪婪指数: 21 (极度恐惧)
今日PnL: +0.00 USDT (+0.0%)
持仓数: 4/4
  🟢 XRP LONG @1.0937 现价:1.0902 PnL:-0.65U (-0.32%)
  🔴 BTC SHORT @61276.4000 现价:61393.2000 PnL:-0.35U (-0.19%)
  🔴 LINK SHORT @7.7270 现价:7.7750 PnL:-1.24U (-0.62%)
  🟢 BNB LONG @561.9900 现价:561.6400 PnL:-0.13U (-0.06%)
  BTC: 61393.2000 (+1.64%)
  ETH: 1703.2500 (+5.14%)
  SOL: 80.7600 (+3.02%)
  BNB: 561.6400 (+1.85%)
  DOT: 0.8510 (+1.43%)
  LINK: 7.7750 (+4.95%)
  XRP: 1.0902 (+2.90%)
==================================================
[2026-07-03 12:00:10] 
==================================================
📊 整点汇报 2026-07-03 12:00
恐惧贪婪指数: 21 (极度恐惧)
今日PnL: +0.00 USDT (+0.0%)
持仓数: 4/4
  🟢 XRP LONG @1.0937 现价:1.0902 PnL:-0.65U (-0.32%)
  🔴 BTC SHORT @61276.4000 现价:61406.1000 PnL:-0.39U (-0.21%)
  🔴 LINK SHORT @7.7270 现价:7.7640 PnL:-0.96U (-0.48%)
  🟢 BNB LONG @561.9900 现价:560.9300 PnL:-0.38U (-0.19%)
  BTC: 61406.1000 (+0.76%)
  ETH: 1705.9100 (+4.15%)
  SOL: 80.6900 (+2.57%)
  BNB: 560.9300 (+0.96%)
  DOT: 0.8520 (+0.71%)
  LINK: 7.7640 (+3.12%)
  XRP: 1.0902 (+2.15%)
==================================================
[2026-07-03 13:00:25] 
==================================================
📊 整点汇报 2026-07-03 13:00
恐惧贪婪指数: 21 (极度恐惧)
今日PnL: +0.00 USDT (+0.0%)
持仓数: 4/4
  🟢 XRP LONG @1.0937 现价:1.0921 PnL:-0.30U (-0.15%)
  🔴 BTC SHORT @61276.4000 现价:61465.7000 PnL:-0.57U (-0.31%)
  🔴 LINK SHORT @7.7270 现价:7.7290 PnL:-0.05U (-0.03%)
  🟢 BNB LONG @561.9900 现价:561.1000 PnL:-0.32U (-0.16%)
  BTC: 61465.7000 (+1.14%)
  ETH: 1703.7100 (+4.34%)
  SOL: 80.4900 (+2.82%)
  BNB: 561.1000 (+1.10%)
  DOT: 0.8490 (+0.35%)
  LINK: 7.7290 (+2.94%)
  XRP: 1.0921 (+2.62%)
==================================================
[2026-07-03 14:00:25] 
==================================================
📊 整点汇报 2026-07-03 14:00
恐惧贪婪指数: 21 (极度恐惧)
今日PnL: +0.00 USDT (+0.0%)
持仓数: 4/4
  🟢 XRP LONG @1.0937 现价:1.0994 PnL:+1.03U (+0.52%)
  🔴 BTC SHORT @61276.4000 现价:61674.9000 PnL:-1.20U (-0.65%)
  🔴 LINK SHORT @7.7270 现价:7.7720 PnL:-1.16U (-0.58%)
  🟢 BNB LONG @561.9900 现价:562.8300 PnL:+0.30U (+0.15%)
  BTC: 61674.9000 (+1.96%)
  ETH: 1714.2000 (+5.42%)
  SOL: 81.1200 (+3.91%)
  BNB: 562.8300 (+1.86%)
  DOT: 0.8510 (+1.43%)
  LINK: 7.7720 (+3.93%)
  XRP: 1.0994 (+3.77%)
==================================================
[2026-07-03 15:00:24] 
==================================================
📊 整点汇报 2026-07-03 15:00
恐惧贪婪指数: 21 (极度恐惧)
今日PnL: +0.00 USDT (+0.0%)
持仓数: 4/4
  🟢 XRP LONG @1.0937 现价:1.1004 PnL:+1.22U (+0.61%)
  🔴 BTC SHORT @61276.4000 现价:61705.8000 PnL:-1.29U (-0.70%)
  🔴 LINK SHORT @7.7270 现价:7.7720 PnL:-1.16U (-0.58%)
  🟢 BNB LONG @561.9900 现价:562.0000 PnL:+0.00U (+0.00%)
  BTC: 61705.8000 (+2.42%)
  ETH: 1714.9900 (+5.92%)
  SOL: 80.9500 (+3.96%)
  BNB: 562.0000 (+2.23%)
  DOT: 0.8540 (+2.03%)
  LINK: 7.7720 (+4.38%)
  XRP: 1.1004 (+4.18%)
==================================================
[2026-07-03 16:00:27] 
==================================================
📊 整点汇报 2026-07-03 16:00
恐惧贪婪指数: 21 (极度恐惧)
今日PnL: +0.00 USDT (+0.0%)
持仓数: 4/4
  🟢 XRP LONG @1.0937 现价:1.1020 PnL:+1.51U (+0.75%)
  🔴 BTC SHORT @61276.4000 现价:61785.0000 PnL:-1.53U (-0.83%)
  🔴 LINK SHORT @7.7270 现价:7.7670 PnL:-1.04U (-0.52%)
  🟢 BNB LONG @561.9900 现价:562.0200 PnL:+0.01U (+0.01%)
  BTC: 61785.0000 (+2.78%)
  ETH: 1718.0000 (+6.38%)
  SOL: 81.1900 (+4.21%)
  BNB: 562.0200 (+2.24%)
  DOT: 0.8550 (+1.91%)
  LINK: 7.7670 (+4.30%)
  XRP: 1.1020 (+4.16%)
==================================================
[2026-07-03 17:00:11] 
==================================================
📊 整点汇报 2026-07-03 17:00
恐惧贪婪指数: 21 (极度恐惧)
今日PnL: +0.00 USDT (+0.0%)
持仓数: 4/4
  🟢 XRP LONG @1.0937 现价:1.0992 PnL:+1.00U (+0.50%)
  🔴 BTC SHORT @61276.4000 现价:61611.6000 PnL:-1.01U (-0.55%)
  🔴 LINK SHORT @7.7270 现价:7.7750 PnL:-1.24U (-0.62%)
  🟢 BNB LONG @561.9900 现价:562.5400 PnL:+0.20U (+0.10%)
  BTC: 61611.6000 (+1.87%)
  ETH: 1721.1400 (+5.96%)
  SOL: 80.8800 (+3.15%)
  BNB: 562.5400 (+2.04%)
  DOT: 0.8570 (+1.30%)
  LINK: 7.7750 (+3.65%)
  XRP: 1.0992 (+3.37%)
==================================================
