[2026-07-07 00:00:42] 
==================================================
📊 整点汇报 2026-07-07 00:00
恐惧贪婪指数: 24 (极度恐惧)
今日PnL: +0.00 USDT (+0.0%)
持仓数: 3/4
  🔴 ETH SHORT @1756.0000 现价:1783.6200 PnL:-3.15U (-1.57%)
  🔴 BNB SHORT @577.1300 现价:584.7300 PnL:-2.66U (-1.32%)
  🔴 DOT SHORT @0.8810 现价:0.8790 PnL:+0.45U (+0.23%)
  BTC: 63085.8000 (+0.61%)
  ETH: 1783.6200 (+0.58%)
  SOL: 81.3900 (+0.10%)
  BNB: 584.7300 (-0.51%)
  DOT: 0.8790 (+0.23%)
  LINK: 8.0110 (+0.61%)
  XRP: 1.1412 (+0.43%)
==================================================
[2026-07-07 00:12:04] ❌ 平仓 ETH SL | 入场:1756.0000 出场:1797.9300 | PnL:-2.39% (-4.78USDT) | 平100%仓 | ✅ 平仓成功
[2026-07-07 00:13:13] ❌ 平仓 ETH TP1 | 入场:1798.7500 出场:1797.9300 | PnL:-0.05% (-0.01USDT) | 平100%仓 | ❌ 平仓失败
[2026-07-07 00:18:55] ✅ 平仓 ETH 迷你仓修复 | 入场:1798.7500 出场:1798.7500 | PnL:0.00% (+0.00USDT) | 平100%仓 | ❌ 平仓失败
[2026-07-07 00:27:57] ✅ 平仓 ETH 迷你仓修复 | 入场:1798.7500 出场:1798.7500 | PnL:0.00% (+0.00USDT) | 平100%仓 | ❌ 平仓失败
[2026-07-07 00:36:44] ✅ 平仓 ETH 迷你仓修复 | 入场:1798.7500 出场:1798.7500 | PnL:0.00% (+0.00USDT) | 平100%仓 | ❌ 平仓失败
[2026-07-07 00:45:39] ✅ 平仓 ETH 迷你仓修复 | 入场:1798.7500 出场:1798.7500 | PnL:0.00% (+0.00USDT) | 平100%仓 | ❌ 平仓失败
[2026-07-07 00:54:25] ✅ 平仓 ETH 迷你仓修复 | 入场:1798.7500 出场:1798.7500 | PnL:0.00% (+0.00USDT) | 平100%仓 | ❌ 平仓失败
[2026-07-07 01:00:11] 
==================================================
📊 整点汇报 2026-07-07 01:00
恐惧贪婪指数: 24 (极度恐惧)
今日PnL: -4.86 USDT (-4.9%)
持仓数: 2/4
  🔴 DOT SHORT @0.8810 现价:0.8890 PnL:-1.82U (-0.91%)
  🔴 BNB SHORT @577.1300 现价:585.2400 PnL:-2.84U (-1.41%)
  BTC: 63668.8000 (+1.68%)
  ETH: 1790.9500 (+1.06%)
  SOL: 82.0600 (+1.21%)
  BNB: 585.2400 (-0.23%)
  DOT: 0.8890 (+1.37%)
  LINK: 8.0330 (+0.92%)
  XRP: 1.1528 (+1.59%)
==================================================
[2026-07-07 01:02:41] ✅ 平仓 ETH 迷你仓修复 | 入场:1798.7500 出场:1798.7500 | PnL:0.00% (+0.00USDT) | 平100%仓 | ❌ 平仓失败
[2026-07-07 01:11:27] ✅ 平仓 ETH 迷你仓修复 | 入场:1798.7500 出场:1798.7500 | PnL:0.00% (+0.00USDT) | 平100%仓 | ❌ 平仓失败
[2026-07-07 01:19:49] ✅ 平仓 ETH 迷你仓修复 | 入场:1798.7500 出场:1798.7500 | PnL:0.00% (+0.00USDT) | 平100%仓 | ❌ 平仓失败
[2026-07-07 01:31:32] 🟢 开多 BTC @63850.0 | 评分:70 | 状态:trending | ❌ 下单失败：请求异常：HTTPSConnectionPool(host='testnet.binancefuture.com', port=443): Max retries exceeded with url: /fapi/v1/order?symbol=BTCUSDT&side=BUY&type=MARKET&quantity=0.003&reduceOnly=false&timestamp=1783359069323&recvWindow=30000&newClientOrderId=oc_1783359069_1f4d20eaeb&signature=86d636b39dafc59772f98ff1844fb701b69768edda5b5d6cdb705b3bb91e0e1f (Caused by SSLError(SSLEOFError(8, '[SSL: UNEXPECTED_EOF_WHILE_READING] EOF occurred in violation of protocol (_ssl.c:1033)')))
[2026-07-07 01:39:28] 🟢 开多 BTC @63850.0 | 评分:70 | 状态:trending | ❌ 下单失败：请求异常：HTTPSConnectionPool(host='testnet.binancefuture.com', port=443): Max retries exceeded with url: /fapi/v1/order?symbol=BTCUSDT&side=BUY&type=MARKET&quantity=0.003&reduceOnly=false&timestamp=1783359545885&recvWindow=30000&newClientOrderId=oc_1783359545_61ed63e0c4&signature=4f9f573a53048d02059c1a96e7c6683ebbb3c0ec4f8fcc7ebc838cd38fe1fc28 (Caused by SSLError(SSLEOFError(8, '[SSL: UNEXPECTED_EOF_WHILE_READING] EOF occurred in violation of protocol (_ssl.c:1033)')))
[2026-07-07 01:46:29] 🟢 开多 BTC @63850.0 | 评分:70 | 状态:trending | ❌ 下单失败：请求异常：HTTPSConnectionPool(host='testnet.binancefuture.com', port=443): Max retries exceeded with url: /fapi/v1/order?symbol=BTCUSDT&side=BUY&type=MARKET&quantity=0.003&reduceOnly=false&timestamp=1783359966425&recvWindow=30000&newClientOrderId=oc_1783359966_a1b318da27&signature=e88608e75e881bf39f0aba8a18eba2b9f884f6f951a7b145390309d24575e372 (Caused by SSLError(SSLEOFError(8, '[SSL: UNEXPECTED_EOF_WHILE_READING] EOF occurred in violation of protocol (_ssl.c:1033)')))
[2026-07-07 01:53:27] 🟢 开多 BTC @63850.0 | 评分:70 | 状态:trending | ❌ 下单失败：请求异常：HTTPSConnectionPool(host='testnet.binancefuture.com', port=443): Max retries exceeded with url: /fapi/v1/order?symbol=BTCUSDT&side=BUY&type=MARKET&quantity=0.003&reduceOnly=false&timestamp=1783360385809&recvWindow=30000&newClientOrderId=oc_1783360385_bb0f78185c&signature=b90cda974fd2f62a38072f55d05c44c8f6445b12bdd1f765016f5063d3c720e5 (Caused by SSLError(SSLEOFError(8, '[SSL: UNEXPECTED_EOF_WHILE_READING] EOF occurred in violation of protocol (_ssl.c:1033)')))
[2026-07-07 02:00:28] 🟢 开多 BTC @63850.0 | 评分:70 | 状态:trending | ❌ 下单失败：请求异常：HTTPSConnectionPool(host='testnet.binancefuture.com', port=443): Max retries exceeded with url: /fapi/v1/order?symbol=BTCUSDT&side=BUY&type=MARKET&quantity=0.003&reduceOnly=false&timestamp=1783360804016&recvWindow=30000&newClientOrderId=oc_1783360804_d1ba77b519&signature=45a749eeed919f8e4f02d7999202afde7b9faa932b040f5064f68518aa96771f (Caused by SSLError(SSLEOFError(8, '[SSL: UNEXPECTED_EOF_WHILE_READING] EOF occurred in violation of protocol (_ssl.c:1033)')))
[2026-07-07 02:01:55] 
==================================================
📊 整点汇报 2026-07-07 02:00
恐惧贪婪指数: 50 (中性)
今日PnL: -4.86 USDT (-4.9%)
持仓数: 0/4
  BTC: 63850.0000 (+1.85%)
  ETH: 1795.5500 (+0.76%)
  SOL: 82.0100 (+0.87%)
  BNB: 585.5500 (-0.25%)
  DOT: 0.8890 (+1.02%)
  LINK: 8.0340 (+0.46%)
  XRP: 1.1544 (+1.47%)
==================================================
[2026-07-07 02:13:20] 🟢 开多 BTC @63850.0 | 评分:70 | 状态:trending | ❌ 下单失败：请求异常：HTTPSConnectionPool(host='testnet.binancefuture.com', port=443): Max retries exceeded with url: /fapi/v1/order?symbol=BTCUSDT&side=BUY&type=MARKET&quantity=0.003&reduceOnly=false&timestamp=1783361576160&recvWindow=30000&newClientOrderId=oc_1783361576_4f8d3c96e4&signature=b3d51e5821b3d5ebf18933a2388286327ebe61c8e88692151dcdc59a017f454b (Caused by SSLError(SSLEOFError(8, '[SSL: UNEXPECTED_EOF_WHILE_READING] EOF occurred in violation of protocol (_ssl.c:1033)')))
[2026-07-07 02:21:01] 🟢 开多 BTC @63850.0 | 评分:70 | 状态:trending | ❌ 下单失败：请求异常：HTTPSConnectionPool(host='testnet.binancefuture.com', port=443): Max retries exceeded with url: /fapi/v1/order?symbol=BTCUSDT&side=BUY&type=MARKET&quantity=0.003&reduceOnly=false&timestamp=1783362039071&recvWindow=30000&newClientOrderId=oc_1783362039_6d407c4d35&signature=313ad501e72fc52f5a60d5ba410172666f1f4c1c23993179aa4613ffc0c5db11 (Caused by SSLError(SSLEOFError(8, '[SSL: UNEXPECTED_EOF_WHILE_READING] EOF occurred in violation of protocol (_ssl.c:1033)')))
[2026-07-07 02:27:52] 🟢 开多 BTC @63850.0 | 评分:70 | 状态:trending | ❌ 下单失败：请求异常：HTTPSConnectionPool(host='testnet.binancefuture.com', port=443): Max retries exceeded with url: /fapi/v1/order?symbol=BTCUSDT&side=BUY&type=MARKET&quantity=0.003&reduceOnly=false&timestamp=1783362451194&recvWindow=30000&newClientOrderId=oc_1783362451_df70b8f3a0&signature=3adea41d4f8fb8c1c3c00f1127b6703df700cee77164074fbce0ff1988cf8406 (Caused by SSLError(SSLEOFError(8, '[SSL: UNEXPECTED_EOF_WHILE_READING] EOF occurred in violation of protocol (_ssl.c:1033)')))
[2026-07-07 02:35:01] 🟢 开多 BTC @63850.0 | 评分:70 | 状态:trending | ❌ 下单失败：请求异常：HTTPSConnectionPool(host='testnet.binancefuture.com', port=443): Max retries exceeded with url: /fapi/v1/order?symbol=BTCUSDT&side=BUY&type=MARKET&quantity=0.003&reduceOnly=false&timestamp=1783362880000&recvWindow=30000&newClientOrderId=oc_1783362880_bbd5d35a02&signature=1987311c2ca47684aef4634a1f139473f5188cb895ba3bf71b69c8e3958207cd (Caused by SSLError(SSLEOFError(8, '[SSL: UNEXPECTED_EOF_WHILE_READING] EOF occurred in violation of protocol (_ssl.c:1033)')))
[2026-07-07 02:41:59] 🟢 开多 BTC @63850.0 | 评分:70 | 状态:trending | ❌ 下单失败：请求异常：HTTPSConnectionPool(host='testnet.binancefuture.com', port=443): Max retries exceeded with url: /fapi/v1/order?symbol=BTCUSDT&side=BUY&type=MARKET&quantity=0.003&reduceOnly=false&timestamp=1783363296829&recvWindow=30000&newClientOrderId=oc_1783363296_ec6418ee59&signature=008f9fe402872b2aa7518c6fc15ef163dabb5ddbf895bff7b96eb069cde352ac (Caused by SSLError(SSLEOFError(8, '[SSL: UNEXPECTED_EOF_WHILE_READING] EOF occurred in violation of protocol (_ssl.c:1033)')))
[2026-07-07 02:49:08] 🟢 开多 BTC @63850.0 | 评分:70 | 状态:trending | ❌ 下单失败：请求异常：HTTPSConnectionPool(host='testnet.binancefuture.com', port=443): Max retries exceeded with url: /fapi/v1/order?symbol=BTCUSDT&side=BUY&type=MARKET&quantity=0.003&reduceOnly=false&timestamp=1783363726541&recvWindow=30000&newClientOrderId=oc_1783363726_f919a02625&signature=e28ba53fbb9e28a24c4d992cd682d90daaf252d90bebf432c8459bb9bc48e12d (Caused by SSLError(SSLEOFError(8, '[SSL: UNEXPECTED_EOF_WHILE_READING] EOF occurred in violation of protocol (_ssl.c:1033)')))
[2026-07-07 02:56:41] 🟢 开多 BTC @63850.0 | 评分:70 | 状态:trending | ❌ 下单失败：请求异常：HTTPSConnectionPool(host='testnet.binancefuture.com', port=443): Max retries exceeded with url: /fapi/v1/order?symbol=BTCUSDT&side=BUY&type=MARKET&quantity=0.003&reduceOnly=false&timestamp=1783364176747&recvWindow=30000&newClientOrderId=oc_1783364176_d945afc58e&signature=5a8258b4e8e5dc7aac6c3b5db627f4b4836f3035c2ebea5922a83254396bb0ae (Caused by SSLError(SSLEOFError(8, '[SSL: UNEXPECTED_EOF_WHILE_READING] EOF occurred in violation of protocol (_ssl.c:1033)')))
[2026-07-07 03:03:41] 🟢 开多 BTC @63850.0 | 评分:70 | 状态:trending | ❌ 下单失败：请求异常：HTTPSConnectionPool(host='testnet.binancefuture.com', port=443): Max retries exceeded with url: /fapi/v1/order?symbol=BTCUSDT&side=BUY&type=MARKET&quantity=0.003&reduceOnly=false&timestamp=1783364598770&recvWindow=30000&newClientOrderId=oc_1783364598_37beed6517&signature=9ff602bed544c8ef0aad09e6f5ca3de7412d1b5ae2eff0827dec211fbf0362ae (Caused by SSLError(SSLEOFError(8, '[SSL: UNEXPECTED_EOF_WHILE_READING] EOF occurred in violation of protocol (_ssl.c:1033)')))
[2026-07-07 03:05:01] 
==================================================
📊 整点汇报 2026-07-07 03:03
恐惧贪婪指数: 50 (中性)
今日PnL: -4.86 USDT (-4.9%)
持仓数: 0/4
  BTC: 63850.0000 (+1.85%)
  ETH: 1795.5500 (+0.76%)
  SOL: 82.0100 (+0.87%)
  BNB: 585.5500 (-0.25%)
  DOT: 0.8890 (+1.02%)
  LINK: 8.0340 (+0.46%)
  XRP: 1.1544 (+1.47%)
==================================================
[2026-07-07 03:16:17] 🟢 开多 BTC @63850.0 | 评分:70 | 状态:trending | ❌ 下单失败：请求异常：HTTPSConnectionPool(host='testnet.binancefuture.com', port=443): Max retries exceeded with url: /fapi/v1/order?symbol=BTCUSDT&side=BUY&type=MARKET&quantity=0.003&reduceOnly=false&timestamp=1783365353248&recvWindow=30000&newClientOrderId=oc_1783365353_60b22edd6e&signature=085331da2a31894f705e56991b27cb19e77897e7495c355ba5ae948fa5459b22 (Caused by SSLError(SSLEOFError(8, '[SSL: UNEXPECTED_EOF_WHILE_READING] EOF occurred in violation of protocol (_ssl.c:1033)')))
[2026-07-07 03:23:14] 🟢 开多 BTC @63850.0 | 评分:70 | 状态:trending | ❌ 下单失败：请求异常：HTTPSConnectionPool(host='testnet.binancefuture.com', port=443): Max retries exceeded with url: /fapi/v1/order?symbol=BTCUSDT&side=BUY&type=MARKET&quantity=0.003&reduceOnly=false&timestamp=1783365771346&recvWindow=30000&newClientOrderId=oc_1783365771_b9e682f704&signature=70d5259842ccf900d2ff26bc3487eed273d06242319672f677dbf1f920003b65 (Caused by SSLError(SSLEOFError(8, '[SSL: UNEXPECTED_EOF_WHILE_READING] EOF occurred in violation of protocol (_ssl.c:1033)')))
[2026-07-07 03:30:08] 🟢 开多 BTC @63850.0 | 评分:70 | 状态:trending | ❌ 下单失败：请求异常：HTTPSConnectionPool(host='testnet.binancefuture.com', port=443): Max retries exceeded with url: /fapi/v1/order?symbol=BTCUSDT&side=BUY&type=MARKET&quantity=0.003&reduceOnly=false&timestamp=1783366186887&recvWindow=30000&newClientOrderId=oc_1783366186_0dfae7fc87&signature=6a5156933e08ae356d3aa1ed723d534cbd788f3af6aefbdc11bc4749842935e6 (Caused by SSLError(SSLEOFError(8, '[SSL: UNEXPECTED_EOF_WHILE_READING] EOF occurred in violation of protocol (_ssl.c:1033)')))
[2026-07-07 03:37:51] 🟢 开多 BTC @63850.0 | 评分:70 | 状态:trending | ❌ 下单失败：请求异常：HTTPSConnectionPool(host='testnet.binancefuture.com', port=443): Max retries exceeded with url: /fapi/v1/order?symbol=BTCUSDT&side=BUY&type=MARKET&quantity=0.003&reduceOnly=false&timestamp=1783366648092&recvWindow=30000&newClientOrderId=oc_1783366648_e6bd39be6e&signature=7fffb7377f37bdb95b9d282d5743311669e9a7427aa8706588e67c3c5f16167f (Caused by SSLError(SSLEOFError(8, '[SSL: UNEXPECTED_EOF_WHILE_READING] EOF occurred in violation of protocol (_ssl.c:1033)')))
[2026-07-07 03:44:37] 🟢 开多 BTC @63850.0 | 评分:70 | 状态:trending | ❌ 下单失败：请求异常：HTTPSConnectionPool(host='testnet.binancefuture.com', port=443): Max retries exceeded with url: /fapi/v1/order?symbol=BTCUSDT&side=BUY&type=MARKET&quantity=0.003&reduceOnly=false&timestamp=1783367053417&recvWindow=30000&newClientOrderId=oc_1783367053_7bb9a01523&signature=bd59235f6cc77b27ebd18ecd2687486449e76d63241050fb845ff43b19ea63cc (Caused by SSLError(SSLEOFError(8, '[SSL: UNEXPECTED_EOF_WHILE_READING] EOF occurred in violation of protocol (_ssl.c:1033)')))
[2026-07-07 03:51:35] 🟢 开多 BTC @63850.0 | 评分:70 | 状态:trending | ❌ 下单失败：请求异常：HTTPSConnectionPool(host='testnet.binancefuture.com', port=443): Max retries exceeded with url: /fapi/v1/order?symbol=BTCUSDT&side=BUY&type=MARKET&quantity=0.003&reduceOnly=false&timestamp=1783367473100&recvWindow=30000&newClientOrderId=oc_1783367473_acf8e773ef&signature=d8de0f6611a20afb08eaa4069e9d437681166af103dbd258723fda09e6d02100 (Caused by SSLError(SSLEOFError(8, '[SSL: UNEXPECTED_EOF_WHILE_READING] EOF occurred in violation of protocol (_ssl.c:1033)')))
[2026-07-07 03:58:28] 🟢 开多 BTC @63850.0 | 评分:70 | 状态:trending | ❌ 下单失败：请求异常：HTTPSConnectionPool(host='testnet.binancefuture.com', port=443): Max retries exceeded with url: /fapi/v1/order?symbol=BTCUSDT&side=BUY&type=MARKET&quantity=0.003&reduceOnly=false&timestamp=1783367885042&recvWindow=30000&newClientOrderId=oc_1783367885_8663410aff&signature=504d0a64f3fff96f4fc07373a4e580d4daa197d761b523c551541f16c198b13d (Caused by SSLError(SSLEOFError(8, '[SSL: UNEXPECTED_EOF_WHILE_READING] EOF occurred in violation of protocol (_ssl.c:1033)')))
[2026-07-07 04:05:08] 🟢 开多 BTC @63850.0 | 评分:70 | 状态:trending | ❌ 下单失败：请求异常：HTTPSConnectionPool(host='testnet.binancefuture.com', port=443): Max retries exceeded with url: /fapi/v1/order?symbol=BTCUSDT&side=BUY&type=MARKET&quantity=0.003&reduceOnly=false&timestamp=1783368285573&recvWindow=30000&newClientOrderId=oc_1783368285_afd0514616&signature=7773852fb7e890e1e940a67cbb264fdc0992d6c63f678a96701bc7013aa17ddc (Caused by SSLError(SSLEOFError(8, '[SSL: UNEXPECTED_EOF_WHILE_READING] EOF occurred in violation of protocol (_ssl.c:1033)')))
[2026-07-07 04:06:30] 
==================================================
📊 整点汇报 2026-07-07 04:05
恐惧贪婪指数: 50 (中性)
今日PnL: -4.86 USDT (-4.9%)
持仓数: 0/4
  BTC: 63850.0000 (+1.85%)
  ETH: 1795.5500 (+0.76%)
  SOL: 82.0100 (+0.87%)
  BNB: 585.5500 (-0.25%)
  DOT: 0.8890 (+1.02%)
  LINK: 8.0340 (+0.46%)
  XRP: 1.1544 (+1.47%)
==================================================
[2026-07-07 04:18:25] 🟢 开多 BTC @63850.0 | 评分:70 | 状态:trending | ❌ 下单失败：请求异常：HTTPSConnectionPool(host='testnet.binancefuture.com', port=443): Max retries exceeded with url: /fapi/v1/order?symbol=BTCUSDT&side=BUY&type=MARKET&quantity=0.003&reduceOnly=false&timestamp=1783369081901&recvWindow=30000&newClientOrderId=oc_1783369081_f2f46f5bf5&signature=b12cc372c970a598aef3e3e42ee023565e2cd77765870e906ae77f55fd248267 (Caused by SSLError(SSLEOFError(8, '[SSL: UNEXPECTED_EOF_WHILE_READING] EOF occurred in violation of protocol (_ssl.c:1033)')))
[2026-07-07 04:25:26] 🟢 开多 BTC @63850.0 | 评分:70 | 状态:trending | ❌ 下单失败：请求异常：HTTPSConnectionPool(host='testnet.binancefuture.com', port=443): Max retries exceeded with url: /fapi/v1/order?symbol=BTCUSDT&side=BUY&type=MARKET&quantity=0.003&reduceOnly=false&timestamp=1783369504730&recvWindow=30000&newClientOrderId=oc_1783369504_8d156e66e0&signature=91a5dd055d5a7bcd4da8c0dcc56350e6b7b43cc9aa0fa2f1d01709de4da59153 (Caused by SSLError(SSLEOFError(8, '[SSL: UNEXPECTED_EOF_WHILE_READING] EOF occurred in violation of protocol (_ssl.c:1033)')))
[2026-07-07 04:32:20] 🟢 开多 BTC @63850.0 | 评分:70 | 状态:trending | ❌ 下单失败：请求异常：HTTPSConnectionPool(host='testnet.binancefuture.com', port=443): Max retries exceeded with url: /fapi/v1/order?symbol=BTCUSDT&side=BUY&type=MARKET&quantity=0.003&reduceOnly=false&timestamp=1783369920031&recvWindow=30000&newClientOrderId=oc_1783369920_9b667f5c73&signature=78b17d2bb0ec776bff987ee4de6e47095fff96d45a2af7683b5b836ffc30c439 (Caused by SSLError(SSLEOFError(8, '[SSL: UNEXPECTED_EOF_WHILE_READING] EOF occurred in violation of protocol (_ssl.c:1033)')))
[2026-07-07 04:39:19] 🟢 开多 BTC @63850.0 | 评分:70 | 状态:trending | ❌ 下单失败：请求异常：HTTPSConnectionPool(host='testnet.binancefuture.com', port=443): Max retries exceeded with url: /fapi/v1/order?symbol=BTCUSDT&side=BUY&type=MARKET&quantity=0.003&reduceOnly=false&timestamp=1783370335367&recvWindow=30000&newClientOrderId=oc_1783370335_f6592da265&signature=8bf4b06075e472a093cf732bbe826dea2fa3cfb09fe00a7e48b5989fc74c563a (Caused by SSLError(SSLEOFError(8, '[SSL: UNEXPECTED_EOF_WHILE_READING] EOF occurred in violation of protocol (_ssl.c:1033)')))
[2026-07-07 04:46:20] 🟢 开多 BTC @63850.0 | 评分:70 | 状态:trending | ❌ 下单失败：请求异常：HTTPSConnectionPool(host='testnet.binancefuture.com', port=443): Max retries exceeded with url: /fapi/v1/order?symbol=BTCUSDT&side=BUY&type=MARKET&quantity=0.003&reduceOnly=false&timestamp=1783370756966&recvWindow=30000&newClientOrderId=oc_1783370756_a2ddafd58e&signature=90ddf741171340e55bca672815355e63e9cba09a879b1094eca11cda8637e4a2 (Caused by SSLError(SSLEOFError(8, '[SSL: UNEXPECTED_EOF_WHILE_READING] EOF occurred in violation of protocol (_ssl.c:1033)')))
[2026-07-07 04:53:56] 🟢 开多 BTC @63850.0 | 评分:70 | 状态:trending | ❌ 下单失败：请求异常：HTTPSConnectionPool(host='testnet.binancefuture.com', port=443): Max retries exceeded with url: /fapi/v1/order?symbol=BTCUSDT&side=BUY&type=MARKET&quantity=0.003&reduceOnly=false&timestamp=1783371213236&recvWindow=30000&newClientOrderId=oc_1783371213_46acd817f8&signature=8d28f4d9442e2aeedf814fd90402675b5e8241725e55cfc5e9ce84515a261731 (Caused by SSLError(SSLEOFError(8, '[SSL: UNEXPECTED_EOF_WHILE_READING] EOF occurred in violation of protocol (_ssl.c:1033)')))
[2026-07-07 05:00:52] 🟢 开多 BTC @63850.0 | 评分:70 | 状态:trending | ❌ 下单失败：请求异常：HTTPSConnectionPool(host='testnet.binancefuture.com', port=443): Max retries exceeded with url: /fapi/v1/order?symbol=BTCUSDT&side=BUY&type=MARKET&quantity=0.003&reduceOnly=false&timestamp=1783371630609&recvWindow=30000&newClientOrderId=oc_1783371630_8c86ce628d&signature=228e4252a7b9835aef88e632ae842c55a22db965c35bdb5d31a797bb325655a2 (Caused by SSLError(SSLEOFError(8, '[SSL: UNEXPECTED_EOF_WHILE_READING] EOF occurred in violation of protocol (_ssl.c:1033)')))
[2026-07-07 05:02:14] 
==================================================
📊 整点汇报 2026-07-07 05:00
恐惧贪婪指数: 50 (中性)
今日PnL: -4.86 USDT (-4.9%)
持仓数: 0/4
  BTC: 63850.0000 (+1.85%)
  ETH: 1795.5500 (+0.76%)
  SOL: 82.0100 (+0.87%)
  BNB: 585.5500 (-0.25%)
  DOT: 0.8890 (+1.02%)
  LINK: 8.0340 (+0.46%)
  XRP: 1.1544 (+1.47%)
==================================================
[2026-07-07 05:13:39] 🟢 开多 BTC @63850.0 | 评分:70 | 状态:trending | ❌ 下单失败：请求异常：HTTPSConnectionPool(host='testnet.binancefuture.com', port=443): Max retries exceeded with url: /fapi/v1/order?symbol=BTCUSDT&side=BUY&type=MARKET&quantity=0.003&reduceOnly=false&timestamp=1783372395416&recvWindow=30000&newClientOrderId=oc_1783372395_3f87878311&signature=baf049df5c52cff1793c27bf6cdd05e3a8873f8b63364d9ad2000d1577b1aa4d (Caused by SSLError(SSLEOFError(8, '[SSL: UNEXPECTED_EOF_WHILE_READING] EOF occurred in violation of protocol (_ssl.c:1033)')))
[2026-07-07 05:20:45] 🟢 开多 BTC @63850.0 | 评分:70 | 状态:trending | ❌ 下单失败：请求异常：HTTPSConnectionPool(host='testnet.binancefuture.com', port=443): Max retries exceeded with url: /fapi/v1/order?symbol=BTCUSDT&side=BUY&type=MARKET&quantity=0.003&reduceOnly=false&timestamp=1783372820494&recvWindow=30000&newClientOrderId=oc_1783372820_166f5f8940&signature=045e6e51f057ebca0b427be507c63d42cd22d3b8d2c6182862c4e26adfd57857 (Caused by SSLError(SSLEOFError(8, '[SSL: UNEXPECTED_EOF_WHILE_READING] EOF occurred in violation of protocol (_ssl.c:1033)')))
[2026-07-07 05:27:45] 🟢 开多 BTC @63850.0 | 评分:70 | 状态:trending | ❌ 下单失败：请求异常：HTTPSConnectionPool(host='testnet.binancefuture.com', port=443): Max retries exceeded with url: /fapi/v1/order?symbol=BTCUSDT&side=BUY&type=MARKET&quantity=0.003&reduceOnly=false&timestamp=1783373239584&recvWindow=30000&newClientOrderId=oc_1783373239_e1bfe9ba83&signature=2779870dbf4bdb09c769d9177814ca84cc5f8aef716f6ac25c99bc1760065905 (Caused by SSLError(SSLEOFError(8, '[SSL: UNEXPECTED_EOF_WHILE_READING] EOF occurred in violation of protocol (_ssl.c:1033)')))
[2026-07-07 05:35:20] 🟢 开多 BTC @63850.0 | 评分:70 | 状态:trending | ❌ 下单失败：请求异常：HTTPSConnectionPool(host='testnet.binancefuture.com', port=443): Max retries exceeded with url: /fapi/v1/order?symbol=BTCUSDT&side=BUY&type=MARKET&quantity=0.003&reduceOnly=false&timestamp=1783373695083&recvWindow=30000&newClientOrderId=oc_1783373695_9d34d04bc9&signature=b6bf1876dbe02f3d86704596db39ca3b1872bb68eae286de5c2733c34a980388 (Caused by SSLError(SSLEOFError(8, '[SSL: UNEXPECTED_EOF_WHILE_READING] EOF occurred in violation of protocol (_ssl.c:1033)')))
[2026-07-07 05:42:08] 🟢 开多 BTC @63850.0 | 评分:70 | 状态:trending | ❌ 下单失败：请求异常：HTTPSConnectionPool(host='testnet.binancefuture.com', port=443): Max retries exceeded with url: /fapi/v1/order?symbol=BTCUSDT&side=BUY&type=MARKET&quantity=0.003&reduceOnly=false&timestamp=1783374105508&recvWindow=30000&newClientOrderId=oc_1783374105_0264cef376&signature=c84a2eec526fec3c678130cfd4b49f6463ba02638bcb2f3b1868ef61c81d07d8 (Caused by SSLError(SSLEOFError(8, '[SSL: UNEXPECTED_EOF_WHILE_READING] EOF occurred in violation of protocol (_ssl.c:1033)')))
[2026-07-07 05:49:05] 🟢 开多 BTC @63850.0 | 评分:70 | 状态:trending | ❌ 下单失败：请求异常：HTTPSConnectionPool(host='testnet.binancefuture.com', port=443): Max retries exceeded with url: /fapi/v1/order?symbol=BTCUSDT&side=BUY&type=MARKET&quantity=0.003&reduceOnly=false&timestamp=1783374523512&recvWindow=30000&newClientOrderId=oc_1783374523_cdbe865463&signature=7dbe6de5ea55e6e55158e035e959df9995a536a75cebdbd3f7ed311c2f31d5b6 (Caused by SSLError(SSLEOFError(8, '[SSL: UNEXPECTED_EOF_WHILE_READING] EOF occurred in violation of protocol (_ssl.c:1033)')))
[2026-07-07 05:55:52] 🟢 开多 BTC @63850.0 | 评分:70 | 状态:trending | ❌ 下单失败：请求异常：HTTPSConnectionPool(host='testnet.binancefuture.com', port=443): Max retries exceeded with url: /fapi/v1/order?symbol=BTCUSDT&side=BUY&type=MARKET&quantity=0.003&reduceOnly=false&timestamp=1783374929738&recvWindow=30000&newClientOrderId=oc_1783374929_b8878afef3&signature=b1c6f2e719fa3fe400e789f58cf87b24e98a153c21ea7c15772296da493339db (Caused by SSLError(SSLEOFError(8, '[SSL: UNEXPECTED_EOF_WHILE_READING] EOF occurred in violation of protocol (_ssl.c:1033)')))
[2026-07-07 06:02:53] 🟢 开多 BTC @63850.0 | 评分:70 | 状态:trending | ❌ 下单失败：请求异常：HTTPSConnectionPool(host='testnet.binancefuture.com', port=443): Max retries exceeded with url: /fapi/v1/order?symbol=BTCUSDT&side=BUY&type=MARKET&quantity=0.003&reduceOnly=false&timestamp=1783375349713&recvWindow=30000&newClientOrderId=oc_1783375349_33de4db7e3&signature=3ce107ff1e16c8fffd8cde0b0daccd9bac159846495b85b799fc5d059fccbb2c (Caused by SSLError(SSLEOFError(8, '[SSL: UNEXPECTED_EOF_WHILE_READING] EOF occurred in violation of protocol (_ssl.c:1033)')))
[2026-07-07 06:04:21] 
==================================================
📊 整点汇报 2026-07-07 06:02
恐惧贪婪指数: 50 (中性)
今日PnL: -4.86 USDT (-4.9%)
持仓数: 0/4
  BTC: 63850.0000 (+1.85%)
  ETH: 1795.5500 (+0.76%)
  SOL: 82.0100 (+0.87%)
  BNB: 585.5500 (-0.25%)
  DOT: 0.8890 (+1.02%)
  LINK: 8.0340 (+0.46%)
  XRP: 1.1544 (+1.47%)
==================================================
[2026-07-07 06:16:26] 🟢 开多 BTC @63850.0 | 评分:70 | 状态:trending | ❌ 下单失败：请求异常：HTTPSConnectionPool(host='testnet.binancefuture.com', port=443): Max retries exceeded with url: /fapi/v1/order?symbol=BTCUSDT&side=BUY&type=MARKET&quantity=0.003&reduceOnly=false&timestamp=1783376163137&recvWindow=30000&newClientOrderId=oc_1783376163_bed9b96b07&signature=1e1f0d1bb0e8d65af781d2ea239865c89ff923ff092f0409ef149cbbebc50ff5 (Caused by SSLError(SSLEOFError(8, '[SSL: UNEXPECTED_EOF_WHILE_READING] EOF occurred in violation of protocol (_ssl.c:1033)')))
[2026-07-07 06:23:21] 🟢 开多 BTC @63850.0 | 评分:70 | 状态:trending | ❌ 下单失败：请求异常：HTTPSConnectionPool(host='testnet.binancefuture.com', port=443): Max retries exceeded with url: /fapi/v1/order?symbol=BTCUSDT&side=BUY&type=MARKET&quantity=0.003&reduceOnly=false&timestamp=1783376578452&recvWindow=30000&newClientOrderId=oc_1783376578_b4fdf9da66&signature=34554c06d994d998e5b51f047123f9da2fdb5c3005a7d451a3792271bbdd37f7 (Caused by SSLError(SSLEOFError(8, '[SSL: UNEXPECTED_EOF_WHILE_READING] EOF occurred in violation of protocol (_ssl.c:1033)')))
[2026-07-07 06:30:24] 🟢 开多 BTC @63850.0 | 评分:70 | 状态:trending | ❌ 下单失败：请求异常：HTTPSConnectionPool(host='testnet.binancefuture.com', port=443): Max retries exceeded with url: /fapi/v1/order?symbol=BTCUSDT&side=BUY&type=MARKET&quantity=0.003&reduceOnly=false&timestamp=1783377001355&recvWindow=30000&newClientOrderId=oc_1783377001_91dd376785&signature=51fe19bb81ea5a0f19270798d389fe8f9b5df84007c9a6d2522d3d90fcb8708c (Caused by SSLError(SSLEOFError(8, '[SSL: UNEXPECTED_EOF_WHILE_READING] EOF occurred in violation of protocol (_ssl.c:1033)')))
[2026-07-07 06:37:28] 🟢 开多 BTC @63850.0 | 评分:70 | 状态:trending | ❌ 下单失败：请求异常：HTTPSConnectionPool(host='testnet.binancefuture.com', port=443): Max retries exceeded with url: /fapi/v1/order?symbol=BTCUSDT&side=BUY&type=MARKET&quantity=0.003&reduceOnly=false&timestamp=1783377424410&recvWindow=30000&newClientOrderId=oc_1783377424_06307bb244&signature=8dc03757ffa893774eb77fcb498f22543997ed9ff6974be3c1443cf4b71713ac (Caused by SSLError(SSLEOFError(8, '[SSL: UNEXPECTED_EOF_WHILE_READING] EOF occurred in violation of protocol (_ssl.c:1033)')))
[2026-07-07 06:44:25] 🟢 开多 BTC @63850.0 | 评分:70 | 状态:trending | ❌ 下单失败：请求异常：HTTPSConnectionPool(host='testnet.binancefuture.com', port=443): Max retries exceeded with url: /fapi/v1/order?symbol=BTCUSDT&side=BUY&type=MARKET&quantity=0.003&reduceOnly=false&timestamp=1783377840828&recvWindow=30000&newClientOrderId=oc_1783377840_ebdaa119b3&signature=df7c8e8b86c9159e9004902f1e83c1fba4e5a7a959f67d0986f6f02b3c0ec5c5 (Caused by SSLError(SSLEOFError(8, '[SSL: UNEXPECTED_EOF_WHILE_READING] EOF occurred in violation of protocol (_ssl.c:1033)')))
[2026-07-07 06:51:52] 🟢 开多 BTC @63850.0 | 评分:70 | 状态:trending | ❌ 下单失败：请求异常：HTTPSConnectionPool(host='testnet.binancefuture.com', port=443): Max retries exceeded with url: /fapi/v1/order?symbol=BTCUSDT&side=BUY&type=MARKET&quantity=0.003&reduceOnly=false&timestamp=1783378291058&recvWindow=30000&newClientOrderId=oc_1783378291_9df1fb4428&signature=3538d425d7a2b7a2206eccb91a7fab4c3c3c6f623a2fb70138cd4866ea7a9ddc (Caused by SSLError(SSLEOFError(8, '[SSL: UNEXPECTED_EOF_WHILE_READING] EOF occurred in violation of protocol (_ssl.c:1033)')))
[2026-07-07 06:58:55] 🟢 开多 BTC @63850.0 | 评分:70 | 状态:trending | ❌ 下单失败：请求异常：HTTPSConnectionPool(host='testnet.binancefuture.com', port=443): Max retries exceeded with url: /fapi/v1/order?symbol=BTCUSDT&side=BUY&type=MARKET&quantity=0.003&reduceOnly=false&timestamp=1783378711899&recvWindow=30000&newClientOrderId=oc_1783378711_3aa32deae0&signature=1eacd5a63c0b2ff6e8e3e1712a41c4c5493b1faca472a1b4c65d43c72f7068b1 (Caused by SSLError(SSLEOFError(8, '[SSL: UNEXPECTED_EOF_WHILE_READING] EOF occurred in violation of protocol (_ssl.c:1033)')))
[2026-07-07 07:05:57] 🟢 开多 BTC @63850.0 | 评分:70 | 状态:trending | ❌ 下单失败：请求异常：HTTPSConnectionPool(host='testnet.binancefuture.com', port=443): Max retries exceeded with url: /fapi/v1/order?symbol=BTCUSDT&side=BUY&type=MARKET&quantity=0.003&reduceOnly=false&timestamp=1783379134056&recvWindow=30000&newClientOrderId=oc_1783379134_5f59150268&signature=5009ebc03534c1dd4e93f79a44b6c1b45197648e4b06d58d9802912b7a51dceb (Caused by SSLError(SSLEOFError(8, '[SSL: UNEXPECTED_EOF_WHILE_READING] EOF occurred in violation of protocol (_ssl.c:1033)')))
[2026-07-07 07:07:25] 
==================================================
📊 整点汇报 2026-07-07 07:05
恐惧贪婪指数: 50 (中性)
今日PnL: -4.86 USDT (-4.9%)
持仓数: 0/4
  BTC: 63850.0000 (+1.85%)
  ETH: 1795.5500 (+0.76%)
  SOL: 82.0100 (+0.87%)
  BNB: 585.5500 (-0.25%)
  DOT: 0.8890 (+1.02%)
  LINK: 8.0340 (+0.46%)
  XRP: 1.1544 (+1.47%)
==================================================
[2026-07-07 07:18:18] 🟢 开多 BTC @63850.0 | 评分:70 | 状态:trending | ✅ 下单成功
[2026-07-07 07:21:00] ✅ 平仓 ETH 迷你仓修复 | 入场:1798.7500 出场:1798.7500 | PnL:0.00% (+0.00USDT) | 平100%仓 | ❌ 平仓失败
[2026-07-07 07:27:54] ✅ 平仓 ETH 迷你仓修复 | 入场:1798.7500 出场:1798.7500 | PnL:0.00% (+0.00USDT) | 平100%仓 | ❌ 平仓失败
[2026-07-07 07:34:53] ✅ 平仓 ETH 迷你仓修复 | 入场:1798.7500 出场:1798.7500 | PnL:0.00% (+0.00USDT) | 平100%仓 | ❌ 平仓失败
[2026-07-07 07:41:41] ✅ 平仓 ETH 迷你仓修复 | 入场:1798.7500 出场:1798.7500 | PnL:0.00% (+0.00USDT) | 平100%仓 | ❌ 平仓失败
[2026-07-07 07:48:30] ✅ 平仓 ETH 迷你仓修复 | 入场:1798.7500 出场:1798.7500 | PnL:0.00% (+0.00USDT) | 平100%仓 | ❌ 平仓失败
[2026-07-07 07:55:34] ✅ 平仓 ETH 迷你仓修复 | 入场:1798.7500 出场:1798.7500 | PnL:0.00% (+0.00USDT) | 平100%仓 | ❌ 平仓失败
[2026-07-07 08:00:19] 
==================================================
📊 整点汇报 2026-07-07 08:00
恐惧贪婪指数: 24 (极度恐惧)
今日PnL: -12.34 USDT (-12.3%)
持仓数: 1/4
  🟢 BTC LONG @64168.7000 现价:64010.6000 PnL:-0.47U (-0.25%)
  BTC: 64010.6000 (+0.61%)
  ETH: 1797.4400 (+0.79%)
  SOL: 81.9000 (+0.53%)
  BNB: 586.2700 (-0.64%)
  DOT: 0.8850 (+0.57%)
  LINK: 8.0160 (-0.48%)
  XRP: 1.1439 (-1.10%)
==================================================
[2026-07-07 08:02:13] ✅ 平仓 ETH 迷你仓修复 | 入场:1798.7500 出场:1798.7500 | PnL:0.00% (+0.00USDT) | 平100%仓 | ❌ 平仓失败
[2026-07-07 08:09:10] ✅ 平仓 ETH 迷你仓修复 | 入场:1798.7500 出场:1798.7500 | PnL:0.00% (+0.00USDT) | 平100%仓 | ❌ 平仓失败
[2026-07-07 08:16:07] ✅ 平仓 ETH 迷你仓修复 | 入场:1798.7500 出场:1798.7500 | PnL:0.00% (+0.00USDT) | 平100%仓 | ❌ 平仓失败
[2026-07-07 08:23:05] ✅ 平仓 ETH 迷你仓修复 | 入场:1798.7500 出场:1798.7500 | PnL:0.00% (+0.00USDT) | 平100%仓 | ❌ 平仓失败
[2026-07-07 08:30:03] ✅ 平仓 ETH 迷你仓修复 | 入场:1798.7500 出场:1798.7500 | PnL:0.00% (+0.00USDT) | 平100%仓 | ❌ 平仓失败
[2026-07-07 08:37:05] ✅ 平仓 ETH 迷你仓修复 | 入场:1798.7500 出场:1798.7500 | PnL:0.00% (+0.00USDT) | 平100%仓 | ❌ 平仓失败
[2026-07-07 08:44:03] ✅ 平仓 ETH 迷你仓修复 | 入场:1798.7500 出场:1798.7500 | PnL:0.00% (+0.00USDT) | 平100%仓 | ❌ 平仓失败
[2026-07-07 08:51:02] ✅ 平仓 ETH 迷你仓修复 | 入场:1798.7500 出场:1798.7500 | PnL:0.00% (+0.00USDT) | 平100%仓 | ❌ 平仓失败
[2026-07-07 08:58:07] ✅ 平仓 ETH 迷你仓修复 | 入场:1798.7500 出场:1798.7500 | PnL:0.00% (+0.00USDT) | 平100%仓 | ❌ 平仓失败
[2026-07-07 09:00:10] 
==================================================
📊 整点汇报 2026-07-07 09:00
恐惧贪婪指数: 27 (恐惧)
今日PnL: -12.34 USDT (-12.3%)
持仓数: 1/4
  🟢 BTC LONG @64168.7000 现价:64107.9000 PnL:-0.18U (-0.09%)
  BTC: 64107.9000 (+0.68%)
  ETH: 1802.9300 (+0.65%)
  SOL: 82.3300 (+0.23%)
  BNB: 587.2600 (-0.76%)
  DOT: 0.8850 (+0.45%)
  LINK: 8.0340 (-0.80%)
  XRP: 1.1482 (-0.58%)
==================================================
[2026-07-07 09:05:14] ✅ 平仓 ETH 迷你仓修复 | 入场:1798.7500 出场:1798.7500 | PnL:0.00% (+0.00USDT) | 平100%仓 | ❌ 平仓失败
[2026-07-07 09:12:25] ✅ 平仓 ETH 迷你仓修复 | 入场:1798.7500 出场:1798.7500 | PnL:0.00% (+0.00USDT) | 平100%仓 | ❌ 平仓失败
[2026-07-07 09:19:32] ✅ 平仓 ETH 迷你仓修复 | 入场:1798.7500 出场:1798.7500 | PnL:0.00% (+0.00USDT) | 平100%仓 | ❌ 平仓失败
[2026-07-07 09:26:54] ✅ 平仓 ETH 迷你仓修复 | 入场:1798.7500 出场:1798.7500 | PnL:0.00% (+0.00USDT) | 平100%仓 | ❌ 平仓失败
[2026-07-07 09:34:27] ✅ 平仓 ETH 迷你仓修复 | 入场:1798.7500 出场:1798.7500 | PnL:0.00% (+0.00USDT) | 平100%仓 | ❌ 平仓失败
[2026-07-07 09:41:53] ✅ 平仓 ETH 迷你仓修复 | 入场:1798.7500 出场:1798.7500 | PnL:0.00% (+0.00USDT) | 平100%仓 | ❌ 平仓失败
[2026-07-07 09:49:12] ✅ 平仓 ETH 迷你仓修复 | 入场:1798.7500 出场:1798.7500 | PnL:0.00% (+0.00USDT) | 平100%仓 | ❌ 平仓失败
[2026-07-07 09:56:35] ✅ 平仓 ETH 迷你仓修复 | 入场:1798.7500 出场:1798.7500 | PnL:0.00% (+0.00USDT) | 平100%仓 | ❌ 平仓失败
[2026-07-07 10:00:10] 
==================================================
📊 整点汇报 2026-07-07 10:00
恐惧贪婪指数: 27 (恐惧)
今日PnL: -12.34 USDT (-12.3%)
持仓数: 1/4
  🟢 BTC LONG @64168.7000 现价:63903.9000 PnL:-0.79U (-0.41%)
  BTC: 63903.9000 (+0.55%)
  ETH: 1791.4700 (+0.38%)
  SOL: 81.8800 (+0.48%)
  BNB: 583.2400 (-0.98%)
  DOT: 0.8800 (+0.00%)
  LINK: 7.9780 (-0.96%)
  XRP: 1.1405 (-1.00%)
==================================================
[2026-07-07 10:03:56] ✅ 平仓 ETH 迷你仓修复 | 入场:1798.7500 出场:1798.7500 | PnL:0.00% (+0.00USDT) | 平100%仓 | ❌ 平仓失败
[2026-07-07 10:11:13] ✅ 平仓 ETH 迷你仓修复 | 入场:1798.7500 出场:1798.7500 | PnL:0.00% (+0.00USDT) | 平100%仓 | ❌ 平仓失败
[2026-07-07 10:18:37] ✅ 平仓 ETH 迷你仓修复 | 入场:1798.7500 出场:1798.7500 | PnL:0.00% (+0.00USDT) | 平100%仓 | ❌ 平仓失败
[2026-07-07 10:26:15] ✅ 平仓 ETH 迷你仓修复 | 入场:1798.7500 出场:1798.7500 | PnL:0.00% (+0.00USDT) | 平100%仓 | ❌ 平仓失败
[2026-07-07 10:34:02] ✅ 平仓 ETH 迷你仓修复 | 入场:1798.7500 出场:1798.7500 | PnL:0.00% (+0.00USDT) | 平100%仓 | ❌ 平仓失败
[2026-07-07 10:42:10] ✅ 平仓 ETH 迷你仓修复 | 入场:1798.7500 出场:1798.7500 | PnL:0.00% (+0.00USDT) | 平100%仓 | ❌ 平仓失败
[2026-07-07 10:50:01] ✅ 平仓 ETH 迷你仓修复 | 入场:1798.7500 出场:1798.7500 | PnL:0.00% (+0.00USDT) | 平100%仓 | ❌ 平仓失败
[2026-07-07 10:57:38] ✅ 平仓 ETH 迷你仓修复 | 入场:1798.7500 出场:1798.7500 | PnL:0.00% (+0.00USDT) | 平100%仓 | ❌ 平仓失败
[2026-07-07 11:00:35] 
==================================================
📊 整点汇报 2026-07-07 11:00
恐惧贪婪指数: 27 (恐惧)
今日PnL: -12.34 USDT (-12.3%)
持仓数: 1/4
  🟢 BTC LONG @64168.7000 现价:63294.3000 PnL:-2.62U (-1.36%)
  BTC: 63294.3000 (-0.15%)
  ETH: 1777.7000 (-0.25%)
  SOL: 81.3100 (+0.41%)
  BNB: 581.2300 (-0.96%)
  DOT: 0.8680 (-1.03%)
  LINK: 7.9200 (-1.26%)
  XRP: 1.1298 (-1.62%)
==================================================
[2026-07-07 11:05:32] ✅ 平仓 ETH 迷你仓修复 | 入场:1798.7500 出场:1798.7500 | PnL:0.00% (+0.00USDT) | 平100%仓 | ❌ 平仓失败
[2026-07-07 11:13:20] ✅ 平仓 ETH 迷你仓修复 | 入场:1798.7500 出场:1798.7500 | PnL:0.00% (+0.00USDT) | 平100%仓 | ❌ 平仓失败
[2026-07-07 11:20:54] ✅ 平仓 ETH 迷你仓修复 | 入场:1798.7500 出场:1798.7500 | PnL:0.00% (+0.00USDT) | 平100%仓 | ❌ 平仓失败
[2026-07-07 11:29:22] ✅ 平仓 ETH 迷你仓修复 | 入场:1798.7500 出场:1798.7500 | PnL:0.00% (+0.00USDT) | 平100%仓 | ❌ 平仓失败
[2026-07-07 11:39:09] ✅ 平仓 ETH 迷你仓修复 | 入场:1798.7500 出场:1798.7500 | PnL:0.00% (+0.00USDT) | 平100%仓 | ❌ 平仓失败
[2026-07-07 11:48:04] ✅ 平仓 ETH 迷你仓修复 | 入场:1798.7500 出场:1798.7500 | PnL:0.00% (+0.00USDT) | 平100%仓 | ❌ 平仓失败
[2026-07-07 11:57:28] ✅ 平仓 ETH 迷你仓修复 | 入场:1798.7500 出场:1798.7500 | PnL:0.00% (+0.00USDT) | 平100%仓 | ❌ 平仓失败
[2026-07-07 12:00:10] 
==================================================
📊 整点汇报 2026-07-07 12:00
恐惧贪婪指数: 27 (恐惧)
今日PnL: -12.34 USDT (-12.3%)
持仓数: 1/4
  🟢 BTC LONG @64168.7000 现价:63160.7000 PnL:-3.02U (-1.57%)
  BTC: 63160.7000 (-0.10%)
  ETH: 1770.2100 (-0.43%)
  SOL: 81.0200 (+0.37%)
  BNB: 579.3600 (-1.05%)
  DOT: 0.8590 (-1.49%)
  LINK: 7.8980 (-1.11%)
  XRP: 1.1287 (-1.54%)
==================================================
[2026-07-07 12:06:17] ✅ 平仓 ETH 迷你仓修复 | 入场:1798.7500 出场:1798.7500 | PnL:0.00% (+0.00USDT) | 平100%仓 | ❌ 平仓失败
[2026-07-07 12:13:56] ✅ 平仓 ETH 迷你仓修复 | 入场:1798.7500 出场:1798.7500 | PnL:0.00% (+0.00USDT) | 平100%仓 | ❌ 平仓失败
[2026-07-07 12:21:49] ✅ 平仓 ETH 迷你仓修复 | 入场:1798.7500 出场:1798.7500 | PnL:0.00% (+0.00USDT) | 平100%仓 | ❌ 平仓失败
[2026-07-07 12:29:30] ✅ 平仓 ETH 迷你仓修复 | 入场:1798.7500 出场:1798.7500 | PnL:0.00% (+0.00USDT) | 平100%仓 | ❌ 平仓失败
[2026-07-07 12:37:34] ✅ 平仓 ETH 迷你仓修复 | 入场:1798.7500 出场:1798.7500 | PnL:0.00% (+0.00USDT) | 平100%仓 | ❌ 平仓失败
[2026-07-07 12:46:06] ✅ 平仓 ETH 迷你仓修复 | 入场:1798.7500 出场:1798.7500 | PnL:0.00% (+0.00USDT) | 平100%仓 | ❌ 平仓失败
[2026-07-07 12:54:37] ✅ 平仓 ETH 迷你仓修复 | 入场:1798.7500 出场:1798.7500 | PnL:0.00% (+0.00USDT) | 平100%仓 | ❌ 平仓失败
[2026-07-07 13:00:16] 
==================================================
📊 整点汇报 2026-07-07 13:00
恐惧贪婪指数: 27 (恐惧)
今日PnL: -12.34 USDT (-12.3%)
持仓数: 1/4
  🟢 BTC LONG @64168.7000 现价:63063.6000 PnL:-3.32U (-1.72%)
  BTC: 63063.6000 (-0.30%)
  ETH: 1766.0100 (-0.63%)
  SOL: 80.8700 (+0.07%)
  BNB: 579.1900 (-0.91%)
  DOT: 0.8600 (-1.15%)
  LINK: 7.8670 (-1.42%)
  XRP: 1.1251 (-1.77%)
==================================================
[2026-07-07 13:02:19] ✅ 平仓 ETH 迷你仓修复 | 入场:1798.7500 出场:1798.7500 | PnL:0.00% (+0.00USDT) | 平100%仓 | ❌ 平仓失败
[2026-07-07 13:09:59] ✅ 平仓 ETH 迷你仓修复 | 入场:1798.7500 出场:1798.7500 | PnL:0.00% (+0.00USDT) | 平100%仓 | ❌ 平仓失败
[2026-07-07 13:15:38] ❌ 平仓 BTC SL | 入场:64168.7000 出场:62865.0000 | PnL:-2.03% (-3.91USDT) | 平100%仓 | ✅ 平仓成功
[2026-07-07 13:16:01] ❌ 平仓 BTC TP1 | 入场:62864.0000 出场:62865.0000 | PnL:-0.00% (-0.00USDT) | 平100%仓 | ✅ 平仓成功
[2026-07-07 13:17:49] ✅ 平仓 ETH 迷你仓修复 | 入场:1798.7500 出场:1798.7500 | PnL:0.00% (+0.00USDT) | 平100%仓 | ❌ 平仓失败
[2026-07-07 13:22:07] 🔴 开空 DOT @0.853 | 评分:75 | 状态:trending | AI:做空(75%) | ✅ 下单成功
[2026-07-07 13:44:09] ✅ 平仓 ETH 迷你仓修复 | 入场:1798.7500 出场:1798.7500 | PnL:0.00% (+0.00USDT) | 平100%仓 | ❌ 平仓失败
[2026-07-07 13:54:45] ✅ 平仓 ETH 迷你仓修复 | 入场:1798.7500 出场:1798.7500 | PnL:0.00% (+0.00USDT) | 平100%仓 | ❌ 平仓失败
[2026-07-07 14:00:40] 
==================================================
📊 整点汇报 2026-07-07 14:00
恐惧贪婪指数: 27 (恐惧)
今日PnL: -16.38 USDT (-16.4%)
持仓数: 1/4
  🔴 DOT SHORT @0.8530 现价:0.8630 PnL:-2.35U (-1.17%)
  BTC: 63143.4000 (+0.05%)
  ETH: 1769.7500 (-0.22%)
  SOL: 81.0600 (+0.77%)
  BNB: 579.3300 (-0.70%)
  DOT: 0.8630 (+0.00%)
  LINK: 7.8830 (-0.66%)
  XRP: 1.1273 (-1.17%)
==================================================
[2026-07-07 14:06:54] ✅ 平仓 ETH 迷你仓修复 | 入场:1798.7500 出场:1798.7500 | PnL:0.00% (+0.00USDT) | 平100%仓 | ❌ 平仓失败
[2026-07-07 14:18:38] ✅ 平仓 ETH 迷你仓修复 | 入场:1798.7500 出场:1798.7500 | PnL:0.00% (+0.00USDT) | 平100%仓 | ❌ 平仓失败
[2026-07-07 14:30:34] ✅ 平仓 ETH 迷你仓修复 | 入场:1798.7500 出场:1798.7500 | PnL:0.00% (+0.00USDT) | 平100%仓 | ❌ 平仓失败
[2026-07-07 14:42:14] ✅ 平仓 ETH 迷你仓修复 | 入场:1798.7500 出场:1798.7500 | PnL:0.00% (+0.00USDT) | 平100%仓 | ❌ 平仓失败
[2026-07-07 14:53:57] ✅ 平仓 ETH 迷你仓修复 | 入场:1798.7500 出场:1798.7500 | PnL:0.00% (+0.00USDT) | 平100%仓 | ❌ 平仓失败
[2026-07-07 15:00:19] 
==================================================
📊 整点汇报 2026-07-07 15:00
恐惧贪婪指数: 27 (恐惧)
今日PnL: -16.38 USDT (-16.4%)
持仓数: 1/4
  🔴 DOT SHORT @0.8530 现价:0.8680 PnL:-3.52U (-1.76%)
  BTC: 63323.4000 (+0.53%)
  ETH: 1779.1100 (+0.00%)
  SOL: 81.0800 (+1.02%)
  BNB: 580.5700 (-0.40%)
  DOT: 0.8680 (+0.23%)
  LINK: 7.9290 (+0.00%)
  XRP: 1.1314 (-0.49%)
==================================================
[2026-07-07 15:04:09] ✅ 平仓 ETH 迷你仓修复 | 入场:1798.7500 出场:1798.7500 | PnL:0.00% (+0.00USDT) | 平100%仓 | ❌ 平仓失败
[2026-07-07 15:17:05] ✅ 平仓 ETH 迷你仓修复 | 入场:1798.7500 出场:1798.7500 | PnL:0.00% (+0.00USDT) | 平100%仓 | ❌ 平仓失败
[2026-07-07 15:29:44] ✅ 平仓 ETH 迷你仓修复 | 入场:1798.7500 出场:1798.7500 | PnL:0.00% (+0.00USDT) | 平100%仓 | ❌ 平仓失败
[2026-07-07 15:43:28] ✅ 平仓 ETH 迷你仓修复 | 入场:1798.7500 出场:1798.7500 | PnL:0.00% (+0.00USDT) | 平100%仓 | ❌ 平仓失败
[2026-07-07 15:55:45] ✅ 平仓 ETH 迷你仓修复 | 入场:1798.7500 出场:1798.7500 | PnL:0.00% (+0.00USDT) | 平100%仓 | ❌ 平仓失败
[2026-07-07 16:00:31] 
==================================================
📊 整点汇报 2026-07-07 16:00
恐惧贪婪指数: 27 (恐惧)
今日PnL: -16.38 USDT (-16.4%)
持仓数: 1/4
  🔴 DOT SHORT @0.8530 现价:0.8610 PnL:-1.88U (-0.94%)
  BTC: 63098.1000 (+0.05%)
  ETH: 1770.5300 (-0.09%)
  SOL: 81.4500 (+0.78%)
  BNB: 578.7200 (-0.68%)
  DOT: 0.8610 (-0.81%)
  LINK: 7.9040 (-0.60%)
  XRP: 1.1264 (-1.71%)
==================================================
[2026-07-07 17:05:50] 
==================================================
📊 整点汇报 2026-07-07 17:04
恐惧贪婪指数: 50 (中性)
今日PnL: -16.38 USDT (-16.4%)
持仓数: 0/4
  BTC: 63097.2000 (+0.01%)
  ETH: 1770.3300 (-0.24%)
  SOL: 81.3100 (+0.53%)
  BNB: 578.2400 (-0.76%)
  DOT: 0.8600 (-0.92%)
  LINK: 7.9070 (-0.54%)
  XRP: 1.1256 (-1.92%)
==================================================
[2026-07-07 18:04:50] 
==================================================
📊 整点汇报 2026-07-07 18:03
恐惧贪婪指数: 50 (中性)
今日PnL: -16.38 USDT (-16.4%)
持仓数: 0/4
  BTC: 63097.2000 (+0.01%)
  ETH: 1770.3300 (-0.24%)
  SOL: 81.3100 (+0.53%)
  BNB: 578.2400 (-0.76%)
  DOT: 0.8600 (-0.92%)
  LINK: 7.9070 (-0.54%)
  XRP: 1.1256 (-1.92%)
==================================================
[2026-07-07 18:35:12] ✅ 平仓 ETH 迷你仓修复 | 入场:1798.7500 出场:1798.7500 | PnL:0.00% (+0.00USDT) | 平100%仓 | ❌ 平仓失败
[2026-07-07 18:49:08] ✅ 平仓 ETH 迷你仓修复 | 入场:1798.7500 出场:1798.7500 | PnL:0.00% (+0.00USDT) | 平100%仓 | ❌ 平仓失败
[2026-07-07 19:00:14] ✅ 平仓 ETH 迷你仓修复 | 入场:1798.7500 出场:1798.7500 | PnL:0.00% (+0.00USDT) | 平100%仓 | ❌ 平仓失败
[2026-07-07 19:01:13] 
==================================================
📊 整点汇报 2026-07-07 19:00
恐惧贪婪指数: 27 (恐惧)
今日PnL: -16.38 USDT (-16.4%)
持仓数: 1/4
  🔴 DOT SHORT @0.8530 现价:0.8620 PnL:-2.11U (-1.06%)
  BTC: 63217.3000 (+0.68%)
  ETH: 1774.0900 (+0.29%)
  SOL: 80.9700 (+0.48%)
  BNB: 578.7200 (-0.31%)
  DOT: 0.8620 (-0.69%)
  LINK: 7.9060 (-0.73%)
  XRP: 1.1232 (-1.61%)
==================================================
[2026-07-07 19:12:28] ✅ 平仓 ETH 迷你仓修复 | 入场:1798.7500 出场:1798.7500 | PnL:0.00% (+0.00USDT) | 平100%仓 | ❌ 平仓失败
[2026-07-07 19:25:55] ✅ 平仓 ETH 迷你仓修复 | 入场:1798.7500 出场:1798.7500 | PnL:0.00% (+0.00USDT) | 平100%仓 | ❌ 平仓失败
[2026-07-07 19:38:47] ✅ 平仓 ETH 迷你仓修复 | 入场:1798.7500 出场:1798.7500 | PnL:0.00% (+0.00USDT) | 平100%仓 | ❌ 平仓失败
[2026-07-07 19:52:32] ✅ 平仓 ETH 迷你仓修复 | 入场:1798.7500 出场:1798.7500 | PnL:0.00% (+0.00USDT) | 平100%仓 | ❌ 平仓失败
[2026-07-07 20:00:24] 
==================================================
📊 整点汇报 2026-07-07 20:00
恐惧贪婪指数: 27 (恐惧)
今日PnL: -16.38 USDT (-16.4%)
持仓数: 1/4
  🔴 DOT SHORT @0.8530 现价:0.8640 PnL:-2.58U (-1.29%)
  BTC: 63371.5000 (+0.82%)
  ETH: 1779.8500 (+0.82%)
  SOL: 81.2500 (+0.86%)
  BNB: 580.4500 (+0.17%)
  DOT: 0.8640 (+0.12%)
  LINK: 7.9230 (-0.19%)
  XRP: 1.1247 (-1.09%)
==================================================
[2026-07-07 20:06:09] ✅ 平仓 ETH 迷你仓修复 | 入场:1798.7500 出场:1798.7500 | PnL:0.00% (+0.00USDT) | 平100%仓 | ❌ 平仓失败
[2026-07-07 20:08:57] ❌ 平仓 DOT SL | 入场:0.8530 出场:0.8710 | PnL:-2.11% (-4.22USDT) | 平100%仓 | ✅ 平仓成功
[2026-07-07 20:10:00] ✅ 平仓 DOT TP1 | 入场:0.8710 出场:0.8710 | PnL:0.00% (+0.00USDT) | 平100%仓 | ✅ 平仓成功
[2026-07-07 20:19:00] ✅ 平仓 ETH 迷你仓修复 | 入场:1798.7500 出场:1798.7500 | PnL:0.00% (+0.00USDT) | 平100%仓 | ❌ 平仓失败
[2026-07-07 20:31:56] ✅ 平仓 ETH 迷你仓修复 | 入场:1798.7500 出场:1798.7500 | PnL:0.00% (+0.00USDT) | 平100%仓 | ❌ 平仓失败
[2026-07-07 20:47:47] ✅ 平仓 ETH 迷你仓修复 | 入场:1798.7500 出场:1798.7500 | PnL:0.00% (+0.00USDT) | 平100%仓 | ❌ 平仓失败
[2026-07-07 21:02:38] ✅ 平仓 ETH 迷你仓修复 | 入场:1798.7500 出场:1798.7500 | PnL:0.00% (+0.00USDT) | 平100%仓 | ❌ 平仓失败
[2026-07-07 21:03:20] 
==================================================
📊 整点汇报 2026-07-07 21:03
恐惧贪婪指数: 27 (恐惧)
今日PnL: -20.14 USDT (-20.1%)
持仓数: 1/4
  🟢 ETH LONG @1798.7500 现价:1780.9900 PnL:-0.14U (-0.99%)
  BTC: 63467.9000 (+0.00%)
  ETH: 1780.9900 (+2.19%)
  SOL: 81.4000 (+2.36%)
  BNB: 581.4100 (+1.54%)
  DOT: 0.8650 (+1.52%)
  LINK: 7.9280 (+1.50%)
  XRP: 1.1261 (+0.00%)
==================================================
[2026-07-07 21:14:59] ✅ 平仓 ETH 迷你仓修复 | 入场:1798.7500 出场:1798.7500 | PnL:0.00% (+0.00USDT) | 平100%仓 | ❌ 平仓失败
[2026-07-07 21:31:19] ✅ 平仓 ETH 迷你仓修复 | 入场:1798.7500 出场:1798.7500 | PnL:0.00% (+0.00USDT) | 平100%仓 | ❌ 平仓失败
[2026-07-07 21:47:07] 🔴 开空 XRP @1.1194 | 评分:70 | 状态:trending | ❌ 下单失败：请求异常：HTTPSConnectionPool(host='testnet.binancefuture.com', port=443): Max retries exceeded with url: /fapi/v1/order?symbol=XRPUSDT&side=SELL&type=MARKET&quantity=178.7&reduceOnly=false&timestamp=1783432005388&recvWindow=30000&newClientOrderId=oc_1783432005_21bd6d163d&signature=096584cc1746522bc836c571b4379a711382a39f3896b8bc9d235f5650f5fe1e (Caused by SSLError(SSLEOFError(8, '[SSL: UNEXPECTED_EOF_WHILE_READING] EOF occurred in violation of protocol (_ssl.c:1033)')))
[2026-07-07 22:01:38] 
==================================================
📊 整点汇报 2026-07-07 22:00
恐惧贪婪指数: 50 (中性)
今日PnL: -20.14 USDT (-20.1%)
持仓数: 0/4
  BTC: 63086.9000 (+2.39%)
  ETH: 1772.5200 (+2.10%)
  SOL: 80.7900 (+1.20%)
  BNB: 578.1600 (+0.91%)
  DOT: 0.8580 (+0.00%)
  LINK: 7.8660 (+0.00%)
  XRP: 1.1194 (+0.00%)
==================================================
[2026-07-07 23:04:44] 
==================================================
📊 整点汇报 2026-07-07 23:03
恐惧贪婪指数: 50 (中性)
今日PnL: -20.14 USDT (-20.1%)
持仓数: 0/4
  BTC: 63086.9000 (+2.39%)
  ETH: 1772.5200 (+2.10%)
  SOL: 80.7900 (+1.20%)
  BNB: 578.1600 (+0.91%)
  DOT: 0.8580 (+0.00%)
  LINK: 7.8660 (+0.00%)
  XRP: 1.1194 (+0.00%)
==================================================
[2026-07-07 23:58:32] ✅ 平仓 ETH 迷你仓修复 | 入场:1798.7500 出场:1798.7500 | PnL:0.00% (+0.00USDT) | 平100%仓 | ❌ 平仓失败
