[2026-07-01 00:00:38] ✅ 平仓 ETH 迷你仓修复 | 入场:1606.4100 出场:1606.4100 | PnL:0.00% (+0.00USDT) | 平100%仓 | ❌ 平仓失败
[2026-07-01 00:01:51] 
==================================================
📊 整点汇报 2026-07-01 00:01
恐惧贪婪指数: 15 (极度恐惧)
今日PnL: +0.00 USDT (+0.0%)
持仓数: 3/4
  🔴 LINK SHORT @7.1640 现价:7.1550 PnL:+0.25U (+0.13%)
  🔴 BTC SHORT @59642.0000 现价:58485.3000 PnL:+3.47U (+1.94%)
  🔴 BNB SHORT @549.7600 现价:546.6300 PnL:+1.13U (+0.57%)
  BTC: 58485.3000 (-2.25%)
  ETH: 1567.9700 (-0.76%)
  SOL: 73.2200 (-0.87%)
  BNB: 546.6300 (-1.00%)
  DOT: 0.8150 (-0.85%)
  LINK: 7.1550 (-2.28%)
  XRP: 1.0344 (-1.38%)
==================================================
[2026-07-01 00:11:52] ✅ 平仓 ETH 迷你仓修复 | 入场:1606.4100 出场:1606.4100 | PnL:0.00% (+0.00USDT) | 平100%仓 | ❌ 平仓失败
[2026-07-01 00:21:33] ✅ 平仓 ETH 迷你仓修复 | 入场:1606.4100 出场:1606.4100 | PnL:0.00% (+0.00USDT) | 平100%仓 | ❌ 平仓失败
[2026-07-01 00:32:20] ✅ 平仓 ETH 迷你仓修复 | 入场:1606.4100 出场:1606.4100 | PnL:0.00% (+0.00USDT) | 平100%仓 | ❌ 平仓失败
[2026-07-01 00:42:35] ✅ 平仓 ETH 迷你仓修复 | 入场:1606.4100 出场:1606.4100 | PnL:0.00% (+0.00USDT) | 平100%仓 | ❌ 平仓失败
[2026-07-01 00:52:45] ✅ 平仓 ETH 迷你仓修复 | 入场:1606.4100 出场:1606.4100 | PnL:0.00% (+0.00USDT) | 平100%仓 | ❌ 平仓失败
[2026-07-01 01:00:46] 
==================================================
📊 整点汇报 2026-07-01 01:00
恐惧贪婪指数: 15 (极度恐惧)
今日PnL: +0.00 USDT (+0.0%)
持仓数: 3/4
  🔴 LINK SHORT @7.1640 现价:7.1860 PnL:-0.61U (-0.31%)
  🔴 BTC SHORT @59642.0000 现价:58479.4000 PnL:+3.49U (+1.95%)
  🔴 BNB SHORT @549.7600 现价:546.8800 PnL:+1.04U (+0.52%)
  BTC: 58479.4000 (-2.33%)
  ETH: 1572.8900 (-0.81%)
  SOL: 73.4900 (-0.68%)
  BNB: 546.8800 (-1.72%)
  DOT: 0.8170 (-0.97%)
  LINK: 7.1860 (-2.02%)
  XRP: 1.0409 (-0.92%)
==================================================
[2026-07-01 01:03:13] ✅ 平仓 ETH 迷你仓修复 | 入场:1606.4100 出场:1606.4100 | PnL:0.00% (+0.00USDT) | 平100%仓 | ❌ 平仓失败
[2026-07-01 01:12:34] ✅ 平仓 ETH 迷你仓修复 | 入场:1606.4100 出场:1606.4100 | PnL:0.00% (+0.00USDT) | 平100%仓 | ❌ 平仓失败
[2026-07-01 01:21:31] ✅ 平仓 ETH 迷你仓修复 | 入场:1606.4100 出场:1606.4100 | PnL:0.00% (+0.00USDT) | 平100%仓 | ❌ 平仓失败
[2026-07-01 01:30:34] ✅ 平仓 ETH 迷你仓修复 | 入场:1606.4100 出场:1606.4100 | PnL:0.00% (+0.00USDT) | 平100%仓 | ❌ 平仓失败
[2026-07-01 01:39:19] ✅ 平仓 ETH 迷你仓修复 | 入场:1606.4100 出场:1606.4100 | PnL:0.00% (+0.00USDT) | 平100%仓 | ❌ 平仓失败
[2026-07-01 01:47:47] ✅ 平仓 ETH 迷你仓修复 | 入场:1606.4100 出场:1606.4100 | PnL:0.00% (+0.00USDT) | 平100%仓 | ❌ 平仓失败
[2026-07-01 01:56:08] ✅ 平仓 ETH 迷你仓修复 | 入场:1606.4100 出场:1606.4100 | PnL:0.00% (+0.00USDT) | 平100%仓 | ❌ 平仓失败
[2026-07-01 02:00:23] 
==================================================
📊 整点汇报 2026-07-01 02:00
恐惧贪婪指数: 15 (极度恐惧)
今日PnL: +0.00 USDT (+0.0%)
持仓数: 3/4
  🔴 LINK SHORT @7.1640 现价:7.1760 PnL:-0.34U (-0.17%)
  🔴 BTC SHORT @59642.0000 现价:58363.8000 PnL:+3.83U (+2.14%)
  🔴 BNB SHORT @549.7600 现价:547.3000 PnL:+0.89U (+0.45%)
  BTC: 58363.8000 (-3.53%)
  ETH: 1570.8500 (-3.61%)
  SOL: 73.2000 (-2.78%)
  BNB: 547.3000 (-2.50%)
  DOT: 0.8170 (-2.16%)
  LINK: 7.1760 (-3.94%)
  XRP: 1.0384 (-2.52%)
==================================================
[2026-07-01 02:04:30] ✅ 平仓 ETH 迷你仓修复 | 入场:1606.4100 出场:1606.4100 | PnL:0.00% (+0.00USDT) | 平100%仓 | ❌ 平仓失败
[2026-07-01 02:12:45] ✅ 平仓 ETH 迷你仓修复 | 入场:1606.4100 出场:1606.4100 | PnL:0.00% (+0.00USDT) | 平100%仓 | ❌ 平仓失败
[2026-07-01 02:20:33] ✅ 平仓 ETH 迷你仓修复 | 入场:1606.4100 出场:1606.4100 | PnL:0.00% (+0.00USDT) | 平100%仓 | ❌ 平仓失败
[2026-07-01 02:28:15] ✅ 平仓 ETH 迷你仓修复 | 入场:1606.4100 出场:1606.4100 | PnL:0.00% (+0.00USDT) | 平100%仓 | ❌ 平仓失败
[2026-07-01 02:35:54] ✅ 平仓 ETH 迷你仓修复 | 入场:1606.4100 出场:1606.4100 | PnL:0.00% (+0.00USDT) | 平100%仓 | ❌ 平仓失败
[2026-07-01 02:43:25] ✅ 平仓 ETH 迷你仓修复 | 入场:1606.4100 出场:1606.4100 | PnL:0.00% (+0.00USDT) | 平100%仓 | ❌ 平仓失败
[2026-07-01 02:51:00] ✅ 平仓 ETH 迷你仓修复 | 入场:1606.4100 出场:1606.4100 | PnL:0.00% (+0.00USDT) | 平100%仓 | ❌ 平仓失败
[2026-07-01 02:58:26] ✅ 平仓 ETH 迷你仓修复 | 入场:1606.4100 出场:1606.4100 | PnL:0.00% (+0.00USDT) | 平100%仓 | ❌ 平仓失败
[2026-07-01 03:00:26] 
==================================================
📊 整点汇报 2026-07-01 03:00
恐惧贪婪指数: 15 (极度恐惧)
今日PnL: +0.00 USDT (+0.0%)
持仓数: 3/4
  🔴 LINK SHORT @7.1640 现价:7.2150 PnL:-1.42U (-0.71%)
  🔴 BTC SHORT @59642.0000 现价:58609.6000 PnL:+3.10U (+1.73%)
  🔴 BNB SHORT @549.7600 现价:547.5500 PnL:+0.80U (+0.40%)
  BTC: 58609.6000 (-2.66%)
  ETH: 1577.7700 (-2.63%)
  SOL: 73.5500 (-2.66%)
  BNB: 547.5500 (-2.48%)
  DOT: 0.8230 (-0.96%)
  LINK: 7.2150 (-3.13%)
  XRP: 1.0424 (-2.02%)
==================================================
[2026-07-01 03:05:46] ✅ 平仓 ETH 迷你仓修复 | 入场:1606.4100 出场:1606.4100 | PnL:0.00% (+0.00USDT) | 平100%仓 | ❌ 平仓失败
[2026-07-01 03:12:58] ✅ 平仓 ETH 迷你仓修复 | 入场:1606.4100 出场:1606.4100 | PnL:0.00% (+0.00USDT) | 平100%仓 | ❌ 平仓失败
[2026-07-01 03:20:00] ✅ 平仓 ETH 迷你仓修复 | 入场:1606.4100 出场:1606.4100 | PnL:0.00% (+0.00USDT) | 平100%仓 | ❌ 平仓失败
[2026-07-01 03:27:02] ✅ 平仓 ETH 迷你仓修复 | 入场:1606.4100 出场:1606.4100 | PnL:0.00% (+0.00USDT) | 平100%仓 | ❌ 平仓失败
[2026-07-01 03:34:02] ✅ 平仓 ETH 迷你仓修复 | 入场:1606.4100 出场:1606.4100 | PnL:0.00% (+0.00USDT) | 平100%仓 | ❌ 平仓失败
[2026-07-01 03:41:02] ✅ 平仓 ETH 迷你仓修复 | 入场:1606.4100 出场:1606.4100 | PnL:0.00% (+0.00USDT) | 平100%仓 | ❌ 平仓失败
[2026-07-01 03:48:04] ✅ 平仓 ETH 迷你仓修复 | 入场:1606.4100 出场:1606.4100 | PnL:0.00% (+0.00USDT) | 平100%仓 | ❌ 平仓失败
[2026-07-01 03:55:05] ✅ 平仓 ETH 迷你仓修复 | 入场:1606.4100 出场:1606.4100 | PnL:0.00% (+0.00USDT) | 平100%仓 | ❌ 平仓失败
[2026-07-01 04:00:21] 
==================================================
📊 整点汇报 2026-07-01 04:00
恐惧贪婪指数: 15 (极度恐惧)
今日PnL: +0.00 USDT (+0.0%)
持仓数: 3/4
  🔴 LINK SHORT @7.1640 现价:7.2140 PnL:-1.40U (-0.70%)
  🔴 BTC SHORT @59642.0000 现价:58765.5000 PnL:+2.63U (+1.47%)
  🔴 BNB SHORT @549.7600 现价:547.5700 PnL:+0.79U (+0.40%)
  BTC: 58765.5000 (-2.79%)
  ETH: 1579.6500 (-2.80%)
  SOL: 73.6900 (-3.09%)
  BNB: 547.5700 (-2.58%)
  DOT: 0.8230 (-0.96%)
  LINK: 7.2140 (-3.48%)
  XRP: 1.0454 (-2.54%)
==================================================
[2026-07-01 04:02:04] ✅ 平仓 ETH 迷你仓修复 | 入场:1606.4100 出场:1606.4100 | PnL:0.00% (+0.00USDT) | 平100%仓 | ❌ 平仓失败
[2026-07-01 04:09:03] ✅ 平仓 ETH 迷你仓修复 | 入场:1606.4100 出场:1606.4100 | PnL:0.00% (+0.00USDT) | 平100%仓 | ❌ 平仓失败
[2026-07-01 04:16:03] ✅ 平仓 ETH 迷你仓修复 | 入场:1606.4100 出场:1606.4100 | PnL:0.00% (+0.00USDT) | 平100%仓 | ❌ 平仓失败
[2026-07-01 04:23:03] ✅ 平仓 ETH 迷你仓修复 | 入场:1606.4100 出场:1606.4100 | PnL:0.00% (+0.00USDT) | 平100%仓 | ❌ 平仓失败
[2026-07-01 04:30:03] ✅ 平仓 ETH 迷你仓修复 | 入场:1606.4100 出场:1606.4100 | PnL:0.00% (+0.00USDT) | 平100%仓 | ❌ 平仓失败
[2026-07-01 04:37:01] ✅ 平仓 ETH 迷你仓修复 | 入场:1606.4100 出场:1606.4100 | PnL:0.00% (+0.00USDT) | 平100%仓 | ❌ 平仓失败
[2026-07-01 04:44:03] ✅ 平仓 ETH 迷你仓修复 | 入场:1606.4100 出场:1606.4100 | PnL:0.00% (+0.00USDT) | 平100%仓 | ❌ 平仓失败
[2026-07-01 04:51:03] ✅ 平仓 ETH 迷你仓修复 | 入场:1606.4100 出场:1606.4100 | PnL:0.00% (+0.00USDT) | 平100%仓 | ❌ 平仓失败
[2026-07-01 04:58:07] ✅ 平仓 ETH 迷你仓修复 | 入场:1606.4100 出场:1606.4100 | PnL:0.00% (+0.00USDT) | 平100%仓 | ❌ 平仓失败
[2026-07-01 05:00:20] 
==================================================
📊 整点汇报 2026-07-01 05:00
恐惧贪婪指数: 15 (极度恐惧)
今日PnL: +0.00 USDT (+0.0%)
持仓数: 3/4
  🔴 LINK SHORT @7.1640 现价:7.1800 PnL:-0.45U (-0.22%)
  🔴 BTC SHORT @59642.0000 现价:58735.0000 PnL:+2.72U (+1.52%)
  🔴 BNB SHORT @549.7600 现价:546.1700 PnL:+1.29U (+0.65%)
  BTC: 58735.0000 (-2.84%)
  ETH: 1575.8700 (-2.93%)
  SOL: 73.6700 (-2.59%)
  BNB: 546.1700 (-2.87%)
  DOT: 0.8180 (-1.33%)
  LINK: 7.1800 (-3.83%)
  XRP: 1.0426 (-2.47%)
==================================================
[2026-07-01 05:04:43] ✅ 平仓 ETH 迷你仓修复 | 入场:1606.4100 出场:1606.4100 | PnL:0.00% (+0.00USDT) | 平100%仓 | ❌ 平仓失败
[2026-07-01 05:11:41] ✅ 平仓 ETH 迷你仓修复 | 入场:1606.4100 出场:1606.4100 | PnL:0.00% (+0.00USDT) | 平100%仓 | ❌ 平仓失败
[2026-07-01 05:18:37] ✅ 平仓 ETH 迷你仓修复 | 入场:1606.4100 出场:1606.4100 | PnL:0.00% (+0.00USDT) | 平100%仓 | ❌ 平仓失败
[2026-07-01 05:25:36] ✅ 平仓 ETH 迷你仓修复 | 入场:1606.4100 出场:1606.4100 | PnL:0.00% (+0.00USDT) | 平100%仓 | ❌ 平仓失败
[2026-07-01 05:32:35] ✅ 平仓 ETH 迷你仓修复 | 入场:1606.4100 出场:1606.4100 | PnL:0.00% (+0.00USDT) | 平100%仓 | ❌ 平仓失败
[2026-07-01 05:39:31] ✅ 平仓 ETH 迷你仓修复 | 入场:1606.4100 出场:1606.4100 | PnL:0.00% (+0.00USDT) | 平100%仓 | ❌ 平仓失败
[2026-07-01 05:46:27] ✅ 平仓 ETH 迷你仓修复 | 入场:1606.4100 出场:1606.4100 | PnL:0.00% (+0.00USDT) | 平100%仓 | ❌ 平仓失败
[2026-07-01 05:53:23] ✅ 平仓 ETH 迷你仓修复 | 入场:1606.4100 出场:1606.4100 | PnL:0.00% (+0.00USDT) | 平100%仓 | ❌ 平仓失败
[2026-07-01 06:00:20] ✅ 平仓 ETH 迷你仓修复 | 入场:1606.4100 出场:1606.4100 | PnL:0.00% (+0.00USDT) | 平100%仓 | ❌ 平仓失败
[2026-07-01 06:00:44] 
==================================================
📊 整点汇报 2026-07-01 06:00
恐惧贪婪指数: 15 (极度恐惧)
今日PnL: +0.00 USDT (+0.0%)
持仓数: 3/4
  🔴 LINK SHORT @7.1640 现价:7.1730 PnL:-0.25U (-0.13%)
  🔴 BTC SHORT @59642.0000 现价:58597.1000 PnL:+3.13U (+1.75%)
  🔴 BNB SHORT @549.7600 现价:545.4200 PnL:+1.56U (+0.79%)
  BTC: 58597.1000 (-3.09%)
  ETH: 1570.9600 (-2.99%)
  SOL: 73.4300 (-3.08%)
  BNB: 545.4200 (-3.00%)
  DOT: 0.8220 (-0.96%)
  LINK: 7.1730 (-3.87%)
  XRP: 1.0410 (-2.46%)
==================================================
[2026-07-01 06:07:22] ✅ 平仓 ETH 迷你仓修复 | 入场:1606.4100 出场:1606.4100 | PnL:0.00% (+0.00USDT) | 平100%仓 | ❌ 平仓失败
[2026-07-01 06:14:18] ✅ 平仓 ETH 迷你仓修复 | 入场:1606.4100 出场:1606.4100 | PnL:0.00% (+0.00USDT) | 平100%仓 | ❌ 平仓失败
[2026-07-01 06:21:16] ✅ 平仓 ETH 迷你仓修复 | 入场:1606.4100 出场:1606.4100 | PnL:0.00% (+0.00USDT) | 平100%仓 | ❌ 平仓失败
[2026-07-01 06:28:12] ✅ 平仓 ETH 迷你仓修复 | 入场:1606.4100 出场:1606.4100 | PnL:0.00% (+0.00USDT) | 平100%仓 | ❌ 平仓失败
[2026-07-01 06:35:11] ✅ 平仓 ETH 迷你仓修复 | 入场:1606.4100 出场:1606.4100 | PnL:0.00% (+0.00USDT) | 平100%仓 | ❌ 平仓失败
[2026-07-01 06:42:08] ✅ 平仓 ETH 迷你仓修复 | 入场:1606.4100 出场:1606.4100 | PnL:0.00% (+0.00USDT) | 平100%仓 | ❌ 平仓失败
[2026-07-01 06:49:13] ✅ 平仓 ETH 迷你仓修复 | 入场:1606.4100 出场:1606.4100 | PnL:0.00% (+0.00USDT) | 平100%仓 | ❌ 平仓失败
[2026-07-01 06:56:09] ✅ 平仓 ETH 迷你仓修复 | 入场:1606.4100 出场:1606.4100 | PnL:0.00% (+0.00USDT) | 平100%仓 | ❌ 平仓失败
[2026-07-01 07:00:05] 
==================================================
📊 整点汇报 2026-07-01 07:00
恐惧贪婪指数: 15 (极度恐惧)
今日PnL: +0.00 USDT (+0.0%)
持仓数: 3/4
  🔴 LINK SHORT @7.1640 现价:7.1730 PnL:-0.25U (-0.13%)
  🔴 BTC SHORT @59642.0000 现价:58549.7000 PnL:+3.28U (+1.83%)
  🔴 BNB SHORT @549.7600 现价:545.7800 PnL:+1.43U (+0.72%)
  BTC: 58549.7000 (-3.21%)
  ETH: 1566.9400 (-3.23%)
  SOL: 73.3900 (-2.87%)
  BNB: 545.7800 (-2.93%)
  DOT: 0.8180 (-1.09%)
  LINK: 7.1730 (-3.47%)
  XRP: 1.0401 (-2.76%)
==================================================
[2026-07-01 07:03:07] ✅ 平仓 ETH 迷你仓修复 | 入场:1606.4100 出场:1606.4100 | PnL:0.00% (+0.00USDT) | 平100%仓 | ❌ 平仓失败
[2026-07-01 07:10:03] ✅ 平仓 ETH 迷你仓修复 | 入场:1606.4100 出场:1606.4100 | PnL:0.00% (+0.00USDT) | 平100%仓 | ❌ 平仓失败
[2026-07-01 07:17:03] ✅ 平仓 ETH 迷你仓修复 | 入场:1606.4100 出场:1606.4100 | PnL:0.00% (+0.00USDT) | 平100%仓 | ❌ 平仓失败
[2026-07-01 07:24:03] ✅ 平仓 ETH 迷你仓修复 | 入场:1606.4100 出场:1606.4100 | PnL:0.00% (+0.00USDT) | 平100%仓 | ❌ 平仓失败
[2026-07-01 07:30:59] ✅ 平仓 ETH 迷你仓修复 | 入场:1606.4100 出场:1606.4100 | PnL:0.00% (+0.00USDT) | 平100%仓 | ❌ 平仓失败
[2026-07-01 07:37:59] ✅ 平仓 ETH 迷你仓修复 | 入场:1606.4100 出场:1606.4100 | PnL:0.00% (+0.00USDT) | 平100%仓 | ❌ 平仓失败
[2026-07-01 07:44:59] ✅ 平仓 ETH 迷你仓修复 | 入场:1606.4100 出场:1606.4100 | PnL:0.00% (+0.00USDT) | 平100%仓 | ❌ 平仓失败
[2026-07-01 07:52:02] ✅ 平仓 ETH 迷你仓修复 | 入场:1606.4100 出场:1606.4100 | PnL:0.00% (+0.00USDT) | 平100%仓 | ❌ 平仓失败
[2026-07-01 07:59:05] ✅ 平仓 ETH 迷你仓修复 | 入场:1606.4100 出场:1606.4100 | PnL:0.00% (+0.00USDT) | 平100%仓 | ❌ 平仓失败
[2026-07-01 08:00:31] 
==================================================
📊 整点汇报 2026-07-01 08:00
恐惧贪婪指数: 15 (极度恐惧)
今日PnL: +0.00 USDT (+0.0%)
持仓数: 3/4
  🔴 LINK SHORT @7.1640 现价:7.1990 PnL:-0.98U (-0.49%)
  🔴 BTC SHORT @59642.0000 现价:58631.5000 PnL:+3.03U (+1.69%)
  🔴 BNB SHORT @549.7600 现价:546.5900 PnL:+1.14U (+0.58%)
  BTC: 58631.5000 (-2.91%)
  ETH: 1569.9600 (-2.25%)
  SOL: 73.6500 (-2.07%)
  BNB: 546.5900 (-2.79%)
  DOT: 0.8220 (-0.36%)
  LINK: 7.1990 (-2.45%)
  XRP: 1.0397 (-2.41%)
==================================================
[2026-07-01 08:06:14] ✅ 平仓 ETH 迷你仓修复 | 入场:1606.4100 出场:1606.4100 | PnL:0.00% (+0.00USDT) | 平100%仓 | ❌ 平仓失败
[2026-07-01 08:13:07] ✅ 平仓 ETH 迷你仓修复 | 入场:1606.4100 出场:1606.4100 | PnL:0.00% (+0.00USDT) | 平100%仓 | ❌ 平仓失败
[2026-07-01 08:19:58] ✅ 平仓 ETH 迷你仓修复 | 入场:1606.4100 出场:1606.4100 | PnL:0.00% (+0.00USDT) | 平100%仓 | ❌ 平仓失败
[2026-07-01 08:26:50] ✅ 平仓 ETH 迷你仓修复 | 入场:1606.4100 出场:1606.4100 | PnL:0.00% (+0.00USDT) | 平100%仓 | ❌ 平仓失败
[2026-07-01 08:34:01] ✅ 平仓 ETH 迷你仓修复 | 入场:1606.4100 出场:1606.4100 | PnL:0.00% (+0.00USDT) | 平100%仓 | ❌ 平仓失败
[2026-07-01 08:40:58] ✅ 平仓 ETH 迷你仓修复 | 入场:1606.4100 出场:1606.4100 | PnL:0.00% (+0.00USDT) | 平100%仓 | ❌ 平仓失败
[2026-07-01 08:47:58] ✅ 平仓 ETH 迷你仓修复 | 入场:1606.4100 出场:1606.4100 | PnL:0.00% (+0.00USDT) | 平100%仓 | ❌ 平仓失败
[2026-07-01 08:54:59] ✅ 平仓 ETH 迷你仓修复 | 入场:1606.4100 出场:1606.4100 | PnL:0.00% (+0.00USDT) | 平100%仓 | ❌ 平仓失败
[2026-07-01 09:00:17] 
==================================================
📊 整点汇报 2026-07-01 09:00
恐惧贪婪指数: 11 (极度恐惧)
今日PnL: +0.00 USDT (+0.0%)
持仓数: 3/4
  🔴 LINK SHORT @7.1640 现价:7.1970 PnL:-0.92U (-0.46%)
  🔴 BTC SHORT @59642.0000 现价:58549.9000 PnL:+3.28U (+1.83%)
  🔴 BNB SHORT @549.7600 现价:548.0100 PnL:+0.63U (+0.32%)
  BTC: 58549.9000 (-2.94%)
  ETH: 1573.8500 (-1.83%)
  SOL: 73.6100 (-1.76%)
  BNB: 548.0100 (-2.32%)
  DOT: 0.8220 (-0.24%)
  LINK: 7.1970 (-2.25%)
  XRP: 1.0366 (-1.98%)
==================================================
[2026-07-01 09:02:08] ✅ 平仓 ETH 迷你仓修复 | 入场:1606.4100 出场:1606.4100 | PnL:0.00% (+0.00USDT) | 平100%仓 | ❌ 平仓失败
[2026-07-01 09:09:29] ✅ 平仓 ETH 迷你仓修复 | 入场:1606.4100 出场:1606.4100 | PnL:0.00% (+0.00USDT) | 平100%仓 | ❌ 平仓失败
[2026-07-01 09:16:56] ✅ 平仓 ETH 迷你仓修复 | 入场:1606.4100 出场:1606.4100 | PnL:0.00% (+0.00USDT) | 平100%仓 | ❌ 平仓失败
[2026-07-01 09:24:10] ✅ 平仓 ETH 迷你仓修复 | 入场:1606.4100 出场:1606.4100 | PnL:0.00% (+0.00USDT) | 平100%仓 | ❌ 平仓失败
[2026-07-01 09:31:33] ✅ 平仓 ETH 迷你仓修复 | 入场:1606.4100 出场:1606.4100 | PnL:0.00% (+0.00USDT) | 平100%仓 | ❌ 平仓失败
[2026-07-01 09:39:04] ✅ 平仓 ETH 迷你仓修复 | 入场:1606.4100 出场:1606.4100 | PnL:0.00% (+0.00USDT) | 平100%仓 | ❌ 平仓失败
[2026-07-01 09:46:52] ✅ 平仓 ETH 迷你仓修复 | 入场:1606.4100 出场:1606.4100 | PnL:0.00% (+0.00USDT) | 平100%仓 | ❌ 平仓失败
[2026-07-01 09:54:29] ✅ 平仓 ETH 迷你仓修复 | 入场:1606.4100 出场:1606.4100 | PnL:0.00% (+0.00USDT) | 平100%仓 | ❌ 平仓失败
[2026-07-01 10:00:12] 
==================================================
📊 整点汇报 2026-07-01 10:00
恐惧贪婪指数: 11 (极度恐惧)
今日PnL: +0.00 USDT (+0.0%)
持仓数: 3/4
  🔴 LINK SHORT @7.1640 现价:7.2090 PnL:-1.26U (-0.63%)
  🔴 BTC SHORT @59642.0000 现价:58754.3000 PnL:+2.66U (+1.49%)
  🔴 BNB SHORT @549.7600 现价:548.3200 PnL:+0.52U (+0.26%)
  BTC: 58754.3000 (-1.91%)
  ETH: 1577.5700 (-0.97%)
  SOL: 73.9300 (-0.60%)
  BNB: 548.3200 (-1.40%)
  DOT: 0.8230 (+0.86%)
  LINK: 7.2090 (-1.31%)
  XRP: 1.0411 (-0.78%)
==================================================
[2026-07-01 10:02:01] ✅ 平仓 ETH 迷你仓修复 | 入场:1606.4100 出场:1606.4100 | PnL:0.00% (+0.00USDT) | 平100%仓 | ❌ 平仓失败
[2026-07-01 10:10:25] ✅ 平仓 ETH 迷你仓修复 | 入场:1606.4100 出场:1606.4100 | PnL:0.00% (+0.00USDT) | 平100%仓 | ❌ 平仓失败
[2026-07-01 10:19:22] ✅ 平仓 ETH 迷你仓修复 | 入场:1606.4100 出场:1606.4100 | PnL:0.00% (+0.00USDT) | 平100%仓 | ❌ 平仓失败
[2026-07-01 10:27:33] ✅ 平仓 ETH 迷你仓修复 | 入场:1606.4100 出场:1606.4100 | PnL:0.00% (+0.00USDT) | 平100%仓 | ❌ 平仓失败
[2026-07-01 10:35:46] ✅ 平仓 ETH 迷你仓修复 | 入场:1606.4100 出场:1606.4100 | PnL:0.00% (+0.00USDT) | 平100%仓 | ❌ 平仓失败
[2026-07-01 10:44:16] ✅ 平仓 ETH 迷你仓修复 | 入场:1606.4100 出场:1606.4100 | PnL:0.00% (+0.00USDT) | 平100%仓 | ❌ 平仓失败
[2026-07-01 10:52:33] ✅ 平仓 ETH 迷你仓修复 | 入场:1606.4100 出场:1606.4100 | PnL:0.00% (+0.00USDT) | 平100%仓 | ❌ 平仓失败
[2026-07-01 11:00:52] ✅ 平仓 ETH 迷你仓修复 | 入场:1606.4100 出场:1606.4100 | PnL:0.00% (+0.00USDT) | 平100%仓 | ❌ 平仓失败
[2026-07-01 11:01:27] 
==================================================
📊 整点汇报 2026-07-01 11:01
恐惧贪婪指数: 11 (极度恐惧)
今日PnL: +0.00 USDT (+0.0%)
持仓数: 3/4
  🔴 LINK SHORT @7.1640 现价:7.2540 PnL:-2.51U (-1.26%)
  🔴 BTC SHORT @59642.0000 现价:59088.0000 PnL:+1.66U (+0.93%)
  🔴 BNB SHORT @549.7600 现价:550.2000 PnL:-0.16U (-0.08%)
  BTC: 59088.0000 (-1.45%)
  ETH: 1585.8200 (-0.30%)
  SOL: 74.8500 (+0.31%)
  BNB: 550.2000 (-1.24%)
  DOT: 0.8290 (+1.34%)
  LINK: 7.2540 (-0.69%)
  XRP: 1.0457 (-0.39%)
==================================================
[2026-07-01 11:09:44] ✅ 平仓 ETH 迷你仓修复 | 入场:1606.4100 出场:1606.4100 | PnL:0.00% (+0.00USDT) | 平100%仓 | ❌ 平仓失败
[2026-07-01 11:18:34] ✅ 平仓 ETH 迷你仓修复 | 入场:1606.4100 出场:1606.4100 | PnL:0.00% (+0.00USDT) | 平100%仓 | ❌ 平仓失败
[2026-07-01 11:26:58] ✅ 平仓 ETH 迷你仓修复 | 入场:1606.4100 出场:1606.4100 | PnL:0.00% (+0.00USDT) | 平100%仓 | ❌ 平仓失败
[2026-07-01 11:34:51] ✅ 平仓 ETH 迷你仓修复 | 入场:1606.4100 出场:1606.4100 | PnL:0.00% (+0.00USDT) | 平100%仓 | ❌ 平仓失败
[2026-07-01 11:42:41] ✅ 平仓 ETH 迷你仓修复 | 入场:1606.4100 出场:1606.4100 | PnL:0.00% (+0.00USDT) | 平100%仓 | ❌ 平仓失败
[2026-07-01 11:50:34] ✅ 平仓 ETH 迷你仓修复 | 入场:1606.4100 出场:1606.4100 | PnL:0.00% (+0.00USDT) | 平100%仓 | ❌ 平仓失败
[2026-07-01 11:58:23] ✅ 平仓 ETH 迷你仓修复 | 入场:1606.4100 出场:1606.4100 | PnL:0.00% (+0.00USDT) | 平100%仓 | ❌ 平仓失败
[2026-07-01 12:00:11] 
==================================================
📊 整点汇报 2026-07-01 12:00
恐惧贪婪指数: 11 (极度恐惧)
今日PnL: +0.00 USDT (+0.0%)
持仓数: 3/4
  🔴 LINK SHORT @7.1640 现价:7.2900 PnL:-3.52U (-1.76%)
  🔴 BTC SHORT @59642.0000 现价:59169.6000 PnL:+1.42U (+0.79%)
  🔴 BNB SHORT @549.7600 现价:552.1100 PnL:-0.85U (-0.43%)
  BTC: 59169.6000 (-0.82%)
  ETH: 1593.9200 (+0.45%)
  SOL: 75.4300 (+1.69%)
  BNB: 552.1100 (-0.41%)
  DOT: 0.8370 (+2.70%)
  LINK: 7.2900 (+0.03%)
  XRP: 1.0503 (+0.52%)
==================================================
[2026-07-01 12:06:44] ✅ 平仓 ETH 迷你仓修复 | 入场:1606.4100 出场:1606.4100 | PnL:0.00% (+0.00USDT) | 平100%仓 | ❌ 平仓失败
[2026-07-01 12:14:55] ✅ 平仓 ETH 迷你仓修复 | 入场:1606.4100 出场:1606.4100 | PnL:0.00% (+0.00USDT) | 平100%仓 | ❌ 平仓失败
[2026-07-01 12:23:37] ✅ 平仓 ETH 迷你仓修复 | 入场:1606.4100 出场:1606.4100 | PnL:0.00% (+0.00USDT) | 平100%仓 | ❌ 平仓失败
[2026-07-01 12:32:32] ✅ 平仓 ETH 迷你仓修复 | 入场:1606.4100 出场:1606.4100 | PnL:0.00% (+0.00USDT) | 平100%仓 | ❌ 平仓失败
[2026-07-01 12:41:00] ✅ 平仓 ETH 迷你仓修复 | 入场:1606.4100 出场:1606.4100 | PnL:0.00% (+0.00USDT) | 平100%仓 | ❌ 平仓失败
[2026-07-01 12:47:09] ❌ 平仓 LINK SL | 入场:7.1640 出场:7.3170 | PnL:-2.14% (-4.27USDT) | 平100%仓 | ✅ 平仓成功
[2026-07-01 12:47:31] ❌ 平仓 LINK TP1 | 入场:7.3180 出场:7.3170 | PnL:-0.01% (-0.02USDT) | 平100%仓 | ✅ 平仓成功
[2026-07-01 12:49:26] ✅ 平仓 ETH 迷你仓修复 | 入场:1606.4100 出场:1606.4100 | PnL:0.00% (+0.00USDT) | 平100%仓 | ❌ 平仓失败
[2026-07-01 12:57:59] ✅ 平仓 ETH 迷你仓修复 | 入场:1606.4100 出场:1606.4100 | PnL:0.00% (+0.00USDT) | 平100%仓 | ❌ 平仓失败
[2026-07-01 13:00:27] 
==================================================
📊 整点汇报 2026-07-01 13:00
恐惧贪婪指数: 11 (极度恐惧)
今日PnL: -3.97 USDT (-4.0%)
持仓数: 2/4
  🔴 BTC SHORT @59642.0000 现价:59297.2000 PnL:+1.03U (+0.58%)
  🔴 BNB SHORT @549.7600 现价:551.4500 PnL:-0.61U (-0.31%)
  BTC: 59297.2000 (-0.29%)
  ETH: 1598.4000 (+0.00%)
  SOL: 75.5600 (+2.09%)
  BNB: 551.4500 (-0.36%)
  DOT: 0.8390 (+2.69%)
  LINK: 7.3110 (+0.14%)
  XRP: 1.0510 (+0.49%)
==================================================
[2026-07-01 13:06:33] ✅ 平仓 ETH 迷你仓修复 | 入场:1606.4100 出场:1606.4100 | PnL:0.00% (+0.00USDT) | 平100%仓 | ❌ 平仓失败
[2026-07-01 13:14:52] ✅ 平仓 ETH 迷你仓修复 | 入场:1606.4100 出场:1606.4100 | PnL:0.00% (+0.00USDT) | 平100%仓 | ❌ 平仓失败
[2026-07-01 13:23:32] ✅ 平仓 ETH 迷你仓修复 | 入场:1606.4100 出场:1606.4100 | PnL:0.00% (+0.00USDT) | 平100%仓 | ❌ 平仓失败
[2026-07-01 13:32:20] ✅ 平仓 ETH 迷你仓修复 | 入场:1606.4100 出场:1606.4100 | PnL:0.00% (+0.00USDT) | 平100%仓 | ❌ 平仓失败
[2026-07-01 13:40:33] ✅ 平仓 ETH 迷你仓修复 | 入场:1606.4100 出场:1606.4100 | PnL:0.00% (+0.00USDT) | 平100%仓 | ❌ 平仓失败
[2026-07-01 13:48:42] ✅ 平仓 ETH 迷你仓修复 | 入场:1606.4100 出场:1606.4100 | PnL:0.00% (+0.00USDT) | 平100%仓 | ❌ 平仓失败
[2026-07-01 13:56:52] ✅ 平仓 ETH 迷你仓修复 | 入场:1606.4100 出场:1606.4100 | PnL:0.00% (+0.00USDT) | 平100%仓 | ❌ 平仓失败
[2026-07-01 14:00:10] 
==================================================
📊 整点汇报 2026-07-01 14:00
恐惧贪婪指数: 11 (极度恐惧)
今日PnL: -3.97 USDT (-4.0%)
持仓数: 2/4
  🔴 BTC SHORT @59642.0000 现价:59109.0000 PnL:+1.60U (+0.89%)
  🔴 BNB SHORT @549.7600 现价:551.2300 PnL:-0.53U (-0.27%)
  BTC: 59109.0000 (-0.83%)
  ETH: 1591.3100 (+0.03%)
  SOL: 75.2200 (+1.80%)
  BNB: 551.2300 (-0.57%)
  DOT: 0.8330 (+1.96%)
  LINK: 7.2760 (-0.41%)
  XRP: 1.0504 (+0.16%)
==================================================
[2026-07-01 14:05:20] ✅ 平仓 ETH 迷你仓修复 | 入场:1606.4100 出场:1606.4100 | PnL:0.00% (+0.00USDT) | 平100%仓 | ❌ 平仓失败
[2026-07-01 14:14:26] ✅ 平仓 ETH 迷你仓修复 | 入场:1606.4100 出场:1606.4100 | PnL:0.00% (+0.00USDT) | 平100%仓 | ❌ 平仓失败
[2026-07-01 14:23:43] ✅ 平仓 ETH 迷你仓修复 | 入场:1606.4100 出场:1606.4100 | PnL:0.00% (+0.00USDT) | 平100%仓 | ❌ 平仓失败
[2026-07-01 14:32:45] ✅ 平仓 ETH 迷你仓修复 | 入场:1606.4100 出场:1606.4100 | PnL:0.00% (+0.00USDT) | 平100%仓 | ❌ 平仓失败
[2026-07-01 14:41:43] ✅ 平仓 ETH 迷你仓修复 | 入场:1606.4100 出场:1606.4100 | PnL:0.00% (+0.00USDT) | 平100%仓 | ❌ 平仓失败
[2026-07-01 14:50:37] ✅ 平仓 ETH 迷你仓修复 | 入场:1606.4100 出场:1606.4100 | PnL:0.00% (+0.00USDT) | 平100%仓 | ❌ 平仓失败
[2026-07-01 14:59:49] ✅ 平仓 ETH 迷你仓修复 | 入场:1606.4100 出场:1606.4100 | PnL:0.00% (+0.00USDT) | 平100%仓 | ❌ 平仓失败
[2026-07-01 15:00:35] 
==================================================
📊 整点汇报 2026-07-01 15:00
恐惧贪婪指数: 11 (极度恐惧)
今日PnL: -3.97 USDT (-4.0%)
持仓数: 2/4
  🔴 BTC SHORT @59642.0000 现价:58725.1000 PnL:+2.75U (+1.54%)
  🔴 BNB SHORT @549.7600 现价:546.1800 PnL:+1.29U (+0.65%)
  BTC: 58725.1000 (-1.38%)
  ETH: 1575.2000 (-1.16%)
  SOL: 74.2900 (+0.49%)
  BNB: 546.1800 (-1.35%)
  DOT: 0.8320 (+1.84%)
  LINK: 7.1990 (-1.48%)
  XRP: 1.0419 (-0.70%)
==================================================
[2026-07-01 15:09:17] ✅ 平仓 ETH 迷你仓修复 | 入场:1606.4100 出场:1606.4100 | PnL:0.00% (+0.00USDT) | 平100%仓 | ❌ 平仓失败
[2026-07-01 15:18:43] ✅ 平仓 ETH 迷你仓修复 | 入场:1606.4100 出场:1606.4100 | PnL:0.00% (+0.00USDT) | 平100%仓 | ❌ 平仓失败
[2026-07-01 15:27:32] ✅ 平仓 ETH 迷你仓修复 | 入场:1606.4100 出场:1606.4100 | PnL:0.00% (+0.00USDT) | 平100%仓 | ❌ 平仓失败
[2026-07-01 15:36:22] ✅ 平仓 ETH 迷你仓修复 | 入场:1606.4100 出场:1606.4100 | PnL:0.00% (+0.00USDT) | 平100%仓 | ❌ 平仓失败
[2026-07-01 15:45:09] ✅ 平仓 ETH 迷你仓修复 | 入场:1606.4100 出场:1606.4100 | PnL:0.00% (+0.00USDT) | 平100%仓 | ❌ 平仓失败
[2026-07-01 15:53:31] ✅ 平仓 ETH 迷你仓修复 | 入场:1606.4100 出场:1606.4100 | PnL:0.00% (+0.00USDT) | 平100%仓 | ❌ 平仓失败
[2026-07-01 16:00:30] 
==================================================
📊 整点汇报 2026-07-01 16:00
恐惧贪婪指数: 11 (极度恐惧)
今日PnL: -3.97 USDT (-4.0%)
持仓数: 2/4
  🔴 BTC SHORT @59642.0000 现价:58741.8000 PnL:+2.70U (+1.51%)
  🔴 BNB SHORT @549.7600 现价:547.4600 PnL:+0.83U (+0.42%)
  BTC: 58741.8000 (-1.27%)
  ETH: 1578.0500 (-0.84%)
  SOL: 74.8200 (+0.90%)
  BNB: 547.4600 (-0.96%)
  DOT: 0.8330 (+2.33%)
  LINK: 7.2000 (-1.33%)
  XRP: 1.0431 (-0.34%)
==================================================
[2026-07-01 16:02:02] ✅ 平仓 ETH 迷你仓修复 | 入场:1606.4100 出场:1606.4100 | PnL:0.00% (+0.00USDT) | 平100%仓 | ❌ 平仓失败
[2026-07-01 16:10:30] ✅ 平仓 ETH 迷你仓修复 | 入场:1606.4100 出场:1606.4100 | PnL:0.00% (+0.00USDT) | 平100%仓 | ❌ 平仓失败
[2026-07-01 16:18:55] ✅ 平仓 ETH 迷你仓修复 | 入场:1606.4100 出场:1606.4100 | PnL:0.00% (+0.00USDT) | 平100%仓 | ❌ 平仓失败
[2026-07-01 16:27:34] ✅ 平仓 ETH 迷你仓修复 | 入场:1606.4100 出场:1606.4100 | PnL:0.00% (+0.00USDT) | 平100%仓 | ❌ 平仓失败
[2026-07-01 16:36:04] ✅ 平仓 ETH 迷你仓修复 | 入场:1606.4100 出场:1606.4100 | PnL:0.00% (+0.00USDT) | 平100%仓 | ❌ 平仓失败
[2026-07-01 16:44:28] ✅ 平仓 ETH 迷你仓修复 | 入场:1606.4100 出场:1606.4100 | PnL:0.00% (+0.00USDT) | 平100%仓 | ❌ 平仓失败
[2026-07-01 16:52:53] ✅ 平仓 ETH 迷你仓修复 | 入场:1606.4100 出场:1606.4100 | PnL:0.00% (+0.00USDT) | 平100%仓 | ❌ 平仓失败
[2026-07-01 16:53:26] 🔴 开空 LINK @7.203 | 评分:70 | 状态:ranging | ✅ 下单成功
[2026-07-01 17:00:11] 
==================================================
📊 整点汇报 2026-07-01 17:00
恐惧贪婪指数: 11 (极度恐惧)
今日PnL: -3.97 USDT (-4.0%)
持仓数: 3/4
  🔴 BTC SHORT @59642.0000 现价:58877.7000 PnL:+2.29U (+1.28%)
  🔴 BNB SHORT @549.7600 现价:547.5800 PnL:+0.78U (+0.40%)
  🔴 LINK SHORT @7.2030 现价:7.2350 PnL:-0.89U (-0.44%)
  BTC: 58877.7000 (-0.71%)
  ETH: 1578.2800 (-0.33%)
  SOL: 75.3900 (+2.43%)
  BNB: 547.5800 (-0.53%)
  DOT: 0.8370 (+2.83%)
  LINK: 7.2350 (-0.39%)
  XRP: 1.0466 (+0.20%)
==================================================
[2026-07-01 17:01:15] ✅ 平仓 ETH 迷你仓修复 | 入场:1606.4100 出场:1606.4100 | PnL:0.00% (+0.00USDT) | 平100%仓 | ❌ 平仓失败
[2026-07-01 17:10:01] ✅ 平仓 ETH 迷你仓修复 | 入场:1606.4100 出场:1606.4100 | PnL:0.00% (+0.00USDT) | 平100%仓 | ❌ 平仓失败
[2026-07-01 17:18:36] ✅ 平仓 ETH 迷你仓修复 | 入场:1606.4100 出场:1606.4100 | PnL:0.00% (+0.00USDT) | 平100%仓 | ❌ 平仓失败
[2026-07-01 17:27:03] ✅ 平仓 ETH 迷你仓修复 | 入场:1606.4100 出场:1606.4100 | PnL:0.00% (+0.00USDT) | 平100%仓 | ❌ 平仓失败
[2026-07-01 17:35:23] ✅ 平仓 ETH 迷你仓修复 | 入场:1606.4100 出场:1606.4100 | PnL:0.00% (+0.00USDT) | 平100%仓 | ❌ 平仓失败
[2026-07-01 17:43:35] ✅ 平仓 ETH 迷你仓修复 | 入场:1606.4100 出场:1606.4100 | PnL:0.00% (+0.00USDT) | 平100%仓 | ❌ 平仓失败
[2026-07-01 17:52:01] ✅ 平仓 ETH 迷你仓修复 | 入场:1606.4100 出场:1606.4100 | PnL:0.00% (+0.00USDT) | 平100%仓 | ❌ 平仓失败
[2026-07-01 18:00:15] ✅ 平仓 ETH 迷你仓修复 | 入场:1606.4100 出场:1606.4100 | PnL:0.00% (+0.00USDT) | 平100%仓 | ❌ 平仓失败
[2026-07-01 18:00:54] 
==================================================
📊 整点汇报 2026-07-01 18:00
恐惧贪婪指数: 11 (极度恐惧)
今日PnL: -3.97 USDT (-4.0%)
持仓数: 3/4
  🔴 LINK SHORT @7.2070 现价:7.2520 PnL:-1.25U (-0.62%)
  🔴 BTC SHORT @59642.0000 现价:58917.7000 PnL:+2.17U (+1.21%)
  🔴 BNB SHORT @549.7600 现价:545.8100 PnL:+1.42U (+0.72%)
  BTC: 58917.7000 (-0.74%)
  ETH: 1580.6800 (-0.28%)
  SOL: 75.3000 (+2.07%)
  BNB: 545.8100 (-0.80%)
  DOT: 0.8360 (+2.83%)
  LINK: 7.2520 (-0.39%)
  XRP: 1.0455 (+0.19%)
==================================================
[2026-07-01 18:08:40] ✅ 平仓 ETH 迷你仓修复 | 入场:1606.4100 出场:1606.4100 | PnL:0.00% (+0.00USDT) | 平100%仓 | ❌ 平仓失败
[2026-07-01 18:17:09] ✅ 平仓 ETH 迷你仓修复 | 入场:1606.4100 出场:1606.4100 | PnL:0.00% (+0.00USDT) | 平100%仓 | ❌ 平仓失败
[2026-07-01 18:25:24] ✅ 平仓 ETH 迷你仓修复 | 入场:1606.4100 出场:1606.4100 | PnL:0.00% (+0.00USDT) | 平100%仓 | ❌ 平仓失败
[2026-07-01 18:33:37] ✅ 平仓 ETH 迷你仓修复 | 入场:1606.4100 出场:1606.4100 | PnL:0.00% (+0.00USDT) | 平100%仓 | ❌ 平仓失败
[2026-07-01 18:41:56] ✅ 平仓 ETH 迷你仓修复 | 入场:1606.4100 出场:1606.4100 | PnL:0.00% (+0.00USDT) | 平100%仓 | ❌ 平仓失败
[2026-07-01 18:50:18] ✅ 平仓 ETH 迷你仓修复 | 入场:1606.4100 出场:1606.4100 | PnL:0.00% (+0.00USDT) | 平100%仓 | ❌ 平仓失败
[2026-07-01 18:58:35] ✅ 平仓 ETH 迷你仓修复 | 入场:1606.4100 出场:1606.4100 | PnL:0.00% (+0.00USDT) | 平100%仓 | ❌ 平仓失败
[2026-07-01 19:00:40] 
==================================================
📊 整点汇报 2026-07-01 19:00
恐惧贪婪指数: 11 (极度恐惧)
今日PnL: -3.97 USDT (-4.0%)
持仓数: 3/4
  🔴 LINK SHORT @7.2070 现价:7.2220 PnL:-0.42U (-0.21%)
  🔴 BTC SHORT @59642.0000 现价:58654.4000 PnL:+2.96U (+1.66%)
  🔴 BNB SHORT @549.7600 现价:542.5200 PnL:+2.61U (+1.32%)
  BTC: 58654.4000 (-1.16%)
  ETH: 1573.1500 (-0.78%)
  SOL: 74.9700 (+1.68%)
  BNB: 542.5200 (-1.36%)
  DOT: 0.8340 (+2.33%)
  LINK: 7.2220 (+0.00%)
  XRP: 1.0397 (-0.15%)
==================================================
[2026-07-01 19:06:56] ✅ 平仓 ETH 迷你仓修复 | 入场:1606.4100 出场:1606.4100 | PnL:0.00% (+0.00USDT) | 平100%仓 | ❌ 平仓失败
[2026-07-01 19:15:29] ✅ 平仓 ETH 迷你仓修复 | 入场:1606.4100 出场:1606.4100 | PnL:0.00% (+0.00USDT) | 平100%仓 | ❌ 平仓失败
[2026-07-01 19:24:13] ✅ 平仓 ETH 迷你仓修复 | 入场:1606.4100 出场:1606.4100 | PnL:0.00% (+0.00USDT) | 平100%仓 | ❌ 平仓失败
[2026-07-01 19:32:50] ✅ 平仓 ETH 迷你仓修复 | 入场:1606.4100 出场:1606.4100 | PnL:0.00% (+0.00USDT) | 平100%仓 | ❌ 平仓失败
[2026-07-01 19:41:55] ✅ 平仓 ETH 迷你仓修复 | 入场:1606.4100 出场:1606.4100 | PnL:0.00% (+0.00USDT) | 平100%仓 | ❌ 平仓失败
[2026-07-01 19:50:50] ✅ 平仓 ETH 迷你仓修复 | 入场:1606.4100 出场:1606.4100 | PnL:0.00% (+0.00USDT) | 平100%仓 | ❌ 平仓失败
[2026-07-01 19:59:53] ✅ 平仓 ETH 迷你仓修复 | 入场:1606.4100 出场:1606.4100 | PnL:0.00% (+0.00USDT) | 平100%仓 | ❌ 平仓失败
[2026-07-01 20:00:47] 
==================================================
📊 整点汇报 2026-07-01 20:00
恐惧贪婪指数: 11 (极度恐惧)
今日PnL: -3.97 USDT (-4.0%)
持仓数: 3/4
  🔴 LINK SHORT @7.2070 现价:7.2150 PnL:-0.22U (-0.11%)
  🔴 BTC SHORT @59642.0000 现价:58575.0000 PnL:+3.20U (+1.79%)
  🔴 BNB SHORT @549.7600 现价:542.7900 PnL:+2.51U (+1.27%)
  BTC: 58575.0000 (-1.03%)
  ETH: 1568.8800 (-0.57%)
  SOL: 74.7100 (+1.88%)
  BNB: 542.7900 (-0.88%)
  DOT: 0.8320 (+2.72%)
  LINK: 7.2150 (-0.44%)
  XRP: 1.0384 (+0.11%)
==================================================
[2026-07-01 20:10:18] ✅ 平仓 ETH 迷你仓修复 | 入场:1606.4100 出场:1606.4100 | PnL:0.00% (+0.00USDT) | 平100%仓 | ❌ 平仓失败
[2026-07-01 20:18:59] ✅ 平仓 ETH 迷你仓修复 | 入场:1606.4100 出场:1606.4100 | PnL:0.00% (+0.00USDT) | 平100%仓 | ❌ 平仓失败
[2026-07-01 20:28:20] ✅ 平仓 ETH 迷你仓修复 | 入场:1606.4100 出场:1606.4100 | PnL:0.00% (+0.00USDT) | 平100%仓 | ❌ 平仓失败
[2026-07-01 20:37:41] ✅ 平仓 ETH 迷你仓修复 | 入场:1606.4100 出场:1606.4100 | PnL:0.00% (+0.00USDT) | 平100%仓 | ❌ 平仓失败
[2026-07-01 20:47:08] ✅ 平仓 ETH 迷你仓修复 | 入场:1606.4100 出场:1606.4100 | PnL:0.00% (+0.00USDT) | 平100%仓 | ❌ 平仓失败
[2026-07-01 20:56:41] ✅ 平仓 ETH 迷你仓修复 | 入场:1606.4100 出场:1606.4100 | PnL:0.00% (+0.00USDT) | 平100%仓 | ❌ 平仓失败
[2026-07-01 21:00:40] 
==================================================
📊 整点汇报 2026-07-01 21:00
恐惧贪婪指数: 11 (极度恐惧)
今日PnL: -3.97 USDT (-4.0%)
持仓数: 3/4
  🔴 LINK SHORT @7.2070 现价:7.1990 PnL:+0.22U (+0.11%)
  🔴 BTC SHORT @59642.0000 现价:58462.4000 PnL:+3.54U (+1.98%)
  🔴 BNB SHORT @549.7600 现价:542.9000 PnL:+2.47U (+1.25%)
  BTC: 58462.4000 (-0.06%)
  ETH: 1569.1100 (+0.74%)
  SOL: 74.5200 (+3.33%)
  BNB: 542.9000 (-0.26%)
  DOT: 0.8270 (+2.99%)
  LINK: 7.1990 (+1.01%)
  XRP: 1.0364 (+0.89%)
==================================================
[2026-07-01 21:06:36] ✅ 平仓 ETH 迷你仓修复 | 入场:1606.4100 出场:1606.4100 | PnL:0.00% (+0.00USDT) | 平100%仓 | ❌ 平仓失败
[2026-07-01 21:16:32] ✅ 平仓 ETH 迷你仓修复 | 入场:1606.4100 出场:1606.4100 | PnL:0.00% (+0.00USDT) | 平100%仓 | ❌ 平仓失败
[2026-07-01 21:26:56] ✅ 平仓 ETH 迷你仓修复 | 入场:1606.4100 出场:1606.4100 | PnL:0.00% (+0.00USDT) | 平100%仓 | ❌ 平仓失败
[2026-07-01 21:37:29] ✅ 平仓 ETH 迷你仓修复 | 入场:1606.4100 出场:1606.4100 | PnL:0.00% (+0.00USDT) | 平100%仓 | ❌ 平仓失败
[2026-07-01 21:48:18] ✅ 平仓 ETH 迷你仓修复 | 入场:1606.4100 出场:1606.4100 | PnL:0.00% (+0.00USDT) | 平100%仓 | ❌ 平仓失败
[2026-07-01 21:59:03] ✅ 平仓 ETH 迷你仓修复 | 入场:1606.4100 出场:1606.4100 | PnL:0.00% (+0.00USDT) | 平100%仓 | ❌ 平仓失败
[2026-07-01 22:00:17] 
==================================================
📊 整点汇报 2026-07-01 22:00
恐惧贪婪指数: 11 (极度恐惧)
今日PnL: -3.97 USDT (-4.0%)
持仓数: 3/4
  🔴 LINK SHORT @7.2070 现价:7.2960 PnL:-2.47U (-1.23%)
  🔴 BTC SHORT @59642.0000 现价:59364.6000 PnL:+0.83U (+0.47%)
  🔴 BNB SHORT @549.7600 现价:548.5200 PnL:+0.45U (+0.23%)
  BTC: 59364.6000 (+1.29%)
  ETH: 1593.6400 (+1.93%)
  SOL: 75.9400 (+4.41%)
  BNB: 548.5200 (+0.14%)
  DOT: 0.8390 (+3.58%)
  LINK: 7.2960 (+1.39%)
  XRP: 1.0477 (+1.35%)
==================================================
[2026-07-01 22:10:28] ✅ 平仓 ETH 迷你仓修复 | 入场:1606.4100 出场:1606.4100 | PnL:0.00% (+0.00USDT) | 平100%仓 | ❌ 平仓失败
[2026-07-01 22:15:59] 🟢 开多 DOT @0.845 | 评分:85 | 状态:trending | ✅ 下单成功
[2026-07-01 22:17:10] ❌ 平仓 LINK SL | 入场:7.2070 出场:7.3660 | PnL:-2.21% (-4.41USDT) | 平100%仓 | ✅ 平仓成功
[2026-07-01 22:18:34] ❌ 平仓 LINK TP1 | 入场:7.3700 出场:7.3660 | PnL:-0.05% (-0.08USDT) | 平100%仓 | ✅ 平仓成功
[2026-07-01 22:31:49] ✅ 平仓 ETH 迷你仓修复 | 入场:1606.4100 出场:1606.4100 | PnL:0.00% (+0.00USDT) | 平100%仓 | ❌ 平仓失败
[2026-07-01 22:32:05] ✅ 平仓 LINK 迷你仓修复 | 入场:7.3850 出场:7.3850 | PnL:0.00% (+0.00USDT) | 平100%仓 | ✅ 平仓成功
[2026-07-01 22:48:05] ✅ 平仓 ETH 迷你仓修复 | 入场:1606.4100 出场:1606.4100 | PnL:0.00% (+0.00USDT) | 平100%仓 | ❌ 平仓失败
[2026-07-01 23:01:28] ✅ 平仓 ETH 迷你仓修复 | 入场:1606.4100 出场:1606.4100 | PnL:0.00% (+0.00USDT) | 平100%仓 | ❌ 平仓失败
[2026-07-01 23:02:46] 
==================================================
📊 整点汇报 2026-07-01 23:02
恐惧贪婪指数: 11 (极度恐惧)
今日PnL: -7.78 USDT (-7.8%)
持仓数: 4/4
  🟢 DOT LONG @0.8450 现价:0.8400 PnL:-1.18U (-0.59%)
  🔴 LINK SHORT @7.3810 现价:7.3420 PnL:+1.06U (+0.53%)
  🔴 BTC SHORT @59642.0000 现价:59509.8000 PnL:+0.40U (+0.22%)
  🔴 BNB SHORT @549.7600 现价:549.5800 PnL:+0.06U (+0.03%)
  BTC: 59509.8000 (+1.76%)
  ETH: 1598.6200 (+2.28%)
  SOL: 76.8200 (+5.36%)
  BNB: 549.5800 (+0.67%)
  DOT: 0.8400 (+3.32%)
  LINK: 7.3420 (+2.43%)
  XRP: 1.0513 (+1.68%)
==================================================
[2026-07-01 23:14:05] ✅ 平仓 ETH 迷你仓修复 | 入场:1606.4100 出场:1606.4100 | PnL:0.00% (+0.00USDT) | 平100%仓 | ❌ 平仓失败
[2026-07-01 23:25:50] ✅ 平仓 ETH 迷你仓修复 | 入场:1606.4100 出场:1606.4100 | PnL:0.00% (+0.00USDT) | 平100%仓 | ❌ 平仓失败
[2026-07-01 23:36:55] ✅ 平仓 ETH 迷你仓修复 | 入场:1606.4100 出场:1606.4100 | PnL:0.00% (+0.00USDT) | 平100%仓 | ❌ 平仓失败
[2026-07-01 23:48:08] ✅ 平仓 ETH 迷你仓修复 | 入场:1606.4100 出场:1606.4100 | PnL:0.00% (+0.00USDT) | 平100%仓 | ❌ 平仓失败
[2026-07-01 23:59:14] ✅ 平仓 ETH 迷你仓修复 | 入场:1606.4100 出场:1606.4100 | PnL:0.00% (+0.00USDT) | 平100%仓 | ❌ 平仓失败
