[2026-05-28 00:00:16] 
==================================================
📊 整点汇报 2026-05-28 00:00
恐惧贪婪指数: 50 (中性)
今日PnL: +0.00 USDT (+0.0%)
持仓数: 4/4
  🔴 SOL SHORT @84.0808 现价:84.4000 PnL:-0.76U (-0.38%)
  🔴 DOT SHORT @1.2530 现价:1.2690 PnL:-2.55U (-1.28%)
  🔴 ETH SHORT @2071.9800 现价:2070.9600 PnL:+0.10U (+0.05%)
  🔴 LINK SHORT @9.4210 现价:9.4280 PnL:-0.15U (-0.07%)
  BTC: 75300.0000 (-1.57%)
  ETH: 2070.9600 (-0.77%)
  SOL: 84.4000 (-0.02%)
  BNB: 657.9100 (-0.39%)
  DOT: 1.2690 (+0.00%)
  LINK: 9.4280 (-0.40%)
  XRP: 1.3358 (-0.67%)
==================================================
[2026-05-28 00:03:36] ✅ 平仓 DOT TP1 | 入场:1.3510 出场:1.2730 | PnL:5.78% (+11.55USDT) | 平100%仓 | ✅ 平仓成功
[2026-05-28 00:03:37] ✅ 平仓 ETH TP1 | 入场:2272.8600 出场:2072.8300 | PnL:8.80% (+17.60USDT) | 平100%仓 | ✅ 平仓成功
[2026-05-28 00:03:51] ✅ 平仓 XRP TP1 | 入场:1.4297 出场:1.3381 | PnL:6.41% (+12.81USDT) | 平100%仓 | ❌ 平仓失败
[2026-05-28 00:04:04] ✅ 平仓 BTC TP1 | 入场:79818.5000 出场:75359.9000 | PnL:5.59% (+11.17USDT) | 平100%仓 | ❌ 平仓失败
[2026-05-28 00:09:36] ✅ 平仓 XRP TP1 | 入场:1.4297 出场:1.3359 | PnL:6.56% (+13.12USDT) | 平100%仓 | ❌ 平仓失败
[2026-05-28 00:09:53] ✅ 平仓 BTC TP1 | 入场:79818.5000 出场:75367.2000 | PnL:5.58% (+11.15USDT) | 平100%仓 | ❌ 平仓失败
[2026-05-28 01:01:25] 
==================================================
📊 整点汇报 2026-05-28 01:00
恐惧贪婪指数: 50 (中性)
今日PnL: +77.41 USDT (+77.4%)
持仓数: 0/4
  BTC: 75123.6000 (-1.80%)
  ETH: 2065.5800 (-0.73%)
  SOL: 84.0500 (-0.33%)
  BNB: 655.9900 (-0.71%)
  DOT: 1.2540 (-0.95%)
  LINK: 9.3480 (-1.16%)
  XRP: 1.3295 (-0.85%)
==================================================
[2026-05-28 02:04:00] 
==================================================
📊 整点汇报 2026-05-28 02:02
恐惧贪婪指数: 50 (中性)
今日PnL: +77.41 USDT (+77.4%)
持仓数: 0/4
  BTC: 75123.6000 (-1.80%)
  ETH: 2065.5800 (-0.73%)
  SOL: 84.0500 (-0.33%)
  BNB: 655.9900 (-0.71%)
  DOT: 1.2540 (-0.95%)
  LINK: 9.3480 (-1.16%)
  XRP: 1.3295 (-0.85%)
==================================================
[2026-05-28 03:02:21] 
==================================================
📊 整点汇报 2026-05-28 03:00
恐惧贪婪指数: 50 (中性)
今日PnL: +77.41 USDT (+77.4%)
持仓数: 0/4
  BTC: 75123.6000 (-1.80%)
  ETH: 2065.5800 (-0.73%)
  SOL: 84.0500 (-0.33%)
  BNB: 655.9900 (-0.71%)
  DOT: 1.2540 (-0.95%)
  LINK: 9.3480 (-1.16%)
  XRP: 1.3295 (-0.85%)
==================================================
[2026-05-28 04:05:23] 
==================================================
📊 整点汇报 2026-05-28 04:03
恐惧贪婪指数: 50 (中性)
今日PnL: +77.41 USDT (+77.4%)
持仓数: 0/4
  BTC: 75123.6000 (-1.80%)
  ETH: 2065.5800 (-0.73%)
  SOL: 84.0500 (-0.33%)
  BNB: 655.9900 (-0.71%)
  DOT: 1.2540 (-0.95%)
  LINK: 9.3480 (-1.16%)
  XRP: 1.3295 (-0.85%)
==================================================
[2026-05-28 05:03:55] 
==================================================
📊 整点汇报 2026-05-28 05:02
恐惧贪婪指数: 50 (中性)
今日PnL: +77.41 USDT (+77.4%)
持仓数: 0/4
  BTC: 75123.6000 (-1.80%)
  ETH: 2065.5800 (-0.73%)
  SOL: 84.0500 (-0.33%)
  BNB: 655.9900 (-0.71%)
  DOT: 1.2540 (-0.95%)
  LINK: 9.3480 (-1.16%)
  XRP: 1.3295 (-0.85%)
==================================================
[2026-05-28 06:02:13] 
==================================================
📊 整点汇报 2026-05-28 06:00
恐惧贪婪指数: 50 (中性)
今日PnL: +77.41 USDT (+77.4%)
持仓数: 0/4
  BTC: 75123.6000 (-1.80%)
  ETH: 2065.5800 (-0.73%)
  SOL: 84.0500 (-0.33%)
  BNB: 655.9900 (-0.71%)
  DOT: 1.2540 (-0.95%)
  LINK: 9.3480 (-1.16%)
  XRP: 1.3295 (-0.85%)
==================================================
[2026-05-28 07:04:52] 
==================================================
📊 整点汇报 2026-05-28 07:03
恐惧贪婪指数: 50 (中性)
今日PnL: +77.41 USDT (+77.4%)
持仓数: 0/4
  BTC: 75123.6000 (-1.80%)
  ETH: 2065.5800 (-0.73%)
  SOL: 84.0500 (-0.33%)
  BNB: 655.9900 (-0.71%)
  DOT: 1.2540 (-0.95%)
  LINK: 9.3480 (-1.16%)
  XRP: 1.3295 (-0.85%)
==================================================
[2026-05-28 07:23:20] 🔴 开空 BTC @74389.2 | 评分:65 | 状态:ranging | AI:震荡(0.6%) | ✅ 下单成功
[2026-05-28 07:24:20] ❌ 平仓 LINK SL | 入场:9.4130 出场:9.1290 | PnL:-3.02% (-6.03USDT) | 平100%仓 | ❌ 平仓失败
[2026-05-28 07:25:35] 🔴 开空 DOT @1.225 | 评分:70 | 状态:trending | AI:做多(65%) | ✅ 下单成功
[2026-05-28 07:28:36] 🔴 开空 BNB @647.52 | 评分:65 | 状态:ranging | AI:做多(65%) | ✅ 下单成功
[2026-05-28 07:29:37] ❌ 平仓 LINK SL | 入场:9.4130 出场:9.1100 | PnL:-3.22% (-6.44USDT) | 平100%仓 | ❌ 平仓失败
[2026-05-28 07:34:46] ❌ 平仓 LINK SL | 入场:9.4130 出场:9.1250 | PnL:-3.06% (-6.12USDT) | 平100%仓 | ❌ 平仓失败
[2026-05-28 08:00:19] 
==================================================
📊 整点汇报 2026-05-28 08:00
恐惧贪婪指数: 25 (恐惧)
今日PnL: +48.58 USDT (+48.6%)
持仓数: 2/4
  🔴 BNB SHORT @647.5100 现价:649.1300 PnL:-0.50U (-0.25%)
  🔴 BTC SHORT @74388.3000 现价:74405.9000 PnL:-0.05U (-0.02%)
  BTC: 74405.9000 (-2.01%)
  ETH: 2023.9100 (-2.36%)
  SOL: 82.3900 (-1.50%)
  BNB: 649.1300 (-1.16%)
  DOT: 1.2280 (-1.60%)
  LINK: 9.1320 (-2.80%)
  XRP: 1.3070 (-1.60%)
==================================================
[2026-05-28 08:29:58] 🔴 开空 DOT @1.229 | 评分:60 | 状态:ranging | AI:做多(65%) | ✅ 下单成功
[2026-05-28 09:00:11] 
==================================================
📊 整点汇报 2026-05-28 09:00
恐惧贪婪指数: 22 (极度恐惧)
今日PnL: +48.58 USDT (+48.6%)
持仓数: 3/4
  🔴 BNB SHORT @647.5100 现价:649.3500 PnL:-0.57U (-0.28%)
  🔴 BTC SHORT @74388.3000 现价:74530.8000 PnL:-0.43U (-0.19%)
  🔴 DOT SHORT @1.2290 现价:1.2320 PnL:-0.49U (-0.24%)
  BTC: 74530.8000 (-1.86%)
  ETH: 2027.4000 (-2.44%)
  SOL: 82.6700 (-1.44%)
  BNB: 649.3500 (-1.30%)
  DOT: 1.2320 (-1.91%)
  LINK: 9.1420 (-2.89%)
  XRP: 1.3093 (-1.63%)
==================================================
[2026-05-28 09:27:59] 🔴 开空 LINK @9.088 | 评分:80 | 状态:ranging | AI:震荡(0%) | ✅ 下单成功
[2026-05-28 10:00:05] 
==================================================
📊 整点汇报 2026-05-28 10:00
恐惧贪婪指数: 22 (极度恐惧)
今日PnL: +48.58 USDT (+48.6%)
持仓数: 4/4
  🔴 BNB SHORT @647.5100 现价:646.9800 PnL:+0.16U (+0.08%)
  🔴 BTC SHORT @74388.3000 现价:74330.6000 PnL:+0.17U (+0.08%)
  🔴 DOT SHORT @1.2290 现价:1.2280 PnL:+0.16U (+0.08%)
  🔴 LINK SHORT @9.0880 现价:9.0980 PnL:-0.22U (-0.11%)
  BTC: 74330.6000 (-2.08%)
  ETH: 2020.2500 (-2.66%)
  SOL: 82.2500 (-1.86%)
  BNB: 646.9800 (-1.70%)
  DOT: 1.2280 (-2.23%)
  LINK: 9.0980 (-3.57%)
  XRP: 1.3027 (-2.13%)
==================================================
[2026-05-28 11:00:07] 
==================================================
📊 整点汇报 2026-05-28 11:00
恐惧贪婪指数: 22 (极度恐惧)
今日PnL: +48.58 USDT (+48.6%)
持仓数: 4/4
  🔴 BNB SHORT @647.5100 现价:645.2100 PnL:+0.71U (+0.36%)
  🔴 BTC SHORT @74388.3000 现价:74249.7000 PnL:+0.42U (+0.19%)
  🔴 DOT SHORT @1.2290 现价:1.2280 PnL:+0.16U (+0.08%)
  🔴 LINK SHORT @9.0880 现价:9.1040 PnL:-0.35U (-0.18%)
  BTC: 74249.7000 (-2.06%)
  ETH: 2016.6700 (-2.82%)
  SOL: 82.0800 (-2.09%)
  BNB: 645.2100 (-1.91%)
  DOT: 1.2280 (-2.23%)
  LINK: 9.1040 (-3.51%)
  XRP: 1.3007 (-2.28%)
==================================================
[2026-05-28 12:00:14] 
==================================================
📊 整点汇报 2026-05-28 12:00
恐惧贪婪指数: 22 (极度恐惧)
今日PnL: +48.58 USDT (+48.6%)
持仓数: 4/4
  🔴 BNB SHORT @647.5100 现价:637.8600 PnL:+2.99U (+1.49%)
  🔴 BTC SHORT @74388.3000 现价:73267.9000 PnL:+3.36U (+1.51%)
  🔴 DOT SHORT @1.2290 现价:1.1960 PnL:+5.37U (+2.69%)
  🔴 LINK SHORT @9.0880 现价:8.8850 PnL:+4.47U (+2.23%)
  BTC: 73267.9000 (-3.16%)
  ETH: 1981.9500 (-4.29%)
  SOL: 80.7000 (-3.42%)
  BNB: 637.8600 (-2.54%)
  DOT: 1.1960 (-4.55%)
  LINK: 8.8850 (-5.37%)
  XRP: 1.2790 (-3.61%)
==================================================
[2026-05-28 12:10:52] ✅ 平仓 LINK SL | 入场:9.0880 出场:8.8830 | PnL:2.26% (+4.51USDT) | 平100%仓 | ❌ 平仓失败
[2026-05-28 12:15:12] ✅ 平仓 DOT TP1 | 入场:1.2280 出场:1.1860 | PnL:3.42% (+6.84USDT) | 平100%仓 | ✅ 平仓成功
[2026-05-28 12:24:34] 🔴 开空 XRP @1.2712 | 评分:70 | 状态:trending | AI:做多(0.7%) | ✅ 下单成功
[2026-05-28 12:26:49] ✅ 平仓 BTC TP1 | 入场:74388.3000 出场:72836.5000 | PnL:2.09% (+4.17USDT) | 平100%仓 | ❌ 平仓失败
[2026-05-28 13:00:20] 
==================================================
📊 整点汇报 2026-05-28 13:00
恐惧贪婪指数: 22 (极度恐惧)
今日PnL: +59.89 USDT (+59.9%)
持仓数: 4/4
  🔴 BNB SHORT @647.5100 现价:636.6200 PnL:+3.38U (+1.68%)
  🔴 XRP SHORT @1.2708 现价:1.2830 PnL:-1.92U (-0.96%)
  🟢 LINK LONG @8.8760 现价:8.8980 PnL:+0.47U (+0.25%)
  🔴 BTC SHORT @74388.3000 现价:73131.0000 PnL:+3.77U (+1.69%)
  BTC: 73131.0000 (-3.21%)
  ETH: 1980.8200 (-4.38%)
  SOL: 80.8300 (-3.30%)
  BNB: 636.6200 (-2.76%)
  DOT: 1.1900 (-4.80%)
  LINK: 8.8980 (-5.31%)
  XRP: 1.2830 (-3.56%)
==================================================
[2026-05-28 13:21:29] ✅ 平仓 BNB TP1 | 入场:647.5100 出场:634.5000 | PnL:2.01% (+4.02USDT) | 平100%仓 | ✅ 平仓成功
[2026-05-28 13:22:38] 🔴 开空 DOT @1.176 | 评分:70 | 状态:ranging | AI:做空(75%) | ✅ 下单成功
[2026-05-28 14:00:18] 
==================================================
📊 整点汇报 2026-05-28 14:00
恐惧贪婪指数: 22 (极度恐惧)
今日PnL: +63.89 USDT (+63.9%)
持仓数: 4/4
  🔴 XRP SHORT @1.2708 现价:1.2828 PnL:-1.89U (-0.94%)
  🟢 LINK LONG @8.8760 现价:8.8400 PnL:-0.76U (-0.41%)
  🔴 BTC SHORT @74388.3000 现价:72950.1000 PnL:+4.31U (+1.93%)
  🔴 DOT SHORT @1.1760 现价:1.1830 PnL:-1.19U (-0.60%)
  BTC: 72950.1000 (-3.61%)
  ETH: 1977.4300 (-4.78%)
  SOL: 80.6400 (-3.83%)
  BNB: 634.8300 (-2.92%)
  DOT: 1.1830 (-6.11%)
  LINK: 8.8400 (-6.17%)
  XRP: 1.2828 (-3.61%)
==================================================
[2026-05-28 14:26:15] ✅ 平仓 BTC TP1 | 入场:74388.3000 出场:72900.0000 | PnL:2.00% (+4.00USDT) | 平100%仓 | ❌ 平仓失败
[2026-05-28 14:33:30] ✅ 平仓 BTC TP1 | 入场:74388.3000 出场:72896.5000 | PnL:2.01% (+4.01USDT) | 平100%仓 | ❌ 平仓失败
[2026-05-28 14:35:47] ✅ 平仓 BTC TP1 | 入场:74388.3000 出场:72831.7000 | PnL:2.09% (+4.19USDT) | 平100%仓 | ❌ 平仓失败
[2026-05-28 14:41:00] ✅ 平仓 BTC TP1 | 入场:74388.3000 出场:72810.1000 | PnL:2.12% (+4.24USDT) | 平100%仓 | ❌ 平仓失败
[2026-05-28 15:00:25] 
==================================================
📊 整点汇报 2026-05-28 15:00
恐惧贪婪指数: 22 (极度恐惧)
今日PnL: +63.89 USDT (+63.9%)
持仓数: 4/4
  🔴 DOT SHORT @1.1760 现价:1.1870 PnL:-1.87U (-0.94%)
  🔴 XRP SHORT @1.2708 现价:1.2868 PnL:-2.52U (-1.26%)
  🟢 LINK LONG @8.8760 现价:8.8480 PnL:-0.59U (-0.32%)
  🔴 BTC SHORT @74388.3000 现价:73166.6000 PnL:+3.67U (+1.64%)
  BTC: 73166.6000 (-3.47%)
  ETH: 1983.5300 (-4.57%)
  SOL: 80.9200 (-3.64%)
  BNB: 634.4400 (-2.87%)
  DOT: 1.1870 (-6.68%)
  LINK: 8.8480 (-6.16%)
  XRP: 1.2868 (-3.65%)
==================================================
[2026-05-28 16:00:22] 
==================================================
📊 整点汇报 2026-05-28 16:00
恐惧贪婪指数: 22 (极度恐惧)
今日PnL: +63.89 USDT (+63.9%)
持仓数: 4/4
  🔴 DOT SHORT @1.1760 现价:1.1940 PnL:-3.06U (-1.53%)
  🔴 XRP SHORT @1.2708 现价:1.2925 PnL:-3.41U (-1.71%)
  🟢 LINK LONG @8.8760 现价:8.8980 PnL:+0.47U (+0.25%)
  🔴 BTC SHORT @74388.3000 现价:73469.7000 PnL:+2.76U (+1.23%)
  BTC: 73469.7000 (-3.22%)
  ETH: 1994.4300 (-4.25%)
  SOL: 81.2100 (-3.50%)
  BNB: 635.2600 (-2.82%)
  DOT: 1.1940 (-5.61%)
  LINK: 8.8980 (-5.68%)
  XRP: 1.2925 (-2.90%)
==================================================
[2026-05-28 17:00:16] 
==================================================
📊 整点汇报 2026-05-28 17:00
恐惧贪婪指数: 22 (极度恐惧)
今日PnL: +63.89 USDT (+63.9%)
持仓数: 4/4
  🔴 DOT SHORT @1.1760 现价:1.1880 PnL:-2.04U (-1.02%)
  🔴 XRP SHORT @1.2708 现价:1.2880 PnL:-2.71U (-1.35%)
  🟢 LINK LONG @8.8760 现价:8.8580 PnL:-0.38U (-0.20%)
  🔴 BTC SHORT @74388.3000 现价:73294.0000 PnL:+3.28U (+1.47%)
  BTC: 73294.0000 (-3.35%)
  ETH: 1987.2400 (-4.63%)
  SOL: 80.9200 (-3.52%)
  BNB: 634.7800 (-2.95%)
  DOT: 1.1880 (-6.01%)
  LINK: 8.8580 (-5.59%)
  XRP: 1.2880 (-3.42%)
==================================================
[2026-05-28 17:49:11] ❌ 平仓 DOT SL | 入场:1.1760 出场:1.2000 | PnL:-2.04% (-4.08USDT) | 平100%仓 | ❌ 平仓失败
[2026-05-28 18:00:22] 
==================================================
📊 整点汇报 2026-05-28 18:00
恐惧贪婪指数: 22 (极度恐惧)
今日PnL: +60.15 USDT (+60.1%)
持仓数: 4/4
  🟢 DOT LONG @1.1980 现价:1.1980 PnL:+0.00U (+0.00%)
  🔴 XRP SHORT @1.2708 现价:1.2925 PnL:-3.41U (-1.71%)
  🟢 LINK LONG @8.8760 现价:8.9150 PnL:+0.83U (+0.44%)
  🔴 BTC SHORT @74388.3000 现价:73514.2000 PnL:+2.62U (+1.18%)
  BTC: 73514.2000 (-3.13%)
  ETH: 1992.8300 (-4.32%)
  SOL: 81.1600 (-3.07%)
  BNB: 634.3400 (-3.06%)
  DOT: 1.1980 (-4.69%)
  LINK: 8.9150 (-4.61%)
  XRP: 1.2925 (-2.72%)
==================================================
[2026-05-28 19:00:20] 
==================================================
📊 整点汇报 2026-05-28 19:00
恐惧贪婪指数: 22 (极度恐惧)
今日PnL: +60.15 USDT (+60.1%)
持仓数: 4/4
  🟢 DOT LONG @1.1980 现价:1.1850 PnL:-0.15U (-1.09%)
  🔴 XRP SHORT @1.2708 现价:1.2877 PnL:-2.66U (-1.33%)
  🟢 LINK LONG @8.8760 现价:8.8710 PnL:-0.11U (-0.06%)
  🔴 BTC SHORT @74388.3000 现价:73400.2000 PnL:+2.96U (+1.33%)
  BTC: 73400.2000 (-3.28%)
  ETH: 1989.4800 (-4.29%)
  SOL: 80.6900 (-3.83%)
  BNB: 633.5400 (-3.28%)
  DOT: 1.1850 (-5.73%)
  LINK: 8.8710 (-5.00%)
  XRP: 1.2877 (-3.19%)
==================================================
[2026-05-28 20:49:23] 
==================================================
📊 整点汇报 2026-05-28 20:49
恐惧贪婪指数: 50 (中性)
今日PnL: +60.15 USDT (+60.1%)
持仓数: 4/4
  🟢 DOT LONG @1.1980 现价:1.1970 PnL:-0.01U (-0.08%)
  🔴 XRP SHORT @1.2708 现价:1.2932 PnL:-3.52U (-1.76%)
  🟢 LINK LONG @8.8760 现价:8.8780 PnL:+0.04U (+0.02%)
  🔴 BTC SHORT @74388.3000 现价:73497.2000 PnL:+2.67U (+1.20%)
  BTC: 73497.2000 (-2.90%)
  ETH: 1992.6900 (-4.16%)
  SOL: 81.1800 (-3.46%)
  BNB: 633.2500 (-3.49%)
  DOT: 1.1970 (-5.60%)
  LINK: 8.8780 (-5.74%)
  XRP: 1.2932 (-3.07%)
==================================================
[2026-05-28 21:00:51] ❌ 平仓 XRP SL | 入场:1.2708 出场:1.2962 | PnL:-2.00% (-4.00USDT) | 平100%仓 | ✅ 平仓成功
[2026-05-28 21:19:29] 
==================================================
📊 整点汇报 2026-05-28 21:19
恐惧贪婪指数: 22 (极度恐惧)
今日PnL: +56.15 USDT (+56.1%)
持仓数: 3/4
  🟢 DOT LONG @1.1980 现价:1.1970 PnL:-0.01U (-0.08%)
  🟢 LINK LONG @8.8760 现价:8.8750 PnL:-0.02U (-0.01%)
  🔴 BTC SHORT @74388.3000 现价:73241.4000 PnL:+3.44U (+1.54%)
  BTC: 73241.4000 (-2.88%)
  ETH: 1985.1800 (-4.27%)
  SOL: 80.8500 (-3.35%)
  BNB: 632.6300 (-3.25%)
  DOT: 1.1970 (-4.85%)
  LINK: 8.8750 (-5.31%)
  XRP: 1.2952 (-2.45%)
==================================================
[2026-05-28 22:00:06] 
==================================================
📊 整点汇报 2026-05-28 22:00
恐惧贪婪指数: 50 (中性)
今日PnL: +56.15 USDT (+56.1%)
持仓数: 3/4
  🟢 DOT LONG @1.1980 现价:1.1990 PnL:+0.01U (+0.08%)
  🟢 LINK LONG @8.8760 现价:8.8630 PnL:-0.28U (-0.15%)
  🔴 BTC SHORT @74388.3000 现价:72994.0000 PnL:+4.18U (+1.87%)
  BTC: 72994.0000 (-2.69%)
  ETH: 1981.3300 (-3.95%)
  SOL: 80.7500 (-3.39%)
  BNB: 631.5300 (-3.26%)
  DOT: 1.1990 (-4.23%)
  LINK: 8.8630 (-4.92%)
  XRP: 1.2962 (-2.06%)
==================================================
[2026-05-28 22:05:34] 🔴 开空 SOL @80.32 | 评分:80 | 状态:trending | AI:震荡(0.6%) | ✅ 下单成功
[2026-05-28 22:18:48] ✅ 平仓 BTC SL | 入场:74388.3000 出场:73248.7000 | PnL:1.53% (+3.06USDT) | 平100%仓 | ✅ 平仓成功
[2026-05-28 23:00:06] 
==================================================
📊 整点汇报 2026-05-28 23:00
恐惧贪婪指数: 22 (极度恐惧)
今日PnL: +59.62 USDT (+59.6%)
持仓数: 3/4
  🔴 SOL SHORT @80.3000 现价:81.1500 PnL:-2.12U (-1.06%)
  🟢 DOT LONG @1.1980 现价:1.1950 PnL:-0.04U (-0.25%)
  🟢 LINK LONG @8.8760 现价:8.9120 PnL:+0.76U (+0.41%)
  BTC: 72997.5000 (-2.76%)
  ETH: 1992.9100 (-3.34%)
  SOL: 81.1500 (-3.27%)
  BNB: 635.2700 (-2.97%)
  DOT: 1.1950 (-4.55%)
  LINK: 8.9120 (-4.83%)
  XRP: 1.3013 (-2.14%)
==================================================
