[2026-06-07 00:02:26] 
==================================================
📊 整点汇报 2026-06-07 00:01
恐惧贪婪指数: 50 (中性)
今日PnL: +23.06 USDT (+23.1%)
持仓数: 0/4
  BTC: 60649.9000 (-0.03%)
  ETH: 1553.5300 (-2.12%)
  SOL: 61.7100 (-4.15%)
  BNB: 574.5700 (-1.01%)
  DOT: 0.9370 (-1.78%)
  LINK: 7.3480 (+0.35%)
  XRP: 1.0940 (-0.81%)
==================================================
[2026-06-07 01:01:33] 
==================================================
📊 整点汇报 2026-06-07 01:00
恐惧贪婪指数: 50 (中性)
今日PnL: +23.06 USDT (+23.1%)
持仓数: 0/4
  BTC: 60649.9000 (-0.03%)
  ETH: 1553.5300 (-2.12%)
  SOL: 61.7100 (-4.15%)
  BNB: 574.5700 (-1.01%)
  DOT: 0.9370 (-1.78%)
  LINK: 7.3480 (+0.35%)
  XRP: 1.0940 (-0.81%)
==================================================
[2026-06-07 01:58:57] 🔴 开空 XRP @1.0811 | 评分:70 | 状态:trending | AI:做空(65%) | ✅ 下单成功
[2026-06-07 02:00:24] 
==================================================
📊 整点汇报 2026-06-07 02:00
恐惧贪婪指数: 12 (极度恐惧)
今日PnL: +0.00 USDT (+0.0%)
持仓数: 4/4
  🔴 ETH SHORT @1544.0000 现价:1554.6200 PnL:-1.38U (-0.69%)
  🔴 BNB SHORT @571.9700 现价:574.1200 PnL:-0.75U (-0.38%)
  🔴 LINK SHORT @7.3610 现价:7.3050 PnL:+1.52U (+0.76%)
  🔴 XRP SHORT @1.0811 现价:1.0820 PnL:-0.17U (-0.08%)
  BTC: 60554.6000 (-0.36%)
  ETH: 1554.6200 (-2.21%)
  SOL: 61.5800 (-5.33%)
  BNB: 574.1200 (-0.38%)
  DOT: 0.9300 (-3.12%)
  LINK: 7.3050 (-1.70%)
  XRP: 1.0820 (-2.29%)
==================================================
[2026-06-07 03:00:17] 
==================================================
📊 整点汇报 2026-06-07 03:00
恐惧贪婪指数: 12 (极度恐惧)
今日PnL: +0.00 USDT (+0.0%)
持仓数: 4/4
  🔴 ETH SHORT @1544.0000 现价:1555.6300 PnL:-1.51U (-0.75%)
  🔴 BNB SHORT @571.9700 现价:574.5700 PnL:-0.91U (-0.45%)
  🔴 LINK SHORT @7.3610 现价:7.3210 PnL:+1.09U (+0.54%)
  🔴 XRP SHORT @1.0811 现价:1.0844 PnL:-0.61U (-0.31%)
  BTC: 60591.6000 (+2.02%)
  ETH: 1555.6300 (+0.05%)
  SOL: 61.7000 (-1.97%)
  BNB: 574.5700 (+2.02%)
  DOT: 0.9330 (+0.97%)
  LINK: 7.3210 (+1.58%)
  XRP: 1.0844 (-0.10%)
==================================================
[2026-06-07 04:00:06] 
==================================================
📊 整点汇报 2026-06-07 04:00
恐惧贪婪指数: 12 (极度恐惧)
今日PnL: +0.00 USDT (+0.0%)
持仓数: 4/4
  🔴 ETH SHORT @1544.0000 现价:1553.7600 PnL:-1.27U (-0.63%)
  🔴 BNB SHORT @571.9700 现价:573.9500 PnL:-0.69U (-0.35%)
  🔴 LINK SHORT @7.3610 现价:7.3000 PnL:+1.66U (+0.83%)
  🔴 XRP SHORT @1.0811 现价:1.0802 PnL:+0.17U (+0.08%)
  BTC: 60570.0000 (+0.55%)
  ETH: 1553.7600 (-1.26%)
  SOL: 61.6200 (-2.99%)
  BNB: 573.9500 (+0.98%)
  DOT: 0.9300 (-0.43%)
  LINK: 7.3000 (-0.07%)
  XRP: 1.0802 (-1.74%)
==================================================
[2026-06-07 05:00:08] 
==================================================
📊 整点汇报 2026-06-07 05:00
恐惧贪婪指数: 12 (极度恐惧)
今日PnL: +0.00 USDT (+0.0%)
持仓数: 4/4
  🔴 ETH SHORT @1544.0000 现价:1557.5500 PnL:-1.76U (-0.88%)
  🔴 BNB SHORT @571.9700 现价:575.0400 PnL:-1.07U (-0.54%)
  🔴 LINK SHORT @7.3610 现价:7.3260 PnL:+0.95U (+0.48%)
  🔴 XRP SHORT @1.0811 现价:1.0842 PnL:-0.57U (-0.29%)
  BTC: 60681.3000 (-1.51%)
  ETH: 1557.5500 (-2.85%)
  SOL: 61.8100 (-4.36%)
  BNB: 575.0400 (-0.53%)
  DOT: 0.9350 (-1.89%)
  LINK: 7.3260 (-1.82%)
  XRP: 1.0842 (-2.74%)
==================================================
[2026-06-07 06:00:09] 
==================================================
📊 整点汇报 2026-06-07 06:00
恐惧贪婪指数: 12 (极度恐惧)
今日PnL: +0.00 USDT (+0.0%)
持仓数: 4/4
  🔴 ETH SHORT @1544.0000 现价:1558.6400 PnL:-1.90U (-0.95%)
  🔴 BNB SHORT @571.9700 现价:575.3900 PnL:-1.20U (-0.60%)
  🔴 LINK SHORT @7.3610 现价:7.3450 PnL:+0.43U (+0.22%)
  🔴 XRP SHORT @1.0811 现价:1.0872 PnL:-1.13U (-0.56%)
  BTC: 60764.5000 (-1.44%)
  ETH: 1558.6400 (-3.13%)
  SOL: 61.8600 (-4.64%)
  BNB: 575.3900 (-0.29%)
  DOT: 0.9380 (-2.19%)
  LINK: 7.3450 (-2.00%)
  XRP: 1.0872 (-2.19%)
==================================================
[2026-06-07 07:00:12] 
==================================================
📊 整点汇报 2026-06-07 07:00
恐惧贪婪指数: 12 (极度恐惧)
今日PnL: +0.00 USDT (+0.0%)
持仓数: 4/4
  🔴 ETH SHORT @1544.0000 现价:1557.7500 PnL:-1.79U (-0.89%)
  🔴 BNB SHORT @571.9700 现价:573.1600 PnL:-0.42U (-0.21%)
  🔴 LINK SHORT @7.3610 现价:7.3430 PnL:+0.49U (+0.24%)
  🔴 XRP SHORT @1.0811 现价:1.0859 PnL:-0.89U (-0.44%)
  BTC: 60586.5000 (-1.74%)
  ETH: 1557.7500 (-2.41%)
  SOL: 61.7800 (-4.19%)
  BNB: 573.1600 (-0.72%)
  DOT: 0.9350 (-2.40%)
  LINK: 7.3430 (-1.44%)
  XRP: 1.0859 (-1.77%)
==================================================
[2026-06-07 08:00:12] 
==================================================
📊 整点汇报 2026-06-07 08:00
恐惧贪婪指数: 12 (极度恐惧)
今日PnL: +0.00 USDT (+0.0%)
持仓数: 4/4
  🔴 ETH SHORT @1544.0000 现价:1568.5500 PnL:-3.19U (-1.59%)
  🔴 BNB SHORT @571.9700 现价:574.8100 PnL:-0.99U (-0.50%)
  🔴 LINK SHORT @7.3610 现价:7.3900 PnL:-0.79U (-0.39%)
  🔴 XRP SHORT @1.0811 现价:1.0928 PnL:-2.16U (-1.08%)
  BTC: 60857.8000 (-0.20%)
  ETH: 1568.5500 (-0.81%)
  SOL: 62.1600 (-2.14%)
  BNB: 574.8100 (+0.40%)
  DOT: 0.9420 (-0.11%)
  LINK: 7.3900 (+0.45%)
  XRP: 1.0928 (-0.26%)
==================================================
[2026-06-07 09:00:23] 
==================================================
📊 整点汇报 2026-06-07 09:00
恐惧贪婪指数: 12 (极度恐惧)
今日PnL: +0.00 USDT (+0.0%)
持仓数: 4/4
  🔴 ETH SHORT @1544.0000 现价:1564.1400 PnL:-2.62U (-1.30%)
  🔴 BNB SHORT @571.9700 现价:574.4300 PnL:-0.86U (-0.43%)
  🔴 LINK SHORT @7.3610 现价:7.3990 PnL:-1.03U (-0.52%)
  🔴 XRP SHORT @1.0811 现价:1.0886 PnL:-1.39U (-0.69%)
  BTC: 60756.7000 (-0.79%)
  ETH: 1564.1400 (-1.76%)
  SOL: 62.0800 (-3.93%)
  BNB: 574.4300 (-0.42%)
  DOT: 0.9410 (-1.67%)
  LINK: 7.3990 (-0.36%)
  XRP: 1.0886 (-1.96%)
==================================================
[2026-06-07 09:16:25] ❌ 平仓 XRP SL | 入场:1.0814 出场:1.1032 | PnL:-2.02% (-4.03USDT) | 平100%仓 | ✅ 平仓成功
[2026-06-07 09:18:21] ❌ 平仓 LINK SL | 入场:7.3610 出场:7.5100 | PnL:-2.02% (-4.05USDT) | 平100%仓 | ✅ 平仓成功
[2026-06-07 09:18:40] ✅ 平仓 LINK TP1 | 入场:7.5120 出场:7.5130 | PnL:0.01% (+0.02USDT) | 平100%仓 | ✅ 平仓成功
[2026-06-07 10:00:27] 
==================================================
📊 整点汇报 2026-06-07 10:00
恐惧贪婪指数: 12 (极度恐惧)
今日PnL: -11.49 USDT (-11.5%)
持仓数: 1/4
  🔴 BNB SHORT @571.9700 现价:580.0500 PnL:-2.83U (-1.41%)
  BTC: 61458.7000 (+0.64%)
  ETH: 1589.2700 (+0.40%)
  SOL: 63.6200 (-0.34%)
  BNB: 580.0500 (+0.58%)
  DOT: 0.9600 (+1.48%)
  LINK: 7.5530 (+2.47%)
  XRP: 1.1156 (+1.32%)
==================================================
[2026-06-07 10:01:30] ⚠️ 熔断！日亏损 -11.5%，暂停 4 小时
[2026-06-07 10:02:17] ⚠️ 熔断！日亏损 -11.5%，暂停 4 小时
[2026-06-07 10:03:24] ⚠️ 熔断！日亏损 -11.5%，暂停 4 小时
[2026-06-07 10:04:17] ⚠️ 熔断！日亏损 -11.5%，暂停 4 小时
[2026-06-07 10:05:24] ⚠️ 熔断！日亏损 -11.5%，暂停 4 小时
[2026-06-07 10:06:25] ⚠️ 熔断！日亏损 -11.5%，暂停 4 小时
[2026-06-07 10:07:17] ⚠️ 熔断！日亏损 -11.5%，暂停 4 小时
[2026-06-07 10:08:24] ⚠️ 熔断！日亏损 -11.5%，暂停 4 小时
[2026-06-07 10:09:18] ⚠️ 熔断！日亏损 -11.5%，暂停 4 小时
[2026-06-07 10:10:24] ⚠️ 熔断！日亏损 -11.5%，暂停 4 小时
[2026-06-07 10:11:31] ⚠️ 熔断！日亏损 -11.5%，暂停 4 小时
[2026-06-07 10:12:18] ⚠️ 熔断！日亏损 -11.5%，暂停 4 小时
[2026-06-07 10:13:24] ⚠️ 熔断！日亏损 -11.5%，暂停 4 小时
[2026-06-07 10:14:18] ⚠️ 熔断！日亏损 -11.5%，暂停 4 小时
[2026-06-07 10:15:24] ⚠️ 熔断！日亏损 -11.5%，暂停 4 小时
[2026-06-07 10:16:26] ⚠️ 熔断！日亏损 -11.5%，暂停 4 小时
[2026-06-07 10:17:18] ⚠️ 熔断！日亏损 -11.5%，暂停 4 小时
[2026-06-07 10:18:24] ⚠️ 熔断！日亏损 -11.5%，暂停 4 小时
[2026-06-07 10:19:18] ⚠️ 熔断！日亏损 -11.5%，暂停 4 小时
[2026-06-07 10:20:24] ⚠️ 熔断！日亏损 -11.5%，暂停 4 小时
[2026-06-07 10:21:31] ⚠️ 熔断！日亏损 -11.5%，暂停 4 小时
[2026-06-07 10:22:18] ⚠️ 熔断！日亏损 -11.5%，暂停 4 小时
[2026-06-07 10:23:24] ⚠️ 熔断！日亏损 -11.5%，暂停 4 小时
[2026-06-07 10:24:18] ⚠️ 熔断！日亏损 -11.5%，暂停 4 小时
[2026-06-07 10:25:24] ⚠️ 熔断！日亏损 -11.5%，暂停 4 小时
[2026-06-07 10:26:25] ⚠️ 熔断！日亏损 -11.5%，暂停 4 小时
[2026-06-07 10:27:18] ⚠️ 熔断！日亏损 -11.5%，暂停 4 小时
[2026-06-07 10:28:24] ⚠️ 熔断！日亏损 -11.5%，暂停 4 小时
[2026-06-07 10:29:19] ⚠️ 熔断！日亏损 -11.5%，暂停 4 小时
[2026-06-07 10:30:23] ⚠️ 熔断！日亏损 -11.5%，暂停 4 小时
[2026-06-07 10:31:31] ⚠️ 熔断！日亏损 -11.5%，暂停 4 小时
[2026-06-07 10:32:18] ⚠️ 熔断！日亏损 -11.5%，暂停 4 小时
[2026-06-07 10:33:24] ⚠️ 熔断！日亏损 -11.5%，暂停 4 小时
[2026-06-07 10:34:18] ⚠️ 熔断！日亏损 -11.5%，暂停 4 小时
[2026-06-07 10:35:24] ⚠️ 熔断！日亏损 -11.5%，暂停 4 小时
[2026-06-07 10:36:26] ⚠️ 熔断！日亏损 -11.5%，暂停 4 小时
[2026-06-07 10:37:18] ⚠️ 熔断！日亏损 -11.5%，暂停 4 小时
[2026-06-07 10:38:24] ⚠️ 熔断！日亏损 -11.5%，暂停 4 小时
[2026-06-07 10:39:18] ⚠️ 熔断！日亏损 -11.5%，暂停 4 小时
[2026-06-07 10:40:25] ⚠️ 熔断！日亏损 -11.5%，暂停 4 小时
[2026-06-07 10:41:32] ⚠️ 熔断！日亏损 -11.5%，暂停 4 小时
[2026-06-07 10:42:18] ⚠️ 熔断！日亏损 -11.5%，暂停 4 小时
[2026-06-07 10:43:25] ⚠️ 熔断！日亏损 -11.5%，暂停 4 小时
[2026-06-07 10:44:18] ⚠️ 熔断！日亏损 -11.5%，暂停 4 小时
[2026-06-07 10:45:25] ⚠️ 熔断！日亏损 -11.5%，暂停 4 小时
[2026-06-07 10:46:26] ⚠️ 熔断！日亏损 -11.5%，暂停 4 小时
[2026-06-07 10:47:18] ⚠️ 熔断！日亏损 -11.5%，暂停 4 小时
[2026-06-07 10:48:25] ⚠️ 熔断！日亏损 -11.5%，暂停 4 小时
[2026-06-07 10:49:18] ⚠️ 熔断！日亏损 -11.5%，暂停 4 小时
[2026-06-07 10:50:24] ⚠️ 熔断！日亏损 -11.5%，暂停 4 小时
[2026-06-07 10:51:31] ⚠️ 熔断！日亏损 -11.5%，暂停 4 小时
[2026-06-07 10:52:18] ⚠️ 熔断！日亏损 -11.5%，暂停 4 小时
[2026-06-07 10:53:24] ⚠️ 熔断！日亏损 -11.5%，暂停 4 小时
[2026-06-07 10:54:19] ⚠️ 熔断！日亏损 -11.5%，暂停 4 小时
[2026-06-07 10:55:25] ⚠️ 熔断！日亏损 -11.5%，暂停 4 小时
[2026-06-07 10:56:26] ⚠️ 熔断！日亏损 -11.5%，暂停 4 小时
[2026-06-07 10:57:18] ⚠️ 熔断！日亏损 -11.5%，暂停 4 小时
[2026-06-07 10:58:25] ⚠️ 熔断！日亏损 -11.5%，暂停 4 小时
[2026-06-07 10:59:19] ⚠️ 熔断！日亏损 -11.5%，暂停 4 小时
[2026-06-07 11:00:13] 
==================================================
📊 整点汇报 2026-06-07 11:00
恐惧贪婪指数: 12 (极度恐惧)
今日PnL: -11.49 USDT (-11.5%)
持仓数: 1/4
  🔴 BNB SHORT @571.9700 现价:579.3900 PnL:-2.60U (-1.30%)
  BTC: 61480.0000 (+0.80%)
  ETH: 1591.7000 (+1.05%)
  SOL: 63.5000 (-0.42%)
  BNB: 579.3900 (+0.47%)
  DOT: 0.9530 (+1.17%)
  LINK: 7.5580 (+2.98%)
  XRP: 1.1185 (+2.10%)
==================================================
[2026-06-07 11:00:25] ⚠️ 熔断！日亏损 -11.5%，暂停 4 小时
[2026-06-07 11:01:37] ⚠️ 熔断！日亏损 -11.5%，暂停 4 小时
[2026-06-07 11:02:24] ⚠️ 熔断！日亏损 -11.5%，暂停 4 小时
[2026-06-07 11:03:31] ⚠️ 熔断！日亏损 -11.5%，暂停 4 小时
[2026-06-07 11:04:24] ⚠️ 熔断！日亏损 -11.5%，暂停 4 小时
[2026-06-07 11:05:31] ⚠️ 熔断！日亏损 -11.5%，暂停 4 小时
[2026-06-07 11:06:32] ⚠️ 熔断！日亏损 -11.5%，暂停 4 小时
[2026-06-07 11:07:24] ⚠️ 熔断！日亏损 -11.5%，暂停 4 小时
[2026-06-07 11:08:31] ⚠️ 熔断！日亏损 -11.5%，暂停 4 小时
[2026-06-07 11:09:24] ⚠️ 熔断！日亏损 -11.5%，暂停 4 小时
[2026-06-07 11:10:31] ⚠️ 熔断！日亏损 -11.5%，暂停 4 小时
[2026-06-07 11:11:38] ⚠️ 熔断！日亏损 -11.5%，暂停 4 小时
[2026-06-07 11:12:24] ⚠️ 熔断！日亏损 -11.5%，暂停 4 小时
[2026-06-07 11:13:30] ⚠️ 熔断！日亏损 -11.5%，暂停 4 小时
[2026-06-07 11:14:25] ⚠️ 熔断！日亏损 -11.5%，暂停 4 小时
[2026-06-07 11:15:30] ⚠️ 熔断！日亏损 -11.5%，暂停 4 小时
[2026-06-07 11:16:32] ⚠️ 熔断！日亏损 -11.5%，暂停 4 小时
[2026-06-07 11:17:24] ⚠️ 熔断！日亏损 -11.5%，暂停 4 小时
[2026-06-07 11:18:30] ⚠️ 熔断！日亏损 -11.5%，暂停 4 小时
[2026-06-07 11:19:24] ⚠️ 熔断！日亏损 -11.5%，暂停 4 小时
[2026-06-07 11:20:31] ⚠️ 熔断！日亏损 -11.5%，暂停 4 小时
[2026-06-07 11:21:38] ⚠️ 熔断！日亏损 -11.5%，暂停 4 小时
[2026-06-07 11:22:24] ⚠️ 熔断！日亏损 -11.5%，暂停 4 小时
[2026-06-07 11:23:31] ⚠️ 熔断！日亏损 -11.5%，暂停 4 小时
[2026-06-07 11:24:25] ⚠️ 熔断！日亏损 -11.5%，暂停 4 小时
[2026-06-07 11:25:31] ⚠️ 熔断！日亏损 -11.5%，暂停 4 小时
[2026-06-07 11:26:32] ⚠️ 熔断！日亏损 -11.5%，暂停 4 小时
[2026-06-07 11:27:24] ⚠️ 熔断！日亏损 -11.5%，暂停 4 小时
[2026-06-07 11:28:31] ⚠️ 熔断！日亏损 -11.5%，暂停 4 小时
[2026-06-07 11:29:25] ⚠️ 熔断！日亏损 -11.5%，暂停 4 小时
[2026-06-07 11:30:52] ⚠️ 熔断！日亏损 -11.5%，暂停 4 小时
[2026-06-07 11:31:59] ⚠️ 熔断！日亏损 -11.5%，暂停 4 小时
[2026-06-07 11:32:45] ⚠️ 熔断！日亏损 -11.5%，暂停 4 小时
[2026-06-07 11:33:49] ⚠️ 熔断！日亏损 -11.5%，暂停 4 小时
[2026-06-07 11:34:46] ⚠️ 熔断！日亏损 -11.5%，暂停 4 小时
[2026-06-07 11:35:49] ⚠️ 熔断！日亏损 -11.5%，暂停 4 小时
[2026-06-07 11:36:53] ⚠️ 熔断！日亏损 -11.5%，暂停 4 小时
[2026-06-07 11:37:46] ⚠️ 熔断！日亏损 -11.5%，暂停 4 小时
[2026-06-07 11:38:52] ⚠️ 熔断！日亏损 -11.5%，暂停 4 小时
[2026-06-07 11:39:47] ⚠️ 熔断！日亏损 -11.5%，暂停 4 小时
[2026-06-07 11:40:50] ⚠️ 熔断！日亏损 -11.5%，暂停 4 小时
[2026-06-07 11:42:00] ⚠️ 熔断！日亏损 -11.5%，暂停 4 小时
[2026-06-07 11:42:46] ⚠️ 熔断！日亏损 -11.5%，暂停 4 小时
[2026-06-07 11:43:54] ⚠️ 熔断！日亏损 -11.5%，暂停 4 小时
[2026-06-07 11:44:47] ⚠️ 熔断！日亏损 -11.5%，暂停 4 小时
[2026-06-07 11:45:52] ⚠️ 熔断！日亏损 -11.5%，暂停 4 小时
[2026-06-07 11:46:55] ⚠️ 熔断！日亏损 -11.5%，暂停 4 小时
[2026-06-07 11:47:47] ⚠️ 熔断！日亏损 -11.5%，暂停 4 小时
[2026-06-07 11:48:53] ⚠️ 熔断！日亏损 -11.5%，暂停 4 小时
[2026-06-07 11:49:47] ⚠️ 熔断！日亏损 -11.5%，暂停 4 小时
[2026-06-07 11:50:53] ⚠️ 熔断！日亏损 -11.5%，暂停 4 小时
[2026-06-07 11:52:00] ⚠️ 熔断！日亏损 -11.5%，暂停 4 小时
[2026-06-07 11:52:47] ⚠️ 熔断！日亏损 -11.5%，暂停 4 小时
[2026-06-07 11:53:54] ⚠️ 熔断！日亏损 -11.5%，暂停 4 小时
[2026-06-07 11:54:48] ⚠️ 熔断！日亏损 -11.5%，暂停 4 小时
[2026-06-07 11:55:52] ⚠️ 熔断！日亏损 -11.5%，暂停 4 小时
[2026-06-07 11:56:55] ⚠️ 熔断！日亏损 -11.5%，暂停 4 小时
[2026-06-07 11:57:47] ⚠️ 熔断！日亏损 -11.5%，暂停 4 小时
[2026-06-07 11:58:53] ⚠️ 熔断！日亏损 -11.5%，暂停 4 小时
[2026-06-07 11:59:47] ⚠️ 熔断！日亏损 -11.5%，暂停 4 小时
[2026-06-07 12:00:12] 
==================================================
📊 整点汇报 2026-06-07 12:00
恐惧贪婪指数: 12 (极度恐惧)
今日PnL: -11.49 USDT (-11.5%)
持仓数: 1/4
  🔴 BNB SHORT @571.9700 现价:581.5800 PnL:-3.36U (-1.68%)
  BTC: 61617.8000 (+1.57%)
  ETH: 1594.1100 (+2.02%)
  SOL: 63.7700 (+1.56%)
  BNB: 581.5800 (+1.42%)
  DOT: 0.9560 (+2.46%)
  LINK: 7.5740 (+4.18%)
  XRP: 1.1176 (+3.00%)
==================================================
[2026-06-07 12:00:54] ⚠️ 熔断！日亏损 -11.5%，暂停 4 小时
[2026-06-07 12:02:08] ⚠️ 熔断！日亏损 -11.5%，暂停 4 小时
[2026-06-07 12:02:55] ⚠️ 熔断！日亏损 -11.5%，暂停 4 小时
[2026-06-07 12:04:01] ⚠️ 熔断！日亏损 -11.5%，暂停 4 小时
[2026-06-07 12:04:55] ⚠️ 熔断！日亏损 -11.5%，暂停 4 小时
[2026-06-07 12:06:00] ⚠️ 熔断！日亏损 -11.5%，暂停 4 小时
[2026-06-07 12:07:02] ⚠️ 熔断！日亏损 -11.5%，暂停 4 小时
[2026-06-07 12:07:55] ⚠️ 熔断！日亏损 -11.5%，暂停 4 小时
[2026-06-07 12:09:07] ⚠️ 熔断！日亏损 -11.5%，暂停 4 小时
[2026-06-07 12:09:55] ⚠️ 熔断！日亏损 -11.5%，暂停 4 小时
[2026-06-07 12:10:58] ⚠️ 熔断！日亏损 -11.5%，暂停 4 小时
[2026-06-07 12:12:07] ⚠️ 熔断！日亏损 -11.5%，暂停 4 小时
[2026-06-07 12:12:55] ⚠️ 熔断！日亏损 -11.5%，暂停 4 小时
[2026-06-07 12:14:01] ⚠️ 熔断！日亏损 -11.5%，暂停 4 小时
[2026-06-07 12:15:05] ⚠️ 熔断！日亏损 -11.5%，暂停 4 小时
[2026-06-07 12:15:55] ⚠️ 熔断！日亏损 -11.5%，暂停 4 小时
[2026-06-07 12:17:03] ⚠️ 熔断！日亏损 -11.5%，暂停 4 小时
[2026-06-07 12:17:55] ⚠️ 熔断！日亏损 -11.5%，暂停 4 小时
[2026-06-07 12:19:02] ⚠️ 熔断！日亏损 -11.5%，暂停 4 小时
[2026-06-07 12:19:56] ⚠️ 熔断！日亏损 -11.5%，暂停 4 小时
[2026-06-07 12:21:00] ⚠️ 熔断！日亏损 -11.5%，暂停 4 小时
[2026-06-07 12:22:09] ⚠️ 熔断！日亏损 -11.5%，暂停 4 小时
[2026-06-07 12:22:55] ⚠️ 熔断！日亏损 -11.5%，暂停 4 小时
[2026-06-07 12:24:01] ⚠️ 熔断！日亏损 -11.5%，暂停 4 小时
[2026-06-07 12:24:56] ⚠️ 熔断！日亏损 -11.5%，暂停 4 小时
[2026-06-07 12:26:01] ⚠️ 熔断！日亏损 -11.5%，暂停 4 小时
[2026-06-07 12:27:03] ⚠️ 熔断！日亏损 -11.5%，暂停 4 小时
[2026-06-07 12:27:55] ⚠️ 熔断！日亏损 -11.5%，暂停 4 小时
[2026-06-07 12:29:02] ⚠️ 熔断！日亏损 -11.5%，暂停 4 小时
[2026-06-07 12:29:57] ⚠️ 熔断！日亏损 -11.5%，暂停 4 小时
[2026-06-07 12:31:02] ⚠️ 熔断！日亏损 -11.5%，暂停 4 小时
[2026-06-07 12:32:03] ⚠️ 熔断！日亏损 -11.5%，暂停 4 小时
[2026-06-07 12:33:00] ⚠️ 熔断！日亏损 -11.5%，暂停 4 小时
[2026-06-07 12:34:01] ⚠️ 熔断！日亏损 -11.5%，暂停 4 小时
[2026-06-07 12:35:02] ⚠️ 熔断！日亏损 -11.5%，暂停 4 小时
[2026-06-07 12:35:55] ⚠️ 熔断！日亏损 -11.5%，暂停 4 小时
[2026-06-07 12:37:09] ⚠️ 熔断！日亏损 -11.5%，暂停 4 小时
[2026-06-07 12:38:05] ⚠️ 熔断！日亏损 -11.5%，暂停 4 小时
[2026-06-07 12:38:55] ⚠️ 熔断！日亏损 -11.5%，暂停 4 小时
[2026-06-07 12:40:03] ⚠️ 熔断！日亏损 -11.5%，暂停 4 小时
[2026-06-07 12:40:57] ⚠️ 熔断！日亏损 -11.5%，暂停 4 小时
[2026-06-07 12:42:14] ⚠️ 熔断！日亏损 -11.5%，暂停 4 小时
[2026-06-07 12:43:01] ⚠️ 熔断！日亏损 -11.5%，暂停 4 小时
[2026-06-07 12:44:05] ⚠️ 熔断！日亏损 -11.5%，暂停 4 小时
[2026-06-07 12:45:01] ⚠️ 熔断！日亏损 -11.5%，暂停 4 小时
[2026-06-07 12:46:05] ⚠️ 熔断！日亏损 -11.5%，暂停 4 小时
[2026-06-07 12:47:07] ⚠️ 熔断！日亏损 -11.5%，暂停 4 小时
[2026-06-07 12:48:00] ⚠️ 熔断！日亏损 -11.5%，暂停 4 小时
[2026-06-07 12:49:07] ⚠️ 熔断！日亏损 -11.5%，暂停 4 小时
[2026-06-07 12:50:00] ⚠️ 熔断！日亏损 -11.5%，暂停 4 小时
[2026-06-07 12:51:07] ⚠️ 熔断！日亏损 -11.5%，暂停 4 小时
[2026-06-07 12:52:15] ⚠️ 熔断！日亏损 -11.5%，暂停 4 小时
[2026-06-07 12:53:01] ⚠️ 熔断！日亏损 -11.5%，暂停 4 小时
[2026-06-07 12:54:08] ⚠️ 熔断！日亏损 -11.5%，暂停 4 小时
[2026-06-07 12:55:02] ⚠️ 熔断！日亏损 -11.5%，暂停 4 小时
[2026-06-07 12:56:06] ⚠️ 熔断！日亏损 -11.5%，暂停 4 小时
[2026-06-07 12:57:09] ⚠️ 熔断！日亏损 -11.5%，暂停 4 小时
[2026-06-07 12:58:01] ⚠️ 熔断！日亏损 -11.5%，暂停 4 小时
[2026-06-07 12:59:07] ⚠️ 熔断！日亏损 -11.5%，暂停 4 小时
[2026-06-07 13:00:02] ⚠️ 熔断！日亏损 -11.5%，暂停 4 小时
[2026-06-07 13:00:16] 
==================================================
📊 整点汇报 2026-06-07 13:00
恐惧贪婪指数: 12 (极度恐惧)
今日PnL: -11.49 USDT (-11.5%)
持仓数: 1/4
  🔴 BNB SHORT @571.9700 现价:582.9700 PnL:-3.85U (-1.92%)
  BTC: 61852.3000 (+2.99%)
  ETH: 1596.5700 (+4.95%)
  SOL: 64.0500 (+5.34%)
  BNB: 582.9700 (+3.05%)
  DOT: 0.9620 (+7.37%)
  LINK: 7.5930 (+7.55%)
  XRP: 1.1208 (+6.00%)
==================================================
[2026-06-07 13:01:14] ⚠️ 熔断！日亏损 -11.5%，暂停 4 小时
[2026-06-07 13:02:25] ⚠️ 熔断！日亏损 -11.5%，暂停 4 小时
[2026-06-07 13:03:12] ⚠️ 熔断！日亏损 -11.5%，暂停 4 小时
[2026-06-07 13:04:18] ⚠️ 熔断！日亏损 -11.5%，暂停 4 小时
[2026-06-07 13:05:19] ⚠️ 熔断！日亏损 -11.5%，暂停 4 小时
[2026-06-07 13:06:12] ⚠️ 熔断！日亏损 -11.5%，暂停 4 小时
[2026-06-07 13:07:19] ⚠️ 熔断！日亏损 -11.5%，暂停 4 小时
[2026-06-07 13:08:12] ⚠️ 熔断！日亏损 -11.5%，暂停 4 小时
[2026-06-07 13:09:18] ⚠️ 熔断！日亏损 -11.5%，暂停 4 小时
[2026-06-07 13:10:12] ⚠️ 熔断！日亏损 -11.5%，暂停 4 小时
[2026-06-07 13:11:18] ⚠️ 熔断！日亏损 -11.5%，暂停 4 小时
[2026-06-07 13:12:26] ⚠️ 熔断！日亏损 -11.5%，暂停 4 小时
[2026-06-07 13:13:13] ⚠️ 熔断！日亏损 -11.5%，暂停 4 小时
[2026-06-07 13:14:21] ❌ 平仓 BNB SL | 入场:571.9700 出场:583.8700 | PnL:-2.08% (-4.16USDT) | 平100%仓 | ✅ 平仓成功
[2026-06-07 13:14:32] ⚠️ 熔断！日亏损 -15.7%，暂停 4 小时
[2026-06-07 13:14:36] ❌ 平仓 BNB TP1 | 入场:583.9871 出场:583.8700 | PnL:-0.02% (-0.04USDT) | 平100%仓 | ✅ 平仓成功
[2026-06-07 13:15:18] ⚠️ 熔断！日亏损 -15.7%，暂停 4 小时
[2026-06-07 13:16:24] ⚠️ 熔断！日亏损 -15.7%，暂停 4 小时
[2026-06-07 13:17:35] ⚠️ 熔断！日亏损 -15.7%，暂停 4 小时
[2026-06-07 13:18:25] ⚠️ 熔断！日亏损 -15.7%，暂停 4 小时
[2026-06-07 13:19:25] ⚠️ 熔断！日亏损 -15.7%，暂停 4 小时
[2026-06-07 13:20:26] ⚠️ 熔断！日亏损 -15.7%，暂停 4 小时
[2026-06-07 13:21:28] ⚠️ 熔断！日亏损 -15.7%，暂停 4 小时
[2026-06-07 13:22:31] ⚠️ 熔断！日亏损 -15.7%，暂停 4 小时
[2026-06-07 13:23:21] ⚠️ 熔断！日亏损 -15.7%，暂停 4 小时
[2026-06-07 13:24:28] ⚠️ 熔断！日亏损 -15.7%，暂停 4 小时
[2026-06-07 13:25:22] ⚠️ 熔断！日亏损 -15.7%，暂停 4 小时
[2026-06-07 13:26:28] ⚠️ 熔断！日亏损 -15.7%，暂停 4 小时
[2026-06-07 13:27:35] ⚠️ 熔断！日亏损 -15.7%，暂停 4 小时
[2026-06-07 13:28:22] ⚠️ 熔断！日亏损 -15.7%，暂停 4 小时
[2026-06-07 13:29:29] ⚠️ 熔断！日亏损 -15.7%，暂停 4 小时
[2026-06-07 13:30:23] ⚠️ 熔断！日亏损 -15.7%，暂停 4 小时
[2026-06-07 13:31:27] ⚠️ 熔断！日亏损 -15.7%，暂停 4 小时
[2026-06-07 13:32:30] ⚠️ 熔断！日亏损 -15.7%，暂停 4 小时
[2026-06-07 13:33:22] ⚠️ 熔断！日亏损 -15.7%，暂停 4 小时
[2026-06-07 13:34:28] ⚠️ 熔断！日亏损 -15.7%，暂停 4 小时
[2026-06-07 13:35:23] ⚠️ 熔断！日亏损 -15.7%，暂停 4 小时
[2026-06-07 13:36:28] ⚠️ 熔断！日亏损 -15.7%，暂停 4 小时
[2026-06-07 13:37:36] ⚠️ 熔断！日亏损 -15.7%，暂停 4 小时
[2026-06-07 13:38:23] ⚠️ 熔断！日亏损 -15.7%，暂停 4 小时
[2026-06-07 13:39:29] ⚠️ 熔断！日亏损 -15.7%，暂停 4 小时
[2026-06-07 13:40:23] ⚠️ 熔断！日亏损 -15.7%，暂停 4 小时
[2026-06-07 13:41:31] ⚠️ 熔断！日亏损 -15.7%，暂停 4 小时
[2026-06-07 13:42:26] ⚠️ 熔断！日亏损 -15.7%，暂停 4 小时
[2026-06-07 13:43:27] ⚠️ 熔断！日亏损 -15.7%，暂停 4 小时
[2026-06-07 13:44:28] ⚠️ 熔断！日亏损 -15.7%，暂停 4 小时
[2026-06-07 13:45:23] ⚠️ 熔断！日亏损 -15.7%，暂停 4 小时
[2026-06-07 13:46:29] ⚠️ 熔断！日亏损 -15.7%，暂停 4 小时
[2026-06-07 13:47:37] ⚠️ 熔断！日亏损 -15.7%，暂停 4 小时
[2026-06-07 13:48:23] ⚠️ 熔断！日亏损 -15.7%，暂停 4 小时
[2026-06-07 13:49:30] ⚠️ 熔断！日亏损 -15.7%，暂停 4 小时
[2026-06-07 13:50:23] ⚠️ 熔断！日亏损 -15.7%，暂停 4 小时
[2026-06-07 13:51:30] ⚠️ 熔断！日亏损 -15.7%，暂停 4 小时
[2026-06-07 13:52:33] ⚠️ 熔断！日亏损 -15.7%，暂停 4 小时
[2026-06-07 13:53:23] ⚠️ 熔断！日亏损 -15.7%，暂停 4 小时
[2026-06-07 14:00:26] 
==================================================
📊 整点汇报 2026-06-07 14:00
恐惧贪婪指数: 50 (中性)
今日PnL: -15.50 USDT (-15.5%)
持仓数: 0/4
  BTC: 61741.6000 (+1.35%)
  ETH: 1603.3500 (+2.33%)
  SOL: 64.2200 (+2.64%)
  BNB: 585.8100 (+1.72%)
  DOT: 0.9630 (+3.77%)
  LINK: 7.6210 (+4.73%)
  XRP: 1.1195 (+2.82%)
==================================================
[2026-06-07 15:00:14] 
==================================================
📊 整点汇报 2026-06-07 15:00
恐惧贪婪指数: 12 (极度恐惧)
今日PnL: -15.50 USDT (-15.5%)
持仓数: 0/4
  BTC: 62114.2000 (+2.26%)
  ETH: 1610.8000 (+3.30%)
  SOL: 64.8100 (+4.36%)
  BNB: 588.7600 (+2.11%)
  DOT: 0.9670 (+4.65%)
  LINK: 7.6830 (+5.51%)
  XRP: 1.1250 (+3.97%)
==================================================
[2026-06-07 15:09:47] 🟢 开多 SOL @64.87 | 评分:85 | 状态:trending | AI:做空(0.7%) | ✅ 下单成功
[2026-06-07 16:00:28] 
==================================================
📊 整点汇报 2026-06-07 16:00
恐惧贪婪指数: 12 (极度恐惧)
今日PnL: -15.50 USDT (-15.5%)
持仓数: 1/4
  🟢 SOL LONG @64.8700 现价:64.8600 PnL:-0.03U (-0.02%)
  BTC: 62323.4000 (+2.23%)
  ETH: 1614.8500 (+2.47%)
  SOL: 64.8600 (+3.36%)
  BNB: 589.9600 (+1.80%)
  DOT: 0.9680 (+2.54%)
  LINK: 7.7120 (+4.36%)
  XRP: 1.1361 (+3.96%)
==================================================
[2026-06-07 17:00:22] 
==================================================
📊 整点汇报 2026-06-07 17:00
恐惧贪婪指数: 12 (极度恐惧)
今日PnL: -15.50 USDT (-15.5%)
持仓数: 1/4
  🟢 SOL LONG @64.8700 现价:65.8600 PnL:+3.05U (+1.53%)
  BTC: 62790.5000 (+2.45%)
  ETH: 1631.3200 (+3.12%)
  SOL: 65.8600 (+4.32%)
  BNB: 596.7400 (+2.67%)
  DOT: 0.9760 (+2.52%)
  LINK: 7.8000 (+5.01%)
  XRP: 1.1499 (+4.68%)
==================================================
[2026-06-07 17:14:52] 🟢 开多 LINK @7.818 | 评分:70 | 状态:trending | AI:做空(0.8%) | ✅ 下单成功
[2026-06-07 18:00:19] 
==================================================
📊 整点汇报 2026-06-07 18:00
恐惧贪婪指数: 12 (极度恐惧)
今日PnL: -15.50 USDT (-15.5%)
持仓数: 2/4
  🟢 SOL LONG @64.8700 现价:64.9500 PnL:+0.25U (+0.12%)
  🟢 LINK LONG @7.8180 现价:7.7660 PnL:-1.33U (-0.67%)
  BTC: 62509.9000 (+2.56%)
  ETH: 1632.9900 (+4.04%)
  SOL: 64.9500 (+3.97%)
  BNB: 593.3100 (+2.89%)
  DOT: 0.9690 (+2.87%)
  LINK: 7.7660 (+5.72%)
  XRP: 1.1453 (+4.97%)
==================================================
[2026-06-07 19:00:18] 
==================================================
📊 整点汇报 2026-06-07 19:00
恐惧贪婪指数: 12 (极度恐惧)
今日PnL: -15.50 USDT (-15.5%)
持仓数: 2/4
  🟢 SOL LONG @64.8700 现价:64.6900 PnL:-0.55U (-0.28%)
  🟢 LINK LONG @7.8180 现价:7.7040 PnL:-2.92U (-1.46%)
  BTC: 62343.7000 (+3.01%)
  ETH: 1625.0000 (+5.04%)
  SOL: 64.6900 (+4.71%)
  BNB: 593.1300 (+3.37%)
  DOT: 0.9630 (+3.00%)
  LINK: 7.7040 (+6.03%)
  XRP: 1.1348 (+5.07%)
==================================================
[2026-06-07 20:00:17] 
==================================================
📊 整点汇报 2026-06-07 20:00
恐惧贪婪指数: 12 (极度恐惧)
今日PnL: -15.50 USDT (-15.5%)
持仓数: 2/4
  🟢 SOL LONG @64.8700 现价:64.9700 PnL:+0.31U (+0.15%)
  🟢 LINK LONG @7.8180 现价:7.7580 PnL:-1.53U (-0.77%)
  BTC: 62599.3000 (+3.05%)
  ETH: 1629.0400 (+4.58%)
  SOL: 64.9700 (+4.12%)
  BNB: 593.7200 (+3.40%)
  DOT: 0.9710 (+2.86%)
  LINK: 7.7580 (+6.07%)
  XRP: 1.1394 (+4.85%)
==================================================
[2026-06-07 20:13:01] ❌ 平仓 LINK SL | 入场:7.8180 出场:7.6580 | PnL:-2.05% (-4.09USDT) | 平100%仓 | ✅ 平仓成功
[2026-06-07 20:19:45] 🔴 开空 LINK @7.619 | 评分:85 | 状态:trending | AI:做多(65%) | ✅ 下单成功
[2026-06-07 21:00:28] 
==================================================
📊 整点汇报 2026-06-07 21:00
恐惧贪婪指数: 12 (极度恐惧)
今日PnL: -19.70 USDT (-19.7%)
持仓数: 2/4
  🟢 SOL LONG @64.8700 现价:64.2400 PnL:-1.94U (-0.97%)
  🔴 LINK SHORT @7.6190 现价:7.6920 PnL:-1.92U (-0.96%)
  BTC: 61865.2000 (+1.41%)
  ETH: 1619.1900 (+3.09%)
  SOL: 64.2400 (+2.15%)
  BNB: 588.7400 (+2.19%)
  DOT: 0.9570 (+0.31%)
  LINK: 7.6920 (+4.06%)
  XRP: 1.1229 (+2.47%)
==================================================
[2026-06-07 22:00:28] 
==================================================
📊 整点汇报 2026-06-07 22:00
恐惧贪婪指数: 12 (极度恐惧)
今日PnL: -19.70 USDT (-19.7%)
持仓数: 2/4
  🟢 SOL LONG @64.8700 现价:64.2800 PnL:-1.82U (-0.91%)
  🔴 LINK SHORT @7.6190 现价:7.7000 PnL:-2.13U (-1.06%)
  BTC: 61680.0000 (+1.48%)
  ETH: 1616.8700 (+3.86%)
  SOL: 64.2800 (+3.01%)
  BNB: 589.1700 (+2.52%)
  DOT: 0.9610 (+0.94%)
  LINK: 7.7000 (+4.51%)
  XRP: 1.1218 (+2.24%)
==================================================
[2026-06-07 23:00:20] 
==================================================
📊 整点汇报 2026-06-07 23:00
恐惧贪婪指数: 12 (极度恐惧)
今日PnL: -23.71 USDT (-23.7%)
持仓数: 1/4
  🟢 SOL LONG @64.9000 现价:64.8200 PnL:-0.25U (-0.12%)
  BTC: 61874.5000 (+1.61%)
  ETH: 1627.5000 (+4.29%)
  SOL: 64.8200 (+3.79%)
  BNB: 591.7500 (+2.82%)
  DOT: 0.9670 (+1.47%)
  LINK: 7.7310 (+4.40%)
  XRP: 1.1325 (+2.44%)
==================================================
