[2026-06-24 00:01:11] 
==================================================
📊 整点汇报 2026-06-24 00:00
恐惧贪婪指数: 23 (极度恐惧)
今日PnL: +0.00 USDT (+0.0%)
持仓数: 4/4
  🔴 ETH SHORT @1642.4200 现价:1657.6200 PnL:-1.85U (-0.93%)
  🟢 LINK LONG @7.5470 现价:7.6160 PnL:+1.83U (+0.91%)
  🔴 XRP SHORT @1.0963 现价:1.0984 PnL:-0.38U (-0.19%)
  🔴 DOT SHORT @0.8950 现价:0.8980 PnL:-0.67U (-0.34%)
  BTC: 62419.9000 (-3.73%)
  ETH: 1657.6200 (-4.96%)
  SOL: 68.8200 (-5.86%)
  BNB: 574.4000 (-3.69%)
  DOT: 0.8980 (-6.07%)
  LINK: 7.6160 (-5.02%)
  XRP: 1.0984 (-3.57%)
==================================================
[2026-06-24 00:12:14] ❌ 平仓 ETH SL | 入场:1642.4200 出场:1677.0000 | PnL:-2.11% (-4.22USDT) | 平100%仓 | ✅ 平仓成功
[2026-06-24 01:01:03] 
==================================================
📊 整点汇报 2026-06-24 01:00
恐惧贪婪指数: 23 (极度恐惧)
今日PnL: -3.27 USDT (-3.3%)
持仓数: 3/4
  🟢 LINK LONG @7.5470 现价:7.6010 PnL:+1.43U (+0.72%)
  🔴 XRP SHORT @1.0963 现价:1.1007 PnL:-0.80U (-0.40%)
  🔴 DOT SHORT @0.8950 现价:0.8990 PnL:-0.89U (-0.45%)
  BTC: 62547.0000 (-3.36%)
  ETH: 1659.2800 (-4.58%)
  SOL: 69.2600 (-4.99%)
  BNB: 574.9400 (-3.39%)
  DOT: 0.8990 (-6.36%)
  LINK: 7.6010 (-4.51%)
  XRP: 1.1007 (-3.42%)
==================================================
[2026-06-24 02:00:42] 
==================================================
📊 整点汇报 2026-06-24 02:00
恐惧贪婪指数: 23 (极度恐惧)
今日PnL: -3.27 USDT (-3.3%)
持仓数: 3/4
  🟢 LINK LONG @7.5470 现价:7.5740 PnL:+0.72U (+0.36%)
  🔴 XRP SHORT @1.0963 现价:1.0973 PnL:-0.18U (-0.09%)
  🔴 DOT SHORT @0.8950 现价:0.8950 PnL:+0.00U (+0.00%)
  BTC: 62341.4000 (-3.50%)
  ETH: 1656.1800 (-4.87%)
  SOL: 68.7100 (-6.21%)
  BNB: 574.1400 (-3.61%)
  DOT: 0.8950 (-6.28%)
  LINK: 7.5740 (-4.76%)
  XRP: 1.0973 (-3.63%)
==================================================
[2026-06-24 03:00:55] 
==================================================
📊 整点汇报 2026-06-24 03:00
恐惧贪婪指数: 23 (极度恐惧)
今日PnL: -3.27 USDT (-3.3%)
持仓数: 3/4
  🟢 LINK LONG @7.5470 现价:7.5630 PnL:+0.42U (+0.21%)
  🔴 XRP SHORT @1.0963 现价:1.0981 PnL:-0.33U (-0.16%)
  🔴 DOT SHORT @0.8950 现价:0.8980 PnL:-0.67U (-0.34%)
  BTC: 62219.5000 (-3.34%)
  ETH: 1654.6400 (-4.47%)
  SOL: 68.8600 (-5.26%)
  BNB: 573.8300 (-3.32%)
  DOT: 0.8980 (-4.97%)
  LINK: 7.5630 (-4.24%)
  XRP: 1.0981 (-3.05%)
==================================================
[2026-06-24 04:00:21] 
==================================================
📊 整点汇报 2026-06-24 04:00
恐惧贪婪指数: 23 (极度恐惧)
今日PnL: -3.27 USDT (-3.3%)
持仓数: 3/4
  🟢 LINK LONG @7.5470 现价:7.5790 PnL:+0.85U (+0.42%)
  🔴 XRP SHORT @1.0963 现价:1.1021 PnL:-1.06U (-0.53%)
  🔴 DOT SHORT @0.8950 现价:0.9040 PnL:-2.01U (-1.01%)
  BTC: 62372.7000 (-3.22%)
  ETH: 1661.0900 (-4.17%)
  SOL: 68.9100 (-5.21%)
  BNB: 576.2700 (-2.68%)
  DOT: 0.9040 (-4.24%)
  LINK: 7.5790 (-4.16%)
  XRP: 1.1021 (-2.61%)
==================================================
[2026-06-24 05:00:39] 
==================================================
📊 整点汇报 2026-06-24 05:00
恐惧贪婪指数: 23 (极度恐惧)
今日PnL: -3.27 USDT (-3.3%)
持仓数: 3/4
  🟢 LINK LONG @7.5470 现价:7.5780 PnL:+0.82U (+0.41%)
  🔴 XRP SHORT @1.0963 现价:1.1039 PnL:-1.39U (-0.69%)
  🔴 DOT SHORT @0.8950 现价:0.9080 PnL:-2.91U (-1.45%)
  BTC: 62432.6000 (-3.05%)
  ETH: 1663.0800 (-4.05%)
  SOL: 68.9700 (-5.22%)
  BNB: 576.3400 (-2.59%)
  DOT: 0.9080 (-4.02%)
  LINK: 7.5780 (-4.21%)
  XRP: 1.1039 (-2.40%)
==================================================
[2026-06-24 06:00:30] 
==================================================
📊 整点汇报 2026-06-24 06:00
恐惧贪婪指数: 23 (极度恐惧)
今日PnL: -3.27 USDT (-3.3%)
持仓数: 3/4
  🟢 LINK LONG @7.5470 现价:7.6010 PnL:+1.43U (+0.72%)
  🔴 XRP SHORT @1.0963 现价:1.1042 PnL:-1.44U (-0.72%)
  🔴 DOT SHORT @0.8950 现价:0.9090 PnL:-3.13U (-1.56%)
  BTC: 62550.2000 (-2.67%)
  ETH: 1666.5700 (-3.77%)
  SOL: 69.2300 (-4.73%)
  BNB: 577.0100 (-2.42%)
  DOT: 0.9090 (-3.61%)
  LINK: 7.6010 (-3.72%)
  XRP: 1.1042 (-2.35%)
==================================================
[2026-06-24 06:18:16] ❌ 平仓 DOT SL | 入场:0.8950 出场:0.9130 | PnL:-2.01% (-4.02USDT) | 平100%仓 | ✅ 平仓成功
[2026-06-24 06:18:43] ❌ 平仓 DOT TP1 | 入场:0.9140 出场:0.9130 | PnL:-0.11% (-0.01USDT) | 平100%仓 | ✅ 平仓成功
[2026-06-24 07:00:18] 
==================================================
📊 整点汇报 2026-06-24 07:00
恐惧贪婪指数: 23 (极度恐惧)
今日PnL: -7.30 USDT (-7.3%)
持仓数: 2/4
  🟢 LINK LONG @7.5470 现价:7.6120 PnL:+1.72U (+0.86%)
  🔴 XRP SHORT @1.0963 现价:1.1083 PnL:-2.19U (-1.09%)
  BTC: 62532.1000 (-2.24%)
  ETH: 1663.8400 (-3.47%)
  SOL: 69.4900 (-3.58%)
  BNB: 578.0200 (-2.01%)
  DOT: 0.9090 (-2.57%)
  LINK: 7.6120 (-3.07%)
  XRP: 1.1083 (-1.63%)
==================================================
[2026-06-24 08:00:32] 
==================================================
📊 整点汇报 2026-06-24 08:00
恐惧贪婪指数: 17 (极度恐惧)
今日PnL: -7.30 USDT (-7.3%)
持仓数: 2/4
  🟢 LINK LONG @7.5470 现价:7.6280 PnL:+2.15U (+1.07%)
  🔴 XRP SHORT @1.0963 现价:1.1094 PnL:-2.39U (-1.19%)
  BTC: 62713.0000 (-1.99%)
  ETH: 1666.4600 (-3.54%)
  SOL: 69.6600 (-3.16%)
  BNB: 578.1900 (-2.02%)
  DOT: 0.9090 (-2.78%)
  LINK: 7.6280 (-3.05%)
  XRP: 1.1094 (-1.75%)
==================================================
[2026-06-24 09:00:32] 
==================================================
📊 整点汇报 2026-06-24 09:00
恐惧贪婪指数: 17 (极度恐惧)
今日PnL: -7.30 USDT (-7.3%)
持仓数: 2/4
  🟢 LINK LONG @7.5470 现价:7.6090 PnL:+1.64U (+0.82%)
  🔴 XRP SHORT @1.0963 现价:1.1103 PnL:-2.55U (-1.28%)
  BTC: 62947.5000 (-1.74%)
  ETH: 1670.3300 (-3.40%)
  SOL: 69.9200 (-2.59%)
  BNB: 579.8000 (-2.01%)
  DOT: 0.9140 (-2.04%)
  LINK: 7.6090 (-3.27%)
  XRP: 1.1103 (-1.77%)
==================================================
[2026-06-24 10:00:50] 
==================================================
📊 整点汇报 2026-06-24 10:00
恐惧贪婪指数: 17 (极度恐惧)
今日PnL: -7.30 USDT (-7.3%)
持仓数: 2/4
  🟢 LINK LONG @7.5470 现价:7.6310 PnL:+2.23U (+1.11%)
  🔴 XRP SHORT @1.0963 现价:1.1085 PnL:-2.23U (-1.11%)
  BTC: 62938.6000 (+0.00%)
  ETH: 1672.1700 (-3.22%)
  SOL: 70.2100 (-2.04%)
  BNB: 579.6400 (-1.87%)
  DOT: 0.9150 (-1.82%)
  LINK: 7.6310 (-3.13%)
  XRP: 1.1085 (-1.74%)
==================================================
[2026-06-24 11:00:28] 
==================================================
📊 整点汇报 2026-06-24 11:00
恐惧贪婪指数: 17 (极度恐惧)
今日PnL: -7.30 USDT (-7.3%)
持仓数: 2/4
  🟢 LINK LONG @7.5470 现价:7.5810 PnL:+0.90U (+0.45%)
  🔴 XRP SHORT @1.0963 现价:1.1052 PnL:-1.62U (-0.81%)
  BTC: 62661.8000 (-2.41%)
  ETH: 1663.0600 (-4.00%)
  SOL: 69.4100 (-3.54%)
  BNB: 577.5400 (-2.61%)
  DOT: 0.9070 (-3.10%)
  LINK: 7.5810 (-4.06%)
  XRP: 1.1052 (-2.12%)
==================================================
[2026-06-24 11:22:48] 🔴 开空 DOT @0.903 | 评分:80 | 状态:trending | AI:做空(0.7%) | ✅ 下单成功
[2026-06-24 12:00:41] 
==================================================
📊 整点汇报 2026-06-24 12:00
恐惧贪婪指数: 17 (极度恐惧)
今日PnL: -7.30 USDT (-7.3%)
持仓数: 3/4
  🟢 LINK LONG @7.5470 现价:7.5840 PnL:+0.98U (+0.49%)
  🔴 XRP SHORT @1.0963 现价:1.1033 PnL:-1.28U (-0.64%)
  🔴 DOT SHORT @0.9030 现价:0.9050 PnL:-0.44U (-0.22%)
  BTC: 62726.0000 (-2.05%)
  ETH: 1666.7200 (-3.58%)
  SOL: 69.5400 (-3.32%)
  BNB: 578.0900 (-2.37%)
  DOT: 0.9050 (-3.42%)
  LINK: 7.5840 (-3.98%)
  XRP: 1.1033 (-2.09%)
==================================================
[2026-06-24 12:24:26] 🔴 开空 SOL @69.24 | 评分:75 | 状态:ranging | AI:做空(65%) | ✅ 下单成功
[2026-06-24 13:00:47] 
==================================================
📊 整点汇报 2026-06-24 13:00
恐惧贪婪指数: 17 (极度恐惧)
今日PnL: -7.30 USDT (-7.3%)
持仓数: 4/4
  🟢 LINK LONG @7.5470 现价:7.5900 PnL:+1.14U (+0.57%)
  🔴 XRP SHORT @1.0963 现价:1.1015 PnL:-0.95U (-0.47%)
  🔴 DOT SHORT @0.9030 现价:0.9040 PnL:-0.22U (-0.11%)
  🔴 SOL SHORT @69.2400 现价:69.2900 PnL:-0.14U (-0.07%)
  BTC: 62731.8000 (-1.48%)
  ETH: 1668.6900 (-3.00%)
  SOL: 69.2900 (-3.02%)
  BNB: 577.6700 (-1.76%)
  DOT: 0.9040 (-2.69%)
  LINK: 7.5900 (-3.30%)
  XRP: 1.1015 (+0.00%)
==================================================
[2026-06-24 14:01:35] 
==================================================
📊 整点汇报 2026-06-24 14:00
恐惧贪婪指数: 17 (极度恐惧)
今日PnL: -7.30 USDT (-7.3%)
持仓数: 4/4
  🟢 LINK LONG @7.5470 现价:7.6400 PnL:+2.46U (+1.23%)
  🔴 XRP SHORT @1.0963 现价:1.1045 PnL:-1.50U (-0.75%)
  🔴 DOT SHORT @0.9030 现价:0.9090 PnL:-1.33U (-0.66%)
  🔴 SOL SHORT @69.2400 现价:69.8900 PnL:-1.88U (-0.94%)
  BTC: 62850.1000 (-0.80%)
  ETH: 1673.4800 (-2.26%)
  SOL: 69.8900 (-1.51%)
  BNB: 579.7300 (+0.00%)
  DOT: 0.9090 (-2.04%)
  LINK: 7.6400 (-2.44%)
  XRP: 1.1045 (-0.92%)
==================================================
[2026-06-24 15:00:33] 
==================================================
📊 整点汇报 2026-06-24 15:00
恐惧贪婪指数: 17 (极度恐惧)
今日PnL: -7.30 USDT (-7.3%)
持仓数: 4/4
  🟢 LINK LONG @7.5470 现价:7.6360 PnL:+2.36U (+1.18%)
  🔴 XRP SHORT @1.0963 现价:1.1019 PnL:-1.02U (-0.51%)
  🔴 DOT SHORT @0.9030 现价:0.9080 PnL:-1.11U (-0.55%)
  🔴 SOL SHORT @69.2400 现价:69.7000 PnL:-1.33U (-0.66%)
  BTC: 62758.6000 (-0.26%)
  ETH: 1673.6000 (-1.05%)
  SOL: 69.7000 (+0.00%)
  BNB: 579.0200 (-0.40%)
  DOT: 0.9080 (-0.33%)
  LINK: 7.6360 (-0.84%)
  XRP: 1.1019 (-1.00%)
==================================================
[2026-06-24 16:00:24] 
==================================================
📊 整点汇报 2026-06-24 16:00
恐惧贪婪指数: 17 (极度恐惧)
今日PnL: -7.30 USDT (-7.3%)
持仓数: 4/4
  🟢 LINK LONG @7.5470 现价:7.6150 PnL:+1.80U (+0.90%)
  🔴 XRP SHORT @1.0963 现价:1.0983 PnL:-0.36U (-0.18%)
  🔴 DOT SHORT @0.9030 现价:0.9040 PnL:-0.22U (-0.11%)
  🔴 SOL SHORT @69.2400 现价:69.3100 PnL:-0.20U (-0.10%)
  BTC: 62612.0000 (-0.52%)
  ETH: 1671.9900 (-0.83%)
  SOL: 69.3100 (-1.10%)
  BNB: 577.0600 (-0.82%)
  DOT: 0.9040 (-0.22%)
  LINK: 7.6150 (-0.68%)
  XRP: 1.0983 (-1.33%)
==================================================
[2026-06-24 17:00:39] 
==================================================
📊 整点汇报 2026-06-24 17:00
恐惧贪婪指数: 17 (极度恐惧)
今日PnL: -7.30 USDT (-7.3%)
持仓数: 4/4
  🟢 LINK LONG @7.5470 现价:7.6220 PnL:+1.99U (+0.99%)
  🔴 XRP SHORT @1.0963 现价:1.1019 PnL:-1.02U (-0.51%)
  🔴 DOT SHORT @0.9030 现价:0.9070 PnL:-0.89U (-0.44%)
  🔴 SOL SHORT @69.2400 现价:69.4400 PnL:-0.58U (-0.29%)
  BTC: 62773.1000 (+0.62%)
  ETH: 1672.8300 (+1.59%)
  SOL: 69.4400 (+1.25%)
  BNB: 578.0500 (+0.56%)
  DOT: 0.9070 (+1.91%)
  LINK: 7.6220 (+1.38%)
  XRP: 1.1019 (+0.26%)
==================================================
[2026-06-24 18:00:48] 
==================================================
📊 整点汇报 2026-06-24 18:00
恐惧贪婪指数: 17 (极度恐惧)
今日PnL: -7.30 USDT (-7.3%)
持仓数: 4/4
  🟢 LINK LONG @7.5470 现价:7.6200 PnL:+1.93U (+0.97%)
  🔴 XRP SHORT @1.0963 现价:1.0980 PnL:-0.31U (-0.16%)
  🔴 DOT SHORT @0.9030 现价:0.9020 PnL:+0.22U (+0.11%)
  🔴 SOL SHORT @69.2400 现价:69.2900 PnL:-0.14U (-0.07%)
  BTC: 62680.4000 (+0.53%)
  ETH: 1666.6600 (+1.03%)
  SOL: 69.2900 (+0.67%)
  BNB: 577.2600 (+0.89%)
  DOT: 0.9020 (+0.90%)
  LINK: 7.6200 (+1.10%)
  XRP: 1.0980 (-0.49%)
==================================================
[2026-06-24 19:00:36] 
==================================================
📊 整点汇报 2026-06-24 19:00
恐惧贪婪指数: 17 (极度恐惧)
今日PnL: -7.30 USDT (-7.3%)
持仓数: 4/4
  🟢 LINK LONG @7.5470 现价:7.5760 PnL:+0.77U (+0.38%)
  🔴 XRP SHORT @1.0963 现价:1.0861 PnL:+1.86U (+0.93%)
  🔴 DOT SHORT @0.9030 现价:0.8990 PnL:+0.89U (+0.44%)
  🔴 SOL SHORT @69.2400 现价:69.0300 PnL:+0.61U (+0.30%)
  BTC: 62425.8000 (+0.23%)
  ETH: 1662.9800 (+0.66%)
  SOL: 69.0300 (+0.44%)
  BNB: 575.7200 (+0.60%)
  DOT: 0.8990 (+0.45%)
  LINK: 7.5760 (+0.46%)
  XRP: 1.0861 (-1.61%)
==================================================
[2026-06-24 20:01:14] 
==================================================
📊 整点汇报 2026-06-24 20:00
恐惧贪婪指数: 17 (极度恐惧)
今日PnL: -7.30 USDT (-7.3%)
持仓数: 4/4
  🟢 LINK LONG @7.5470 现价:7.6260 PnL:+2.09U (+1.05%)
  🔴 XRP SHORT @1.0963 现价:1.0933 PnL:+0.55U (+0.27%)
  🔴 DOT SHORT @0.9030 现价:0.9050 PnL:-0.44U (-0.22%)
  🔴 SOL SHORT @69.2400 现价:69.7500 PnL:-1.47U (-0.74%)
  BTC: 62875.1000 (+0.56%)
  ETH: 1678.2400 (+1.10%)
  SOL: 69.7500 (+0.71%)
  BNB: 579.6300 (+0.96%)
  DOT: 0.9050 (+0.22%)
  LINK: 7.6260 (+0.20%)
  XRP: 1.0933 (-1.38%)
==================================================
[2026-06-24 21:00:30] 
==================================================
📊 整点汇报 2026-06-24 21:00
恐惧贪婪指数: 17 (极度恐惧)
今日PnL: -7.30 USDT (-7.3%)
持仓数: 4/4
  🟢 LINK LONG @7.5470 现价:7.5840 PnL:+0.98U (+0.49%)
  🔴 XRP SHORT @1.0963 现价:1.0897 PnL:+1.20U (+0.60%)
  🔴 DOT SHORT @0.9030 现价:0.9000 PnL:+0.66U (+0.33%)
  🔴 SOL SHORT @69.2400 现价:69.6000 PnL:-1.04U (-0.52%)
  BTC: 62745.0000 (+0.80%)
  ETH: 1670.7600 (+1.03%)
  SOL: 69.6000 (+1.02%)
  BNB: 576.8400 (+0.59%)
  DOT: 0.9000 (+0.11%)
  LINK: 7.5840 (-0.21%)
  XRP: 1.0897 (-0.94%)
==================================================
[2026-06-24 21:34:23] ✅ 平仓 DOT SL | 入场:0.9030 出场:0.8940 | PnL:1.00% (+1.99USDT) | 平100%仓 | ✅ 平仓成功
[2026-06-24 21:34:50] ✅ 平仓 DOT TP1 | 入场:0.8940 出场:0.8940 | PnL:0.00% (+0.00USDT) | 平100%仓 | ✅ 平仓成功
[2026-06-24 21:44:31] 🔴 开空 BTC @61721.3 | 评分:90 | 状态:trending | AI:做空(75%) | ✅ 下单成功
[2026-06-24 22:00:28] 
==================================================
📊 整点汇报 2026-06-24 22:00
恐惧贪婪指数: 17 (极度恐惧)
今日PnL: -4.88 USDT (-4.9%)
持仓数: 4/4
  🟢 LINK LONG @7.5470 现价:7.4700 PnL:-2.04U (-1.02%)
  🔴 XRP SHORT @1.0963 现价:1.0767 PnL:+3.58U (+1.79%)
  🔴 SOL SHORT @69.2400 现价:68.8700 PnL:+1.07U (+0.53%)
  🔴 BTC SHORT @61721.3000 现价:61273.6000 PnL:+1.34U (+0.73%)
  BTC: 61273.6000 (-1.87%)
  ETH: 1644.5500 (-1.03%)
  SOL: 68.8700 (-0.29%)
  BNB: 570.6000 (-0.77%)
  DOT: 0.8870 (-2.10%)
  LINK: 7.4700 (-1.98%)
  XRP: 1.0767 (-2.21%)
==================================================
[2026-06-24 23:00:28] 
==================================================
📊 整点汇报 2026-06-24 23:00
恐惧贪婪指数: 17 (极度恐惧)
今日PnL: -4.88 USDT (-4.9%)
持仓数: 4/4
  🟢 LINK LONG @7.5470 现价:7.4920 PnL:-1.46U (-0.73%)
  🔴 XRP SHORT @1.0963 现价:1.0740 PnL:+4.07U (+2.03%)
  🔴 SOL SHORT @69.2400 现价:69.0500 PnL:+0.55U (+0.27%)
  🔴 BTC SHORT @61721.3000 现价:61049.1000 PnL:+2.02U (+1.09%)
  BTC: 61049.1000 (-2.31%)
  ETH: 1649.0100 (-0.86%)
  SOL: 69.0500 (-0.14%)
  BNB: 568.9400 (-0.80%)
  DOT: 0.8910 (-1.33%)
  LINK: 7.4920 (-2.28%)
  XRP: 1.0740 (-2.52%)
==================================================
[2026-06-24 23:46:41] ❌ 平仓 LINK SL | 入场:7.5470 出场:7.3840 | PnL:-2.16% (-4.32USDT) | 平100%仓 | ✅ 平仓成功
[2026-06-24 23:52:58] 🔴 开空 DOT @0.871 | 评分:70 | 状态:trending | AI:做空(85%) | ✅ 下单成功
