[2026-06-14 00:03:23] 
==================================================
📊 整点汇报 2026-06-14 00:01
恐惧贪婪指数: 50 (中性)
今日PnL: -3.74 USDT (-3.7%)
持仓数: 0/4
  BTC: 64256.2000 (+0.18%)
  ETH: 1682.2900 (-0.07%)
  SOL: 68.5200 (+0.73%)
  BNB: 610.4400 (-0.00%)
  DOT: 0.9910 (+0.00%)
  LINK: 8.0200 (+1.19%)
  XRP: 1.1567 (+0.96%)
==================================================
[2026-06-14 01:00:14] 
==================================================
📊 整点汇报 2026-06-14 01:00
恐惧贪婪指数: 13 (极度恐惧)
今日PnL: +0.00 USDT (+0.0%)
持仓数: 4/4
  🟢 SOL LONG @67.4400 现价:68.0400 PnL:+1.78U (+0.89%)
  🟢 BNB LONG @606.7200 现价:609.3100 PnL:+0.85U (+0.43%)
  🟢 XRP LONG @1.1455 现价:1.1465 PnL:+0.17U (+0.09%)
  🔴 BTC SHORT @63130.0000 现价:63965.9000 PnL:-2.51U (-1.32%)
  BTC: 63965.9000 (+0.10%)
  ETH: 1675.4400 (+0.29%)
  SOL: 68.0400 (+0.19%)
  BNB: 609.3100 (+0.10%)
  DOT: 0.9840 (+2.60%)
  LINK: 7.9900 (+1.32%)
  XRP: 1.1465 (+1.08%)
==================================================
[2026-06-14 02:05:27] 
==================================================
📊 整点汇报 2026-06-14 02:03
恐惧贪婪指数: 50 (中性)
今日PnL: +0.00 USDT (+0.0%)
持仓数: 0/4
  BTC: 63961.8000 (+0.09%)
  ETH: 1675.4900 (+0.25%)
  SOL: 67.9300 (+0.06%)
  BNB: 608.7700 (+0.00%)
  DOT: 0.9810 (+2.08%)
  LINK: 7.9820 (+1.26%)
  XRP: 1.1455 (+1.08%)
==================================================
[2026-06-14 03:04:19] 
==================================================
📊 整点汇报 2026-06-14 03:02
恐惧贪婪指数: 50 (中性)
今日PnL: +0.00 USDT (+0.0%)
持仓数: 0/4
  BTC: 63961.8000 (+0.09%)
  ETH: 1675.4900 (+0.25%)
  SOL: 67.9300 (+0.06%)
  BNB: 608.7700 (+0.00%)
  DOT: 0.9810 (+2.08%)
  LINK: 7.9820 (+1.26%)
  XRP: 1.1455 (+1.08%)
==================================================
[2026-06-14 04:02:54] 
==================================================
📊 整点汇报 2026-06-14 04:01
恐惧贪婪指数: 50 (中性)
今日PnL: +0.00 USDT (+0.0%)
持仓数: 0/4
  BTC: 63961.8000 (+0.09%)
  ETH: 1675.4900 (+0.25%)
  SOL: 67.9300 (+0.06%)
  BNB: 608.7700 (+0.00%)
  DOT: 0.9810 (+2.08%)
  LINK: 7.9820 (+1.26%)
  XRP: 1.1455 (+1.08%)
==================================================
[2026-06-14 05:01:55] 
==================================================
📊 整点汇报 2026-06-14 05:00
恐惧贪婪指数: 50 (中性)
今日PnL: +0.00 USDT (+0.0%)
持仓数: 0/4
  BTC: 63961.8000 (+0.09%)
  ETH: 1675.4900 (+0.25%)
  SOL: 67.9300 (+0.06%)
  BNB: 608.7700 (+0.00%)
  DOT: 0.9810 (+2.08%)
  LINK: 7.9820 (+1.26%)
  XRP: 1.1455 (+1.08%)
==================================================
[2026-06-14 06:01:35] 
==================================================
📊 整点汇报 2026-06-14 06:00
恐惧贪婪指数: 50 (中性)
今日PnL: +0.00 USDT (+0.0%)
持仓数: 0/4
  BTC: 63961.8000 (+0.09%)
  ETH: 1675.4900 (+0.25%)
  SOL: 67.9300 (+0.06%)
  BNB: 608.7700 (+0.00%)
  DOT: 0.9810 (+2.08%)
  LINK: 7.9820 (+1.26%)
  XRP: 1.1455 (+1.08%)
==================================================
[2026-06-14 07:05:57] 
==================================================
📊 整点汇报 2026-06-14 07:04
恐惧贪婪指数: 50 (中性)
今日PnL: +0.00 USDT (+0.0%)
持仓数: 0/4
  BTC: 63961.8000 (+0.09%)
  ETH: 1675.4900 (+0.25%)
  SOL: 67.9300 (+0.06%)
  BNB: 608.7700 (+0.00%)
  DOT: 0.9810 (+2.08%)
  LINK: 7.9820 (+1.26%)
  XRP: 1.1455 (+1.08%)
==================================================
[2026-06-14 08:00:29] 
==================================================
📊 整点汇报 2026-06-14 08:00
恐惧贪婪指数: 50 (中性)
今日PnL: +0.00 USDT (+0.0%)
持仓数: 4/4
  🟢 SOL LONG @67.4400 现价:67.9300 PnL:+1.46U (+0.73%)
  🟢 BNB LONG @606.7200 现价:608.7700 PnL:+0.68U (+0.34%)
  🟢 XRP LONG @1.1455 现价:1.1455 PnL:+0.00U (+0.00%)
  🔴 BTC SHORT @63130.0000 现价:63961.8000 PnL:-2.50U (-1.32%)
  BTC: 63961.8000 (+0.09%)
  ETH: 1675.4900 (+0.25%)
  SOL: 67.9300 (+0.06%)
  BNB: 608.7700 (+0.00%)
  DOT: 0.9810 (+2.08%)
  LINK: 7.9820 (+1.26%)
  XRP: 1.1455 (+1.08%)
==================================================
[2026-06-14 08:07:00] ❌ 平仓 BTC SL | 入场:63130.0000 出场:64414.5000 | PnL:-2.03% (-3.85USDT) | 平100%仓 | ✅ 平仓成功
[2026-06-14 09:00:14] 
==================================================
📊 整点汇报 2026-06-14 09:00
恐惧贪婪指数: 18 (极度恐惧)
今日PnL: -3.90 USDT (-3.9%)
持仓数: 3/4
  🟢 SOL LONG @67.4400 现价:68.7100 PnL:+3.77U (+1.88%)
  🟢 BNB LONG @606.7200 现价:609.6100 PnL:+0.95U (+0.48%)
  🟢 XRP LONG @1.1455 现价:1.1488 PnL:+0.58U (+0.29%)
  BTC: 64525.0000 (+1.45%)
  ETH: 1680.6100 (+0.81%)
  SOL: 68.7100 (+2.57%)
  BNB: 609.6100 (+0.68%)
  DOT: 0.9770 (+1.88%)
  LINK: 7.9610 (+0.93%)
  XRP: 1.1488 (+1.25%)
==================================================
[2026-06-14 10:00:35] 
==================================================
📊 整点汇报 2026-06-14 10:00
恐惧贪婪指数: 18 (极度恐惧)
今日PnL: -3.90 USDT (-3.9%)
持仓数: 3/4
  🟢 SOL LONG @67.4400 现价:68.7900 PnL:+4.01U (+2.00%)
  🟢 BNB LONG @606.7200 现价:609.5100 PnL:+0.92U (+0.46%)
  🟢 XRP LONG @1.1455 现价:1.1512 PnL:+1.00U (+0.50%)
  BTC: 64549.9000 (+1.21%)
  ETH: 1683.1800 (+0.60%)
  SOL: 68.7900 (+2.08%)
  BNB: 609.5100 (+0.51%)
  DOT: 0.9790 (+1.14%)
  LINK: 7.9690 (+0.39%)
  XRP: 1.1512 (+1.08%)
==================================================
[2026-06-14 11:00:17] 
==================================================
📊 整点汇报 2026-06-14 11:00
恐惧贪婪指数: 18 (极度恐惧)
今日PnL: -3.90 USDT (-3.9%)
持仓数: 3/4
  🟢 SOL LONG @67.4400 现价:68.7800 PnL:+3.98U (+1.99%)
  🟢 BNB LONG @606.7200 现价:609.6900 PnL:+0.98U (+0.49%)
  🟢 XRP LONG @1.1455 现价:1.1514 PnL:+1.03U (+0.52%)
  BTC: 64463.0000 (+1.33%)
  ETH: 1681.9400 (+0.88%)
  SOL: 68.7800 (+2.76%)
  BNB: 609.6900 (+0.93%)
  DOT: 0.9770 (+1.14%)
  LINK: 7.9590 (+0.70%)
  XRP: 1.1514 (+1.56%)
==================================================
[2026-06-14 12:00:10] 
==================================================
📊 整点汇报 2026-06-14 12:00
恐惧贪婪指数: 18 (极度恐惧)
今日PnL: -3.90 USDT (-3.9%)
持仓数: 3/4
  🟢 SOL LONG @67.4400 现价:68.9400 PnL:+4.46U (+2.22%)
  🟢 BNB LONG @606.7200 现价:610.3100 PnL:+1.18U (+0.59%)
  🟢 XRP LONG @1.1455 现价:1.1532 PnL:+1.34U (+0.67%)
  BTC: 64508.9000 (+1.56%)
  ETH: 1681.0000 (+0.98%)
  SOL: 68.9400 (+0.00%)
  BNB: 610.3100 (+1.56%)
  DOT: 0.9770 (+1.03%)
  LINK: 7.9600 (+0.90%)
  XRP: 1.1532 (+1.77%)
==================================================
[2026-06-14 12:46:59] ✅ 平仓 SOL SL | 入场:67.4400 出场:68.4500 | PnL:1.50% (+3.00USDT) | 平100%仓 | ✅ 平仓成功
[2026-06-14 13:01:02] 
==================================================
📊 整点汇报 2026-06-14 13:00
恐惧贪婪指数: 18 (极度恐惧)
今日PnL: -0.87 USDT (-0.9%)
持仓数: 2/4
  🟢 BNB LONG @606.7200 现价:609.0500 PnL:+0.77U (+0.38%)
  🟢 XRP LONG @1.1455 现价:1.1479 PnL:+0.42U (+0.21%)
  BTC: 64336.2000 (+1.35%)
  ETH: 1677.8800 (+0.85%)
  SOL: 68.4700 (+2.81%)
  BNB: 609.0500 (+1.53%)
  DOT: 0.9690 (+0.41%)
  LINK: 7.9190 (+0.61%)
  XRP: 1.1479 (+1.35%)
==================================================
[2026-06-14 14:00:22] 
==================================================
📊 整点汇报 2026-06-14 14:00
恐惧贪婪指数: 18 (极度恐惧)
今日PnL: -0.87 USDT (-0.9%)
持仓数: 2/4
  🟢 BNB LONG @606.7200 现价:610.2100 PnL:+1.15U (+0.58%)
  🟢 XRP LONG @1.1455 现价:1.1479 PnL:+0.42U (+0.21%)
  BTC: 64348.1000 (+1.31%)
  ETH: 1677.8100 (+0.86%)
  SOL: 68.2200 (+2.28%)
  BNB: 610.2100 (+1.61%)
  DOT: 0.9690 (+0.41%)
  LINK: 7.9190 (+0.19%)
  XRP: 1.1479 (+1.42%)
==================================================
[2026-06-14 15:00:35] 
==================================================
📊 整点汇报 2026-06-14 15:00
恐惧贪婪指数: 18 (极度恐惧)
今日PnL: -0.87 USDT (-0.9%)
持仓数: 2/4
  🟢 BNB LONG @606.7200 现价:611.5600 PnL:+1.60U (+0.80%)
  🟢 XRP LONG @1.1455 现价:1.1460 PnL:+0.09U (+0.04%)
  BTC: 64258.0000 (+0.88%)
  ETH: 1675.5600 (+0.36%)
  SOL: 68.1600 (+1.52%)
  BNB: 611.5600 (+1.42%)
  DOT: 0.9650 (-1.33%)
  LINK: 7.9250 (-0.01%)
  XRP: 1.1460 (+0.80%)
==================================================
[2026-06-14 16:00:45] 
==================================================
📊 整点汇报 2026-06-14 16:00
恐惧贪婪指数: 18 (极度恐惧)
今日PnL: -0.87 USDT (-0.9%)
持仓数: 2/4
  🟢 BNB LONG @606.7200 现价:610.6000 PnL:+1.28U (+0.64%)
  🟢 XRP LONG @1.1455 现价:1.1456 PnL:+0.02U (+0.01%)
  BTC: 64411.6000 (+0.95%)
  ETH: 1675.0000 (-0.03%)
  SOL: 68.1600 (+1.23%)
  BNB: 610.6000 (+1.19%)
  DOT: 0.9650 (-2.62%)
  LINK: 7.9010 (-0.44%)
  XRP: 1.1456 (+0.41%)
==================================================
[2026-06-14 17:00:07] 
==================================================
📊 整点汇报 2026-06-14 17:00
恐惧贪婪指数: 18 (极度恐惧)
今日PnL: -0.87 USDT (-0.9%)
持仓数: 2/4
  🟢 BNB LONG @606.7200 现价:610.7600 PnL:+1.33U (+0.67%)
  🟢 XRP LONG @1.1455 现价:1.1447 PnL:-0.14U (-0.07%)
  BTC: 64447.1000 (+1.00%)
  ETH: 1675.2100 (+0.04%)
  SOL: 68.1600 (+1.25%)
  BNB: 610.7600 (+1.00%)
  DOT: 0.9690 (-1.22%)
  LINK: 7.9170 (-0.55%)
  XRP: 1.1447 (+0.17%)
==================================================
[2026-06-14 17:30:18] 🔴 开空 ETH @1669.68 | 评分:75 | 状态:ranging | AI:做空(70%) | ✅ 下单成功
[2026-06-14 18:00:28] 
==================================================
📊 整点汇报 2026-06-14 18:00
恐惧贪婪指数: 18 (极度恐惧)
今日PnL: -0.87 USDT (-0.9%)
持仓数: 3/4
  🟢 BNB LONG @606.7200 现价:612.1500 PnL:+1.79U (+0.89%)
  🟢 XRP LONG @1.1455 现价:1.1480 PnL:+0.44U (+0.22%)
  🔴 ETH SHORT @1669.6800 现价:1677.6000 PnL:-0.95U (-0.47%)
  BTC: 64555.9000 (+1.31%)
  ETH: 1677.6000 (+0.28%)
  SOL: 68.4500 (+1.68%)
  BNB: 612.1500 (+1.34%)
  DOT: 0.9720 (-1.12%)
  LINK: 7.9410 (-0.08%)
  XRP: 1.1480 (+0.47%)
==================================================
[2026-06-14 19:00:21] 
==================================================
📊 整点汇报 2026-06-14 19:00
恐惧贪婪指数: 18 (极度恐惧)
今日PnL: -0.87 USDT (-0.9%)
持仓数: 3/4
  🟢 BNB LONG @606.7200 现价:611.1000 PnL:+1.45U (+0.72%)
  🟢 XRP LONG @1.1455 现价:1.1426 PnL:-0.51U (-0.25%)
  🔴 ETH SHORT @1669.6800 现价:1672.3200 PnL:-0.32U (-0.16%)
  BTC: 64501.1000 (+1.10%)
  ETH: 1672.3200 (-0.01%)
  SOL: 68.1100 (+1.08%)
  BNB: 611.1000 (+0.98%)
  DOT: 0.9680 (-1.02%)
  LINK: 7.9110 (-0.58%)
  XRP: 1.1426 (-0.12%)
==================================================
[2026-06-14 20:00:53] 
==================================================
📊 整点汇报 2026-06-14 20:00
恐惧贪婪指数: 18 (极度恐惧)
今日PnL: -0.87 USDT (-0.9%)
持仓数: 3/4
  🟢 BNB LONG @606.7200 现价:612.4500 PnL:+1.89U (+0.94%)
  🟢 XRP LONG @1.1455 现价:1.1433 PnL:-0.38U (-0.19%)
  🔴 ETH SHORT @1669.6800 现价:1672.9100 PnL:-0.39U (-0.19%)
  BTC: 64519.7000 (+1.00%)
  ETH: 1672.9100 (-0.27%)
  SOL: 68.0900 (+0.35%)
  BNB: 612.4500 (+0.91%)
  DOT: 0.9680 (-1.63%)
  LINK: 7.9250 (-0.74%)
  XRP: 1.1433 (-0.39%)
==================================================
[2026-06-14 21:01:06] 
==================================================
📊 整点汇报 2026-06-14 21:00
恐惧贪婪指数: 18 (极度恐惧)
今日PnL: -0.87 USDT (-0.9%)
持仓数: 3/4
  🟢 BNB LONG @606.7200 现价:611.5600 PnL:+1.60U (+0.80%)
  🟢 XRP LONG @1.1455 现价:1.1369 PnL:-1.50U (-0.75%)
  🔴 ETH SHORT @1669.6800 现价:1666.3800 PnL:+0.40U (+0.20%)
  BTC: 64296.7000 (+0.28%)
  ETH: 1666.3800 (-0.81%)
  SOL: 67.7400 (-0.28%)
  BNB: 611.5600 (+0.44%)
  DOT: 0.9630 (-2.83%)
  LINK: 7.8810 (-1.57%)
  XRP: 1.1369 (-1.41%)
==================================================
[2026-06-14 21:14:35] 🔴 开空 LINK @7.88 | 评分:75 | 状态:ranging | AI:做多(65%) | ✅ 下单成功
[2026-06-14 22:00:22] 
==================================================
📊 整点汇报 2026-06-14 22:00
恐惧贪婪指数: 18 (极度恐惧)
今日PnL: -0.87 USDT (-0.9%)
持仓数: 4/4
  🟢 BNB LONG @606.7200 现价:611.4100 PnL:+1.55U (+0.77%)
  🟢 XRP LONG @1.1455 现价:1.1342 PnL:-1.97U (-0.99%)
  🔴 ETH SHORT @1669.6800 现价:1665.8100 PnL:+0.46U (+0.23%)
  🔴 LINK SHORT @7.8800 现价:7.8630 PnL:+0.43U (+0.22%)
  BTC: 64288.4000 (+0.39%)
  ETH: 1665.8100 (-0.65%)
  SOL: 67.7000 (-0.37%)
  BNB: 611.4100 (+0.41%)
  DOT: 0.9620 (-2.33%)
  LINK: 7.8630 (-1.56%)
  XRP: 1.1342 (-1.46%)
==================================================
[2026-06-14 23:00:44] 
==================================================
📊 整点汇报 2026-06-14 23:00
恐惧贪婪指数: 18 (极度恐惧)
今日PnL: -0.87 USDT (-0.9%)
持仓数: 4/4
  🟢 BNB LONG @606.7200 现价:606.0400 PnL:-0.22U (-0.11%)
  🟢 XRP LONG @1.1455 现价:1.1317 PnL:-2.41U (-1.20%)
  🔴 ETH SHORT @1669.6800 现价:1658.3800 PnL:+1.36U (+0.68%)
  🔴 LINK SHORT @7.8800 现价:7.8240 PnL:+1.42U (+0.71%)
  BTC: 63935.0000 (-0.39%)
  ETH: 1658.3800 (-1.25%)
  SOL: 67.2100 (-1.47%)
  BNB: 606.0400 (-0.76%)
  DOT: 0.9550 (-3.24%)
  LINK: 7.8240 (-2.27%)
  XRP: 1.1317 (-1.96%)
==================================================
