[2026-06-20 00:00:21] 
==================================================
📊 整点汇报 2026-06-20 00:00
恐惧贪婪指数: 14 (极度恐惧)
今日PnL: +0.00 USDT (+0.0%)
持仓数: 4/4
  🟢 BNB LONG @577.3100 现价:578.7200 PnL:+0.49U (+0.24%)
  🔴 LINK SHORT @7.8840 现价:7.9000 PnL:-0.41U (-0.20%)
  🔴 BTC SHORT @62780.1000 现价:63177.6000 PnL:-1.19U (-0.63%)
  🔴 SOL SHORT @68.8200 现价:69.2700 PnL:-1.31U (-0.65%)
  BTC: 63177.6000 (+1.34%)
  ETH: 1706.7000 (+1.39%)
  SOL: 69.2700 (+1.24%)
  BNB: 578.7200 (+0.51%)
  DOT: 0.9670 (+2.44%)
  LINK: 7.9000 (+1.43%)
  XRP: 1.1361 (-0.13%)
==================================================
[2026-06-20 01:00:21] 
==================================================
📊 整点汇报 2026-06-20 01:00
恐惧贪婪指数: 14 (极度恐惧)
今日PnL: +0.00 USDT (+0.0%)
持仓数: 4/4
  🟢 BNB LONG @577.3100 现价:578.4700 PnL:+0.41U (+0.20%)
  🔴 LINK SHORT @7.8840 现价:7.8610 PnL:+0.58U (+0.29%)
  🔴 BTC SHORT @62780.1000 现价:63011.7000 PnL:-0.69U (-0.37%)
  🔴 SOL SHORT @68.8200 现价:68.6900 PnL:+0.38U (+0.19%)
  BTC: 63011.7000 (+0.56%)
  ETH: 1693.5000 (+0.56%)
  SOL: 68.6900 (-0.52%)
  BNB: 578.4700 (+0.13%)
  DOT: 0.9540 (-0.21%)
  LINK: 7.8610 (+0.15%)
  XRP: 1.1294 (-1.54%)
==================================================
[2026-06-20 02:00:27] 
==================================================
📊 整点汇报 2026-06-20 02:00
恐惧贪婪指数: 14 (极度恐惧)
今日PnL: +0.00 USDT (+0.0%)
持仓数: 4/4
  🟢 BNB LONG @577.3100 现价:580.1300 PnL:+0.99U (+0.49%)
  🔴 LINK SHORT @7.8840 现价:7.9020 PnL:-0.46U (-0.23%)
  🔴 BTC SHORT @62780.1000 现价:63190.0000 PnL:-1.23U (-0.65%)
  🔴 SOL SHORT @68.8200 现价:69.3300 PnL:-1.48U (-0.74%)
  BTC: 63190.0000 (+1.05%)
  ETH: 1702.9600 (+1.45%)
  SOL: 69.3300 (+1.12%)
  BNB: 580.1300 (+0.74%)
  DOT: 0.9620 (+0.94%)
  LINK: 7.9020 (+1.11%)
  XRP: 1.1312 (-0.85%)
==================================================
[2026-06-20 03:00:34] 
==================================================
📊 整点汇报 2026-06-20 03:00
恐惧贪婪指数: 14 (极度恐惧)
今日PnL: +0.00 USDT (+0.0%)
持仓数: 4/4
  🟢 BNB LONG @577.3100 现价:579.3300 PnL:+0.71U (+0.35%)
  🔴 LINK SHORT @7.8840 现价:7.8970 PnL:-0.33U (-0.16%)
  🔴 BTC SHORT @62780.1000 现价:63103.6000 PnL:-0.97U (-0.52%)
  🔴 SOL SHORT @68.8200 现价:69.0000 PnL:-0.52U (-0.26%)
  BTC: 63103.6000 (+0.66%)
  ETH: 1700.9500 (+1.11%)
  SOL: 69.0000 (+0.55%)
  BNB: 579.3300 (+0.19%)
  DOT: 0.9540 (-0.21%)
  LINK: 7.8970 (+0.56%)
  XRP: 1.1322 (-0.52%)
==================================================
[2026-06-20 04:00:17] 
==================================================
📊 整点汇报 2026-06-20 04:00
恐惧贪婪指数: 14 (极度恐惧)
今日PnL: +0.00 USDT (+0.0%)
持仓数: 4/4
  🟢 BNB LONG @577.3100 现价:581.0000 PnL:+1.29U (+0.64%)
  🔴 LINK SHORT @7.8840 现价:7.8740 PnL:+0.25U (+0.13%)
  🔴 BTC SHORT @62780.1000 现价:63002.3000 PnL:-0.67U (-0.35%)
  🔴 SOL SHORT @68.8200 现价:68.9300 PnL:-0.32U (-0.16%)
  BTC: 63002.3000 (+0.07%)
  ETH: 1701.0700 (-0.28%)
  SOL: 68.9300 (-0.78%)
  BNB: 581.0000 (+0.28%)
  DOT: 0.9510 (-1.35%)
  LINK: 7.8740 (-0.63%)
  XRP: 1.1260 (-1.72%)
==================================================
[2026-06-20 05:00:22] 
==================================================
📊 整点汇报 2026-06-20 05:00
恐惧贪婪指数: 14 (极度恐惧)
今日PnL: +0.00 USDT (+0.0%)
持仓数: 4/4
  🟢 BNB LONG @577.3100 现价:581.7700 PnL:+1.56U (+0.77%)
  🔴 LINK SHORT @7.8840 现价:7.9200 PnL:-0.91U (-0.46%)
  🔴 BTC SHORT @62780.1000 现价:63236.1000 PnL:-1.37U (-0.73%)
  🔴 SOL SHORT @68.8200 现价:69.2200 PnL:-1.16U (-0.58%)
  BTC: 63236.1000 (+0.27%)
  ETH: 1709.2000 (-0.03%)
  SOL: 69.2200 (-0.82%)
  BNB: 581.7700 (+0.31%)
  DOT: 0.9590 (-1.44%)
  LINK: 7.9200 (-0.79%)
  XRP: 1.1341 (-1.54%)
==================================================
[2026-06-20 06:00:32] 
==================================================
📊 整点汇报 2026-06-20 06:00
恐惧贪婪指数: 50 (中性)
今日PnL: +0.00 USDT (+0.0%)
持仓数: 4/4
  🟢 BNB LONG @577.3100 现价:577.8900 PnL:+0.20U (+0.10%)
  🔴 LINK SHORT @7.8840 现价:7.8820 PnL:+0.05U (+0.03%)
  🔴 BTC SHORT @62780.1000 现价:63029.1000 PnL:-0.75U (-0.40%)
  🔴 SOL SHORT @68.8200 现价:68.9500 PnL:-0.38U (-0.19%)
  BTC: 63029.1000 (+0.14%)
  ETH: 1702.8200 (-0.25%)
  SOL: 68.9500 (-0.83%)
  BNB: 577.8900 (-0.31%)
  DOT: 0.9520 (-1.65%)
  LINK: 7.8820 (-1.38%)
  XRP: 1.1295 (-1.30%)
==================================================
[2026-06-20 07:00:13] 
==================================================
📊 整点汇报 2026-06-20 07:00
恐惧贪婪指数: 14 (极度恐惧)
今日PnL: +0.00 USDT (+0.0%)
持仓数: 4/4
  🟢 BNB LONG @577.3100 现价:580.5700 PnL:+1.14U (+0.56%)
  🔴 LINK SHORT @7.8840 现价:7.9200 PnL:-0.91U (-0.46%)
  🔴 BTC SHORT @62780.1000 现价:63297.5000 PnL:-1.55U (-0.82%)
  🔴 SOL SHORT @68.8200 现价:69.3100 PnL:-1.43U (-0.71%)
  BTC: 63297.5000 (+0.70%)
  ETH: 1709.2400 (+0.17%)
  SOL: 69.3100 (-0.29%)
  BNB: 580.5700 (+0.27%)
  DOT: 0.9540 (-1.65%)
  LINK: 7.9200 (-0.80%)
  XRP: 1.1335 (-1.18%)
==================================================
[2026-06-20 08:00:28] 
==================================================
📊 整点汇报 2026-06-20 08:00
恐惧贪婪指数: 14 (极度恐惧)
今日PnL: +0.00 USDT (+0.0%)
持仓数: 4/4
  🟢 BNB LONG @577.3100 现价:581.6700 PnL:+1.53U (+0.76%)
  🔴 LINK SHORT @7.8840 现价:7.9470 PnL:-1.60U (-0.80%)
  🔴 BTC SHORT @62780.1000 现价:63236.4000 PnL:-1.37U (-0.73%)
  🔴 SOL SHORT @68.8200 现价:69.7000 PnL:-2.56U (-1.28%)
  BTC: 63236.4000 (+0.50%)
  ETH: 1710.6900 (-0.03%)
  SOL: 69.7000 (+0.03%)
  BNB: 581.6700 (+0.49%)
  DOT: 0.9600 (-1.34%)
  LINK: 7.9470 (-0.77%)
  XRP: 1.1380 (-0.71%)
==================================================
[2026-06-20 09:00:22] 
==================================================
📊 整点汇报 2026-06-20 09:00
恐惧贪婪指数: 23 (极度恐惧)
今日PnL: +0.00 USDT (+0.0%)
持仓数: 4/4
  🟢 BNB LONG @577.3100 现价:583.8100 PnL:+2.27U (+1.13%)
  🔴 LINK SHORT @7.8840 现价:7.8830 PnL:+0.03U (+0.01%)
  🔴 BTC SHORT @62780.1000 现价:63235.1000 PnL:-1.36U (-0.72%)
  🔴 SOL SHORT @68.8200 现价:69.6100 PnL:-2.30U (-1.15%)
  BTC: 63235.1000 (+0.44%)
  ETH: 1708.1500 (-0.24%)
  SOL: 69.6100 (-0.16%)
  BNB: 583.8100 (+0.78%)
  DOT: 0.9600 (-1.84%)
  LINK: 7.8830 (-1.54%)
  XRP: 1.1356 (-1.07%)
==================================================
[2026-06-20 10:00:19] 
==================================================
📊 整点汇报 2026-06-20 10:00
恐惧贪婪指数: 23 (极度恐惧)
今日PnL: +0.00 USDT (+0.0%)
持仓数: 4/4
  🟢 BNB LONG @577.3100 现价:581.6000 PnL:+1.50U (+0.74%)
  🔴 LINK SHORT @7.8840 现价:7.9080 PnL:-0.61U (-0.30%)
  🔴 BTC SHORT @62780.1000 现价:63233.9000 PnL:-1.36U (-0.72%)
  🔴 SOL SHORT @68.8200 现价:69.7500 PnL:-2.71U (-1.35%)
  BTC: 63233.9000 (+0.38%)
  ETH: 1707.3700 (-0.28%)
  SOL: 69.7500 (-0.21%)
  BNB: 581.6000 (-0.07%)
  DOT: 0.9590 (-1.94%)
  LINK: 7.9080 (-1.46%)
  XRP: 1.1411 (-0.86%)
==================================================
[2026-06-20 11:00:17] 
==================================================
📊 整点汇报 2026-06-20 11:00
恐惧贪婪指数: 23 (极度恐惧)
今日PnL: +0.00 USDT (+0.0%)
持仓数: 4/4
  🟢 BNB LONG @577.3100 现价:583.8100 PnL:+2.27U (+1.13%)
  🔴 LINK SHORT @7.8840 现价:7.8710 PnL:+0.33U (+0.16%)
  🔴 BTC SHORT @62780.1000 现价:63285.0000 PnL:-1.51U (-0.80%)
  🔴 SOL SHORT @68.8200 现价:69.6100 PnL:-2.30U (-1.15%)
  BTC: 63285.0000 (+0.52%)
  ETH: 1699.9100 (-0.38%)
  SOL: 69.6100 (-0.06%)
  BNB: 583.8100 (-0.28%)
  DOT: 0.9550 (-2.35%)
  LINK: 7.8710 (-1.49%)
  XRP: 1.1384 (-1.66%)
==================================================
[2026-06-20 12:00:16] 
==================================================
📊 整点汇报 2026-06-20 12:00
恐惧贪婪指数: 23 (极度恐惧)
今日PnL: +0.00 USDT (+0.0%)
持仓数: 4/4
  🟢 BNB LONG @577.3100 现价:580.7600 PnL:+1.21U (+0.60%)
  🔴 LINK SHORT @7.8840 现价:7.8860 PnL:-0.05U (-0.03%)
  🔴 BTC SHORT @62780.1000 现价:63298.0000 PnL:-1.55U (-0.82%)
  🔴 SOL SHORT @68.8200 现价:69.9600 PnL:-3.32U (-1.66%)
  BTC: 63298.0000 (+0.85%)
  ETH: 1707.4900 (+0.66%)
  SOL: 69.9600 (+1.36%)
  BNB: 580.7600 (+0.45%)
  DOT: 0.9550 (-1.14%)
  LINK: 7.8860 (+0.11%)
  XRP: 1.1389 (-0.04%)
==================================================
[2026-06-20 13:00:20] 
==================================================
📊 整点汇报 2026-06-20 13:00
恐惧贪婪指数: 23 (极度恐惧)
今日PnL: -3.96 USDT (-4.0%)
持仓数: 3/4
  🟢 BNB LONG @577.3100 现价:581.3500 PnL:+1.41U (+0.70%)
  🔴 LINK SHORT @7.8840 现价:7.9210 PnL:-0.94U (-0.47%)
  🔴 BTC SHORT @62785.0000 现价:63251.1000 PnL:-1.40U (-0.74%)
  BTC: 63251.1000 (+1.34%)
  ETH: 1709.2000 (+1.29%)
  SOL: 70.8000 (+3.65%)
  BNB: 581.3500 (+1.52%)
  DOT: 0.9600 (+0.84%)
  LINK: 7.9210 (+1.29%)
  XRP: 1.1431 (+1.46%)
==================================================
[2026-06-20 13:14:44] 🟢 开多 SOL @72.27 | 评分:80 | 状态:trending | AI:做空(0.85%) | ✅ 下单成功
[2026-06-20 14:00:25] 
==================================================
📊 整点汇报 2026-06-20 14:00
恐惧贪婪指数: 50 (中性)
今日PnL: -3.96 USDT (-4.0%)
持仓数: 4/4
  🟢 BNB LONG @577.3100 现价:583.1900 PnL:+2.06U (+1.02%)
  🔴 LINK SHORT @7.8840 现价:7.9840 PnL:-2.54U (-1.27%)
  🔴 BTC SHORT @62785.0000 现价:63300.0000 PnL:-1.54U (-0.82%)
  🟢 SOL LONG @72.2700 现价:71.7500 PnL:-1.44U (-0.72%)
  BTC: 63300.0000 (+1.05%)
  ETH: 1729.6600 (+1.98%)
  SOL: 71.7500 (+4.55%)
  BNB: 583.1900 (+1.30%)
  DOT: 0.9660 (+0.52%)
  LINK: 7.9840 (+1.26%)
  XRP: 1.1472 (+1.25%)
==================================================
[2026-06-20 15:00:47] 
==================================================
📊 整点汇报 2026-06-20 15:00
恐惧贪婪指数: 23 (极度恐惧)
今日PnL: -3.96 USDT (-4.0%)
持仓数: 4/4
  🟢 BNB LONG @577.3100 现价:587.6500 PnL:+3.62U (+1.79%)
  🔴 LINK SHORT @7.8840 现价:7.9870 PnL:-2.61U (-1.31%)
  🔴 BTC SHORT @62785.0000 现价:63400.0000 PnL:-1.84U (-0.98%)
  🟢 SOL LONG @72.2700 现价:72.0600 PnL:-0.58U (-0.29%)
  BTC: 63400.0000 (+1.20%)
  ETH: 1729.9900 (+1.75%)
  SOL: 72.0600 (+4.86%)
  BNB: 587.6500 (+2.24%)
  DOT: 0.9660 (+0.52%)
  LINK: 7.9870 (+1.19%)
  XRP: 1.1493 (+1.37%)
==================================================
[2026-06-20 16:00:22] 
==================================================
📊 整点汇报 2026-06-20 16:00
恐惧贪婪指数: 23 (极度恐惧)
今日PnL: -3.96 USDT (-4.0%)
持仓数: 4/4
  🟢 BNB LONG @577.3100 现价:587.5500 PnL:+3.58U (+1.77%)
  🔴 LINK SHORT @7.8840 现价:7.9590 PnL:-1.90U (-0.95%)
  🔴 BTC SHORT @62785.0000 现价:63621.3000 PnL:-2.51U (-1.33%)
  🟢 SOL LONG @72.2700 现价:71.5300 PnL:-2.05U (-1.02%)
  BTC: 63621.3000 (+1.66%)
  ETH: 1727.0000 (+1.88%)
  SOL: 71.5300 (+4.68%)
  BNB: 587.5500 (+2.21%)
  DOT: 0.9620 (+0.94%)
  LINK: 7.9590 (+1.50%)
  XRP: 1.1540 (+2.69%)
==================================================
[2026-06-20 17:00:36] 
==================================================
📊 整点汇报 2026-06-20 17:00
恐惧贪婪指数: 23 (极度恐惧)
今日PnL: -3.96 USDT (-4.0%)
持仓数: 4/4
  🟢 BNB LONG @577.3100 现价:586.2300 PnL:+3.12U (+1.55%)
  🔴 LINK SHORT @7.8840 现价:7.9370 PnL:-1.34U (-0.67%)
  🔴 BTC SHORT @62785.0000 现价:63390.8000 PnL:-1.82U (-0.96%)
  🟢 SOL LONG @72.2700 现价:71.3200 PnL:-2.63U (-1.31%)
  BTC: 63390.8000 (+1.33%)
  ETH: 1721.3400 (+1.47%)
  SOL: 71.3200 (+3.99%)
  BNB: 586.2300 (+2.11%)
  DOT: 0.9640 (+0.84%)
  LINK: 7.9370 (+1.12%)
  XRP: 1.1445 (+1.39%)
==================================================
[2026-06-20 18:00:43] 
==================================================
📊 整点汇报 2026-06-20 18:00
恐惧贪婪指数: 23 (极度恐惧)
今日PnL: -3.96 USDT (-4.0%)
持仓数: 4/4
  🟢 BNB LONG @577.3100 现价:588.1600 PnL:+3.80U (+1.88%)
  🔴 LINK SHORT @7.8840 现价:7.9640 PnL:-2.03U (-1.01%)
  🔴 BTC SHORT @62785.0000 现价:63717.6000 PnL:-2.80U (-1.49%)
  🟢 SOL LONG @72.2700 现价:71.5200 PnL:-2.08U (-1.04%)
  BTC: 63717.6000 (+2.12%)
  ETH: 1721.3400 (+1.83%)
  SOL: 71.5200 (+4.64%)
  BNB: 588.1600 (+2.90%)
  DOT: 0.9690 (+1.68%)
  LINK: 7.9640 (+1.78%)
  XRP: 1.1515 (+2.48%)
==================================================
[2026-06-20 18:38:05] ❌ 平仓 BTC SL | 入场:62785.0000 出场:64051.0000 | PnL:-2.02% (-3.80USDT) | 平100%仓 | ✅ 平仓成功
[2026-06-20 19:00:30] 
==================================================
📊 整点汇报 2026-06-20 19:00
恐惧贪婪指数: 23 (极度恐惧)
今日PnL: -7.00 USDT (-7.0%)
持仓数: 3/4
  🟢 BNB LONG @577.3100 现价:587.3900 PnL:+3.53U (+1.75%)
  🔴 LINK SHORT @7.8840 现价:7.9540 PnL:-1.78U (-0.89%)
  🟢 SOL LONG @72.2700 现价:71.6400 PnL:-1.75U (-0.87%)
  BTC: 64197.2000 (+2.71%)
  ETH: 1726.6900 (+1.96%)
  SOL: 71.6400 (+4.86%)
  BNB: 587.3900 (+2.48%)
  DOT: 0.9650 (+1.47%)
  LINK: 7.9540 (+1.61%)
  XRP: 1.1487 (+2.14%)
==================================================
[2026-06-20 20:00:22] 
==================================================
📊 整点汇报 2026-06-20 20:00
恐惧贪婪指数: 23 (极度恐惧)
今日PnL: -7.00 USDT (-7.0%)
持仓数: 3/4
  🟢 BNB LONG @577.3100 现价:588.7400 PnL:+4.00U (+1.98%)
  🔴 LINK SHORT @7.8840 现价:7.9350 PnL:-1.29U (-0.65%)
  🟢 SOL LONG @72.2700 现价:71.7800 PnL:-1.36U (-0.68%)
  BTC: 64136.8000 (+2.48%)
  ETH: 1721.6300 (+1.83%)
  SOL: 71.7800 (+5.26%)
  BNB: 588.7400 (+2.74%)
  DOT: 0.9640 (+1.58%)
  LINK: 7.9350 (+1.60%)
  XRP: 1.1468 (+1.57%)
==================================================
[2026-06-20 21:00:16] 
==================================================
📊 整点汇报 2026-06-20 21:00
恐惧贪婪指数: 23 (极度恐惧)
今日PnL: -7.00 USDT (-7.0%)
持仓数: 3/4
  🟢 BNB LONG @577.3100 现价:588.7400 PnL:+4.00U (+1.98%)
  🔴 LINK SHORT @7.8840 现价:7.9220 PnL:-0.96U (-0.48%)
  🟢 SOL LONG @72.2700 现价:71.4900 PnL:-2.16U (-1.08%)
  BTC: 63592.9000 (+1.36%)
  ETH: 1725.6300 (+2.04%)
  SOL: 71.4900 (+4.35%)
  BNB: 588.7400 (+2.32%)
  DOT: 0.9620 (+0.73%)
  LINK: 7.9220 (+0.93%)
  XRP: 1.1449 (+1.38%)
==================================================
[2026-06-20 21:28:53] ❌ 平仓 SOL SL | 入场:72.2700 出场:70.7700 | PnL:-2.08% (-4.16USDT) | 平100%仓 | ✅ 平仓成功
[2026-06-20 22:00:33] 
==================================================
📊 整点汇报 2026-06-20 22:00
恐惧贪婪指数: 23 (极度恐惧)
今日PnL: -11.12 USDT (-11.1%)
持仓数: 2/4
  🟢 BNB LONG @577.3100 现价:584.8600 PnL:+2.64U (+1.31%)
  🔴 LINK SHORT @7.8840 现价:7.8750 PnL:+0.23U (+0.11%)
  BTC: 63499.0000 (+0.51%)
  ETH: 1714.5400 (+0.79%)
  SOL: 71.2000 (+2.82%)
  BNB: 584.8600 (+1.46%)
  DOT: 0.9580 (-1.03%)
  LINK: 7.8750 (+0.00%)
  XRP: 1.1412 (+0.14%)
==================================================
[2026-06-20 22:13:55] 🔴 开空 DOT @0.949 | 评分:75 | 状态:trending | AI:做空(0.7%) | ✅ 下单成功
[2026-06-20 23:01:09] 
==================================================
📊 整点汇报 2026-06-20 23:00
恐惧贪婪指数: 23 (极度恐惧)
今日PnL: -11.12 USDT (-11.1%)
持仓数: 3/4
  🟢 BNB LONG @577.3100 现价:588.7400 PnL:+4.00U (+1.98%)
  🔴 LINK SHORT @7.8840 现价:7.9290 PnL:-1.14U (-0.57%)
  🔴 DOT SHORT @0.9490 现价:0.9630 PnL:-2.95U (-1.48%)
  BTC: 63954.6000 (+1.21%)
  ETH: 1733.0900 (+1.60%)
  SOL: 71.9100 (+4.05%)
  BNB: 588.7400 (+1.98%)
  DOT: 0.9630 (-0.10%)
  LINK: 7.9290 (+0.39%)
  XRP: 1.1502 (+1.26%)
==================================================
[2026-06-20 23:20:25] ❌ 平仓 DOT SL | 入场:0.9490 出场:0.9690 | PnL:-2.11% (-4.21USDT) | 平100%仓 | ✅ 平仓成功
[2026-06-20 23:21:22] ✅ 平仓 DOT TP1 | 入场:0.9690 出场:0.9690 | PnL:0.00% (+0.00USDT) | 平100%仓 | ✅ 平仓成功
