[2026-07-06 00:00:34] 
==================================================
📊 整点汇报 2026-07-06 00:00
恐惧贪婪指数: 23 (极度恐惧)
今日PnL: +0.00 USDT (+0.0%)
持仓数: 4/4
  🟢 BNB LONG @577.5400 现价:587.7400 PnL:+3.57U (+1.77%)
  🟢 DOT LONG @0.8860 现价:0.8780 PnL:-1.81U (-0.90%)
  🔴 ETH SHORT @1753.6300 现价:1773.6500 PnL:-2.28U (-1.14%)
  🔴 LINK SHORT @7.8910 现价:7.9590 PnL:-0.59U (-0.86%)
  BTC: 62722.3000 (-0.22%)
  ETH: 1773.6500 (+1.05%)
  SOL: 81.3300 (-0.97%)
  BNB: 587.7400 (+2.54%)
  DOT: 0.8780 (+0.00%)
  LINK: 7.9590 (+0.00%)
  XRP: 1.1362 (+0.00%)
==================================================
[2026-07-06 01:01:40] 
==================================================
📊 整点汇报 2026-07-06 01:00
恐惧贪婪指数: 50 (中性)
今日PnL: +0.00 USDT (+0.0%)
持仓数: 0/4
  BTC: 62665.2000 (-0.12%)
  ETH: 1772.7200 (+0.99%)
  SOL: 81.1000 (-1.33%)
  BNB: 585.5500 (+2.67%)
  DOT: 0.8750 (+0.11%)
  LINK: 7.9550 (+0.37%)
  XRP: 1.1354 (-3.07%)
==================================================
[2026-07-06 02:06:35] 
==================================================
📊 整点汇报 2026-07-06 02:05
恐惧贪婪指数: 50 (中性)
今日PnL: +0.00 USDT (+0.0%)
持仓数: 0/4
  BTC: 62665.2000 (-0.12%)
  ETH: 1772.7200 (+0.99%)
  SOL: 81.1000 (-1.33%)
  BNB: 585.5500 (+2.67%)
  DOT: 0.8750 (+0.11%)
  LINK: 7.9550 (+0.37%)
  XRP: 1.1354 (-3.07%)
==================================================
[2026-07-06 03:05:01] 
==================================================
📊 整点汇报 2026-07-06 03:03
恐惧贪婪指数: 50 (中性)
今日PnL: +0.00 USDT (+0.0%)
持仓数: 0/4
  BTC: 62665.2000 (-0.12%)
  ETH: 1772.7200 (+0.99%)
  SOL: 81.1000 (-1.33%)
  BNB: 585.5500 (+2.67%)
  DOT: 0.8750 (+0.11%)
  LINK: 7.9550 (+0.37%)
  XRP: 1.1354 (-3.07%)
==================================================
[2026-07-06 04:04:21] 
==================================================
📊 整点汇报 2026-07-06 04:02
恐惧贪婪指数: 50 (中性)
今日PnL: +0.00 USDT (+0.0%)
持仓数: 0/4
  BTC: 62665.2000 (-0.12%)
  ETH: 1772.7200 (+0.99%)
  SOL: 81.1000 (-1.33%)
  BNB: 585.5500 (+2.67%)
  DOT: 0.8750 (+0.11%)
  LINK: 7.9550 (+0.37%)
  XRP: 1.1354 (-3.07%)
==================================================
[2026-07-06 05:03:06] 
==================================================
📊 整点汇报 2026-07-06 05:01
恐惧贪婪指数: 50 (中性)
今日PnL: +0.00 USDT (+0.0%)
持仓数: 0/4
  BTC: 62665.2000 (-0.12%)
  ETH: 1772.7200 (+0.99%)
  SOL: 81.1000 (-1.33%)
  BNB: 585.5500 (+2.67%)
  DOT: 0.8750 (+0.11%)
  LINK: 7.9550 (+0.37%)
  XRP: 1.1354 (-3.07%)
==================================================
[2026-07-06 06:02:11] 
==================================================
📊 整点汇报 2026-07-06 06:00
恐惧贪婪指数: 50 (中性)
今日PnL: +0.00 USDT (+0.0%)
持仓数: 0/4
  BTC: 62665.2000 (-0.12%)
  ETH: 1772.7200 (+0.99%)
  SOL: 81.1000 (-1.33%)
  BNB: 585.5500 (+2.67%)
  DOT: 0.8750 (+0.11%)
  LINK: 7.9550 (+0.37%)
  XRP: 1.1354 (-3.07%)
==================================================
[2026-07-06 07:01:33] 
==================================================
📊 整点汇报 2026-07-06 07:00
恐惧贪婪指数: 50 (中性)
今日PnL: +0.00 USDT (+0.0%)
持仓数: 0/4
  BTC: 62665.2000 (-0.12%)
  ETH: 1772.7200 (+0.99%)
  SOL: 81.1000 (-1.33%)
  BNB: 585.5500 (+2.67%)
  DOT: 0.8750 (+0.11%)
  LINK: 7.9550 (+0.37%)
  XRP: 1.1354 (-3.07%)
==================================================
[2026-07-06 08:00:16] 
==================================================
📊 整点汇报 2026-07-06 08:00
恐惧贪婪指数: 23 (极度恐惧)
今日PnL: -4.96 USDT (-5.0%)
持仓数: 2/4
  🟢 DOT LONG @0.8860 现价:0.8800 PnL:-1.35U (-0.68%)
  🟢 BNB LONG @577.5400 现价:590.1800 PnL:+4.42U (+2.19%)
  BTC: 63628.2000 (+1.25%)
  ETH: 1783.3900 (+1.58%)
  SOL: 81.5100 (-0.29%)
  BNB: 590.1800 (+2.17%)
  DOT: 0.8800 (-0.11%)
  LINK: 8.0570 (+5.22%)
  XRP: 1.1557 (-1.05%)
==================================================
[2026-07-06 09:00:08] 
==================================================
📊 整点汇报 2026-07-06 09:00
恐惧贪婪指数: 24 (极度恐惧)
今日PnL: -4.96 USDT (-5.0%)
持仓数: 2/4
  🟢 DOT LONG @0.8860 现价:0.8810 PnL:-1.13U (-0.56%)
  🟢 BNB LONG @577.5400 现价:592.1600 PnL:+5.12U (+2.53%)
  BTC: 63675.6000 (+1.55%)
  ETH: 1791.6400 (+1.99%)
  SOL: 82.1700 (+0.86%)
  BNB: 592.1600 (+3.10%)
  DOT: 0.8810 (-0.11%)
  LINK: 8.1010 (+4.95%)
  XRP: 1.1558 (-0.20%)
==================================================
[2026-07-06 10:00:22] 
==================================================
📊 整点汇报 2026-07-06 10:00
恐惧贪婪指数: 24 (极度恐惧)
今日PnL: -4.96 USDT (-5.0%)
持仓数: 2/4
  🟢 DOT LONG @0.8860 现价:0.8790 PnL:-1.58U (-0.79%)
  🟢 BNB LONG @577.5400 现价:588.9300 PnL:+3.99U (+1.97%)
  BTC: 63553.1000 (+1.23%)
  ETH: 1785.4100 (+1.68%)
  SOL: 81.5100 (+0.87%)
  BNB: 588.9300 (+2.63%)
  DOT: 0.8790 (+0.57%)
  LINK: 8.0550 (+3.07%)
  XRP: 1.1520 (+0.52%)
==================================================
[2026-07-06 10:05:44] ✅ 平仓 BNB SL | 入场:577.5400 出场:587.9800 | PnL:1.81% (+3.65USDT) | 平100%仓 | ✅ 平仓成功
[2026-07-06 10:05:56] ✅ 平仓 BNB TP1 | 入场:587.9800 出场:587.9800 | PnL:0.00% (+0.00USDT) | 平100%仓 | ✅ 平仓成功
[2026-07-06 11:00:23] 
==================================================
📊 整点汇报 2026-07-06 11:00
恐惧贪婪指数: 24 (极度恐惧)
今日PnL: -1.10 USDT (-1.1%)
持仓数: 1/4
  🟢 DOT LONG @0.8860 现价:0.8760 PnL:-2.26U (-1.13%)
  BTC: 63432.0000 (+1.31%)
  ETH: 1783.6400 (+1.46%)
  SOL: 80.9800 (+0.66%)
  BNB: 586.6300 (+1.57%)
  DOT: 0.8760 (+0.23%)
  LINK: 8.0230 (+6.31%)
  XRP: 1.1484 (+0.17%)
==================================================
[2026-07-06 12:00:11] 
==================================================
📊 整点汇报 2026-07-06 12:00
恐惧贪婪指数: 24 (极度恐惧)
今日PnL: -1.10 USDT (-1.1%)
持仓数: 1/4
  🟢 DOT LONG @0.8860 现价:0.8720 PnL:-3.16U (-1.58%)
  BTC: 63262.7000 (+0.78%)
  ETH: 1777.9900 (+1.10%)
  SOL: 80.7400 (+0.29%)
  BNB: 585.5800 (+2.68%)
  DOT: 0.8720 (-1.58%)
  LINK: 7.9940 (+0.60%)
  XRP: 1.1469 (+0.79%)
==================================================
[2026-07-06 12:27:18] 🔴 开空 LINK @7.978 | 评分:65 | 状态:ranging | AI:做多(65%) | ✅ 下单成功
[2026-07-06 12:35:31] ❌ 平仓 DOT SL | 入场:0.8860 出场:0.8680 | PnL:-2.03% (-4.06USDT) | 平100%仓 | ✅ 平仓成功
[2026-07-06 13:00:19] 
==================================================
📊 整点汇报 2026-07-06 13:00
恐惧贪婪指数: 24 (极度恐惧)
今日PnL: -5.16 USDT (-5.2%)
持仓数: 1/4
  🔴 LINK SHORT @7.9780 现价:7.9780 PnL:+0.00U (+0.00%)
  BTC: 63236.0000 (+0.87%)
  ETH: 1777.0100 (+0.96%)
  SOL: 80.7900 (+0.25%)
  BNB: 584.3700 (+2.47%)
  DOT: 0.8700 (-0.46%)
  LINK: 7.9780 (+1.72%)
  XRP: 1.1452 (-0.37%)
==================================================
[2026-07-06 14:00:30] 
==================================================
📊 整点汇报 2026-07-06 14:00
恐惧贪婪指数: 24 (极度恐惧)
今日PnL: -5.16 USDT (-5.2%)
持仓数: 1/4
  🔴 LINK SHORT @7.9780 现价:7.9380 PnL:+1.00U (+0.50%)
  BTC: 63100.0000 (+0.66%)
  ETH: 1773.5200 (+0.53%)
  SOL: 80.4000 (-0.15%)
  BNB: 583.5100 (+1.02%)
  DOT: 0.8630 (-1.26%)
  LINK: 7.9380 (+5.63%)
  XRP: 1.1406 (+0.38%)
==================================================
[2026-07-06 15:00:12] 
==================================================
📊 整点汇报 2026-07-06 15:00
恐惧贪婪指数: 24 (极度恐惧)
今日PnL: -5.16 USDT (-5.2%)
持仓数: 1/4
  🔴 LINK SHORT @7.9780 现价:7.9280 PnL:+1.25U (+0.63%)
  BTC: 62971.2000 (+0.25%)
  ETH: 1768.7500 (+0.29%)
  SOL: 80.3300 (-0.29%)
  BNB: 582.8500 (+1.38%)
  DOT: 0.8650 (-2.37%)
  LINK: 7.9280 (+5.51%)
  XRP: 1.1374 (-0.15%)
==================================================
[2026-07-06 16:00:38] 
==================================================
📊 整点汇报 2026-07-06 16:00
恐惧贪婪指数: 24 (极度恐惧)
今日PnL: -5.16 USDT (-5.2%)
持仓数: 1/4
  🔴 LINK SHORT @7.9780 现价:7.9490 PnL:+0.73U (+0.36%)
  BTC: 63071.5000 (+0.31%)
  ETH: 1771.9500 (+0.28%)
  SOL: 80.8100 (+0.26%)
  BNB: 582.4700 (+0.97%)
  DOT: 0.8670 (-2.14%)
  LINK: 7.9490 (+14.89%)
  XRP: 1.1457 (+0.46%)
==================================================
[2026-07-06 17:00:07] 
==================================================
📊 整点汇报 2026-07-06 17:00
恐惧贪婪指数: 24 (极度恐惧)
今日PnL: -5.16 USDT (-5.2%)
持仓数: 1/4
  🔴 LINK SHORT @7.9780 现价:7.9320 PnL:+1.15U (+0.58%)
  BTC: 62890.0000 (-0.01%)
  ETH: 1764.8800 (-0.18%)
  SOL: 80.4400 (-0.06%)
  BNB: 580.8300 (+0.52%)
  DOT: 0.8660 (-2.26%)
  LINK: 7.9320 (-0.18%)
  XRP: 1.1420 (+0.09%)
==================================================
[2026-07-06 17:39:41] 🔴 开空 ETH @1756.48 | 评分:75 | 状态:trending | AI:做多(65%) | ✅ 下单成功
[2026-07-06 17:45:12] 🔴 开空 BNB @577.59 | 评分:90 | 状态:trending | AI:做多(65%) | ✅ 下单成功
[2026-07-06 18:00:09] 
==================================================
📊 整点汇报 2026-07-06 18:00
恐惧贪婪指数: 24 (极度恐惧)
今日PnL: -5.16 USDT (-5.2%)
持仓数: 3/4
  🔴 LINK SHORT @7.9780 现价:7.8940 PnL:+2.11U (+1.05%)
  🔴 ETH SHORT @1756.4800 现价:1757.9400 PnL:-0.17U (-0.08%)
  🔴 BNB SHORT @577.5900 现价:577.9200 PnL:-0.12U (-0.06%)
  BTC: 62651.7000 (+0.08%)
  ETH: 1757.9400 (+0.02%)
  SOL: 80.0600 (+0.14%)
  BNB: 577.9200 (+0.35%)
  DOT: 0.8640 (-2.26%)
  LINK: 7.8940 (-0.65%)
  XRP: 1.1356 (+0.71%)
==================================================
[2026-07-06 19:00:18] 
==================================================
📊 整点汇报 2026-07-06 19:00
恐惧贪婪指数: 24 (极度恐惧)
今日PnL: -5.16 USDT (-5.2%)
持仓数: 3/4
  🔴 LINK SHORT @7.9780 现价:7.9660 PnL:+0.30U (+0.15%)
  🔴 ETH SHORT @1756.4800 现价:1769.4400 PnL:-1.48U (-0.74%)
  🔴 BNB SHORT @577.5900 现价:580.5000 PnL:-1.02U (-0.50%)
  BTC: 62793.5000 (+0.03%)
  ETH: 1769.4400 (-0.07%)
  SOL: 80.6300 (+0.21%)
  BNB: 580.5000 (+0.70%)
  DOT: 0.8670 (-1.14%)
  LINK: 7.9660 (+1.05%)
  XRP: 1.1416 (+0.74%)
==================================================
[2026-07-06 19:59:53] 🔴 开空 DOT @0.863 | 评分:70 | 状态:trending | AI:做空(70%) | ✅ 下单成功
[2026-07-06 20:00:32] 
==================================================
📊 整点汇报 2026-07-06 20:00
恐惧贪婪指数: 24 (极度恐惧)
今日PnL: -5.16 USDT (-5.2%)
持仓数: 4/4
  🔴 LINK SHORT @7.9780 现价:7.9240 PnL:+1.35U (+0.68%)
  🔴 ETH SHORT @1756.4800 现价:1763.9500 PnL:-0.85U (-0.43%)
  🔴 BNB SHORT @577.5900 现价:578.6600 PnL:-0.37U (-0.19%)
  🔴 DOT SHORT @0.8630 现价:0.8580 PnL:+1.16U (+0.58%)
  BTC: 62903.1000 (+0.41%)
  ETH: 1763.9500 (+0.23%)
  SOL: 80.4500 (-0.24%)
  BNB: 578.6600 (-0.03%)
  DOT: 0.8580 (-2.94%)
  LINK: 7.9240 (-0.28%)
  XRP: 1.1335 (+0.03%)
==================================================
[2026-07-06 21:00:17] 
==================================================
📊 整点汇报 2026-07-06 21:00
恐惧贪婪指数: 24 (极度恐惧)
今日PnL: -5.16 USDT (-5.2%)
持仓数: 4/4
  🔴 LINK SHORT @7.9780 现价:7.8110 PnL:+4.19U (+2.09%)
  🔴 ETH SHORT @1756.4800 现价:1745.1100 PnL:+1.30U (+0.65%)
  🔴 BNB SHORT @577.5900 现价:572.8100 PnL:+1.67U (+0.83%)
  🔴 DOT SHORT @0.8630 现价:0.8540 PnL:+2.09U (+1.04%)
  BTC: 61744.2000 (-1.51%)
  ETH: 1745.1100 (-1.13%)
  SOL: 79.5900 (-1.74%)
  BNB: 572.8100 (-1.88%)
  DOT: 0.8540 (-3.39%)
  LINK: 7.8110 (-1.36%)
  XRP: 1.1155 (-1.74%)
==================================================
[2026-07-06 21:23:36] ✅ 平仓 LINK SL | 入场:7.9780 出场:7.8270 | PnL:1.89% (+3.79USDT) | 平100%仓 | ✅ 平仓成功
[2026-07-06 21:28:17] 🔴 开空 LINK @7.767 | 评分:80 | 状态:trending | AI:做空(65%) | ✅ 下单成功
[2026-07-06 22:00:56] 
==================================================
📊 整点汇报 2026-07-06 22:00
恐惧贪婪指数: 24 (极度恐惧)
今日PnL: -1.40 USDT (-1.4%)
持仓数: 4/4
  🔴 ETH SHORT @1756.4800 现价:1746.4800 PnL:+1.14U (+0.57%)
  🔴 BNB SHORT @577.5900 现价:573.4800 PnL:+1.44U (+0.71%)
  🔴 DOT SHORT @0.8630 现价:0.8610 PnL:+0.46U (+0.23%)
  🔴 LINK SHORT @7.7670 现价:7.8270 PnL:-1.54U (-0.77%)
  BTC: 61788.9000 (-1.57%)
  ETH: 1746.4800 (-1.10%)
  SOL: 80.1600 (-1.48%)
  BNB: 573.4800 (-1.92%)
  DOT: 0.8610 (-2.60%)
  LINK: 7.8270 (-1.50%)
  XRP: 1.1156 (-1.70%)
==================================================
[2026-07-06 23:00:47] 
==================================================
📊 整点汇报 2026-07-06 23:00
恐惧贪婪指数: 24 (极度恐惧)
今日PnL: -1.40 USDT (-1.4%)
持仓数: 4/4
  🔴 ETH SHORT @1756.4800 现价:1750.9900 PnL:+0.63U (+0.31%)
  🔴 BNB SHORT @577.5900 现价:577.4600 PnL:+0.05U (+0.02%)
  🔴 DOT SHORT @0.8630 现价:0.8620 PnL:+0.23U (+0.12%)
  🔴 LINK SHORT @7.7670 现价:7.8570 PnL:-2.32U (-1.16%)
  BTC: 61973.1000 (-1.15%)
  ETH: 1750.9900 (-0.86%)
  SOL: 80.2100 (-1.58%)
  BNB: 577.4600 (-1.96%)
  DOT: 0.8620 (-1.93%)
  LINK: 7.8570 (-4.12%)
  XRP: 1.1233 (-1.47%)
==================================================
[2026-07-06 23:43:11] ❌ 平仓 LINK SL | 入场:7.7670 出场:7.9310 | PnL:-2.11% (-4.22USDT) | 平100%仓 | ✅ 平仓成功
[2026-07-06 23:43:29] ✅ 平仓 LINK TP1 | 入场:7.9310 出场:7.9310 | PnL:0.00% (+0.00USDT) | 平100%仓 | ✅ 平仓成功
[2026-07-06 23:56:49] 🔴 开空 DOT @0.881 | 评分:70 | 状态:trending | AI:做空(70%) | ✅ 下单成功
