[2026-06-06 00:00:21] 
==================================================
📊 整点汇报 2026-06-06 00:00
恐惧贪婪指数: 12 (极度恐惧)
今日PnL: +0.00 USDT (+0.0%)
持仓数: 4/4
  🔴 ETH SHORT @1605.3500 现价:1586.2000 PnL:+2.39U (+1.19%)
  🔴 BTC SHORT @61134.3000 现价:60441.6000 PnL:+2.08U (+1.13%)
  🔴 BNB SHORT @581.4900 现价:579.3400 PnL:+0.73U (+0.37%)
  🔴 LINK SHORT @7.2800 现价:7.2930 PnL:-0.36U (-0.18%)
  BTC: 60441.6000 (-5.95%)
  ETH: 1586.2000 (-9.36%)
  SOL: 64.2300 (-8.12%)
  BNB: 579.3400 (-4.29%)
  DOT: 0.9520 (-10.53%)
  LINK: 7.2930 (-9.34%)
  XRP: 1.0999 (-5.29%)
==================================================
[2026-06-06 00:13:20] ✅ 平仓 ETH SL | 入场:1605.3500 出场:1570.3100 | PnL:2.18% (+4.38USDT) | 平100%仓 | ✅ 平仓成功
[2026-06-06 00:13:31] ✅ 平仓 BTC SL | 入场:61134.3000 出场:60379.0000 | PnL:1.24% (+2.27USDT) | 平100%仓 | ✅ 平仓成功
[2026-06-06 00:14:08] ❌ 平仓 ETH TP1 | 入场:1573.1700 出场:1570.3100 | PnL:-0.18% (-0.02USDT) | 平100%仓 | ✅ 平仓成功
[2026-06-06 00:14:37] 🔴 开空 DOT @0.944 | 评分:60 | 状态:ranging | AI:做空(75%) | ✅ 下单成功
[2026-06-06 01:00:28] 
==================================================
📊 整点汇报 2026-06-06 01:00
恐惧贪婪指数: 12 (极度恐惧)
今日PnL: +3.04 USDT (+3.0%)
持仓数: 2/4
  🔴 BNB SHORT @581.4800 现价:578.8000 PnL:+0.91U (+0.46%)
  🟢 LINK LONG @7.4070 现价:7.4840 PnL:+2.08U (+1.04%)
  BTC: 61371.4000 (-3.67%)
  ETH: 1602.6600 (-5.46%)
  SOL: 65.8300 (-5.77%)
  BNB: 578.8000 (-3.84%)
  DOT: 0.9700 (-9.01%)
  LINK: 7.4840 (-6.90%)
  XRP: 1.1200 (-4.24%)
==================================================
[2026-06-06 02:00:20] 
==================================================
📊 整点汇报 2026-06-06 02:00
恐惧贪婪指数: 12 (极度恐惧)
今日PnL: +3.04 USDT (+3.0%)
持仓数: 2/4
  🔴 BNB SHORT @581.4800 现价:576.3400 PnL:+1.75U (+0.88%)
  🟢 LINK LONG @7.4070 现价:7.4310 PnL:+0.65U (+0.32%)
  BTC: 60773.0000 (-4.36%)
  ETH: 1589.8800 (-7.83%)
  SOL: 65.0600 (-6.12%)
  BNB: 576.3400 (-5.06%)
  DOT: 0.9600 (-9.18%)
  LINK: 7.4310 (-7.46%)
  XRP: 1.1073 (-5.29%)
==================================================
[2026-06-06 02:47:17] 🔴 开空 BTC @59749.2 | 评分:70 | 状态:trending | AI:做空(75%) | ✅ 下单成功
[2026-06-06 02:47:56] ❌ 平仓 LINK SL | 入场:7.4070 出场:7.2550 | PnL:-2.05% (-4.10USDT) | 平100%仓 | ✅ 平仓成功
[2026-06-06 02:48:36] 🔴 开空 BNB @567.07 | 评分:70 | 状态:trending | AI:做空(75%) | ✅ 下单成功
[2026-06-06 02:52:39] 🔴 开空 DOT @0.931 | 评分:70 | 状态:trending | AI:做空(75%) | ✅ 下单成功
[2026-06-06 02:53:46] 🔴 开空 ETH @1551.32 | 评分:70 | 状态:trending | AI:做空(75%) | ✅ 下单成功
[2026-06-06 02:54:26] ✅ 平仓 BTC TP1 | 入场:59749.2000 出场:57034.8000 | PnL:4.54% (+8.14USDT) | 平100%仓 | ✅ 平仓成功
[2026-06-06 02:54:58] 🔴 开空 LINK @7.187 | 评分:85 | 状态:trending | AI:做空(75%) | ✅ 下单成功
[2026-06-06 03:00:10] 
==================================================
📊 整点汇报 2026-06-06 03:00
恐惧贪婪指数: 12 (极度恐惧)
今日PnL: +9.72 USDT (+9.7%)
持仓数: 4/4
  🔴 BNB SHORT @567.0700 现价:563.6400 PnL:+1.20U (+0.60%)
  🔴 DOT SHORT @0.9310 现价:0.9240 PnL:+1.50U (+0.75%)
  🔴 ETH SHORT @1551.3200 现价:1554.8600 PnL:-0.46U (-0.23%)
  🔴 LINK SHORT @7.1870 现价:7.1980 PnL:-0.31U (-0.15%)
  BTC: 59394.8000 (-7.04%)
  ETH: 1554.8600 (-10.84%)
  SOL: 62.9000 (-10.19%)
  BNB: 563.6400 (-7.62%)
  DOT: 0.9240 (-13.16%)
  LINK: 7.1980 (-10.96%)
  XRP: 1.0855 (-8.01%)
==================================================
[2026-06-06 03:22:02] ✅ 平仓 DOT SL | 入场:0.9310 出场:0.9190 | PnL:1.29% (+2.58USDT) | 平100%仓 | ✅ 平仓成功
[2026-06-06 03:22:22] ✅ 平仓 DOT TP1 | 入场:0.9190 出场:0.9190 | PnL:0.00% (+0.00USDT) | 平100%仓 | ✅ 平仓成功
[2026-06-06 04:00:19] 
==================================================
📊 整点汇报 2026-06-06 04:00
恐惧贪婪指数: 12 (极度恐惧)
今日PnL: +11.65 USDT (+11.7%)
持仓数: 2/4
  🔴 ETH SHORT @1554.5300 现价:1573.0800 PnL:-2.39U (-1.19%)
  🔴 BNB SHORT @567.2783 现价:567.9300 PnL:-0.23U (-0.11%)
  BTC: 60189.7000 (-5.53%)
  ETH: 1573.0800 (-10.71%)
  SOL: 63.5500 (-8.21%)
  BNB: 567.9300 (-6.59%)
  DOT: 0.9340 (-11.72%)
  LINK: 7.3060 (-9.29%)
  XRP: 1.0989 (-3.60%)
==================================================
[2026-06-06 05:00:19] 
==================================================
📊 整点汇报 2026-06-06 05:00
恐惧贪婪指数: 12 (极度恐惧)
今日PnL: +9.10 USDT (+9.1%)
持仓数: 1/4
  🔴 BNB SHORT @567.2783 现价:578.0700 PnL:-3.78U (-1.90%)
  BTC: 61612.6000 (-3.57%)
  ETH: 1602.7400 (-7.84%)
  SOL: 64.6000 (-6.38%)
  BNB: 578.0700 (-4.26%)
  DOT: 0.9520 (-9.59%)
  LINK: 7.4600 (-7.08%)
  XRP: 1.1146 (-5.09%)
==================================================
[2026-06-06 05:50:07] 🟢 开多 BTC @61788.2 | 评分:55 | 状态:ranging | AI:做空(0.8%) | ✅ 下单成功
[2026-06-06 06:00:21] 
==================================================
📊 整点汇报 2026-06-06 06:00
恐惧贪婪指数: 12 (极度恐惧)
今日PnL: +8.99 USDT (+9.0%)
持仓数: 1/4
  🟢 BTC LONG @61788.2000 现价:61645.3000 PnL:-0.43U (-0.23%)
  BTC: 61645.3000 (-3.60%)
  ETH: 1609.1100 (-8.38%)
  SOL: 64.8600 (-4.77%)
  BNB: 577.0800 (-4.11%)
  DOT: 0.9590 (-6.44%)
  LINK: 7.4920 (-5.48%)
  XRP: 1.1114 (-4.02%)
==================================================
[2026-06-06 07:00:13] 
==================================================
📊 整点汇报 2026-06-06 07:00
恐惧贪婪指数: 12 (极度恐惧)
今日PnL: +8.99 USDT (+9.0%)
持仓数: 1/4
  🟢 BTC LONG @61788.2000 现价:61657.7000 PnL:-0.39U (-0.21%)
  BTC: 61657.7000 (-3.74%)
  ETH: 1596.2500 (-8.92%)
  SOL: 64.4800 (-6.13%)
  BNB: 577.3400 (-4.34%)
  DOT: 0.9580 (-7.44%)
  LINK: 7.4530 (-6.60%)
  XRP: 1.1062 (-2.54%)
==================================================
[2026-06-06 08:00:24] 
==================================================
📊 整点汇报 2026-06-06 08:00
恐惧贪婪指数: 12 (极度恐惧)
今日PnL: +5.63 USDT (+5.6%)
持仓数: 0/4
  BTC: 60983.7000 (-4.27%)
  ETH: 1581.3300 (-8.65%)
  SOL: 63.5400 (-7.93%)
  BNB: 572.3500 (-5.37%)
  DOT: 0.9440 (-8.97%)
  LINK: 7.3570 (-8.18%)
  XRP: 1.0948 (-4.38%)
==================================================
[2026-06-06 09:00:33] 
==================================================
📊 整点汇报 2026-06-06 09:00
恐惧贪婪指数: 12 (极度恐惧)
今日PnL: +5.63 USDT (+5.6%)
持仓数: 0/4
  BTC: 61247.9000 (-3.40%)
  ETH: 1592.2500 (-6.44%)
  SOL: 64.6500 (-5.62%)
  BNB: 576.8900 (-5.70%)
  DOT: 0.9570 (-7.27%)
  LINK: 7.4320 (-6.57%)
  XRP: 1.1097 (-4.39%)
==================================================
[2026-06-06 09:30:22] 🔴 开空 DOT @0.955 | 评分:60 | 状态:ranging | AI:做空(75%) | ✅ 下单成功
[2026-06-06 10:00:20] 
==================================================
📊 整点汇报 2026-06-06 10:00
恐惧贪婪指数: 12 (极度恐惧)
今日PnL: +5.63 USDT (+5.6%)
持仓数: 1/4
  🔴 DOT SHORT @0.9550 现价:0.9460 PnL:+1.88U (+0.94%)
  BTC: 61061.4000 (-3.58%)
  ETH: 1582.6700 (-4.96%)
  SOL: 63.8300 (-6.95%)
  BNB: 576.7200 (-4.50%)
  DOT: 0.9460 (-8.78%)
  LINK: 7.3680 (-7.41%)
  XRP: 1.1001 (-4.82%)
==================================================
[2026-06-06 11:00:19] 
==================================================
📊 整点汇报 2026-06-06 11:00
恐惧贪婪指数: 12 (极度恐惧)
今日PnL: +6.80 USDT (+6.8%)
持仓数: 1/4
  🔴 SOL SHORT @63.6600 现价:63.7800 PnL:-0.38U (-0.19%)
  BTC: 61300.4000 (-2.16%)
  ETH: 1575.0500 (-9.00%)
  SOL: 63.7800 (-5.06%)
  BNB: 576.7000 (-3.38%)
  DOT: 0.9420 (-6.64%)
  LINK: 7.3380 (-5.96%)
  XRP: 1.0955 (-3.51%)
==================================================
[2026-06-06 11:17:54] 🔴 开空 ETH @1567.52 | 评分:70 | 状态:ranging | AI:做空(75%) | ✅ 下单成功
[2026-06-06 11:27:18] 🔴 开空 LINK @7.289 | 评分:70 | 状态:trending | AI:做空(75%) | ✅ 下单成功
[2026-06-06 11:33:45] 🔴 开空 XRP @1.0875 | 评分:70 | 状态:trending | AI:做多(65%) | ✅ 下单成功
[2026-06-06 12:00:20] 
==================================================
📊 整点汇报 2026-06-06 12:00
恐惧贪婪指数: 12 (极度恐惧)
今日PnL: +6.80 USDT (+6.8%)
持仓数: 4/4
  🔴 SOL SHORT @63.6600 现价:62.7800 PnL:+2.76U (+1.38%)
  🔴 ETH SHORT @1567.5200 现价:1562.4900 PnL:+0.64U (+0.32%)
  🔴 LINK SHORT @7.2890 现价:7.2680 PnL:+0.58U (+0.29%)
  🔴 XRP SHORT @1.0875 现价:1.0848 PnL:+0.50U (+0.25%)
  BTC: 60662.6000 (-3.24%)
  ETH: 1562.4900 (-9.73%)
  SOL: 62.7800 (-6.29%)
  BNB: 574.1400 (-3.65%)
  DOT: 0.9320 (-7.17%)
  LINK: 7.2680 (-6.89%)
  XRP: 1.0848 (-4.30%)
==================================================
[2026-06-06 12:28:50] 🔴 开空 BTC @60001.5 | 评分:70 | 状态:trending | ✅ 下单成功
[2026-06-06 12:31:28] ✅ 平仓 SOL TP1 | 入场:63.6600 出场:61.0400 | PnL:4.12% (+8.23USDT) | 平100%仓 | ✅ 平仓成功
[2026-06-06 12:37:52] ✅ 平仓 ETH TP1 | 入场:1567.6000 出场:1454.5300 | PnL:7.21% (+14.47USDT) | 平100%仓 | ✅ 平仓成功
[2026-06-06 12:53:01] ✅ 平仓 XRP SL | 入场:1.0869 出场:1.0638 | PnL:2.13% (+4.25USDT) | 平100%仓 | ✅ 平仓成功
[2026-06-06 13:00:28] 
==================================================
📊 整点汇报 2026-06-06 13:00
恐惧贪婪指数: 12 (极度恐惧)
今日PnL: +31.93 USDT (+31.9%)
持仓数: 2/4
  🟢 SOL LONG @61.0450 现价:60.7700 PnL:-0.90U (-0.45%)
  🔴 BTC SHORT @59972.7000 现价:60056.1000 PnL:-0.25U (-0.14%)
  BTC: 60056.1000 (-5.54%)
  ETH: 1521.1400 (-12.51%)
  SOL: 60.7700 (-10.16%)
  BNB: 565.7000 (-5.77%)
  DOT: 0.8950 (-12.34%)
  LINK: 7.0350 (-10.39%)
  XRP: 1.0571 (-7.86%)
==================================================
[2026-06-06 14:00:21] 
==================================================
📊 整点汇报 2026-06-06 14:00
恐惧贪婪指数: 12 (极度恐惧)
今日PnL: +38.28 USDT (+38.3%)
持仓数: 1/4
  🔴 BTC SHORT @59972.7000 现价:60919.0000 PnL:-2.84U (-1.58%)
  BTC: 60919.0000 (-2.60%)
  ETH: 1567.0200 (-6.87%)
  SOL: 62.5800 (-5.42%)
  BNB: 575.8000 (-1.56%)
  DOT: 0.9280 (-7.01%)
  LINK: 7.2770 (-4.85%)
  XRP: 1.0888 (-3.14%)
==================================================
[2026-06-06 14:22:10] ❌ 平仓 BTC SL | 入场:59972.7000 出场:61193.2000 | PnL:-2.04% (-3.66USDT) | 平100%仓 | ✅ 平仓成功
[2026-06-06 15:00:15] 
==================================================
📊 整点汇报 2026-06-06 15:00
恐惧贪婪指数: 12 (极度恐惧)
今日PnL: +34.62 USDT (+34.6%)
持仓数: 0/4
  BTC: 60741.2000 (-1.87%)
  ETH: 1559.2800 (-5.98%)
  SOL: 62.1800 (-4.41%)
  BNB: 576.6000 (-0.65%)
  DOT: 0.9240 (-5.04%)
  LINK: 7.2820 (-2.76%)
  XRP: 1.0812 (-3.27%)
==================================================
[2026-06-06 16:00:26] 
==================================================
📊 整点汇报 2026-06-06 16:00
恐惧贪婪指数: 12 (极度恐惧)
今日PnL: +34.62 USDT (+34.6%)
持仓数: 0/4
  BTC: 60962.8000 (-3.37%)
  ETH: 1574.1100 (-5.99%)
  SOL: 62.7300 (-5.13%)
  BNB: 579.2500 (-2.00%)
  DOT: 0.9440 (-4.93%)
  LINK: 7.3900 (-2.98%)
  XRP: 1.0917 (-3.80%)
==================================================
[2026-06-06 16:34:58] 🟢 开多 BNB @583.45 | 评分:55 | 状态:ranging | AI:做空(0.85%) | ✅ 下单成功
[2026-06-06 17:00:15] 
==================================================
📊 整点汇报 2026-06-06 17:00
恐惧贪婪指数: 12 (极度恐惧)
今日PnL: +34.62 USDT (+34.6%)
持仓数: 1/4
  🟢 BNB LONG @583.4500 现价:581.2400 PnL:-0.75U (-0.38%)
  BTC: 61281.9000 (-1.69%)
  ETH: 1581.6600 (-4.91%)
  SOL: 63.1200 (-3.06%)
  BNB: 581.2400 (-1.05%)
  DOT: 0.9520 (-2.76%)
  LINK: 7.4270 (-1.13%)
  XRP: 1.0985 (-1.82%)
==================================================
[2026-06-06 18:00:27] 
==================================================
📊 整点汇报 2026-06-06 18:00
恐惧贪婪指数: 12 (极度恐惧)
今日PnL: +34.62 USDT (+34.6%)
持仓数: 1/4
  🟢 BNB LONG @583.4600 现价:576.6900 PnL:-2.30U (-1.16%)
  BTC: 60943.9000 (-3.01%)
  ETH: 1569.5900 (-6.61%)
  SOL: 62.5600 (-5.91%)
  BNB: 576.6900 (-3.27%)
  DOT: 0.9420 (-5.89%)
  LINK: 7.3430 (-4.08%)
  XRP: 1.0910 (-3.96%)
==================================================
[2026-06-06 18:31:32] 🔴 开空 LINK @7.212 | 评分:70 | 状态:trending | AI:做空(75%) | ✅ 下单成功
[2026-06-06 18:36:42] 🔴 开空 ETH @1542.08 | 评分:70 | 状态:trending | AI:做空(75%) | ✅ 下单成功
[2026-06-06 18:38:24] 🔴 开空 XRP @1.0744 | 评分:70 | 状态:trending | AI:做空(75%) | ✅ 下单成功
[2026-06-06 18:41:31] 🔴 开空 BNB @571.99 | 评分:70 | 状态:trending | AI:做空(75%) | ✅ 下单成功
[2026-06-06 19:00:25] 
==================================================
📊 整点汇报 2026-06-06 19:00
恐惧贪婪指数: 12 (极度恐惧)
今日PnL: +31.13 USDT (+31.1%)
持仓数: 4/4
  🔴 ETH SHORT @1544.0000 现价:1546.3600 PnL:-0.31U (-0.15%)
  🔴 LINK SHORT @7.2090 现价:7.2640 PnL:-1.53U (-0.76%)
  🔴 XRP SHORT @1.0744 现价:1.0800 PnL:-1.04U (-0.52%)
  🔴 BNB SHORT @571.9900 现价:573.8100 PnL:-0.64U (-0.32%)
  BTC: 60519.3000 (-3.19%)
  ETH: 1546.3600 (-7.71%)
  SOL: 61.7400 (-7.10%)
  BNB: 573.8100 (-3.25%)
  DOT: 0.9340 (-6.60%)
  LINK: 7.2640 (-4.52%)
  XRP: 1.0800 (-4.88%)
==================================================
[2026-06-06 20:00:34] 
==================================================
📊 整点汇报 2026-06-06 20:00
恐惧贪婪指数: 12 (极度恐惧)
今日PnL: +31.13 USDT (+31.1%)
持仓数: 4/4
  🔴 ETH SHORT @1544.0000 现价:1557.7800 PnL:-1.79U (-0.89%)
  🔴 LINK SHORT @7.2090 现价:7.3140 PnL:-2.91U (-1.46%)
  🔴 XRP SHORT @1.0744 现价:1.0868 PnL:-2.31U (-1.15%)
  🔴 BNB SHORT @571.9900 现价:574.2200 PnL:-0.78U (-0.39%)
  BTC: 60747.0000 (-1.99%)
  ETH: 1557.7800 (-6.42%)
  SOL: 62.4000 (-5.53%)
  BNB: 574.2200 (-2.82%)
  DOT: 0.9440 (-4.93%)
  LINK: 7.3140 (-3.19%)
  XRP: 1.0868 (-2.83%)
==================================================
[2026-06-06 20:48:36] ❌ 平仓 LINK SL | 入场:7.2090 出场:7.3560 | PnL:-2.04% (-4.08USDT) | 平100%仓 | ✅ 平仓成功
[2026-06-06 20:48:59] ✅ 平仓 LINK TP1 | 入场:7.3570 出场:7.3590 | PnL:0.03% (+0.04USDT) | 平100%仓 | ✅ 平仓成功
[2026-06-06 20:57:36] ❌ 平仓 XRP SL | 入场:1.0744 出场:1.0961 | PnL:-2.02% (-4.04USDT) | 平100%仓 | ✅ 平仓成功
[2026-06-06 20:57:59] ❌ 平仓 XRP SL | 入场:1.0732 出场:1.0963 | PnL:-2.15% (-3.23USDT) | 平100%仓 | ✅ 平仓成功
[2026-06-06 21:00:44] 
==================================================
📊 整点汇报 2026-06-06 21:00
恐惧贪婪指数: 12 (极度恐惧)
今日PnL: +23.06 USDT (+23.1%)
持仓数: 2/4
  🔴 ETH SHORT @1544.0000 现价:1570.8900 PnL:-3.50U (-1.74%)
  🔴 BNB SHORT @571.9900 现价:576.1100 PnL:-1.44U (-0.72%)
  BTC: 61008.1000 (-1.49%)
  ETH: 1570.8900 (-5.16%)
  SOL: 62.8600 (-4.42%)
  BNB: 576.1100 (-2.62%)
  DOT: 0.9530 (-3.54%)
  LINK: 7.3910 (-1.95%)
  XRP: 1.0955 (-2.12%)
==================================================
[2026-06-06 21:57:54] 🔴 开空 LINK @7.361 | 评分:60 | 状态:ranging | AI:做空(65%) | ✅ 下单成功
[2026-06-06 22:00:25] 
==================================================
📊 整点汇报 2026-06-06 22:00
恐惧贪婪指数: 12 (极度恐惧)
今日PnL: +23.06 USDT (+23.1%)
持仓数: 3/4
  🔴 ETH SHORT @1544.0000 现价:1556.6700 PnL:-1.65U (-0.82%)
  🔴 BNB SHORT @571.9900 现价:574.3300 PnL:-0.82U (-0.41%)
  🔴 LINK SHORT @7.3610 现价:7.3650 PnL:-0.11U (-0.05%)
  BTC: 60768.0000 (+0.03%)
  ETH: 1556.6700 (-3.73%)
  SOL: 62.3500 (-3.03%)
  BNB: 574.3300 (-1.24%)
  DOT: 0.9510 (-1.25%)
  LINK: 7.3650 (-0.16%)
  XRP: 1.0976 (-0.36%)
==================================================
[2026-06-06 23:00:16] 
==================================================
📊 整点汇报 2026-06-06 23:00
恐惧贪婪指数: 12 (极度恐惧)
今日PnL: +23.06 USDT (+23.1%)
持仓数: 3/4
  🔴 ETH SHORT @1544.0000 现价:1560.5800 PnL:-2.16U (-1.07%)
  🔴 BNB SHORT @571.9900 现价:575.2800 PnL:-1.15U (-0.58%)
  🔴 LINK SHORT @7.3610 现价:7.3970 PnL:-0.98U (-0.49%)
  BTC: 60880.2000 (+0.16%)
  ETH: 1560.5800 (-2.39%)
  SOL: 62.3400 (-4.30%)
  BNB: 575.2800 (-1.38%)
  DOT: 0.9520 (-1.96%)
  LINK: 7.3970 (-0.23%)
  XRP: 1.1055 (-0.32%)
==================================================
