[2026-07-15 00:00:25] 
==================================================
📊 整点汇报 2026-07-15 00:00
恐惧贪婪指数: 22 (极度恐惧)
今日PnL: +0.00 USDT (+0.0%)
持仓数: 3/4
  🟢 ETH LONG @1822.4700 现价:1874.5100 PnL:+5.72U (+2.86%)
  🟢 BNB LONG @581.0900 现价:583.3800 PnL:+0.78U (+0.39%)
  🟢 XRP LONG @1.1085 现价:1.1043 PnL:-0.76U (-0.38%)
  BTC: 64646.4000 (+3.30%)
  ETH: 1874.5100 (+5.53%)
  SOL: 77.3600 (+2.08%)
  BNB: 583.3800 (+2.55%)
  DOT: 0.8520 (+1.79%)
  LINK: 8.2980 (+4.61%)
  XRP: 1.1043 (+3.01%)
==================================================
[2026-07-15 01:00:17] 
==================================================
📊 整点汇报 2026-07-15 01:00
恐惧贪婪指数: 22 (极度恐惧)
今日PnL: +0.00 USDT (+0.0%)
持仓数: 3/4
  🟢 ETH LONG @1822.4700 现价:1872.9200 PnL:+5.55U (+2.77%)
  🟢 BNB LONG @581.0900 现价:582.2600 PnL:+0.40U (+0.20%)
  🟢 XRP LONG @1.1085 现价:1.1043 PnL:-0.76U (-0.38%)
  BTC: 64725.7000 (+3.98%)
  ETH: 1872.9200 (+5.74%)
  SOL: 77.2900 (+2.79%)
  BNB: 582.2600 (+2.83%)
  DOT: 0.8550 (+2.15%)
  LINK: 8.2690 (+4.49%)
  XRP: 1.1043 (+3.40%)
==================================================
[2026-07-15 01:19:46] ✅ 平仓 ETH SL | 入场:1822.4700 出场:1863.9600 | PnL:2.28% (+4.56USDT) | 平100%仓 | ✅ 平仓成功
[2026-07-15 02:02:53] 
==================================================
📊 整点汇报 2026-07-15 02:01
恐惧贪婪指数: 50 (中性)
今日PnL: +4.56 USDT (+4.6%)
持仓数: 0/4
  BTC: 64460.0000 (+3.56%)
  ETH: 1865.4400 (+5.40%)
  SOL: 76.9400 (+2.23%)
  BNB: 580.2100 (+2.38%)
  DOT: 0.8500 (+1.92%)
  LINK: 8.2380 (+4.11%)
  XRP: 1.1001 (+3.15%)
==================================================
[2026-07-15 03:01:50] 
==================================================
📊 整点汇报 2026-07-15 03:00
恐惧贪婪指数: 50 (中性)
今日PnL: +4.56 USDT (+4.6%)
持仓数: 0/4
  BTC: 64460.0000 (+3.56%)
  ETH: 1865.4400 (+5.40%)
  SOL: 76.9400 (+2.23%)
  BNB: 580.2100 (+2.38%)
  DOT: 0.8500 (+1.92%)
  LINK: 8.2380 (+4.11%)
  XRP: 1.1001 (+3.15%)
==================================================
[2026-07-15 04:06:50] 
==================================================
📊 整点汇报 2026-07-15 04:05
恐惧贪婪指数: 50 (中性)
今日PnL: +4.56 USDT (+4.6%)
持仓数: 0/4
  BTC: 64460.0000 (+3.56%)
  ETH: 1865.4400 (+5.40%)
  SOL: 76.9400 (+2.23%)
  BNB: 580.2100 (+2.38%)
  DOT: 0.8500 (+1.92%)
  LINK: 8.2380 (+4.11%)
  XRP: 1.1001 (+3.15%)
==================================================
[2026-07-15 05:05:33] 
==================================================
📊 整点汇报 2026-07-15 05:04
恐惧贪婪指数: 50 (中性)
今日PnL: +4.56 USDT (+4.6%)
持仓数: 0/4
  BTC: 64460.0000 (+3.56%)
  ETH: 1865.4400 (+5.40%)
  SOL: 76.9400 (+2.23%)
  BNB: 580.2100 (+2.38%)
  DOT: 0.8500 (+1.92%)
  LINK: 8.2380 (+4.11%)
  XRP: 1.1001 (+3.15%)
==================================================
[2026-07-15 06:04:18] 
==================================================
📊 整点汇报 2026-07-15 06:02
恐惧贪婪指数: 50 (中性)
今日PnL: +4.56 USDT (+4.6%)
持仓数: 0/4
  BTC: 64460.0000 (+3.56%)
  ETH: 1865.4400 (+5.40%)
  SOL: 76.9400 (+2.23%)
  BNB: 580.2100 (+2.38%)
  DOT: 0.8500 (+1.92%)
  LINK: 8.2380 (+4.11%)
  XRP: 1.1001 (+3.15%)
==================================================
[2026-07-15 07:03:56] 
==================================================
📊 整点汇报 2026-07-15 07:02
恐惧贪婪指数: 50 (中性)
今日PnL: +4.56 USDT (+4.6%)
持仓数: 0/4
  BTC: 64460.0000 (+3.56%)
  ETH: 1865.4400 (+5.40%)
  SOL: 76.9400 (+2.23%)
  BNB: 580.2100 (+2.38%)
  DOT: 0.8500 (+1.92%)
  LINK: 8.2380 (+4.11%)
  XRP: 1.1001 (+3.15%)
==================================================
[2026-07-15 08:00:14] 
==================================================
📊 整点汇报 2026-07-15 08:00
恐惧贪婪指数: 22 (极度恐惧)
今日PnL: -1.36 USDT (-1.4%)
持仓数: 2/4
  🟢 XRP LONG @1.1088 现价:1.1110 PnL:+0.40U (+0.20%)
  🟢 BNB LONG @581.5100 现价:581.9000 PnL:+0.13U (+0.07%)
  BTC: 65001.3000 (+4.41%)
  ETH: 1889.8400 (+6.46%)
  SOL: 77.7700 (+3.80%)
  BNB: 581.9000 (+2.49%)
  DOT: 0.8510 (+1.92%)
  LINK: 8.3470 (+5.89%)
  XRP: 1.1110 (+4.14%)
==================================================
[2026-07-15 09:00:10] 
==================================================
📊 整点汇报 2026-07-15 09:00
恐惧贪婪指数: 25 (恐惧)
今日PnL: -1.36 USDT (-1.4%)
持仓数: 2/4
  🟢 XRP LONG @1.1088 现价:1.1080 PnL:-0.15U (-0.07%)
  🟢 BNB LONG @581.5100 现价:582.7500 PnL:+0.42U (+0.21%)
  BTC: 64785.0000 (+3.61%)
  ETH: 1880.9600 (+5.36%)
  SOL: 77.6300 (+2.94%)
  BNB: 582.7500 (+2.27%)
  DOT: 0.8550 (+1.79%)
  LINK: 8.3070 (+4.89%)
  XRP: 1.1080 (+3.67%)
==================================================
[2026-07-15 10:00:38] 
==================================================
📊 整点汇报 2026-07-15 10:00
恐惧贪婪指数: 25 (恐惧)
今日PnL: -1.36 USDT (-1.4%)
持仓数: 2/4
  🟢 XRP LONG @1.1088 现价:1.1027 PnL:-1.10U (-0.55%)
  🟢 BNB LONG @581.5100 现价:580.4200 PnL:-0.37U (-0.19%)
  BTC: 64629.9000 (+3.40%)
  ETH: 1869.3700 (+4.73%)
  SOL: 77.3800 (+2.79%)
  BNB: 580.4200 (+1.80%)
  DOT: 0.8560 (+2.52%)
  LINK: 8.3090 (+5.08%)
  XRP: 1.1027 (+3.57%)
==================================================
[2026-07-15 11:00:10] 
==================================================
📊 整点汇报 2026-07-15 11:00
恐惧贪婪指数: 25 (恐惧)
今日PnL: -1.36 USDT (-1.4%)
持仓数: 2/4
  🟢 XRP LONG @1.1088 现价:1.0988 PnL:-1.81U (-0.90%)
  🟢 BNB LONG @581.5100 现价:580.7200 PnL:-0.27U (-0.14%)
  BTC: 64477.1000 (+3.13%)
  ETH: 1863.6400 (+4.59%)
  SOL: 77.2400 (+2.77%)
  BNB: 580.7200 (+1.84%)
  DOT: 0.8520 (+2.40%)
  LINK: 8.2740 (+4.48%)
  XRP: 1.0988 (+3.15%)
==================================================
[2026-07-15 12:00:11] 
==================================================
📊 整点汇报 2026-07-15 12:00
恐惧贪婪指数: 25 (恐惧)
今日PnL: -1.36 USDT (-1.4%)
持仓数: 2/4
  🟢 XRP LONG @1.1088 现价:1.1038 PnL:-0.90U (-0.45%)
  🟢 BNB LONG @581.5100 现价:581.2800 PnL:-0.08U (-0.04%)
  BTC: 64773.8000 (+3.64%)
  ETH: 1875.9800 (+5.24%)
  SOL: 77.7600 (+3.57%)
  BNB: 581.2800 (+1.89%)
  DOT: 0.8540 (+2.40%)
  LINK: 8.3210 (+5.17%)
  XRP: 1.1038 (+0.00%)
==================================================
[2026-07-15 13:00:15] 
==================================================
📊 整点汇报 2026-07-15 13:00
恐惧贪婪指数: 25 (恐惧)
今日PnL: -1.36 USDT (-1.4%)
持仓数: 2/4
  🟢 XRP LONG @1.1088 现价:1.1027 PnL:-1.10U (-0.55%)
  🟢 BNB LONG @581.5100 现价:580.0000 PnL:-0.51U (-0.26%)
  BTC: 64721.7000 (+3.28%)
  ETH: 1874.9900 (+5.02%)
  SOL: 78.1000 (+3.97%)
  BNB: 580.0000 (+1.54%)
  DOT: 0.8520 (+1.79%)
  LINK: 8.3240 (+4.78%)
  XRP: 1.1027 (+3.32%)
==================================================
[2026-07-15 14:00:10] 🟢 开多 LINK @8.376 | 评分:80 | 状态:trending | AI:做空(0.8%) | ✅ 下单成功
[2026-07-15 14:00:22] 
==================================================
📊 整点汇报 2026-07-15 14:00
恐惧贪婪指数: 25 (恐惧)
今日PnL: -1.36 USDT (-1.4%)
持仓数: 3/4
  🟢 XRP LONG @1.1088 现价:1.1063 PnL:-0.45U (-0.23%)
  🟢 BNB LONG @581.5100 现价:581.1300 PnL:-0.13U (-0.07%)
  🟢 LINK LONG @8.3760 现价:8.3760 PnL:+0.00U (+0.00%)
  BTC: 64784.3000 (+3.33%)
  ETH: 1881.2800 (+5.33%)
  SOL: 78.2300 (+3.79%)
  BNB: 581.1300 (+1.81%)
  DOT: 0.8530 (+0.71%)
  LINK: 8.3760 (+5.24%)
  XRP: 1.1063 (+3.33%)
==================================================
[2026-07-15 15:00:38] 
==================================================
📊 整点汇报 2026-07-15 15:00
恐惧贪婪指数: 25 (恐惧)
今日PnL: -1.36 USDT (-1.4%)
持仓数: 3/4
  🟢 XRP LONG @1.1088 现价:1.1077 PnL:-0.20U (-0.10%)
  🟢 BNB LONG @581.5100 现价:580.3000 PnL:-0.41U (-0.21%)
  🟢 LINK LONG @8.3760 现价:8.3620 PnL:-0.33U (-0.17%)
  BTC: 64888.0000 (+3.70%)
  ETH: 1876.6000 (+5.33%)
  SOL: 78.1000 (+4.01%)
  BNB: 580.3000 (+1.91%)
  DOT: 0.8570 (+2.02%)
  LINK: 8.3620 (+5.46%)
  XRP: 1.1077 (+3.61%)
==================================================
[2026-07-15 16:00:50] 
==================================================
📊 整点汇报 2026-07-15 16:00
恐惧贪婪指数: 25 (恐惧)
今日PnL: -1.36 USDT (-1.4%)
持仓数: 3/4
  🟢 XRP LONG @1.1088 现价:1.1033 PnL:-0.99U (-0.50%)
  🟢 BNB LONG @581.5100 现价:577.0900 PnL:-1.50U (-0.76%)
  🟢 LINK LONG @8.3760 现价:8.3290 PnL:-1.12U (-0.56%)
  BTC: 64574.1000 (+3.23%)
  ETH: 1868.9800 (+4.98%)
  SOL: 77.3800 (+3.28%)
  BNB: 577.0900 (+1.17%)
  DOT: 0.8530 (+0.95%)
  LINK: 8.3290 (+5.18%)
  XRP: 1.1033 (+3.29%)
==================================================
[2026-07-15 17:00:41] 
==================================================
📊 整点汇报 2026-07-15 17:00
恐惧贪婪指数: 25 (恐惧)
今日PnL: -1.36 USDT (-1.4%)
持仓数: 3/4
  🟢 XRP LONG @1.1088 现价:1.1074 PnL:-0.25U (-0.13%)
  🟢 BNB LONG @581.5100 现价:577.5900 PnL:-1.33U (-0.67%)
  🟢 LINK LONG @8.3760 现价:8.3750 PnL:-0.02U (-0.01%)
  BTC: 64724.7000 (+3.25%)
  ETH: 1878.0900 (+5.21%)
  SOL: 77.5200 (+3.21%)
  BNB: 577.5900 (+1.12%)
  DOT: 0.8530 (+1.19%)
  LINK: 8.3750 (+5.58%)
  XRP: 1.1074 (+3.67%)
==================================================
[2026-07-15 18:00:14] 
==================================================
📊 整点汇报 2026-07-15 18:00
恐惧贪婪指数: 25 (恐惧)
今日PnL: -1.36 USDT (-1.4%)
持仓数: 3/4
  🟢 XRP LONG @1.1088 现价:1.1083 PnL:-0.09U (-0.05%)
  🟢 BNB LONG @581.5100 现价:577.2700 PnL:-1.44U (-0.73%)
  🟢 LINK LONG @8.3760 现价:8.3660 PnL:-0.24U (-0.12%)
  BTC: 64631.1000 (+3.24%)
  ETH: 1878.8400 (+5.24%)
  SOL: 77.5100 (+3.31%)
  BNB: 577.2700 (+1.22%)
  DOT: 0.8500 (+0.59%)
  LINK: 8.3660 (+5.64%)
  XRP: 1.1083 (+3.78%)
==================================================
[2026-07-15 19:00:40] 
==================================================
📊 整点汇报 2026-07-15 19:00
恐惧贪婪指数: 25 (恐惧)
今日PnL: -1.36 USDT (-1.4%)
持仓数: 3/4
  🟢 XRP LONG @1.1088 现价:1.1077 PnL:-0.20U (-0.10%)
  🟢 BNB LONG @581.5100 现价:579.0700 PnL:-0.83U (-0.42%)
  🟢 LINK LONG @8.3760 现价:8.3280 PnL:-1.15U (-0.57%)
  BTC: 64632.0000 (+2.92%)
  ETH: 1876.4200 (+4.27%)
  SOL: 77.3300 (+2.51%)
  BNB: 579.0700 (+1.38%)
  DOT: 0.8500 (+0.95%)
  LINK: 8.3280 (+4.57%)
  XRP: 1.1077 (+3.46%)
==================================================
[2026-07-15 20:01:01] 
==================================================
📊 整点汇报 2026-07-15 20:00
恐惧贪婪指数: 25 (恐惧)
今日PnL: -1.36 USDT (-1.4%)
持仓数: 3/4
  🟢 XRP LONG @1.1088 现价:1.1080 PnL:-0.15U (-0.07%)
  🟢 BNB LONG @581.5100 现价:579.1400 PnL:-0.81U (-0.41%)
  🟢 LINK LONG @8.3760 现价:8.4200 PnL:+1.05U (+0.53%)
  BTC: 64667.9000 (+2.93%)
  ETH: 1883.9100 (+4.83%)
  SOL: 77.4800 (+2.81%)
  BNB: 579.1400 (+1.43%)
  DOT: 0.8510 (+1.67%)
  LINK: 8.4200 (+5.41%)
  XRP: 1.1080 (+3.39%)
==================================================
[2026-07-15 21:00:46] 
==================================================
📊 整点汇报 2026-07-15 21:00
恐惧贪婪指数: 25 (恐惧)
今日PnL: -1.36 USDT (-1.4%)
持仓数: 3/4
  🟢 XRP LONG @1.1088 现价:1.1204 PnL:+2.09U (+1.05%)
  🟢 BNB LONG @581.5100 现价:582.8800 PnL:+0.47U (+0.24%)
  🟢 LINK LONG @8.3760 现价:8.5600 PnL:+4.39U (+2.20%)
  BTC: 65138.7000 (+1.94%)
  ETH: 1919.8200 (+3.77%)
  SOL: 78.2200 (+1.94%)
  BNB: 582.8800 (+0.91%)
  DOT: 0.8620 (+2.37%)
  LINK: 8.5600 (+4.91%)
  XRP: 1.1204 (+2.86%)
==================================================
[2026-07-15 21:47:53] ✅ 平仓 LINK SL | 入场:8.3760 出场:8.5220 | PnL:1.74% (+3.49USDT) | 平100%仓 | ✅ 平仓成功
[2026-07-15 22:00:53] 
==================================================
📊 整点汇报 2026-07-15 22:00
恐惧贪婪指数: 25 (恐惧)
今日PnL: +2.04 USDT (+2.0%)
持仓数: 2/4
  🟢 XRP LONG @1.1088 现价:1.1231 PnL:+2.58U (+1.29%)
  🟢 BNB LONG @581.5100 现价:582.8100 PnL:+0.44U (+0.22%)
  BTC: 65084.4000 (+2.05%)
  ETH: 1921.0800 (+2.77%)
  SOL: 78.0000 (+1.47%)
  BNB: 582.8100 (+0.53%)
  DOT: 0.8600 (+1.18%)
  LINK: 8.5070 (+2.69%)
  XRP: 1.1231 (+2.19%)
==================================================
[2026-07-15 23:00:43] 
==================================================
📊 整点汇报 2026-07-15 23:00
恐惧贪婪指数: 25 (恐惧)
今日PnL: +2.04 USDT (+2.0%)
持仓数: 2/4
  🟢 XRP LONG @1.1088 现价:1.1244 PnL:+2.81U (+1.41%)
  🟢 BNB LONG @581.5100 现价:581.9800 PnL:+0.16U (+0.08%)
  BTC: 65368.9000 (+2.08%)
  ETH: 1928.6100 (+2.80%)
  SOL: 78.1400 (+1.28%)
  BNB: 581.9800 (+0.14%)
  DOT: 0.8590 (+1.06%)
  LINK: 8.5520 (+2.84%)
  XRP: 1.1244 (+2.12%)
==================================================
